Archive member included to satisfy reference by file (symbol)

C:/devkitPro/devkitARM/bin/../lib/gcc/arm-none-eabi/14.1.0/thumb\libgcc.a(_call_via_rX.o)
                              mm_main_gba.o (_call_via_r1)
C:/devkitPro/devkitARM/bin/../lib/gcc/arm-none-eabi/14.1.0/thumb\libgcc.a(_sync_none.o)
                              (__sync_synchronize_none)

Discarded input sections

 .text          0x00000000        0x0 C:/devkitPro/devkitARM/bin/../lib/gcc/arm-none-eabi/14.1.0/../../../../arm-none-eabi/lib/thumb/gba_crt0.o
 .data          0x00000000        0x0 C:/devkitPro/devkitARM/bin/../lib/gcc/arm-none-eabi/14.1.0/../../../../arm-none-eabi/lib/thumb/gba_crt0.o
 .bss           0x00000000        0x0 C:/devkitPro/devkitARM/bin/../lib/gcc/arm-none-eabi/14.1.0/../../../../arm-none-eabi/lib/thumb/gba_crt0.o
 .text          0x00000000        0x0 C:/devkitPro/devkitARM/bin/../lib/gcc/arm-none-eabi/14.1.0/thumb/crti.o
 .data          0x00000000        0x0 C:/devkitPro/devkitARM/bin/../lib/gcc/arm-none-eabi/14.1.0/thumb/crti.o
 .bss           0x00000000        0x0 C:/devkitPro/devkitARM/bin/../lib/gcc/arm-none-eabi/14.1.0/thumb/crti.o
 .text          0x00000000        0x0 C:/devkitPro/devkitARM/bin/../lib/gcc/arm-none-eabi/14.1.0/thumb/crtbegin.o
 .data          0x00000000        0x0 C:/devkitPro/devkitARM/bin/../lib/gcc/arm-none-eabi/14.1.0/thumb/crtbegin.o
 .bss           0x00000000        0x0 C:/devkitPro/devkitARM/bin/../lib/gcc/arm-none-eabi/14.1.0/thumb/crtbegin.o
 .rodata.all_implied_fbits
                0x00000000       0x24 C:/devkitPro/devkitARM/bin/../lib/gcc/arm-none-eabi/14.1.0/thumb/crtbegin.o
 .text          0x00000000        0x0 _bn_audio_soundbank.bin.o
 .data          0x00000000        0x0 _bn_audio_soundbank.bin.o
 .bss           0x00000000        0x0 _bn_audio_soundbank.bin.o
 .text          0x00000000        0x0 big_font_bn_gfx.o
 .data          0x00000000        0x0 big_font_bn_gfx.o
 .bss           0x00000000        0x0 big_font_bn_gfx.o
 .rodata        0x00000000     0x1ba0 big_font_bn_gfx.o
 .text          0x00000000        0x0 cat_bn_gfx.o
 .data          0x00000000        0x0 cat_bn_gfx.o
 .bss           0x00000000        0x0 cat_bn_gfx.o
 .text          0x00000000        0x0 cat_body_bn_gfx.o
 .data          0x00000000        0x0 cat_body_bn_gfx.o
 .bss           0x00000000        0x0 cat_body_bn_gfx.o
 .text          0x00000000        0x0 cat_hand_bn_gfx.o
 .data          0x00000000        0x0 cat_hand_bn_gfx.o
 .bss           0x00000000        0x0 cat_hand_bn_gfx.o
 .text          0x00000000        0x0 cats_intro_bn_gfx.o
 .data          0x00000000        0x0 cats_intro_bn_gfx.o
 .bss           0x00000000        0x0 cats_intro_bn_gfx.o
 .text          0x00000000        0x0 cats_intro_hands_bn_gfx.o
 .data          0x00000000        0x0 cats_intro_hands_bn_gfx.o
 .bss           0x00000000        0x0 cats_intro_hands_bn_gfx.o
 .rodata        0x00000000     0x2080 cats_intro_hands_bn_gfx.o
 .text          0x00000000        0x0 clouds_bn_gfx.o
 .data          0x00000000        0x0 clouds_bn_gfx.o
 .bss           0x00000000        0x0 clouds_bn_gfx.o
 .text          0x00000000        0x0 collider_bn_gfx.o
 .data          0x00000000        0x0 collider_bn_gfx.o
 .bss           0x00000000        0x0 collider_bn_gfx.o
 .rodata        0x00000000       0x40 collider_bn_gfx.o
 .text          0x00000000        0x0 common_variable_8x16_font_bn_gfx.o
 .data          0x00000000        0x0 common_variable_8x16_font_bn_gfx.o
 .bss           0x00000000        0x0 common_variable_8x16_font_bn_gfx.o
 .text          0x00000000        0x0 construction_bn_gfx.o
 .data          0x00000000        0x0 construction_bn_gfx.o
 .bss           0x00000000        0x0 construction_bn_gfx.o
 .text          0x00000000        0x0 gbajam24_banner_bn_gfx.o
 .data          0x00000000        0x0 gbajam24_banner_bn_gfx.o
 .bss           0x00000000        0x0 gbajam24_banner_bn_gfx.o
 .text          0x00000000        0x0 gbajam24_logo_bn_gfx.o
 .data          0x00000000        0x0 gbajam24_logo_bn_gfx.o
 .bss           0x00000000        0x0 gbajam24_logo_bn_gfx.o
 .text          0x00000000        0x0 gym_bn_gfx.o
 .data          0x00000000        0x0 gym_bn_gfx.o
 .bss           0x00000000        0x0 gym_bn_gfx.o
 .text          0x00000000        0x0 gym_bg_bn_gfx.o
 .data          0x00000000        0x0 gym_bg_bn_gfx.o
 .bss           0x00000000        0x0 gym_bg_bn_gfx.o
 .text          0x00000000        0x0 limit_bn_gfx.o
 .data          0x00000000        0x0 limit_bn_gfx.o
 .bss           0x00000000        0x0 limit_bn_gfx.o
 .text          0x00000000        0x0 lvl2_bg_bn_gfx.o
 .data          0x00000000        0x0 lvl2_bg_bn_gfx.o
 .bss           0x00000000        0x0 lvl2_bg_bn_gfx.o
 .text          0x00000000        0x0 minigame1_bn_gfx.o
 .data          0x00000000        0x0 minigame1_bn_gfx.o
 .bss           0x00000000        0x0 minigame1_bn_gfx.o
 .text          0x00000000        0x0 ninja_bn_gfx.o
[...]
Memory Configuration

Name             Origin             Length             Attributes
rom              0x08000000         0x02000000
iwram            0x03000000         0x00008000
ewram            0x02000000         0x00040000
*default*        0x00000000         0xffffffff

Linker script and memory map

                0x00000000                        __sync_synchronize = __sync_synchronize_none
                0x08000000                        __text_start = ORIGIN (rom)
                0x02040000                        __eheap_end = (ORIGIN (ewram) + LENGTH (ewram))
                0x03000000                        __iwram_start = ORIGIN (iwram)
                0x03008000                        __iwram_top = (ORIGIN (iwram) + LENGTH (iwram))
                0x03007fa0                        __sp_irq = (__iwram_top - 0x60)
                0x03007f00                        __sp_usr = (__sp_irq - 0xa0)
                0x03007ff8                        __irq_flags = 0x3007ff8
                0x08000000                        . = __text_start

.crt0           0x08000000      0x210
 *(.crt0)
 .crt0          0x08000000      0x210 C:/devkitPro/devkitARM/bin/../lib/gcc/arm-none-eabi/14.1.0/../../../../arm-none-eabi/lib/thumb/gba_crt0.o
                0x08000000                _start
                0x080000c4                __boot_method
                0x080000c5                __slave_number
                0x080000e0                start_vector
                0x08000210                        . = ALIGN (0x4)

.init           0x08000210        0xc
 *(SORT_NONE(.init))
 .init          0x08000210        0x4 C:/devkitPro/devkitARM/bin/../lib/gcc/arm-none-eabi/14.1.0/thumb/crti.o
                0x08000210                _init
 .init          0x08000214        0x8 C:/devkitPro/devkitARM/bin/../lib/gcc/arm-none-eabi/14.1.0/thumb/crtn.o

.plt            0x0800021c        0x0
 *(.plt)
                0x0800021c                        . = ALIGN (0x4)

.text           0x08000220    0x19f08
 *(EXCLUDE_FILE(*.iwram*) .text*)
 .text.__do_global_dtors_aux
                0x08000220       0x2c C:/devkitPro/devkitARM/bin/../lib/gcc/arm-none-eabi/14.1.0/thumb/crtbegin.o
 .text.frame_dummy
                0x0800024c       0x24 C:/devkitPro/devkitARM/bin/../lib/gcc/arm-none-eabi/14.1.0/thumb/crtbegin.o
 .text          0x08000270     0x8d60 C:\Users\Sergio\AppData\Local\Temp\ccjGb0jb.ltrans0.ltrans.o
                0x08000ba4                bn::camera_ptr::position() const
                0x08000bb8                bn::audio_manager::(anonymous namespace)::static_data::~static_data() [clone .lto_priv.0]
                0x08000bb8                bn::audio_manager::(anonymous namespace)::static_data::~static_data() [clone .lto_priv.0]
                0x08000bbc                bn::bg_blocks_manager::decrease_usages(int)
                0x08000c64                bn::bg_blocks_manager::(anonymous namespace)::static_data::~static_data() [clone .lto_priv.0]
                0x08000c64                bn::bg_blocks_manager::(anonymous namespace)::static_data::~static_data() [clone .lto_priv.0]
                0x08000cc4                bn::bgs_manager::fill_hblank_effect_regular_positions(int, bn::fixed_t<12> const*, unsigned short*)
                0x08000cfc                void _bn::assert::show_args<char [31]>(char const*, char const*, char const*, int, char const (&) [31])
                0x08000cfc                void _bn::assert::show_args<char [15]>(char const*, char const*, char const*, int, char const (&) [15])
                0x08000cfc                void _bn::assert::show_args<char [54]>(char const*, char const*, char const*, int, char const (&) [54])
                0x08000cfc                void _bn::assert::show_args<char [66]>(char const*, char const*, char const*, int, char const (&) [66])
                0x08000cfc                void _bn::assert::show_args<char [33]>(char const*, char const*, char const*, int, char const (&) [33])
                0x08000cfc                void _bn::assert::show_args<char [18]>(char const*, char const*, char const*, int, char const (&) [18])
                0x08000cfc                void _bn::assert::show_args<char [17]>(char const*, char const*, char const*, int, char const (&) [17])
                0x08000cfc                void _bn::assert::show_args<char [16]>(char const*, char const*, char const*, int, char const (&) [16])
                0x08000cfc                void _bn::assert::show_args<char [23]>(char const*, char const*, char const*, int, char const (&) [23])
                0x08000cfc                void _bn::assert::show_args<char [13]>(char const*, char const*, char const*, int, char const (&) [13])
                0x08000cfc                void _bn::assert::show_args<char [37]>(char const*, char const*, char const*, int, char const (&) [37])
                0x08000cfc                void _bn::assert::show_args<char [21]>(char const*, char const*, char const*, int, char const (&) [21])
                0x08000cfc                void _bn::assert::show_args<char [22]>(char const*, char const*, char const*, int, char const (&) [22])
                0x08000cfc                void _bn::assert::show_args<char [27]>(char const*, char const*, char const*, int, char const (&) [27])
                0x08000cfc                void _bn::assert::show_args<char [14]>(char const*, char const*, char const*, int, char const (&) [14])
                0x08000cfc                void _bn::assert::show_args<char [26]>(char const*, char const*, char const*, int, char const (&) [26])
                0x08000cfc                void _bn::assert::show_args<char [30]>(char const*, char const*, char const*, int, char const (&) [30])
                0x08000cfc                void _bn::assert::show_args<char [24]>(char const*, char const*, char const*, int, char const (&) [24])
                0x08000cfc                void _bn::assert::show_args<char [35]>(char const*, char const*, char const*, int, char const (&) [35])
                0x08000cfc                void _bn::assert::show_args<char [55]>(char const*, char const*, char const*, int, char const (&) [55])
                0x08000cfc                void _bn::assert::show_args<char [19]>(char const*, char const*, char const*, int, char const (&) [19])
                0x08000d3c                bn::bgs_manager::(anonymous namespace)::static_data::~static_data() [clone .lto_priv.0]
                0x08000d3c                bn::bgs_manager::(anonymous namespace)::static_data::~static_data() [clone .lto_priv.0]
                0x08000d6c                bn::ivector<catgame::enemy>::push_back(catgame::enemy&&) [clone .part.0] [clone .lto_priv.0]
                0x08000d94                void bn::ostringstream::append<12>(bn::fixed_t<12>)
                0x08002758                bn::bgs_manager::fill_hblank_effect_regular_attributes(void*, bn::regular_bg_attributes const*, unsigned short*)
                0x08002d0c                void _bn::assert::show_args<char [39], int>(char const*, char const*, char const*, int, char const (&) [39], int const&)
                0x08002d0c                void _bn::assert::show_args<char [28], int>(char const*, char const*, char const*, int, char const (&) [28], int const&)
                0x08002d0c                void _bn::assert::show_args<char [16], int>(char const*, char const*, char const*, int, char const (&) [16], int const&)
                0x08002d0c                void _bn::assert::show_args<char [15], int>(char const*, char const*, char const*, int, char const (&) [15], int const&)
                0x08002d0c                void _bn::assert::show_args<char [20], int>(char const*, char const*, char const*, int, char const (&) [20], int const&)
                0x08002d0c                void _bn::assert::show_args<char [22], int>(char const*, char const*, char const*, int, char const (&) [22], int const&)
                0x08002d0c                void _bn::assert::show_args<char [33], int>(char const*, char const*, char const*, int, char const (&) [33], int const&)
                0x08002d0c                void _bn::assert::show_args<char [17], int>(char const*, char const*, char const*, int, char const (&) [17], int const&)
                0x08002d0c                void _bn::assert::show_args<char [26], int>(char const*, char const*, char const*, int, char const (&) [26], int const&)
                0x08002d0c                void _bn::assert::show_args<char [25], int>(char const*, char const*, char const*, int, char const (&) [25], int const&)
                0x08002d0c                void _bn::assert::show_args<char [27], int>(char const*, char const*, char const*, int, char const (&) [27], int const&)
                0x08002d0c                void _bn::assert::show_args<char [18], int>(char const*, char const*, char const*, int, char const (&) [18], int const&)
                0x08006ddc                bn::core::(anonymous namespace)::update_impl() [clone .lto_priv.0]
 .text.startup  0x08008fd0     0x2230 C:\Users\Sergio\AppData\Local\Temp\ccjGb0jb.ltrans0.ltrans.o
                0x08008fd0                main
 .text          0x0800b200     0x82cc C:\Users\Sergio\AppData\Local\Temp\ccjGb0jb.ltrans1.ltrans.o
                0x0800b240                bn::hw::link::(anonymous namespace)::_resetStateCallback() [clone .lto_priv.0]
                0x0800b44c                bmp16_drawg_b1cts
                0x0800b50c                dummy_drawg
                0x0800b510                dummy_erase
                0x0800bb24                bmp16_erase
                0x0800bf0c                bn::display_manager::(anonymous namespace)::_update_rect_windows_hw_boundaries(int) [clone .lto_priv.0]
                0x0800bf8c                bn::display_manager::(anonymous namespace)::static_data::~static_data() [clone .lto_priv.0]
                0x0800bf8c                bn::display_manager::(anonymous namespace)::static_data::~static_data() [clone .lto_priv.0]
                0x0800bfd8                bn::keypad_manager::update()
                0x0800c078                bn::core::update()
                0x0800c0f0                operator delete(void*)
                0x0800c0fc                operator delete(void*, unsigned int)
                0x0800c108                operator delete[](void*)
                0x0800c114                operator delete[](void*, unsigned int)
                0x0800c120                bn::ostringstream::ostringstream(bn::istring_base&)
                0x0800c120                bn::ostringstream::ostringstream(bn::istring_base&)
                0x0800c128                bn::ostringstream::append(char const*)
                0x0800c1b4                bn::palettes_bank::find_bpp_4(bn::span<bn::color const> const&, unsigned short)
                0x0800c2d0                bn::palettes_bank::update()
                0x0800c404                bn::palettes_manager::(anonymous namespace)::static_data::~static_data() [clone .lto_priv.0]
                0x0800c404                bn::palettes_manager::(anonymous namespace)::static_data::~static_data() [clone .lto_priv.0]
                0x0800c408                bool bn::sprite_affine_mats_manager::(anonymous namespace)::_sprite_double_size<32, 16>(int, int, int, int, int) [clone .lto_priv.0]
                0x0800c48c                bool bn::sprite_affine_mats_manager::(anonymous namespace)::_sprite_double_size<16, 32>(int, int, int, int, int) [clone .lto_priv.0]
                0x0800c510                bn::sprite_affine_mats_manager::(anonymous namespace)::static_data::~static_data() [clone .lto_priv.0]
                0x0800c510                bn::sprite_affine_mats_manager::(anonymous namespace)::static_data::~static_data() [clone .lto_priv.0]
                0x0800c54c                bn::sprite_affine_mats_manager::set_horizontal_flip(int, bool) [clone .part.0]
                0x0800c5b4                bn::sprites_manager::(anonymous namespace)::_always_update_indexes_to_commit(bn::sprites_manager_item const&) [clone .lto_priv.0]
                0x0800c5fc                bn::sprites_manager::set_position(void*, bn::fixed_point_t<12> const&)
                0x0800c674                bn::sprites_manager::set_horizontal_flip(void*, bool)
                0x0800c6e0                bn::sprites_manager::update_auto_double_size(void*)
                0x0800c7e0                VgmStop()
                0x0800c8a0                gbt_refresh_pattern_ptr.lto_priv.0
                0x0800c924                gbt_run_startup_commands.part.0.lto_priv.0
                0x0800c9b8                bn::hw::audio::(anonymous namespace)::_commit() [clone .lto_priv.0]
                0x0800d118                bn::hw::audio::(anonymous namespace)::_vblank_handler() [clone .lto_priv.0]
                0x0800d3cc                operator new(unsigned int)
                0x0800d3fc                operator new[](unsigned int)
                0x0800d42c                malloc
                0x0800d484                bn::ostringstream::append(int)
                0x0800d610                bn::ostringstream::append(unsigned int)
                0x0800d6b8                bn::ostringstream::append(void const*)
                0x0800d7d8                bn::sprite_tiles_manager::(anonymous namespace)::_hw_commit(bn::tile const*, bn::compression_type, int, int) [clone .lto_priv.0]
                0x0800db58                _bn::assert::show(char const*, char const*, char const*, int)
                0x0800db70                _bn::assert::show(char const*, char const*, char const*, int, bn::istring_base const&)
                0x0800dddc                bn::(anonymous namespace)::_graphics_index(char, bn::utf8_characters_map_ref const&, char const*, int&) [clone .part.0] [clone .lto_priv.0]
                0x0800df80                bn::sprite_text_generator::width(bn::string_view const&) const
                0x0800e190                bn::hblank_effects_manager::(anonymous namespace)::item_type::check_update() [clone .lto_priv.0]
                0x08010384                bn::memory_manager::(anonymous namespace)::static_data::~static_data() [clone .lto_priv.0]
                0x08010384                bn::memory_manager::(anonymous namespace)::static_data::~static_data() [clone .lto_priv.0]
                0x080103b8                bn::bg_palette_ptr::create(bn::bg_palette_item const&)
                0x080104ec                bn::sprite_palette_ptr::create(bn::sprite_palette_item const&)
                0x08010614                bn::palettes_bank::log_status() const
                0x08010a0c                bn::sprite_tiles_manager::log_status()
                0x08010fec                bn::ostringstream::_append_fraction(unsigned int, int)
                0x080110fc                bn::hw::link::_timer_intr()
                0x080111f0                bn::hw::link::_serial_intr()
                0x080113a8                bn::palettes_bank::decrease_usages(int)
                0x08011634                bn::sprite_tiles_ptr::create(bn::sprite_tiles_item const&)
                0x080116b0                bn::sprite_tiles_manager::(anonymous namespace)::_insert_free_item(int, unsigned short*) [clone .lto_priv.0]
                0x08011860                bn::sprite_tiles_manager::update()
                0x08011a8c                bn::sprite_tiles_manager::(anonymous namespace)::_find_impl(bn::tile const*, bn::compression_type, int) [clone .lto_priv.0]
                0x08011d28                bn::isprite_animate_action::update()
                0x08011f2c                bn::sprite_tiles_manager::(anonymous namespace)::_create_item(int, bn::tile const*, bn::compression_type, int, bool) [clone .lto_priv.0]
                0x080121dc                bn::sprite_tiles_manager::(anonymous namespace)::_create_impl(bn::tile const*, bn::compression_type, int) [clone .lto_priv.0]
                0x080123dc                bn::hw::audio::(anonymous namespace)::_add_sound_to_queue(int, unsigned short) [clone .lto_priv.0]
                0x080124a8                bn::sprites_manager::create(bn::fixed_point_t<12> const&, bn::sprite_shape_size const&, bn::sprite_tiles_ptr&&, bn::sprite_palette_ptr&&)
                0x0801267c                bn::sprites_manager::create(bn::sprite_builder&&)
                0x08012d1c                bn::tile* bn::(anonymous namespace)::_build_sprite_assert<(bn::sprite_size)1>(bn::sprite_text_generator const&, bn::sprite_palette_ptr const&, bn::fixed_point_t<12> const&, bn::ivector<bn::sprite_ptr>&) [clone .lto_priv.0]
                0x08012f00                bn::tile* bn::(anonymous namespace)::_build_sprite_assert<(bn::sprite_size)2>(bn::sprite_text_generator const&, bn::sprite_palette_ptr const&, bn::fixed_point_t<12> const&, bn::ivector<bn::sprite_ptr>&) [clone .lto_priv.0]
                0x080130e8                bn::sprites_manager::(anonymous namespace)::static_data::~static_data() [clone .lto_priv.0]
                0x080130e8                bn::sprites_manager::(anonymous namespace)::static_data::~static_data() [clone .lto_priv.0]
                0x0801314c                bn::hw::audio::(anonymous namespace)::static_data::~static_data() [clone .lto_priv.0]
                0x0801314c                bn::hw::audio::(anonymous namespace)::static_data::~static_data() [clone .lto_priv.0]
                0x08013150                bn::hw::audio::(anonymous namespace)::_erase_sound_from_queue(unsigned short) [clone .lto_priv.0]
                0x080131e8                bn::hw::audio::(anonymous namespace)::_check_sounds_queue() [clone .part.0] [clone .lto_priv.0]
                0x08013288                bn::hw::link::(anonymous namespace)::_sendDataCallback() [clone .lto_priv.0]
                0x0801336c                bn::hw::link::(anonymous namespace)::_receiveResponseCallback(bn::lc::LinkResponse const&) [clone .lto_priv.0]
 .text          0x080134cc     0x4884 C:\Users\Sergio\AppData\Local\Temp\ccjGb0jb.ltrans2.ltrans.o
                0x0801363c                bn::bg_blocks_manager::(anonymous namespace)::items_list::insert_after(int, bn::bg_blocks_manager::(anonymous namespace)::item_type const&) [clone .constprop.0]
                0x080138f8                bn::best_fit_allocator::free(void*) [clone .constprop.0]
                0x08013a14                bn::lc::LinkConnection::stop() [clone .constprop.0]
                0x08013a40                bn::hw::bgs::commit_data::commit_data() [clone .constprop.0] [clone .isra.0]
                0x08013a9c                bn::bg_blocks_manager::(anonymous namespace)::items_list::items_list() [clone .constprop.0] [clone .isra.0]
                0x08013ae8                bn::sprite_affine_mats_manager::(anonymous namespace)::static_data::static_data() [clone .constprop.0] [clone .isra.0]
                0x08013b8c                bn::sprite_tiles_manager::(anonymous namespace)::static_data::static_data() [clone .constprop.0] [clone .isra.0]
                0x08013cb8                bn::display_manager::(anonymous namespace)::static_data::static_data() [clone .constprop.0] [clone .isra.0]
                0x08013d48                bn::hdma_manager::(anonymous namespace)::static_data::static_data() [clone .constprop.0] [clone .isra.0]
                0x08013d7c                bn::hblank_effects_manager::(anonymous namespace)::static_external_data::static_external_data() [clone .constprop.0] [clone .isra.0]
                0x08013e54                bn::string_view::string_view(char const*) [clone .isra.0]
                0x08013e70                bn::core::(anonymous namespace)::static_data::static_data() [clone .constprop.0] [clone .isra.0]
                0x08013ed8                bn::sprite_ptr::set_camera(bn::camera_ptr const&) [clone .isra.0]
                0x08013fac                bn::sprite_affine_mats_manager::(anonymous namespace)::item_type::sprite_double_size(int, bn::sprite_shape_size const&) const [clone .isra.0]
                0x08014158                bn::palettes_bank::palettes_bank() [clone .isra.0]
                0x0801422c                bn::regular_bg_ptr::set_camera(bn::camera_ptr const&) [clone .isra.0]
                0x080143d0                void _bn::assert::show_args<char [16], int, char [4], int>(char const*, char const*, char const*, int, char const (&) [16], int const&, char const (&) [4], int const&) [clone .constprop.0]
                0x08014438                bn::istring::append(char const*) [clone .isra.0]
                0x08014518                void _bn::assert::show_args<char [52], unsigned short>(char const*, char const*, char const*, int, char const (&) [52], unsigned short const&) [clone .constprop.0]
                0x0801456c                void _bn::assert::show_args<char [27], unsigned char>(char const*, char const*, char const*, int, char const (&) [27], unsigned char const&) [clone .constprop.0]
                0x080145c0                void _bn::assert::show_args<char [35], unsigned int>(char const*, char const*, char const*, int, char const (&) [35], unsigned int const&) [clone .constprop.0]
                0x08014678                void _bn::assert::show_args<char [20], int, char [4], unsigned short>(char const*, char const*, char const*, int, char const (&) [20], int const&, char const (&) [4], unsigned short const&) [clone .constprop.0]
                0x080146e0                void _bn::assert::show_args<char [44], bn::tile const*, char [4], bn::tile const*>(char const*, char const*, char const*, int, char const (&) [44], bn::tile const* const&, char const (&) [4], bn::tile const* const&) [clone .constprop.0]
                0x0801474c                void _bn::assert::show_args<char [46], int, char [4], unsigned int>(char const*, char const*, char const*, int, char const (&) [46], int const&, char const (&) [4], unsigned int const&) [clone .constprop.0]
                0x080147b8                bn::istring::append(char const*, int) [clone .isra.0]
                0x08014848                bn::hw::show::error(bn::system_font const&, bn::string_view const&, bn::string_view const&, bn::string_view const&, int, bn::string_view const&, bn::string_view const&) [clone .constprop.0]
                0x08014b94                void _bn::assert::show_args<char [30], char [13], unsigned short const*, char [14], int, char [15], int, char [17], int, char [34], bn::string_view>(char const*, char const*, char const*, int, char const (&) [30], char const (&) [13], unsigned short const* const&, char const (&) [14], int const&, char const (&) [15], int const&, char const (&) [17], int const&, char const (&) [34], bn::string_view const&) [clone .constprop.0]
                0x08014c48                void _bn::assert::show_args<char [32], char [15], unsigned short const*, char [16], int, char [17], int, char [34], bn::string_view>(char const*, char const*, char const*, int, char const (&) [32], char const (&) [15], unsigned short const* const&, char const (&) [16], int const&, char const (&) [17], int const&, char const (&) [34], bn::string_view const&) [clone .constprop.0]
                0x08014dbc                bn::blending::set_transparency_alpha(bn::fixed_t<12>) [clone .constprop.0]
                0x08014e28                bn::camera_ptr::create(bn::fixed_t<12>, bn::fixed_t<12>) [clone .constprop.0]
                0x08014e84                bn::sprite_tiles_manager::create(bn::span<bn::tile const> const&, bn::compression_type) [clone .isra.0]
                0x08014f80                bn::iunordered_map<bn::tile const*, int, bn::hash<bn::tile const*>, bn::equal_to<bn::tile const*> >::erase(bn::iunordered_map<bn::tile const*, int, bn::hash<bn::tile const*>, bn::equal_to<bn::tile const*> >::const_iterator const&) [clone .constprop.0] [clone .isra.0]
                0x080153e8                bn::sprite_tiles_manager::allocate(int, bn::bpp_mode) [clone .constprop.0]
                0x08015538                void _bn::assert::show_args<char [20], char, char [9], bn::string_view, char [2]>(char const*, char const*, char const*, int, char const (&) [20], char const&, char const (&) [9], bn::string_view const&, char const (&) [2]) [clone .constprop.0]
                0x080155dc                bn::sprite_tiles_ptr::~sprite_tiles_ptr() [clone .isra.0]
                0x0801581c                bn::isprite_animate_action::_assign_graphics_indexes(bn::span<unsigned short const> const&) [clone .isra.0]
                0x0801589c                bn::sprite_affine_mat_ptr::~sprite_affine_mat_ptr() [clone .isra.0]
                0x08015b60                bn::(anonymous namespace)::_create_impl(bn::bg_palette_item const&, bool) [clone .constprop.0]
                0x08015bf0                bn::(anonymous namespace)::_create_impl(bn::sprite_palette_item const&, bool) [clone .constprop.0]
                0x08015c68                bn::sorted_sprites::sorter::insert(bn::sprites_manager_item&) [clone .constprop.0]
                0x08015e70                bn::sprite_builder::sprite_builder(bn::sprite_shape_size const&, bn::sprite_tiles_ptr, bn::sprite_palette_ptr) [clone .isra.0]
                0x08016088                bn::ivector<bn::bgs_manager::(anonymous namespace)::item_type*>::size_type bn::erase<bn::bgs_manager::(anonymous namespace)::item_type*>(bn::ivector<bn::bgs_manager::(anonymous namespace)::item_type*>&, bn::bgs_manager::(anonymous namespace)::item_type* const&) [clone .constprop.0] [clone .isra.0]
                0x080161bc                bn::sprite_ptr::~sprite_ptr() [clone .isra.0]
                0x080163b0                bool bn::(anonymous namespace)::_generate<false>(bn::sprite_text_generator const&, bn::fixed_point_t<12> const&, bn::string_view const&, bn::utf8_characters_map_ref const&, int, int, bool, bn::ivector<bn::sprite_ptr>&) [clone .constprop.0] [clone .isra.0]
                0x080175d8                catgame::player::player(bn::camera_ptr&, bn::point, int) [clone .constprop.0] [clone .isra.0]
                0x080177e4                catgame::trigger::trigger(bn::camera_ptr&, bn::point) [clone .isra.0]
                0x080178a8                catgame::enemy::enemy(bn::camera_ptr, bn::point, bn::sprite_ptr, int) [clone .isra.0]
                0x08017c60                bn::regular_bg_ptr::~regular_bg_ptr() [clone .isra.0]
 .text.startup  0x08017d50      0x318 C:\Users\Sergio\AppData\Local\Temp\ccjGb0jb.ltrans2.ltrans.o
 .text.__libc_init_array
                0x08018068       0x50 bn_hw_common.bn_noflto.o
                0x08018068                __libc_init_array
 .text.__aeabi_atexit
                0x080180b8        0x4 bn_hw_common.bn_noflto.o
                0x080180b8                __aeabi_atexit
 .text._ZN3_bn6assert9show_argsIA40_cEEvPKcS4_S4_iRKT_
                0x080180bc       0x48 bn_hw_common.bn_noflto.o
                0x080180bc                void _bn::assert::show_args<char [40]>(char const*, char const*, char const*, int, char const (&) [40])
 .text.__aeabi_idiv0
                0x08018104       0x24 bn_hw_common.bn_noflto.o
                0x08018104                __aeabi_idiv0
 .text.VBlankIntrWait
                0x08018128        0x4 tonc_bios.o
                0x08018128                VBlankIntrWait
 .text.memset16
                0x0801812c       0x3c tonc_memset.o
                0x0801812c                memset16
 .text          0x08018168      0x26c posprintf.o
                0x0801816c                posprintf
 .text          0x080183d4      0x314 mm_effect.o
                0x080183d4                mmResetEffects
                0x08018400                mmEffect
                0x08018416                mmEffectEx
                0x08018516                mmEffectActive
                0x0801854a                mmEffectVolume
                0x08018566                mmEffectPanning
                0x0801857a                mmEffectRate
                0x0801858e                mmEffectCancel
                0x080185c8                mmEffectRelease
                0x080185ee                mmEffectScaleRate
                0x08018602                mmSetEffectsVolume
                0x08018610                mmEffectCancelAll
                0x08018650                mmUpdateEffects
 .text          0x080186e8       0x14 mm_main.o
                0x080186e8                mpp_call_r7
                0x080186ea                mpp_call_r1
                0x080186ec                mpp_call_r2
                0x080186ee                mpp_call_r3
                0x080186f0                mmSetEventHandler
 .text          0x080186fc     0x1570 mm_mas.o
                0x08018770                mmStart
                0x08018790                mmJingle
                0x08018796                mmPlayModule
                0x08018860                mmPause
                0x0801887c                mmResume
                0x0801888c                mmActive
                0x08018892                mmActiveSub
                0x08018898                mmSetModuleVolume
                0x080188a8                mmSetJingleVolume
                0x080188e4                mmGetPositionTick
                0x080188ea                mmGetPositionRow
                0x080188f0                mmGetPosition
                0x080188f6                mmPosition
                0x08018910                mmSetModuleTempo
                0x08018942                mmSetModulePitch
                0x08018984                mmStop
                0x08018a4a                mppUpdateSub
                0x08018ba6                mpp_Process_VolumeCommand
                0x08018dde                mpp_Process_Effect
                0x0801952c                ST3_FREQTABLE
                0x0801994c                IT_PitchTable
 .text          0x08019c6c      0x12c mm_main_gba.o
                0x08019c6c                mmInit
                0x08019cc0                mmSetVBlankHandler
                0x08019cc6                mmFrame
 .text          0x08019d98      0x1e0 mm_mixer_gba.o
                0x08019d98                mmMixerSetSource
                0x08019dac                mmMixerSetRead
                0x08019dba                mmMixerSetFreq
                0x08019dca                mmMixerMulFreq
                0x08019dde                mmMixerStopChannel
                0x08019df0                mmMixerChannelActive
                0x08019e02                mmMixerSetVolume
                0x08019e10                mmMixerSetPan
                0x08019e1e                mmMixerInit
 .text          0x08019f78       0x3c C:/devkitPro/devkitARM/bin/../lib/gcc/arm-none-eabi/14.1.0/thumb\libgcc.a(_call_via_rX.o)
                0x08019f78                _call_via_r0
                0x08019f7c                _call_via_r1
                0x08019f80                _call_via_r2
                0x08019f84                _call_via_r3
                0x08019f88                _call_via_r4
                0x08019f8c                _call_via_r5
                0x08019f90                _call_via_r6
                0x08019f94                _call_via_r7
                0x08019f98                _call_via_r8
                0x08019f9c                _call_via_r9
                0x08019fa0                _call_via_sl
                0x08019fa4                _call_via_fp
                0x08019fa8                _call_via_ip
                0x08019fac                _call_via_sp
                0x08019fb0                _call_via_lr
 *fill*         0x08019fb4        0x4 ff
 .text.__stub   0x08019fb8      0x118 linker stubs
 *(.gnu.linkonce.t.*)
 *(.text.*personality*)
 *(.gnu.warning)
 *(.glue_7t)
 .glue_7t       0x0801a128        0x0 linker stubs
 *(.glue_7)
 .glue_7        0x0801a128        0x0 linker stubs
 *(.vfp11_veneer)
 .vfp11_veneer  0x0801a128        0x0 linker stubs
                0x0801a128                        . = ALIGN (0x4)
                0x0801a128                        __text_end = .

.v4_bx          0x0801a128        0x0
 .v4_bx         0x0801a128        0x0 linker stubs

.iplt           0x0801a128        0x0
 .iplt          0x0801a128        0x0 C:/devkitPro/devkitARM/bin/../lib/gcc/arm-none-eabi/14.1.0/../../../../arm-none-eabi/lib/thumb/gba_crt0.o

.fini           0x0801a128        0xc
 *(.fini)
 .fini          0x0801a128        0x4 C:/devkitPro/devkitARM/bin/../lib/gcc/arm-none-eabi/14.1.0/thumb/crti.o
                0x0801a128                _fini
 .fini          0x0801a12c        0x8 C:/devkitPro/devkitARM/bin/../lib/gcc/arm-none-eabi/14.1.0/thumb/crtn.o
                0x0801a134                        . = ALIGN (0x4)

.rodata         0x0801a134    0x33a44
 *(.rodata)
 .rodata        0x0801a134      0x420 cat_bn_gfx.o
                0x0801a134                cat_bn_gfxTiles
                0x0801a534                cat_bn_gfxPal
 .rodata        0x0801a554     0x44c0 cat_body_bn_gfx.o
                0x0801a554                cat_body_bn_gfxTiles
                0x0801e194                cat_body_bn_gfxMap
                0x0801e994                cat_body_bn_gfxPal
 .rodata        0x0801ea14     0x1080 cat_hand_bn_gfx.o
                0x0801ea14                cat_hand_bn_gfxTiles
                0x0801fa14                cat_hand_bn_gfxPal
 .rodata        0x0801fa94     0xec40 cats_intro_bn_gfx.o
                0x0801fa94                cats_intro_bn_gfxTiles
                0x0802de54                cats_intro_bn_gfxMap
                0x0802e654                cats_intro_bn_gfxPal
 .rodata        0x0802e6d4     0x15e0 clouds_bn_gfx.o
                0x0802e6d4                clouds_bn_gfxTiles
                0x0802f494                clouds_bn_gfxMap
                0x0802fc94                clouds_bn_gfxPal
 .rodata        0x0802fcb4     0x1ba0 common_variable_8x16_font_bn_gfx.o
                0x0802fcb4                common_variable_8x16_font_bn_gfxTiles
                0x08031834                common_variable_8x16_font_bn_gfxPal
 .rodata        0x08031854      0x120 construction_bn_gfx.o
                0x08031854                construction_bn_gfxTiles
                0x08031954                construction_bn_gfxPal
 .rodata        0x08031974     0x8200 gbajam24_banner_bn_gfx.o
                0x08031974                gbajam24_banner_bn_gfxTiles
                0x08037b54                gbajam24_banner_bn_gfxMap
                0x08039b54                gbajam24_banner_bn_gfxPal
 .rodata        0x08039b74     0x1a40 gbajam24_logo_bn_gfx.o
                0x08039b74                gbajam24_logo_bn_gfxTiles
                0x0803ad94                gbajam24_logo_bn_gfxMap
                0x0803b594                gbajam24_logo_bn_gfxPal
 .rodata        0x0803b5b4      0x820 gym_bn_gfx.o
                0x0803b5b4                gym_bn_gfxTiles
                0x0803bdb4                gym_bn_gfxPal
 .rodata        0x0803bdd4     0x2da0 gym_bg_bn_gfx.o
                0x0803bdd4                gym_bg_bn_gfxTiles
                0x0803cb54                gym_bg_bn_gfxMap
                0x0803eb54                gym_bg_bn_gfxPal
 .rodata        0x0803eb74       0x40 limit_bn_gfx.o
                0x0803eb74                limit_bn_gfxTiles
                0x0803eb94                limit_bn_gfxPal
 .rodata        0x0803ebb4     0x2180 lvl2_bg_bn_gfx.o
                0x0803ebb4                lvl2_bg_bn_gfxTiles
                0x0803ed14                lvl2_bg_bn_gfxMap
                0x08040d14                lvl2_bg_bn_gfxPal
 .rodata        0x08040d34     0x6340 minigame1_bn_gfx.o
                0x08040d34                minigame1_bn_gfxTiles
                0x080467f4                minigame1_bn_gfxMap
                0x08046ff4                minigame1_bn_gfxPal
 .rodata        0x08047074      0x820 ninja_bn_gfx.o
                0x08047074                ninja_bn_gfxTiles
                0x08047874                ninja_bn_gfxPal
 .rodata        0x08047894     0x2180 simple_bg_bn_gfx.o
                0x08047894                simple_bg_bn_gfxTiles
                0x080479f4                simple_bg_bn_gfxMap
                0x080499f4                simple_bg_bn_gfxPal
 .rodata        0x08049a14      0x516 C:\Users\Sergio\AppData\Local\Temp\ccjGb0jb.ltrans0.ltrans.o
                0x08049ac4                bn::sprite_items::cat
                0x08049d90                _ZN2bn2hw7sprites12_GLOBAL__N_1L10_obj_sizesE.lto_priv.0
                0x08049f18                _ZN2bn17bg_blocks_manager12_GLOBAL__N_1L19_status_log_messageE.lto_priv.0
 *fill*         0x08049f2a        0x2 ff
 .rodata        0x08049f2c      0xfb8 C:\Users\Sergio\AppData\Local\Temp\ccjGb0jb.ltrans1.ltrans.o
 .rodata        0x0804aee4       0x54 C:\Users\Sergio\AppData\Local\Temp\ccjGb0jb.ltrans2.ltrans.o
 .rodata        0x0804af38      0xef8 verdana9.o
                0x0804af38                verdana9Font
                0x0804af50                verdana9Glyphs
                0x0804bd50                verdana9Widths
 *all.rodata*(*)
 *(.roda)
 *(.rodata.*)
 .rodata._bn_audio_soundbank_bin
                0x0804be30        0xc _bn_audio_soundbank.bin.o
                0x0804be30                _bn_audio_soundbank_bin
                0x0804be3c                _bn_audio_soundbank_bin_end
 .rodata.str1.4
                0x0804be3c      0xc81 C:\Users\Sergio\AppData\Local\Temp\ccjGb0jb.ltrans0.ltrans.o
 .rodata.str1.4
                0x0804be3c      0xccf C:\Users\Sergio\AppData\Local\Temp\ccjGb0jb.ltrans1.ltrans.o
 .rodata.str1.4
                0x0804be3c      0xc9d C:\Users\Sergio\AppData\Local\Temp\ccjGb0jb.ltrans2.ltrans.o
 .rodata.__cxa_pure_virtual.str1.4
                0x0804be3c     0x1d2d bn_hw_common.bn_noflto.o
                                 0x4f (size before relaxing)
 .rodata.__aeabi_idiv0.str1.4
                0x0804db69       0x38 bn_hw_common.bn_noflto.o
 *fill*         0x0804db69        0x3 ff
 .rodata._ZN2bn2hw8game_pak12_GLOBAL__N_1L8rom_dataE
                0x0804db6c        0xc bn_hw_game_pak.bn_ewram.o
 *(.gnu.linkonce.r*)
                0x0804db78                        . = ALIGN (0x4)

.ARM.extab
 *(.ARM.extab* .gnu.linkonce.armextab.*)
                0x0804db78                        __exidx_start = .

.ARM.exidx
 *(.ARM.exidx* .gnu.linkonce.armexidx.*)
                0x0804db78                        __exidx_end = .

.ctors          0x0804db78        0x0
 *crtbegin.o(.ctors)
 *(EXCLUDE_FILE(*crtend.o) .ctors)
 *(SORT_BY_NAME(.ctors.*))
 *(.ctors)
                0x0804db78                        . = ALIGN (0x4)

.dtors          0x0804db78        0x0
 *crtbegin.o(.dtors)
 *(EXCLUDE_FILE(*crtend.o) .dtors)
 *(SORT_BY_NAME(.dtors.*))
 *(.dtors)
                0x0804db78                        . = ALIGN (0x4)

.eh_frame       0x0804db78        0x4
 *(.eh_frame)
 .eh_frame      0x0804db78        0x0 C:/devkitPro/devkitARM/bin/../lib/gcc/arm-none-eabi/14.1.0/thumb/crtbegin.o
 .eh_frame      0x0804db78        0x4 C:/devkitPro/devkitARM/bin/../lib/gcc/arm-none-eabi/14.1.0/thumb/crtend.o
                0x0804db7c                        . = ALIGN (0x4)

.gcc_except_table
                0x0804db7c        0x0
 *(.gcc_except_table)
                0x0804db7c                        . = ALIGN (0x4)
                0x0804db7c                        __iwram_lma = .

.iwram          0x03000000     0x23c8 load address 0x0804db7c
                0x03000000                        __iwram_start__ = ABSOLUTE (.)
 *(.iwram .iwram*)
 .iwram         0x03000000      0x290 bn_sprites_manager.bn_iwram.o
                0x03000000                bn::sprites_manager::_check_items_on_screen(bn::intrusive_list<bn::sorted_sprites::layer>&)
                0x03000104                bn::sprites_manager::_rebuild_handles_impl(int, void*, bn::intrusive_list<bn::sorted_sprites::layer>&)
                0x0300019c                bn::sprites_manager::_update_cameras_impl(bn::intrusive_list<bn::sorted_sprites::layer>&)
 .iwram         0x03000290       0xc4 bn_hw_palettes.bn_iwram.o
                0x03000290                bn::hw::palettes::brightness(bn::color const*, int, int, bn::color*)
                0x030002f8                bn::hw::palettes::_lut_effect(bn::color const*, unsigned char const*, int, bn::color*)
 .iwram         0x03000354       0xa8 bn_hw_sprite_tiles.bn_iwram.o
                0x03000354                bn::hw::sprite_tiles::_plot_hideous_tiles(int, unsigned int const*, int, unsigned int*)
 .iwram         0x030003fc       0x6c bn_hw_bg_blocks.o
                0x030003fc                bn_hw_bg_blocks_commit_half_words
                0x03000414                bn_hw_bg_blocks_commit_words
                0x0300042c                bn_hw_bg_blocks_commit_blocks
 .iwram         0x03000468       0xd0 bn_hw_hblank_effects.o
                0x03000468                bn::hw::hblank_effects::_intr()
                0x03000534                bn::hw::hblank_effects::data
 .iwram         0x03000538       0x30 bn_hw_palettes_asm.o
                0x03000538                bn_hw_palettes_different_words
 .iwram.clr_blend_fast
                0x03000568       0x70 clr_blend_fast.o
                0x03000568                clr_blend_fast
 .iwram         0x030005d8       0x70 clr_fade_fast.o
                0x030005d8                clr_fade_fast
 .iwram.memset32
                0x03000648       0x4c tonc_memset.o
                0x03000648                memset32
 .iwram         0x03000694      0x134 irq_handler.o
                0x03000694                IRQ_GlobalInterruptHandler
 .iwram.__aeabi_lmul
                0x030007c8       0x14 lmul.o
                0x030007c8                __aeabi_lmul
 .iwram.__aeabi_memcpy
                0x030007dc       0xc8 memcpy.o
                0x030007dc                __aeabi_memcpy
                0x03000814                __aeabi_memcpy8
                0x03000814                __aeabi_memcpy4
                0x03000880                __agbabi_memcpy2
 .iwram.__agbabi_memcpy1
                0x030008a4       0x14 memcpy.o
                0x030008a4                __agbabi_memcpy1
 .iwram.memcpy  0x030008b8       0x10 memcpy.o
                0x030008b8                memcpy
 .iwram.__aeabi_memmove
                0x030008c8        0xc memmove.o
                0x030008c8                __aeabi_memmove
 .iwram.memmove
                0x030008d4       0x10 memmove.o
                0x030008d4                memmove
 .iwram.__aeabi_memset
                0x030008e4       0x9c memset.o
                0x030008e4                __aeabi_memset
                0x03000908                __aeabi_memset8
                0x03000908                __aeabi_memset4
                0x03000914                __agbabi_wordset4
                0x03000918                __agbabi_lwordset4
 .iwram.__agbabi_memset1
                0x03000980       0x10 memset.o
                0x03000980                __agbabi_memset1
 .iwram.memset  0x03000990       0x1c memset.o
                0x03000990                memset
 .iwram.__agbabi_rmemcpy
                0x030009ac       0xcc rmemcpy.o
                0x030009ac                __agbabi_rmemcpy
 .iwram.__agbabi_rmemcpy1
                0x03000a78       0x14 rmemcpy.o
                0x03000a78                __agbabi_rmemcpy1
 .iwram         0x03000a8c       0x3c sdiv32.o
                0x03000a8c                __aeabi_idiv
                0x03000a8c                __aeabi_idivmod
 .iwram         0x03000ac8      0x1e0 udiv32.o
                0x03000ac8                __aeabi_uidivmod
                0x03000ac8                __aeabi_uidiv
                0x03000ad0                udiv32pastzero
                0x03000b24                div32Iteration
 .iwram         0x03000ca8       0x98 huffman.o
                0x03000ca8                swi_HuffUnCompReadNormal
 .iwram         0x03000d40      0x1ac lz77.o
                0x03000d40                swi_LZ77UnCompWrite16bit
                0x03000d40                swi_LZ77UnCompWrite8bit
 .iwram         0x03000eec       0xec running_length.o
                0x03000eec                swi_RLUnCompReadNormalWrite8bit
                0x03000f4c                swi_RLUnCompReadNormalWrite16bit
 .iwram         0x03000fd8      0x554 mm_mas.o
                0x03000fd8                mppProcessTick
                0x030010bc                mpp_Channel_NewNote
                0x0300119c                mpp_Update_ACHN_notest
 .iwram         0x0300152c      0x648 mm_mas_arm.o
                0x0300152c                mmAllocChannel
                0x030015a0                mmReadPattern
                0x0300168c                mmUpdateChannel_T0
                0x030018cc                mmUpdateChannel_TN
                0x03001a6c                mmGetPeriod
                0x03001ab0                note_table_oct
                0x03001ace                note_table_mod
 .iwram         0x03001b74        0x8 mm_main_gba.o
                0x03001b74                mpp_call_r7i
                0x03001b76                mpp_call_r2i
                0x03001b78                mpp_call_r1i
 .iwram         0x03001b7c      0x838 mm_mixer_gba.o
                0x03001b80                mmVBlank
                0x03001c04                mmMixerMix
 *fill*         0x030023b4        0x4 ff
 .iwram.__stub  0x030023b8        0xc linker stubs
 *iwram.*(.text* .data*)
                0x030023c4                        . = ALIGN (0x4)
                0x030023c8                        __iwram_end__ = ABSOLUTE (.)
                0x0804ff44                        __data_lma = (__iwram_lma + SIZEOF (.iwram))

.bss            0x030023c8      0x86c
                0x030023c8                        __bss_start = ABSOLUTE (.)
                0x030023c8                        __bss_start__ = ABSOLUTE (.)
 *(.dynbss)
 *(.gnu.linkonce.b*)
 *(.bss*)
 .bss.completed.1
                0x030023c8        0x1 C:/devkitPro/devkitARM/bin/../lib/gcc/arm-none-eabi/14.1.0/thumb/crtbegin.o
 *fill*         0x030023c9        0x3 
 .bss.object.0  0x030023cc       0x18 C:/devkitPro/devkitARM/bin/../lib/gcc/arm-none-eabi/14.1.0/thumb/crtbegin.o
 .bss           0x030023e4      0x508 C:\Users\Sergio\AppData\Local\Temp\ccjGb0jb.ltrans0.ltrans.o
                0x030023e4                IRQ_VectorTable
                0x0300283c                _ZN2bn22hblank_effects_manager12_GLOBAL__N_113internal_dataE.lto_priv.0
 .bss           0x030028ec        0x4 C:\Users\Sergio\AppData\Local\Temp\ccjGb0jb.ltrans2.ltrans.o
                0x030028ec                fake_heap_end
 .bss           0x030028f0       0x2d mm_effect.o
                0x03002914                mm_sfx_bitmask
                0x03002918                mm_sfx_clearmask
 *fill*         0x0300291d        0x3 
 .bss           0x03002920        0x8 mm_main.o
                0x03002920                mmCallback
                0x03002924                mm_ch_mask
 .bss           0x03002928      0x148 mm_mas.o
                0x03002928                mmLayerMain
                0x03002960                mmLayerSub
                0x03002998                mpp_vars
                0x030029a8                mpp_layerp
                0x030029ac                mpp_channels
                0x030029bc                mpp_nchannels
                0x030029bd                mpp_clayer
                0x030029c0                mm_achannels
                0x030029c4                mm_pchannels
                0x030029c8                mm_num_mch
                0x030029cc                mm_num_ach
                0x030029d0                mm_schannels
 .bss           0x03002a70        0x8 mm_main_gba.o
                0x03002a70                mm_vblank_function
                0x03002a74                mp_solution
 .bss           0x03002a78      0x1bc mm_mixer_gba.o
                0x03002a78                mp_writepos
                0x03002a80                mm_mixchannels
                0x03002a88                mm_mixlen
                0x03002a9c                mm_bpmdv
                0x03002aa0                mp_mix_seg
 *(COMMON)
                0x03002c34                        . = ALIGN (0x4)
                0x03002c34                        __bss_end__ = ABSOLUTE (.)

.data           0x03002c34       0x10 load address 0x0804ff44
                0x03002c34                        __data_start__ = ABSOLUTE (.)
 *(.data*)
 .data.__dso_handle
                0x03002c34        0x4 C:/devkitPro/devkitARM/bin/../lib/gcc/arm-none-eabi/14.1.0/thumb/crtbegin.o
                0x03002c34                __dso_handle
 .data          0x03002c38        0xc C:\Users\Sergio\AppData\Local\Temp\ccjGb0jb.ltrans0.ltrans.o
 *(.gnu.linkonce.d*)
                0x03002c44                        . = ALIGN (0x4)
                0x0804ff54                        __preinit_lma = (__data_lma + SIZEOF (.data))

.igot.plt       0x03002c44        0x0 load address 0x0804ff54
 .igot.plt      0x03002c44        0x0 C:/devkitPro/devkitARM/bin/../lib/gcc/arm-none-eabi/14.1.0/../../../../arm-none-eabi/lib/thumb/gba_crt0.o

.preinit_array  0x03002c44        0x0 load address 0x0804ff54
                0x03002c44                        __preinit_array_start = ABSOLUTE (.)
 *(.preinit_array)
                0x03002c44                        __preinit_array_end = ABSOLUTE (.)
                0x0804ff54                        __init_lma = (__preinit_lma + SIZEOF (.preinit_array))

.init_array     0x03002c44        0x8 load address 0x0804ff54
                0x03002c44                        __init_array_start = ABSOLUTE (.)
 *(SORT_BY_NAME(.init_array.*))
 *(.init_array)
 .init_array    0x03002c44        0x4 C:/devkitPro/devkitARM/bin/../lib/gcc/arm-none-eabi/14.1.0/thumb/crtbegin.o
 .init_array    0x03002c48        0x4 C:\Users\Sergio\AppData\Local\Temp\ccjGb0jb.ltrans2.ltrans.o
                0x03002c4c                        __init_array_end = ABSOLUTE (.)
                0x0804ff5c                        __fini_lma = (__init_lma + SIZEOF (.init_array))

.fini_array     0x03002c4c        0x4 load address 0x0804ff5c
                0x03002c4c                        __fini_array_start = ABSOLUTE (.)
 *(SORT_BY_NAME(.fini_array.*))
 *(.fini_array)
 .fini_array    0x03002c4c        0x4 C:/devkitPro/devkitARM/bin/../lib/gcc/arm-none-eabi/14.1.0/thumb/crtbegin.o
                0x03002c50                        __fini_array_end = ABSOLUTE (.)
                0x0804ff60                        __jcr_lma = (__fini_lma + SIZEOF (.fini_array))

.jcr
 *(.jcr)
                0x03002c50                        __data_end__ = ABSOLUTE (.)
                0x0804ff60                        __iwram_overlay_lma = (__jcr_lma + SIZEOF (.jcr))
                0x03002c50                        __iwram_overlay_start = .

.iwram0         0x03002c50        0x0 load address 0x0804ff60
 *(.iwram0)
                0x03002c50                        . = ALIGN (0x4)
                0x0804ff60                        PROVIDE (__load_start_iwram0 = LOADADDR (.iwram0))
                0x0804ff60                        PROVIDE (__load_stop_iwram0 = (LOADADDR (.iwram0) + SIZEOF (.iwram0)))

.iwram1         0x03002c50        0x0
 *(.iwram1)
                0x03002c50                        . = ALIGN (0x4)
                [!provide]                        PROVIDE (__load_start_iwram1 = LOADADDR (.iwram1))
                [!provide]                        PROVIDE (__load_stop_iwram1 = (LOADADDR (.iwram1) + SIZEOF (.iwram1)))

.iwram2         0x03002c50        0x0
 *(.iwram2)
                0x03002c50                        . = ALIGN (0x4)
                [!provide]                        PROVIDE (__load_start_iwram2 = LOADADDR (.iwram2))
                [!provide]                        PROVIDE (__load_stop_iwram2 = (LOADADDR (.iwram2) + SIZEOF (.iwram2)))

.iwram3         0x03002c50        0x0
 *(.iwram3)
                0x03002c50                        . = ALIGN (0x4)
                [!provide]                        PROVIDE (__load_start_iwram3 = LOADADDR (.iwram3))
                [!provide]                        PROVIDE (__load_stop_iwram3 = (LOADADDR (.iwram3) + SIZEOF (.iwram3)))

.iwram4         0x03002c50        0x0
 *(.iwram4)
                0x03002c50                        . = ALIGN (0x4)
                [!provide]                        PROVIDE (__load_start_iwram4 = LOADADDR (.iwram4))
                [!provide]                        PROVIDE (__load_stop_iwram4 = (LOADADDR (.iwram4) + SIZEOF (.iwram4)))

.iwram5         0x03002c50        0x0
 *(.iwram5)
                0x03002c50                        . = ALIGN (0x4)
                [!provide]                        PROVIDE (__load_start_iwram5 = LOADADDR (.iwram5))
                [!provide]                        PROVIDE (__load_stop_iwram5 = (LOADADDR (.iwram5) + SIZEOF (.iwram5)))

.iwram6         0x03002c50        0x0
 *(.iwram6)
                0x03002c50                        . = ALIGN (0x4)
                [!provide]                        PROVIDE (__load_start_iwram6 = LOADADDR (.iwram6))
                [!provide]                        PROVIDE (__load_stop_iwram6 = (LOADADDR (.iwram6) + SIZEOF (.iwram6)))

.iwram7         0x03002c50        0x0
 *(.iwram7)
                0x03002c50                        . = ALIGN (0x4)
                [!provide]                        PROVIDE (__load_start_iwram7 = LOADADDR (.iwram7))
                [!provide]                        PROVIDE (__load_stop_iwram7 = (LOADADDR (.iwram7) + SIZEOF (.iwram7)))

.iwram8         0x03002c50        0x0
 *(.iwram8)
                0x03002c50                        . = ALIGN (0x4)
                [!provide]                        PROVIDE (__load_start_iwram8 = LOADADDR (.iwram8))
                [!provide]                        PROVIDE (__load_stop_iwram8 = (LOADADDR (.iwram8) + SIZEOF (.iwram8)))

.iwram9         0x03002c50        0x0
 *(.iwram9)
                0x03002c50                        . = ALIGN (0x4)
                [!provide]                        PROVIDE (__load_start_iwram9 = LOADADDR (.iwram9))
                [!provide]                        PROVIDE (__load_stop_iwram9 = (LOADADDR (.iwram9) + SIZEOF (.iwram9)))
                0x03002c50                        __iwram_overlay_end = .
                0x0804ff60                        __ewram_lma = (__iwram_overlay_lma + (__iwram_overlay_end - __iwram_overlay_start))
                0x03002c50                        __iheap_start = .
                0x02000000                        __ewram_start = ORIGIN (ewram)

.ewram          0x02000000       0xf4 load address 0x0804ff60
 *(.ewram*)
 .ewram         0x02000000        0xc C:\Users\Sergio\AppData\Local\Temp\ccjGb0jb.ltrans0.ltrans.o
                0x02000000                Vgm
 .ewram         0x0200000c       0x4a C:\Users\Sergio\AppData\Local\Temp\ccjGb0jb.ltrans1.ltrans.o
                0x0200000c                __tte_main_context
 *fill*         0x02000056        0x2 ff
 .ewram         0x02000058       0x9c bn_hw_game_pak.bn_ewram.o
                0x02000058                bn::hw::game_pak::_slow_game_pak()
                0x020000f4                        . = ALIGN (0x4)
                0x020000f4                        __ewram_end = ABSOLUTE (.)
                0x08050054                        __pad_lma = (__ewram_lma + SIZEOF (.ewram))

.sbss           0x020000f4     0x8204
                0x020000f4                        __sbss_start__ = ABSOLUTE (.)
 *(.sbss*)
 .sbss          0x020000f4     0x8204 C:\Users\Sergio\AppData\Local\Temp\ccjGb0jb.ltrans0.ltrans.o
                0x020000f4                _ZN2bn14keypad_manager12_GLOBAL__N_14dataE.lto_priv.0
                0x0200010c                _ZN2bn15cameras_manager12_GLOBAL__N_14dataE.lto_priv.0
                0x02000144                _ZN2bn2hw5audio12_GLOBAL__N_14dataE.lto_priv.0
                0x02000190                _ZN2bn4core12_GLOBAL__N_14dataE.lto_priv.0
                0x020001d8                _ZN2bn12hdma_manager12_GLOBAL__N_14dataE.lto_priv.0
                0x02000210                _ZN2bn14memory_manager12_GLOBAL__N_14dataE.lto_priv.0
                0x02000220                gbt.lto_priv.0
                0x020002b8                _ZN2bn17bg_blocks_manager12_GLOBAL__N_14dataE.lto_priv.0
                0x0200049c                _ZN2bn20sprite_tiles_manager12_GLOBAL__N_14dataE.lto_priv.0
                0x02002660                _ZN2bn13audio_manager12_GLOBAL__N_14dataE.lto_priv.0
                0x020027d4                _ZN2bn2hw4link12_GLOBAL__N_14dataE.lto_priv.0
                0x02002904                _ZN2bn22hblank_effects_manager12_GLOBAL__N_113external_dataE.lto_priv.0
                0x02004348                _ZN2bn26sprite_affine_mats_manager12_GLOBAL__N_14dataE.lto_priv.0
                0x02004c10                _ZN2bn15display_manager12_GLOBAL__N_14dataE.lto_priv.0
                0x02004cb4                _ZN2bn11bgs_manager12_GLOBAL__N_14dataE.lto_priv.0
                0x02004f60                _ZN2bn16palettes_manager12_GLOBAL__N_14dataE.lto_priv.0
                0x02005ca8                _ZN2bn15sprites_manager12_GLOBAL__N_14dataE.lto_priv.0
                0x020082f8                        . = ALIGN (0x4)
                0x020082f8                        __sbss_end__ = ABSOLUTE (.)
                0x020082f8                        __end__ = ABSOLUTE (.)
                0x020082f8                        __eheap_start = ABSOLUTE (.)

.pad            0x020082f8        0x8 load address 0x08050054
                0x020082f8        0x4 LONG 0x52416b64
                0x020082fc        0x4 LONG 0x4d
                0x02008300                        . = ALIGN (0x4)
                0x0805005c                        __rom_end__ = (__pad_lma + SIZEOF (.pad))

.rel.dyn        0x02008300        0x0 load address 0x0805005c
 .rel.iplt      0x02008300        0x0 C:/devkitPro/devkitARM/bin/../lib/gcc/arm-none-eabi/14.1.0/../../../../arm-none-eabi/lib/thumb/gba_crt0.o

.stab
 *(.stab)

.stabstr
 *(.stabstr)

.stab.excl
 *(.stab.excl)

.stab.exclstr
 *(.stab.exclstr)

.stab.index
 *(.stab.index)

.stab.indexstr
 *(.stab.indexstr)

.comment        0x00000000       0x23
 *(.comment)
 .comment       0x00000000       0x23 C:/devkitPro/devkitARM/bin/../lib/gcc/arm-none-eabi/14.1.0/thumb/crtbegin.o
                                 0x24 (size before relaxing)
 .comment       0x00000023       0x24 C:\Users\Sergio\AppData\Local\Temp\ccjGb0jb.ltrans0.ltrans.o
 .comment       0x00000023       0x24 C:\Users\Sergio\AppData\Local\Temp\ccjGb0jb.ltrans1.ltrans.o
 .comment       0x00000023       0x24 C:\Users\Sergio\AppData\Local\Temp\ccjGb0jb.ltrans2.ltrans.o
 .comment       0x00000023       0x24 bn_sprites_manager.bn_iwram.o
 .comment       0x00000023       0x24 bn_hw_common.bn_noflto.o
 .comment       0x00000023       0x24 bn_hw_game_pak.bn_ewram.o
 .comment       0x00000023       0x24 bn_hw_palettes.bn_iwram.o
 .comment       0x00000023       0x24 bn_hw_sprite_tiles.bn_iwram.o
 .comment       0x00000023       0x24 C:/devkitPro/devkitARM/bin/../lib/gcc/arm-none-eabi/14.1.0/thumb/crtend.o

.debug
 *(.debug)

.line
 *(.line)

.debug_srcinfo
 *(.debug_srcinfo)

.debug_sfnames
 *(.debug_sfnames)

.debug_aranges  0x00000000      0x608
 *(.debug_aranges)
 .debug_aranges
                0x00000000       0x28 C:\Users\Sergio\AppData\Local\Temp\ccjGb0jb.ltrans0.ltrans.o
 .debug_aranges
                0x00000028       0x20 C:\Users\Sergio\AppData\Local\Temp\ccjGb0jb.ltrans1.ltrans.o
 .debug_aranges
                0x00000048       0x20 C:\Users\Sergio\AppData\Local\Temp\ccjGb0jb.ltrans2.ltrans.o
 .debug_aranges
                0x00000068       0x30 bn_sprites_manager.bn_iwram.o
 .debug_aranges
                0x00000098       0x58 bn_hw_common.bn_noflto.o
 .debug_aranges
                0x000000f0       0x20 bn_hw_game_pak.bn_ewram.o
 .debug_aranges
                0x00000110       0x28 bn_hw_palettes.bn_iwram.o
 .debug_aranges
                0x00000138       0x20 bn_hw_sprite_tiles.bn_iwram.o
 .debug_aranges
                0x00000158       0x20 bn_hw_bg_blocks.o
 .debug_aranges
                0x00000178       0x20 bn_hw_hblank_effects.o
 .debug_aranges
                0x00000198       0x20 bn_hw_palettes_asm.o
 .debug_aranges
                0x000001b8       0x20 clr_blend_fast.o
 .debug_aranges
                0x000001d8       0x20 clr_fade_fast.o
 .debug_aranges
                0x000001f8      0x130 tonc_bios.o
 .debug_aranges
                0x00000328       0x28 tonc_memset.o
 .debug_aranges
                0x00000350       0x20 irq_handler.o
 .debug_aranges
                0x00000370       0x20 posprintf.o
 .debug_aranges
                0x00000390       0x38 lmul.o
 .debug_aranges
                0x000003c8       0x30 memcpy.o
 .debug_aranges
                0x000003f8       0x38 memmove.o
 .debug_aranges
                0x00000430       0x38 memset.o
 .debug_aranges
                0x00000468       0x28 rmemcpy.o
 .debug_aranges
                0x00000490       0x20 sdiv32.o
 .debug_aranges
                0x000004b0       0x20 udiv32.o
 .debug_aranges
                0x000004d0       0x20 huffman.o
 .debug_aranges
                0x000004f0       0x20 lz77.o
 .debug_aranges
                0x00000510       0x20 running_length.o
 .debug_aranges
                0x00000530       0x20 mm_effect.o
 .debug_aranges
                0x00000550       0x20 mm_main.o
 .debug_aranges
                0x00000570       0x28 mm_mas.o
 .debug_aranges
                0x00000598       0x20 mm_mas_arm.o
 .debug_aranges
                0x000005b8       0x28 mm_main_gba.o
 .debug_aranges
                0x000005e0       0x28 mm_mixer_gba.o

.debug_pubnames
 *(.debug_pubnames)

.debug_info     0x00000000   0x26c515
 *(.debug_info)
 .debug_info    0x00000000    0x2f78f C:\Users\Sergio\AppData\Local\Temp\ccjGb0jb.ltrans0.ltrans.o
 .debug_info    0x0002f78f    0x201bc C:\Users\Sergio\AppData\Local\Temp\ccjGb0jb.ltrans1.ltrans.o
 .debug_info    0x0004f94b    0x11595 C:\Users\Sergio\AppData\Local\Temp\ccjGb0jb.ltrans2.ltrans.o
 .debug_info    0x00060ee0     0xd1a4 C:\Users\Sergio\AppData\Local\Temp\ccdfETHs.debug.temp.o
                0x00060ee0                catgame_enemy.cpp.2327dd2a
 .debug_info    0x0006e084     0xbd78 C:\Users\Sergio\AppData\Local\Temp\cci6Hc9J.debug.temp.o
                0x0006e084                catgame_history.cpp.be985009
 .debug_info    0x00079dfc     0x1a15 C:\Users\Sergio\AppData\Local\Temp\ccZsgSH0.debug.temp.o
                0x00079dfc                catgame_hitbox.cpp.f7f2ceb7
 .debug_info    0x0007b811     0xcadf C:\Users\Sergio\AppData\Local\Temp\cc8HfzDh.debug.temp.o
                0x0007b811                catgame_intro.cpp.e552bd2e
 .debug_info    0x000882f0     0x80e0 C:\Users\Sergio\AppData\Local\Temp\ccPKxXcC.debug.temp.o
                0x000882f0                catgame_logo.cpp.909c519b
 .debug_info    0x000903d0    0x13598 C:\Users\Sergio\AppData\Local\Temp\ccCymn4W.debug.temp.o
                0x000903d0                catgame_lvl_gym.cpp.bbf77ce8
 .debug_info    0x000a3968    0x1394e C:\Users\Sergio\AppData\Local\Temp\cc74AI3g.debug.temp.o
                0x000a3968                catgame_lvl1.cpp.baf47064
 .debug_info    0x000b72b6    0x13832 C:\Users\Sergio\AppData\Local\Temp\ccoiL8wB.debug.temp.o
                0x000b72b6                catgame_lvl2.cpp.a13b88f4
 .debug_info    0x000caae8    0x103f7 C:\Users\Sergio\AppData\Local\Temp\ccvux38U.debug.temp.o
                0x000caae8                catgame_minigame_1.cpp.c48255c2
 .debug_info    0x000daedf     0xbc7f C:\Users\Sergio\AppData\Local\Temp\ccctbsqh.debug.temp.o
                0x000daedf                catgame_player.cpp.39424284
 .debug_info    0x000e6b5e     0x74bd C:\Users\Sergio\AppData\Local\Temp\ccvVGrgE.debug.temp.o
                0x000e6b5e                catgame_trigger.cpp.41cdbd37
 .debug_info    0x000ee01b     0x8d2b C:\Users\Sergio\AppData\Local\Temp\ccCjxVe0.debug.temp.o
                0x000ee01b                common_info.cpp.a0c3e114
 .debug_info    0x000f6d46     0x967d C:\Users\Sergio\AppData\Local\Temp\cc9I3hpm.debug.temp.o
                0x000f6d46                main.cpp.8b5b10b3
 .debug_info    0x001003c3     0x96a3 C:\Users\Sergio\AppData\Local\Temp\ccmqakVH.debug.temp.o
                0x001003c3                bn_affine_bg_animate_actions.cpp.e74739b4
 .debug_info    0x00109a66     0xdb21 C:\Users\Sergio\AppData\Local\Temp\cc5HD2t3.debug.temp.o
                0x00109a66                bn_audio_manager.cpp.c7a52476
 .debug_info    0x00117587     0x45a8 C:\Users\Sergio\AppData\Local\Temp\ccuHQMQs.debug.temp.o
                0x00117587                bn_best_fit_allocator.cpp.54a39eb5
 .debug_info    0x0011bb2f    0x1c99a C:\Users\Sergio\AppData\Local\Temp\ccj0q9vS.debug.temp.o
                0x0011bb2f                bn_bg_blocks_manager.cpp.8bbb75f2
 .debug_info    0x001384c9    0x1e88a C:\Users\Sergio\AppData\Local\Temp\cc2nBoDg.debug.temp.o
                0x001384c9                bn_bgs_manager.cpp.b2a48d40
 .debug_info    0x00156d53     0x4d11 C:\Users\Sergio\AppData\Local\Temp\cc5hnNeF.debug.temp.o
                0x00156d53                bn_cameras_manager.cpp.f0cc3966
 .debug_info    0x0015ba64     0x64a7 C:\Users\Sergio\AppData\Local\Temp\ccEWmNJ2.debug.temp.o
                0x0015ba64                bn_core.cpp.12fe1f41
 .debug_info    0x00161f0b    0x13e13 C:\Users\Sergio\AppData\Local\Temp\ccTOIQBq.debug.temp.o
                0x00161f0b                bn_display_manager.cpp.8f39e9b5
 .debug_info    0x00175d1e     0x4c6f C:\Users\Sergio\AppData\Local\Temp\cc6BGMbS.debug.temp.o
                0x00175d1e                bn_gpio_manager.cpp.9108806b
 .debug_info    0x0017a98d    0x39136 C:\Users\Sergio\AppData\Local\Temp\ccHJQS4j.debug.temp.o
                0x0017a98d                bn_hblank_effects_manager.cpp.c1342847
 .debug_info    0x001b3ac3     0x1d27 C:\Users\Sergio\AppData\Local\Temp\cciLvK3K.debug.temp.o
                0x001b3ac3                bn_hdma_manager.cpp.967aafa5
 .debug_info    0x001b57ea     0x4a03 C:\Users\Sergio\AppData\Local\Temp\ccZH8aSb.debug.temp.o
                0x001b57ea                bn_keypad_manager.cpp.b3f703fa
 .debug_info    0x001ba1ed     0x4dbc C:\Users\Sergio\AppData\Local\Temp\ccIZl9SF.debug.temp.o
                0x001ba1ed                bn_link_manager.cpp.9128f562
 .debug_info    0x001befa9     0x4cb7 C:\Users\Sergio\AppData\Local\Temp\cczdzfda.debug.temp.o
                0x001befa9                bn_memory_manager.cpp.4c15fab7
 .debug_info    0x001c3c60     0xf0a6 C:\Users\Sergio\AppData\Local\Temp\ccS7SFBE.debug.temp.o
                0x001c3c60                bn_palettes_manager.cpp.3b5670f4
 .debug_info    0x001d2d06     0xf973 C:\Users\Sergio\AppData\Local\Temp\cczTbJ54.debug.temp.o
                0x001d2d06                bn_sprite_affine_mats_manager.cpp.ff108f1c
 .debug_info    0x001e2679     0x8e56 C:\Users\Sergio\AppData\Local\Temp\ccgc4ZJx.debug.temp.o
                0x001e2679                bn_sprite_animate_actions.cpp.033832e0
 .debug_info    0x001eb4cf    0x145e9 C:\Users\Sergio\AppData\Local\Temp\cczMpsu6.debug.temp.o
                0x001eb4cf                bn_sprite_text_generator.cpp.3bce1910
 .debug_info    0x001ffab8     0xde85 C:\Users\Sergio\AppData\Local\Temp\ccczWxmI.debug.temp.o
                0x001ffab8                bn_sprite_tiles_manager.cpp.eed3e239
 .debug_info    0x0020d93d    0x1a647 C:\Users\Sergio\AppData\Local\Temp\ccp48xco.debug.temp.o
                0x0020d93d                bn_sprites_manager.cpp.153ebd4b
 .debug_info    0x00227f84     0x5df9 C:\Users\Sergio\AppData\Local\Temp\ccUqeXi4.debug.temp.o
                0x00227f84                bn_sstream.cpp.ac2deeae
 .debug_info    0x0022dd7d    0x10961 C:\Users\Sergio\AppData\Local\Temp\ccfMVQxJ.debug.temp.o
                0x0022dd7d                bn_translation_unit.cpp.56a57108
 .debug_info    0x0023e6de     0x59a1 C:\Users\Sergio\AppData\Local\Temp\cci6y42o.debug.temp.o
                0x0023e6de                bn_hw_audio.cpp.fc2e12ad
 .debug_info    0x0024407f     0x155e C:\Users\Sergio\AppData\Local\Temp\ccTP8DF3.debug.temp.o
                0x0024407f                bn_hw_cstdlib.cpp.a93f252e
 .debug_info    0x002455dd     0x5b63 C:\Users\Sergio\AppData\Local\Temp\ccLaNsCm.debug.temp.o
                0x002455dd                bn_hw_link.cpp.001f7bf3
 .debug_info    0x0024b140     0x49b3 C:\Users\Sergio\AppData\Local\Temp\ccxQffOE.debug.temp.o
                0x0024b140                bn_hw_palettes.cpp.60216126
 .debug_info    0x0024faf3     0x5f99 C:\Users\Sergio\AppData\Local\Temp\cc832FCn.debug.temp.o
                0x0024faf3                bn_hw_show.cpp.75ca1e2d
 .debug_info    0x00255a8c      0x549 C:\Users\Sergio\AppData\Local\Temp\cc1sdgK6.debug.temp.o
                0x00255a8c                bn_hw_sram.cpp.85cb9265
 .debug_info    0x00255fd5      0x6c7 C:\Users\Sergio\AppData\Local\Temp\ccm2TbET.debug.temp.o
                0x00255fd5                bn_hw_system_font.cpp.91e85e7c
 .debug_info    0x0025669c     0x41c0 C:\Users\Sergio\AppData\Local\Temp\ccZe4ueG.debug.temp.o
                0x0025669c                bn_hw_text.cpp.50d88a6f
 .debug_info    0x0025a85c      0x64e C:\Users\Sergio\AppData\Local\Temp\ccyXdzJr.debug.temp.o
                0x0025a85c                vgm.cpp.6a9eb84b
 .debug_info    0x0025aeaa      0x594 C:\Users\Sergio\AppData\Local\Temp\cctlT5Ad.debug.temp.o
                0x0025aeaa                tonc_color.c.cad8444b
 .debug_info    0x0025b43e      0x5e1 C:\Users\Sergio\AppData\Local\Temp\ccmylMvZ.debug.temp.o
                0x0025b43e                tonc_sbmp16.c.a3e3e1c0
 .debug_info    0x0025ba1f      0x596 C:\Users\Sergio\AppData\Local\Temp\ccCi6qf6.debug.temp.o
                0x0025ba1f                bmp16_drawg_b1cs.c.d3c62f5b
 .debug_info    0x0025bfb5      0x4cf C:\Users\Sergio\AppData\Local\Temp\ccxaVQSX.debug.temp.o
                0x0025bfb5                tte_init_bmp.c.f471ffd0
 .debug_info    0x0025c484      0x9be C:\Users\Sergio\AppData\Local\Temp\ccgmF3HO.debug.temp.o
                0x0025c484                tte_main.c.cc86772d
 .debug_info    0x0025ce42      0x1b3 C:\Users\Sergio\AppData\Local\Temp\cc1u3XEF.debug.temp.o
                0x0025ce42                interrupts_gba.c.4abbfea2
 .debug_info    0x0025cff5     0x119b C:\Users\Sergio\AppData\Local\Temp\cccYAbId.debug.temp.o
                0x0025cff5                gbt_player.c.e1b0f848
 .debug_info    0x0025e190     0xa5b1 bn_sprites_manager.bn_iwram.o
 .debug_info    0x00268741     0x19e4 bn_hw_common.bn_noflto.o
 .debug_info    0x0026a125      0x614 bn_hw_game_pak.bn_ewram.o
 .debug_info    0x0026a739     0x1104 bn_hw_palettes.bn_iwram.o
 .debug_info    0x0026b83d      0x7a3 bn_hw_sprite_tiles.bn_iwram.o
 .debug_info    0x0026bfe0       0x23 bn_hw_bg_blocks.o
 .debug_info    0x0026c003       0x24 bn_hw_hblank_effects.o
 .debug_info    0x0026c027       0x23 bn_hw_palettes_asm.o
 .debug_info    0x0026c04a       0x30 clr_blend_fast.o
 .debug_info    0x0026c07a       0x23 clr_fade_fast.o
 .debug_info    0x0026c09d      0x1c8 tonc_bios.o
 .debug_info    0x0026c265       0x3a tonc_memset.o
 .debug_info    0x0026c29f       0x24 irq_handler.o
 .debug_info    0x0026c2c3       0x24 posprintf.o
 .debug_info    0x0026c2e7       0x22 lmul.o
 .debug_info    0x0026c309       0x22 memcpy.o
 .debug_info    0x0026c32b       0x22 memmove.o
 .debug_info    0x0026c34d       0x22 memset.o
 .debug_info    0x0026c36f       0x22 rmemcpy.o
 .debug_info    0x0026c391       0x23 sdiv32.o
 .debug_info    0x0026c3b4       0x24 udiv32.o
 .debug_info    0x0026c3d8       0x24 huffman.o
 .debug_info    0x0026c3fc       0x24 lz77.o
 .debug_info    0x0026c420       0x24 running_length.o
 .debug_info    0x0026c444       0x24 mm_effect.o
 .debug_info    0x0026c468       0x23 mm_main.o
 .debug_info    0x0026c48b       0x22 mm_mas.o
 .debug_info    0x0026c4ad       0x24 mm_mas_arm.o
 .debug_info    0x0026c4d1       0x22 mm_main_gba.o
 .debug_info    0x0026c4f3       0x22 mm_mixer_gba.o

.debug_abbrev   0x00000000    0x1f9b7
 *(.debug_abbrev)
 .debug_abbrev  0x00000000      0x34a C:\Users\Sergio\AppData\Local\Temp\ccjGb0jb.ltrans0.ltrans.o
 .debug_abbrev  0x0000034a      0x365 C:\Users\Sergio\AppData\Local\Temp\ccjGb0jb.ltrans1.ltrans.o
 .debug_abbrev  0x000006af      0x206 C:\Users\Sergio\AppData\Local\Temp\ccjGb0jb.ltrans2.ltrans.o
 .debug_abbrev  0x000008b5      0xcb2 C:\Users\Sergio\AppData\Local\Temp\ccdfETHs.debug.temp.o
 .debug_abbrev  0x00001567      0xb91 C:\Users\Sergio\AppData\Local\Temp\cci6Hc9J.debug.temp.o
 .debug_abbrev  0x000020f8      0x4e5 C:\Users\Sergio\AppData\Local\Temp\ccZsgSH0.debug.temp.o
 .debug_abbrev  0x000025dd      0xa8b C:\Users\Sergio\AppData\Local\Temp\cc8HfzDh.debug.temp.o
 .debug_abbrev  0x00003068      0xac0 C:\Users\Sergio\AppData\Local\Temp\ccPKxXcC.debug.temp.o
 .debug_abbrev  0x00003b28      0xd42 C:\Users\Sergio\AppData\Local\Temp\ccCymn4W.debug.temp.o
 .debug_abbrev  0x0000486a      0xd7a C:\Users\Sergio\AppData\Local\Temp\cc74AI3g.debug.temp.o
 .debug_abbrev  0x000055e4      0xd60 C:\Users\Sergio\AppData\Local\Temp\ccoiL8wB.debug.temp.o
 .debug_abbrev  0x00006344      0xc47 C:\Users\Sergio\AppData\Local\Temp\ccvux38U.debug.temp.o
 .debug_abbrev  0x00006f8b      0xbb0 C:\Users\Sergio\AppData\Local\Temp\ccctbsqh.debug.temp.o
 .debug_abbrev  0x00007b3b      0xa2f C:\Users\Sergio\AppData\Local\Temp\ccvVGrgE.debug.temp.o
 .debug_abbrev  0x0000856a      0xa1e C:\Users\Sergio\AppData\Local\Temp\ccCjxVe0.debug.temp.o
 .debug_abbrev  0x00008f88      0xac4 C:\Users\Sergio\AppData\Local\Temp\cc9I3hpm.debug.temp.o
 .debug_abbrev  0x00009a4c      0xa09 C:\Users\Sergio\AppData\Local\Temp\ccmqakVH.debug.temp.o
 .debug_abbrev  0x0000a455      0xde4 C:\Users\Sergio\AppData\Local\Temp\cc5HD2t3.debug.temp.o
 .debug_abbrev  0x0000b239      0x882 C:\Users\Sergio\AppData\Local\Temp\ccuHQMQs.debug.temp.o
 .debug_abbrev  0x0000babb      0xdd0 C:\Users\Sergio\AppData\Local\Temp\ccj0q9vS.debug.temp.o
 .debug_abbrev  0x0000c88b     0x10f6 C:\Users\Sergio\AppData\Local\Temp\cc2nBoDg.debug.temp.o
 .debug_abbrev  0x0000d981      0x9f8 C:\Users\Sergio\AppData\Local\Temp\cc5hnNeF.debug.temp.o
 .debug_abbrev  0x0000e379      0xb46 C:\Users\Sergio\AppData\Local\Temp\ccEWmNJ2.debug.temp.o
 .debug_abbrev  0x0000eebf      0xcb1 C:\Users\Sergio\AppData\Local\Temp\ccTOIQBq.debug.temp.o
 .debug_abbrev  0x0000fb70      0x921 C:\Users\Sergio\AppData\Local\Temp\cc6BGMbS.debug.temp.o
 .debug_abbrev  0x00010491     0x1054 C:\Users\Sergio\AppData\Local\Temp\ccHJQS4j.debug.temp.o
 .debug_abbrev  0x000114e5      0x606 C:\Users\Sergio\AppData\Local\Temp\cciLvK3K.debug.temp.o
 .debug_abbrev  0x00011aeb      0x8b3 C:\Users\Sergio\AppData\Local\Temp\ccZH8aSb.debug.temp.o
 .debug_abbrev  0x0001239e      0x991 C:\Users\Sergio\AppData\Local\Temp\ccIZl9SF.debug.temp.o
 .debug_abbrev  0x00012d2f      0x910 C:\Users\Sergio\AppData\Local\Temp\cczdzfda.debug.temp.o
 .debug_abbrev  0x0001363f      0xdc2 C:\Users\Sergio\AppData\Local\Temp\ccS7SFBE.debug.temp.o
 .debug_abbrev  0x00014401      0xead C:\Users\Sergio\AppData\Local\Temp\cczTbJ54.debug.temp.o
 .debug_abbrev  0x000152ae      0x9c1 C:\Users\Sergio\AppData\Local\Temp\ccgc4ZJx.debug.temp.o
 .debug_abbrev  0x00015c6f      0xcab C:\Users\Sergio\AppData\Local\Temp\cczMpsu6.debug.temp.o
 .debug_abbrev  0x0001691a      0xdee C:\Users\Sergio\AppData\Local\Temp\ccczWxmI.debug.temp.o
 .debug_abbrev  0x00017708      0xeea C:\Users\Sergio\AppData\Local\Temp\ccp48xco.debug.temp.o
 .debug_abbrev  0x000185f2      0x79e C:\Users\Sergio\AppData\Local\Temp\ccUqeXi4.debug.temp.o
 .debug_abbrev  0x00018d90      0xcbf C:\Users\Sergio\AppData\Local\Temp\ccfMVQxJ.debug.temp.o
 .debug_abbrev  0x00019a4f      0xb98 C:\Users\Sergio\AppData\Local\Temp\cci6y42o.debug.temp.o
 .debug_abbrev  0x0001a5e7      0x519 C:\Users\Sergio\AppData\Local\Temp\ccTP8DF3.debug.temp.o
 .debug_abbrev  0x0001ab00      0x9dc C:\Users\Sergio\AppData\Local\Temp\ccLaNsCm.debug.temp.o
 .debug_abbrev  0x0001b4dc      0x7d4 C:\Users\Sergio\AppData\Local\Temp\ccxQffOE.debug.temp.o
 .debug_abbrev  0x0001bcb0      0x9c8 C:\Users\Sergio\AppData\Local\Temp\cc832FCn.debug.temp.o
 .debug_abbrev  0x0001c678      0x192 C:\Users\Sergio\AppData\Local\Temp\cc1sdgK6.debug.temp.o
 .debug_abbrev  0x0001c80a      0x228 C:\Users\Sergio\AppData\Local\Temp\ccm2TbET.debug.temp.o
 .debug_abbrev  0x0001ca32      0x70d C:\Users\Sergio\AppData\Local\Temp\ccZe4ueG.debug.temp.o
 .debug_abbrev  0x0001d13f      0x1a4 C:\Users\Sergio\AppData\Local\Temp\ccyXdzJr.debug.temp.o
 .debug_abbrev  0x0001d2e3       0xf4 C:\Users\Sergio\AppData\Local\Temp\cctlT5Ad.debug.temp.o
 .debug_abbrev  0x0001d3d7      0x1c6 C:\Users\Sergio\AppData\Local\Temp\ccmylMvZ.debug.temp.o
 .debug_abbrev  0x0001d59d      0x174 C:\Users\Sergio\AppData\Local\Temp\ccCi6qf6.debug.temp.o
 .debug_abbrev  0x0001d711      0x1b1 C:\Users\Sergio\AppData\Local\Temp\ccxaVQSX.debug.temp.o
 .debug_abbrev  0x0001d8c2      0x266 C:\Users\Sergio\AppData\Local\Temp\ccgmF3HO.debug.temp.o
 .debug_abbrev  0x0001db28       0xed C:\Users\Sergio\AppData\Local\Temp\cc1u3XEF.debug.temp.o
 .debug_abbrev  0x0001dc15      0x187 C:\Users\Sergio\AppData\Local\Temp\cccYAbId.debug.temp.o
 .debug_abbrev  0x0001dd9c      0xabc bn_sprites_manager.bn_iwram.o
 .debug_abbrev  0x0001e858      0x606 bn_hw_common.bn_noflto.o
 .debug_abbrev  0x0001ee5e      0x1e0 bn_hw_game_pak.bn_ewram.o
 .debug_abbrev  0x0001f03e      0x4db bn_hw_palettes.bn_iwram.o
 .debug_abbrev  0x0001f519      0x282 bn_hw_sprite_tiles.bn_iwram.o
 .debug_abbrev  0x0001f79b       0x14 bn_hw_bg_blocks.o
 .debug_abbrev  0x0001f7af       0x14 bn_hw_hblank_effects.o
 .debug_abbrev  0x0001f7c3       0x14 bn_hw_palettes_asm.o
 .debug_abbrev  0x0001f7d7       0x28 clr_blend_fast.o
 .debug_abbrev  0x0001f7ff       0x14 clr_fade_fast.o
 .debug_abbrev  0x0001f813       0x26 tonc_bios.o
 .debug_abbrev  0x0001f839       0x26 tonc_memset.o
 .debug_abbrev  0x0001f85f       0x14 irq_handler.o
 .debug_abbrev  0x0001f873       0x14 posprintf.o
 .debug_abbrev  0x0001f887       0x12 lmul.o
 .debug_abbrev  0x0001f899       0x12 memcpy.o
 .debug_abbrev  0x0001f8ab       0x12 memmove.o
 .debug_abbrev  0x0001f8bd       0x12 memset.o
 .debug_abbrev  0x0001f8cf       0x12 rmemcpy.o
 .debug_abbrev  0x0001f8e1       0x14 sdiv32.o
 .debug_abbrev  0x0001f8f5       0x14 udiv32.o
 .debug_abbrev  0x0001f909       0x14 huffman.o
 .debug_abbrev  0x0001f91d       0x14 lz77.o
 .debug_abbrev  0x0001f931       0x14 running_length.o
 .debug_abbrev  0x0001f945       0x14 mm_effect.o
 .debug_abbrev  0x0001f959       0x14 mm_main.o
 .debug_abbrev  0x0001f96d       0x12 mm_mas.o
 .debug_abbrev  0x0001f97f       0x14 mm_mas_arm.o
 .debug_abbrev  0x0001f993       0x12 mm_main_gba.o
 .debug_abbrev  0x0001f9a5       0x12 mm_mixer_gba.o

.debug_line     0x00000000    0x4dcb3
 *(.debug_line)
 .debug_line    0x00000000    0x186b0 C:\Users\Sergio\AppData\Local\Temp\ccjGb0jb.ltrans0.ltrans.o
 .debug_line    0x000186b0    0x120e8 C:\Users\Sergio\AppData\Local\Temp\ccjGb0jb.ltrans1.ltrans.o
 .debug_line    0x0002a798     0x6f83 C:\Users\Sergio\AppData\Local\Temp\ccjGb0jb.ltrans2.ltrans.o
 .debug_line    0x0003171b      0x918 C:\Users\Sergio\AppData\Local\Temp\ccdfETHs.debug.temp.o
 .debug_line    0x00032033      0x8af C:\Users\Sergio\AppData\Local\Temp\cci6Hc9J.debug.temp.o
 .debug_line    0x000328e2      0x469 C:\Users\Sergio\AppData\Local\Temp\ccZsgSH0.debug.temp.o
 .debug_line    0x00032d4b      0x957 C:\Users\Sergio\AppData\Local\Temp\cc8HfzDh.debug.temp.o
 .debug_line    0x000336a2      0x85e C:\Users\Sergio\AppData\Local\Temp\ccPKxXcC.debug.temp.o
 .debug_line    0x00033f00      0xac8 C:\Users\Sergio\AppData\Local\Temp\ccCymn4W.debug.temp.o
 .debug_line    0x000349c8      0xb2c C:\Users\Sergio\AppData\Local\Temp\cc74AI3g.debug.temp.o
 .debug_line    0x000354f4      0xaef C:\Users\Sergio\AppData\Local\Temp\ccoiL8wB.debug.temp.o
 .debug_line    0x00035fe3      0xaa3 C:\Users\Sergio\AppData\Local\Temp\ccvux38U.debug.temp.o
 .debug_line    0x00036a86      0x811 C:\Users\Sergio\AppData\Local\Temp\ccctbsqh.debug.temp.o
 .debug_line    0x00037297      0x7a9 C:\Users\Sergio\AppData\Local\Temp\ccvVGrgE.debug.temp.o
 .debug_line    0x00037a40      0x799 C:\Users\Sergio\AppData\Local\Temp\ccCjxVe0.debug.temp.o
 .debug_line    0x000381d9      0x901 C:\Users\Sergio\AppData\Local\Temp\cc9I3hpm.debug.temp.o
 .debug_line    0x00038ada      0x704 C:\Users\Sergio\AppData\Local\Temp\ccmqakVH.debug.temp.o
 .debug_line    0x000391de      0x926 C:\Users\Sergio\AppData\Local\Temp\cc5HD2t3.debug.temp.o
 .debug_line    0x00039b04      0x5db C:\Users\Sergio\AppData\Local\Temp\ccuHQMQs.debug.temp.o
 .debug_line    0x0003a0df      0xaf8 C:\Users\Sergio\AppData\Local\Temp\ccj0q9vS.debug.temp.o
 .debug_line    0x0003abd7      0xcc6 C:\Users\Sergio\AppData\Local\Temp\cc2nBoDg.debug.temp.o
 .debug_line    0x0003b89d      0x6c7 C:\Users\Sergio\AppData\Local\Temp\cc5hnNeF.debug.temp.o
 .debug_line    0x0003bf64      0x9d0 C:\Users\Sergio\AppData\Local\Temp\ccEWmNJ2.debug.temp.o
 .debug_line    0x0003c934      0xc22 C:\Users\Sergio\AppData\Local\Temp\ccTOIQBq.debug.temp.o
 .debug_line    0x0003d556      0x6ae C:\Users\Sergio\AppData\Local\Temp\cc6BGMbS.debug.temp.o
 .debug_line    0x0003dc04     0x1e86 C:\Users\Sergio\AppData\Local\Temp\ccHJQS4j.debug.temp.o
 .debug_line    0x0003fa8a      0x516 C:\Users\Sergio\AppData\Local\Temp\cciLvK3K.debug.temp.o
 .debug_line    0x0003ffa0      0x64f C:\Users\Sergio\AppData\Local\Temp\ccZH8aSb.debug.temp.o
 .debug_line    0x000405ef      0x73d C:\Users\Sergio\AppData\Local\Temp\ccIZl9SF.debug.temp.o
 .debug_line    0x00040d2c      0x7ad C:\Users\Sergio\AppData\Local\Temp\cczdzfda.debug.temp.o
 .debug_line    0x000414d9      0xa1d C:\Users\Sergio\AppData\Local\Temp\ccS7SFBE.debug.temp.o
 .debug_line    0x00041ef6      0xa1c C:\Users\Sergio\AppData\Local\Temp\cczTbJ54.debug.temp.o
 .debug_line    0x00042912      0x69d C:\Users\Sergio\AppData\Local\Temp\ccgc4ZJx.debug.temp.o
 .debug_line    0x00042faf      0x91e C:\Users\Sergio\AppData\Local\Temp\cczMpsu6.debug.temp.o
 .debug_line    0x000438cd      0x8a6 C:\Users\Sergio\AppData\Local\Temp\ccczWxmI.debug.temp.o
 .debug_line    0x00044173      0xbad C:\Users\Sergio\AppData\Local\Temp\ccp48xco.debug.temp.o
 .debug_line    0x00044d20      0x5e3 C:\Users\Sergio\AppData\Local\Temp\ccUqeXi4.debug.temp.o
 .debug_line    0x00045303      0xa2b C:\Users\Sergio\AppData\Local\Temp\ccfMVQxJ.debug.temp.o
 .debug_line    0x00045d2e      0x809 C:\Users\Sergio\AppData\Local\Temp\cci6y42o.debug.temp.o
 .debug_line    0x00046537      0x42a C:\Users\Sergio\AppData\Local\Temp\ccTP8DF3.debug.temp.o
 .debug_line    0x00046961      0x6ad C:\Users\Sergio\AppData\Local\Temp\ccLaNsCm.debug.temp.o
 .debug_line    0x0004700e      0x660 C:\Users\Sergio\AppData\Local\Temp\ccxQffOE.debug.temp.o
 .debug_line    0x0004766e      0x7a6 C:\Users\Sergio\AppData\Local\Temp\cc832FCn.debug.temp.o
 .debug_line    0x00047e14      0x2fe C:\Users\Sergio\AppData\Local\Temp\cc1sdgK6.debug.temp.o
 .debug_line    0x00048112      0x2d5 C:\Users\Sergio\AppData\Local\Temp\ccm2TbET.debug.temp.o
 .debug_line    0x000483e7      0x622 C:\Users\Sergio\AppData\Local\Temp\ccZe4ueG.debug.temp.o
 .debug_line    0x00048a09      0x230 C:\Users\Sergio\AppData\Local\Temp\ccyXdzJr.debug.temp.o
 .debug_line    0x00048c39       0xe5 C:\Users\Sergio\AppData\Local\Temp\cctlT5Ad.debug.temp.o
 .debug_line    0x00048d1e       0xe8 C:\Users\Sergio\AppData\Local\Temp\ccmylMvZ.debug.temp.o
 .debug_line    0x00048e06       0xf0 C:\Users\Sergio\AppData\Local\Temp\ccCi6qf6.debug.temp.o
 .debug_line    0x00048ef6       0xec C:\Users\Sergio\AppData\Local\Temp\ccxaVQSX.debug.temp.o
 .debug_line    0x00048fe2      0x12f C:\Users\Sergio\AppData\Local\Temp\ccgmF3HO.debug.temp.o
 .debug_line    0x00049111      0x156 C:\Users\Sergio\AppData\Local\Temp\cc1u3XEF.debug.temp.o
 .debug_line    0x00049267      0x153 C:\Users\Sergio\AppData\Local\Temp\cccYAbId.debug.temp.o
 .debug_line    0x000493ba      0xf47 bn_sprites_manager.bn_iwram.o
 .debug_line    0x0004a301      0x651 bn_hw_common.bn_noflto.o
 .debug_line    0x0004a952      0x4a8 bn_hw_game_pak.bn_ewram.o
 .debug_line    0x0004adfa      0x6e3 bn_hw_palettes.bn_iwram.o
 .debug_line    0x0004b4dd      0x3d5 bn_hw_sprite_tiles.bn_iwram.o
 .debug_line    0x0004b8b2       0x90 bn_hw_bg_blocks.o
 .debug_line    0x0004b942       0xa9 bn_hw_hblank_effects.o
 .debug_line    0x0004b9eb       0x80 bn_hw_palettes_asm.o
 .debug_line    0x0004ba6b       0xa0 clr_blend_fast.o
 .debug_line    0x0004bb0b       0x9f clr_fade_fast.o
 .debug_line    0x0004bbaa      0x2bb tonc_bios.o
 .debug_line    0x0004be65       0xbe tonc_memset.o
 .debug_line    0x0004bf23       0xdb irq_handler.o
 .debug_line    0x0004bffe      0x1b5 posprintf.o
 .debug_line    0x0004c1b3       0xbb lmul.o
 .debug_line    0x0004c26e       0xd1 memcpy.o
 .debug_line    0x0004c33f       0xb1 memmove.o
 .debug_line    0x0004c3f0       0xdb memset.o
 .debug_line    0x0004c4cb       0xbe rmemcpy.o
 .debug_line    0x0004c589       0x8c sdiv32.o
 .debug_line    0x0004c615       0xf5 udiv32.o
 .debug_line    0x0004c70a       0xa8 huffman.o
 .debug_line    0x0004c7b2       0xee lz77.o
 .debug_line    0x0004c8a0       0xc6 running_length.o
 .debug_line    0x0004c966      0x217 mm_effect.o
 .debug_line    0x0004cb7d       0x88 mm_main.o
 .debug_line    0x0004cc05      0xa77 mm_mas.o
 .debug_line    0x0004d67c      0x1fd mm_mas_arm.o
 .debug_line    0x0004d879      0x11b mm_main_gba.o
 .debug_line    0x0004d994      0x31f mm_mixer_gba.o

.debug_frame    0x00000000     0x1e18
 *(.debug_frame)
 .debug_frame   0x00000000      0x6f4 C:\Users\Sergio\AppData\Local\Temp\ccjGb0jb.ltrans0.ltrans.o
 .debug_frame   0x000006f4      0xd48 C:\Users\Sergio\AppData\Local\Temp\ccjGb0jb.ltrans1.ltrans.o
 .debug_frame   0x0000143c      0x79c C:\Users\Sergio\AppData\Local\Temp\ccjGb0jb.ltrans2.ltrans.o
 .debug_frame   0x00001bd8       0x94 bn_sprites_manager.bn_iwram.o
 .debug_frame   0x00001c6c       0xec bn_hw_common.bn_noflto.o
 .debug_frame   0x00001d58       0x34 bn_hw_game_pak.bn_ewram.o
 .debug_frame   0x00001d8c       0x48 bn_hw_palettes.bn_iwram.o
 .debug_frame   0x00001dd4       0x44 bn_hw_sprite_tiles.bn_iwram.o

.debug_str      0x00000000    0x98304
 *(.debug_str)
 .debug_str     0x00000000      0x7ef C:\Users\Sergio\AppData\Local\Temp\ccjGb0jb.ltrans0.ltrans.o
 .debug_str     0x00000000      0x7a0 C:\Users\Sergio\AppData\Local\Temp\ccjGb0jb.ltrans1.ltrans.o
 .debug_str     0x00000000      0xf16 C:\Users\Sergio\AppData\Local\Temp\ccjGb0jb.ltrans2.ltrans.o
 .debug_str     0x00000000     0xd784 C:\Users\Sergio\AppData\Local\Temp\ccdfETHs.debug.temp.o
 .debug_str     0x00000000     0xd63f C:\Users\Sergio\AppData\Local\Temp\cci6Hc9J.debug.temp.o
 .debug_str     0x00000000     0x16ef C:\Users\Sergio\AppData\Local\Temp\ccZsgSH0.debug.temp.o
 .debug_str     0x00000000     0xf396 C:\Users\Sergio\AppData\Local\Temp\cc8HfzDh.debug.temp.o
 .debug_str     0x00000000     0x828a C:\Users\Sergio\AppData\Local\Temp\ccPKxXcC.debug.temp.o
 .debug_str     0x00000000    0x16114 C:\Users\Sergio\AppData\Local\Temp\ccCymn4W.debug.temp.o
 .debug_str     0x00000000    0x163ce C:\Users\Sergio\AppData\Local\Temp\cc74AI3g.debug.temp.o
 .debug_str     0x00000000    0x162e9 C:\Users\Sergio\AppData\Local\Temp\ccoiL8wB.debug.temp.o
 .debug_str     0x00000000    0x120a6 C:\Users\Sergio\AppData\Local\Temp\ccvux38U.debug.temp.o
 .debug_str     0x00000000     0xc195 C:\Users\Sergio\AppData\Local\Temp\ccctbsqh.debug.temp.o
 .debug_str     0x00000000     0x777a C:\Users\Sergio\AppData\Local\Temp\ccvVGrgE.debug.temp.o
 .debug_str     0x00000000     0x8f05 C:\Users\Sergio\AppData\Local\Temp\ccCjxVe0.debug.temp.o
 .debug_str     0x00000000     0x9848 C:\Users\Sergio\AppData\Local\Temp\cc9I3hpm.debug.temp.o
 .debug_str     0x00000000     0x93fa C:\Users\Sergio\AppData\Local\Temp\ccmqakVH.debug.temp.o
 .debug_str     0x00000000     0xbc93 C:\Users\Sergio\AppData\Local\Temp\cc5HD2t3.debug.temp.o
 .debug_str     0x00000000     0x29ff C:\Users\Sergio\AppData\Local\Temp\ccuHQMQs.debug.temp.o
 .debug_str     0x00000000    0x163e3 C:\Users\Sergio\AppData\Local\Temp\ccj0q9vS.debug.temp.o
 .debug_str     0x00000000    0x1b54d C:\Users\Sergio\AppData\Local\Temp\cc2nBoDg.debug.temp.o
 .debug_str     0x00000000     0x3cea C:\Users\Sergio\AppData\Local\Temp\cc5hnNeF.debug.temp.o
 .debug_str     0x00000000     0x54c1 C:\Users\Sergio\AppData\Local\Temp\ccEWmNJ2.debug.temp.o
 .debug_str     0x00000000    0x16ba1 C:\Users\Sergio\AppData\Local\Temp\ccTOIQBq.debug.temp.o
 .debug_str     0x00000000     0x3266 C:\Users\Sergio\AppData\Local\Temp\cc6BGMbS.debug.temp.o
 .debug_str     0x00000000    0x4a094 C:\Users\Sergio\AppData\Local\Temp\ccHJQS4j.debug.temp.o
 .debug_str     0x00000000     0x1616 C:\Users\Sergio\AppData\Local\Temp\cciLvK3K.debug.temp.o
 .debug_str     0x00000000     0x37c5 C:\Users\Sergio\AppData\Local\Temp\ccZH8aSb.debug.temp.o
 .debug_str     0x00000000     0x3aea C:\Users\Sergio\AppData\Local\Temp\ccIZl9SF.debug.temp.o
 .debug_str     0x00000000     0x31be C:\Users\Sergio\AppData\Local\Temp\cczdzfda.debug.temp.o
 .debug_str     0x00000000     0xc432 C:\Users\Sergio\AppData\Local\Temp\ccS7SFBE.debug.temp.o
 .debug_str     0x00000000     0xf4d7 C:\Users\Sergio\AppData\Local\Temp\cczTbJ54.debug.temp.o
 .debug_str     0x00000000     0x8286 C:\Users\Sergio\AppData\Local\Temp\ccgc4ZJx.debug.temp.o
 .debug_str     0x00000000    0x10267 C:\Users\Sergio\AppData\Local\Temp\cczMpsu6.debug.temp.o
 .debug_str     0x00000000     0xb4db C:\Users\Sergio\AppData\Local\Temp\ccczWxmI.debug.temp.o
 .debug_str     0x00000000    0x184ca C:\Users\Sergio\AppData\Local\Temp\ccp48xco.debug.temp.o
 .debug_str     0x00000000     0x3d93 C:\Users\Sergio\AppData\Local\Temp\ccUqeXi4.debug.temp.o
 .debug_str     0x00000000     0xbfd0 C:\Users\Sergio\AppData\Local\Temp\ccfMVQxJ.debug.temp.o
 .debug_str     0x00000000     0x33f2 C:\Users\Sergio\AppData\Local\Temp\cci6y42o.debug.temp.o
 .debug_str     0x00000000     0x10bb C:\Users\Sergio\AppData\Local\Temp\ccTP8DF3.debug.temp.o
 .debug_str     0x00000000     0x45a6 C:\Users\Sergio\AppData\Local\Temp\ccLaNsCm.debug.temp.o
 .debug_str     0x00000000     0x2bc6 C:\Users\Sergio\AppData\Local\Temp\ccxQffOE.debug.temp.o
 .debug_str     0x00000000     0x3ffe C:\Users\Sergio\AppData\Local\Temp\cc832FCn.debug.temp.o
 .debug_str     0x00000000      0x56b C:\Users\Sergio\AppData\Local\Temp\cc1sdgK6.debug.temp.o
 .debug_str     0x00000000      0x5d1 C:\Users\Sergio\AppData\Local\Temp\ccm2TbET.debug.temp.o
 .debug_str     0x00000000     0x29c1 C:\Users\Sergio\AppData\Local\Temp\ccZe4ueG.debug.temp.o
 .debug_str     0x00000000      0x5bf C:\Users\Sergio\AppData\Local\Temp\ccyXdzJr.debug.temp.o
 .debug_str     0x00000000      0x2af C:\Users\Sergio\AppData\Local\Temp\cctlT5Ad.debug.temp.o
 .debug_str     0x00000000      0x2f5 C:\Users\Sergio\AppData\Local\Temp\ccmylMvZ.debug.temp.o
 .debug_str     0x00000000      0x33e C:\Users\Sergio\AppData\Local\Temp\ccCi6qf6.debug.temp.o
 .debug_str     0x00000000      0x36c C:\Users\Sergio\AppData\Local\Temp\ccxaVQSX.debug.temp.o
 .debug_str     0x00000000      0x56f C:\Users\Sergio\AppData\Local\Temp\ccgmF3HO.debug.temp.o
 .debug_str     0x00000000      0x31a C:\Users\Sergio\AppData\Local\Temp\cc1u3XEF.debug.temp.o
 .debug_str     0x00000000      0xaaa C:\Users\Sergio\AppData\Local\Temp\cccYAbId.debug.temp.o
 .debug_str     0x00000000    0x98304 bn_sprites_manager.bn_iwram.o
                               0xb57f (size before relaxing)
 .debug_str     0x00098304     0x117e bn_hw_common.bn_noflto.o
 .debug_str     0x00098304      0x5b3 bn_hw_game_pak.bn_ewram.o
 .debug_str     0x00098304      0x93d bn_hw_palettes.bn_iwram.o
 .debug_str     0x00098304      0x5a5 bn_hw_sprite_tiles.bn_iwram.o
 .debug_str     0x00098304       0x68 bn_hw_bg_blocks.o
 .debug_str     0x00098304       0x6d bn_hw_hblank_effects.o
 .debug_str     0x00098304       0x6b bn_hw_palettes_asm.o
 .debug_str     0x00098304       0x88 clr_blend_fast.o
 .debug_str     0x00098304       0x78 clr_fade_fast.o
 .debug_str     0x00098304      0x22c tonc_bios.o
 .debug_str     0x00098304       0x88 tonc_memset.o
 .debug_str     0x00098304       0x76 irq_handler.o
 .debug_str     0x00098304       0x76 posprintf.o
 .debug_str     0x00098304       0x6e lmul.o
 .debug_str     0x00098304       0x70 memcpy.o
 .debug_str     0x00098304       0x71 memmove.o
 .debug_str     0x00098304       0x70 memset.o
 .debug_str     0x00098304       0x71 rmemcpy.o
 .debug_str     0x00098304       0x74 sdiv32.o
 .debug_str     0x00098304       0x74 udiv32.o
 .debug_str     0x00098304       0x7b huffman.o
 .debug_str     0x00098304       0x78 lz77.o
 .debug_str     0x00098304       0x82 running_length.o
 .debug_str     0x00098304       0x76 mm_effect.o
 .debug_str     0x00098304       0x74 mm_main.o
 .debug_str     0x00098304       0x73 mm_mas.o
 .debug_str     0x00098304       0x77 mm_mas_arm.o
 .debug_str     0x00098304       0x7c mm_main_gba.o
 .debug_str     0x00098304       0x7d mm_mixer_gba.o

.debug_loc      0x00000000    0x82633
 *(.debug_loc)
 .debug_loc     0x00000000    0x44ba4 C:\Users\Sergio\AppData\Local\Temp\ccjGb0jb.ltrans0.ltrans.o
 .debug_loc     0x00044ba4    0x27ced C:\Users\Sergio\AppData\Local\Temp\ccjGb0jb.ltrans1.ltrans.o
 .debug_loc     0x0006c891    0x1482c C:\Users\Sergio\AppData\Local\Temp\ccjGb0jb.ltrans2.ltrans.o
 .debug_loc     0x000810bd      0xbc1 bn_sprites_manager.bn_iwram.o
 .debug_loc     0x00081c7e      0x309 bn_hw_common.bn_noflto.o
 .debug_loc     0x00081f87      0x102 bn_hw_game_pak.bn_ewram.o
 .debug_loc     0x00082089      0x371 bn_hw_palettes.bn_iwram.o
 .debug_loc     0x000823fa      0x239 bn_hw_sprite_tiles.bn_iwram.o

.debug_macinfo
 *(.debug_macinfo)

.debug_weaknames
 *(.debug_weaknames)

.debug_funcnames
 *(.debug_funcnames)

.debug_typenames
 *(.debug_typenames)

.debug_varnames
 *(.debug_varnames)

.stack          0x00080000        0x0
                0x00080000                        _stack = .
 *(.stack)

.note.gnu.arm.ident
 *(.note.gnu.arm.ident)

.ARM.attributes
                0x00000000       0x2c
 *(.ARM.attributes)
 .ARM.attributes
                0x00000000       0x20 C:/devkitPro/devkitARM/bin/../lib/gcc/arm-none-eabi/14.1.0/../../../../arm-none-eabi/lib/thumb/gba_crt0.o
 .ARM.attributes
                0x00000020       0x1c C:/devkitPro/devkitARM/bin/../lib/gcc/arm-none-eabi/14.1.0/thumb/crti.o
 .ARM.attributes