Archive member included to satisfy reference by file (symbol)

C:/devkitPro/devkitARM/bin/../lib/gcc/arm-none-eabi/14.1.0/thumb\libgcc.a(_call_via_rX.o)
                              mm_main_gba.o (_call_via_r1)
C:/devkitPro/devkitARM/bin/../lib/gcc/arm-none-eabi/14.1.0/thumb\libgcc.a(_sync_none.o)
                              (__sync_synchronize_none)

Discarded input sections

 .text          0x00000000        0x0 C:/devkitPro/devkitARM/bin/../lib/gcc/arm-none-eabi/14.1.0/../../../../arm-none-eabi/lib/thumb/gba_crt0.o
 .data          0x00000000        0x0 C:/devkitPro/devkitARM/bin/../lib/gcc/arm-none-eabi/14.1.0/../../../../arm-none-eabi/lib/thumb/gba_crt0.o
 .bss           0x00000000        0x0 C:/devkitPro/devkitARM/bin/../lib/gcc/arm-none-eabi/14.1.0/../../../../arm-none-eabi/lib/thumb/gba_crt0.o
 .text          0x00000000        0x0 C:/devkitPro/devkitARM/bin/../lib/gcc/arm-none-eabi/14.1.0/thumb/crti.o
 .data          0x00000000        0x0 C:/devkitPro/devkitARM/bin/../lib/gcc/arm-none-eabi/14.1.0/thumb/crti.o
 .bss           0x00000000        0x0 C:/devkitPro/devkitARM/bin/../lib/gcc/arm-none-eabi/14.1.0/thumb/crti.o
 .text          0x00000000        0x0 C:/devkitPro/devkitARM/bin/../lib/gcc/arm-none-eabi/14.1.0/thumb/crtbegin.o
 .data          0x00000000        0x0 C:/devkitPro/devkitARM/bin/../lib/gcc/arm-none-eabi/14.1.0/thumb/crtbegin.o
 .bss           0x00000000        0x0 C:/devkitPro/devkitARM/bin/../lib/gcc/arm-none-eabi/14.1.0/thumb/crtbegin.o
 .rodata.all_implied_fbits
                0x00000000       0x24 C:/devkitPro/devkitARM/bin/../lib/gcc/arm-none-eabi/14.1.0/thumb/crtbegin.o
 .text          0x00000000        0x0 _bn_audio_soundbank.bin.o
 .data          0x00000000        0x0 _bn_audio_soundbank.bin.o
 .bss           0x00000000        0x0 _bn_audio_soundbank.bin.o
 .text          0x00000000        0x0 big_font_bn_gfx.o
 .data          0x00000000        0x0 big_font_bn_gfx.o
 .bss           0x00000000        0x0 big_font_bn_gfx.o
 .rodata        0x00000000     0x1ba0 big_font_bn_gfx.o
 .text          0x00000000        0x0 cat_bn_gfx.o
 .data          0x00000000        0x0 cat_bn_gfx.o
 .bss           0x00000000        0x0 cat_bn_gfx.o
 .text          0x00000000        0x0 cat_hand_bn_gfx.o
 .data          0x00000000        0x0 cat_hand_bn_gfx.o
 .bss           0x00000000        0x0 cat_hand_bn_gfx.o
 .text          0x00000000        0x0 cat_hand_icon_bn_gfx.o
 .data          0x00000000        0x0 cat_hand_icon_bn_gfx.o
 .bss           0x00000000        0x0 cat_hand_icon_bn_gfx.o
 .text          0x00000000        0x0 cats_intro_bn_gfx.o
 .data          0x00000000        0x0 cats_intro_bn_gfx.o
 .bss           0x00000000        0x0 cats_intro_bn_gfx.o
 .text          0x00000000        0x0 cats_intro_hands_bn_gfx.o
 .data          0x00000000        0x0 cats_intro_hands_bn_gfx.o
 .bss           0x00000000        0x0 cats_intro_hands_bn_gfx.o
 .rodata        0x00000000     0x2080 cats_intro_hands_bn_gfx.o
 .text          0x00000000        0x0 clouds_bn_gfx.o
 .data          0x00000000        0x0 clouds_bn_gfx.o
 .bss           0x00000000        0x0 clouds_bn_gfx.o
 .text          0x00000000        0x0 collider_bn_gfx.o
 .data          0x00000000        0x0 collider_bn_gfx.o
 .bss           0x00000000        0x0 collider_bn_gfx.o
 .rodata        0x00000000       0x40 collider_bn_gfx.o
 .text          0x00000000        0x0 common_variable_8x16_font_bn_gfx.o
 .data          0x00000000        0x0 common_variable_8x16_font_bn_gfx.o
 .bss           0x00000000        0x0 common_variable_8x16_font_bn_gfx.o
 .text          0x00000000        0x0 construction_bn_gfx.o
 .data          0x00000000        0x0 construction_bn_gfx.o
 .bss           0x00000000        0x0 construction_bn_gfx.o
 .rodata        0x00000000      0x120 construction_bn_gfx.o
 .text          0x00000000        0x0 dialog_bn_gfx.o
 .data          0x00000000        0x0 dialog_bn_gfx.o
 .bss           0x00000000        0x0 dialog_bn_gfx.o
 .text          0x00000000        0x0 empty_heart_icon_bn_gfx.o
 .data          0x00000000        0x0 empty_heart_icon_bn_gfx.o
 .bss           0x00000000        0x0 empty_heart_icon_bn_gfx.o
 .text          0x00000000        0x0 fish_icon_bn_gfx.o
 .data          0x00000000        0x0 fish_icon_bn_gfx.o
 .bss           0x00000000        0x0 fish_icon_bn_gfx.o
 .text          0x00000000        0x0 gbajam24_banner_bn_gfx.o
 .data          0x00000000        0x0 gbajam24_banner_bn_gfx.o
 .bss           0x00000000        0x0 gbajam24_banner_bn_gfx.o
 .text          0x00000000        0x0 gbajam24_logo_bn_gfx.o
 .data          0x00000000        0x0 gbajam24_logo_bn_gfx.o
 .bss           0x00000000        0x0 gbajam24_logo_bn_gfx.o
 .text          0x00000000        0x0 gym_bn_gfx.o
 .data          0x00000000        0x0 gym_bn_gfx.o
 .bss           0x00000000        0x0 gym_bn_gfx.o
 .text          0x00000000        0x0 gym_bg_bn_gfx.o
 .data          0x00000000        0x0 gym_bg_bn_gfx.o
[...]
Memory Configuration

Name             Origin             Length             Attributes
rom              0x08000000         0x02000000
iwram            0x03000000         0x00008000
ewram            0x02000000         0x00040000
*default*        0x00000000         0xffffffff

Linker script and memory map

                0x00000000                        __sync_synchronize = __sync_synchronize_none
                0x08000000                        __text_start = ORIGIN (rom)
                0x02040000                        __eheap_end = (ORIGIN (ewram) + LENGTH (ewram))
                0x03000000                        __iwram_start = ORIGIN (iwram)
                0x03008000                        __iwram_top = (ORIGIN (iwram) + LENGTH (iwram))
                0x03007fa0                        __sp_irq = (__iwram_top - 0x60)
                0x03007f00                        __sp_usr = (__sp_irq - 0xa0)
                0x03007ff8                        __irq_flags = 0x3007ff8
                0x08000000                        . = __text_start

.crt0           0x08000000      0x210
 *(.crt0)
 .crt0          0x08000000      0x210 C:/devkitPro/devkitARM/bin/../lib/gcc/arm-none-eabi/14.1.0/../../../../arm-none-eabi/lib/thumb/gba_crt0.o
                0x08000000                _start
                0x080000c4                __boot_method
                0x080000c5                __slave_number
                0x080000e0                start_vector
                0x08000210                        . = ALIGN (0x4)

.init           0x08000210        0xc
 *(SORT_NONE(.init))
 .init          0x08000210        0x4 C:/devkitPro/devkitARM/bin/../lib/gcc/arm-none-eabi/14.1.0/thumb/crti.o
                0x08000210                _init
 .init          0x08000214        0x8 C:/devkitPro/devkitARM/bin/../lib/gcc/arm-none-eabi/14.1.0/thumb/crtn.o

.plt            0x0800021c        0x0
 *(.plt)
                0x0800021c                        . = ALIGN (0x4)

.text           0x08000220    0x1b7d0
 *(EXCLUDE_FILE(*.iwram*) .text*)
 .text.__do_global_dtors_aux
                0x08000220       0x2c C:/devkitPro/devkitARM/bin/../lib/gcc/arm-none-eabi/14.1.0/thumb/crtbegin.o
 .text.frame_dummy
                0x0800024c       0x24 C:/devkitPro/devkitARM/bin/../lib/gcc/arm-none-eabi/14.1.0/thumb/crtbegin.o
 .text          0x08000270     0x8da0 C:\Users\Sergio\AppData\Local\Temp\cczJOreh.ltrans0.ltrans.o
                0x080007a8                bn::camera_ptr::position() const
                0x080007bc                bn::audio_manager::(anonymous namespace)::static_data::~static_data() [clone .lto_priv.0]
                0x080007bc                bn::audio_manager::(anonymous namespace)::static_data::~static_data() [clone .lto_priv.0]
                0x080007c0                bn::bg_blocks_manager::decrease_usages(int)
                0x08000868                bn::bg_blocks_manager::(anonymous namespace)::static_data::~static_data() [clone .lto_priv.0]
                0x08000868                bn::bg_blocks_manager::(anonymous namespace)::static_data::~static_data() [clone .lto_priv.0]
                0x080008c8                bn::bgs_manager::fill_hblank_effect_regular_positions(int, bn::fixed_t<12> const*, unsigned short*)
                0x08000900                void _bn::assert::show_args<char [15]>(char const*, char const*, char const*, int, char const (&) [15])
                0x08000900                void _bn::assert::show_args<char [31]>(char const*, char const*, char const*, int, char const (&) [31])
                0x08000900                void _bn::assert::show_args<char [19]>(char const*, char const*, char const*, int, char const (&) [19])
                0x08000900                void _bn::assert::show_args<char [66]>(char const*, char const*, char const*, int, char const (&) [66])
                0x08000900                void _bn::assert::show_args<char [33]>(char const*, char const*, char const*, int, char const (&) [33])
                0x08000900                void _bn::assert::show_args<char [54]>(char const*, char const*, char const*, int, char const (&) [54])
                0x08000900                void _bn::assert::show_args<char [17]>(char const*, char const*, char const*, int, char const (&) [17])
                0x08000900                void _bn::assert::show_args<char [18]>(char const*, char const*, char const*, int, char const (&) [18])
                0x08000900                void _bn::assert::show_args<char [23]>(char const*, char const*, char const*, int, char const (&) [23])
                0x08000900                void _bn::assert::show_args<char [30]>(char const*, char const*, char const*, int, char const (&) [30])
                0x08000900                void _bn::assert::show_args<char [37]>(char const*, char const*, char const*, int, char const (&) [37])
                0x08000900                void _bn::assert::show_args<char [21]>(char const*, char const*, char const*, int, char const (&) [21])
                0x08000900                void _bn::assert::show_args<char [26]>(char const*, char const*, char const*, int, char const (&) [26])
                0x08000900                void _bn::assert::show_args<char [22]>(char const*, char const*, char const*, int, char const (&) [22])
                0x08000900                void _bn::assert::show_args<char [27]>(char const*, char const*, char const*, int, char const (&) [27])
                0x08000900                void _bn::assert::show_args<char [14]>(char const*, char const*, char const*, int, char const (&) [14])
                0x08000900                void _bn::assert::show_args<char [13]>(char const*, char const*, char const*, int, char const (&) [13])
                0x08000900                void _bn::assert::show_args<char [16]>(char const*, char const*, char const*, int, char const (&) [16])
                0x08000900                void _bn::assert::show_args<char [55]>(char const*, char const*, char const*, int, char const (&) [55])
                0x08000900                void _bn::assert::show_args<char [24]>(char const*, char const*, char const*, int, char const (&) [24])
                0x08000900                void _bn::assert::show_args<char [35]>(char const*, char const*, char const*, int, char const (&) [35])
                0x08000940                bn::bgs_manager::(anonymous namespace)::static_data::~static_data() [clone .lto_priv.0]
                0x08000940                bn::bgs_manager::(anonymous namespace)::static_data::~static_data() [clone .lto_priv.0]
                0x08000970                bn::ivector<catgame::enemy>::push_back(catgame::enemy&&) [clone .part.0] [clone .lto_priv.0]
                0x080018f0                catgame::enemy::near_player(bn::fixed_point_t<12>)
                0x0800196c                catgame::player::animate()
                0x08002374                bn::bgs_manager::fill_hblank_effect_regular_attributes(void*, bn::regular_bg_attributes const*, unsigned short*)
                0x080024d8                catgame::player::map_cell(bn::regular_bg_map_item const&)
                0x080025b0                catgame::player::update(bn::regular_bg_map_item const&) [clone .part.0]
                0x080026f8                catgame::enemy::update(bn::regular_bg_map_item const&)
                0x08002cbc                void _bn::assert::show_args<char [33], int>(char const*, char const*, char const*, int, char const (&) [33], int const&)
                0x08002cbc                void _bn::assert::show_args<char [28], int>(char const*, char const*, char const*, int, char const (&) [28], int const&)
                0x08002cbc                void _bn::assert::show_args<char [16], int>(char const*, char const*, char const*, int, char const (&) [16], int const&)
                0x08002cbc                void _bn::assert::show_args<char [39], int>(char const*, char const*, char const*, int, char const (&) [39], int const&)
                0x08002cbc                void _bn::assert::show_args<char [20], int>(char const*, char const*, char const*, int, char const (&) [20], int const&)
                0x08002cbc                void _bn::assert::show_args<char [25], int>(char const*, char const*, char const*, int, char const (&) [25], int const&)
                0x08002cbc                void _bn::assert::show_args<char [15], int>(char const*, char const*, char const*, int, char const (&) [15], int const&)
                0x08002cbc                void _bn::assert::show_args<char [26], int>(char const*, char const*, char const*, int, char const (&) [26], int const&)
                0x08002cbc                void _bn::assert::show_args<char [27], int>(char const*, char const*, char const*, int, char const (&) [27], int const&)
                0x08002cbc                void _bn::assert::show_args<char [22], int>(char const*, char const*, char const*, int, char const (&) [22], int const&)
                0x08002cbc                void _bn::assert::show_args<char [17], int>(char const*, char const*, char const*, int, char const (&) [17], int const&)
                0x08002cbc                void _bn::assert::show_args<char [18], int>(char const*, char const*, char const*, int, char const (&) [18], int const&)
                0x080053c8                bn::regular_bg_ptr::create(bn::fixed_t<12>, bn::fixed_t<12>, bn::regular_bg_item const&)
                0x08006e18                bn::core::(anonymous namespace)::update_impl() [clone .lto_priv.0]
 .text.startup  0x08009010     0x26d4 C:\Users\Sergio\AppData\Local\Temp\cczJOreh.ltrans0.ltrans.o
                0x08009010                main
 .text          0x0800b6e4     0x87b4 C:\Users\Sergio\AppData\Local\Temp\cczJOreh.ltrans1.ltrans.o
                0x0800b724                bn::hw::link::(anonymous namespace)::_resetStateCallback() [clone .lto_priv.0]
                0x0800b930                bmp16_drawg_b1cts
                0x0800b9f0                dummy_drawg
                0x0800b9f4                dummy_erase
                0x0800c008                bmp16_erase
                0x0800c3f0                bn::display_manager::(anonymous namespace)::_update_rect_windows_hw_boundaries(int) [clone .lto_priv.0]
                0x0800c470                bn::display_manager::(anonymous namespace)::static_data::~static_data() [clone .lto_priv.0]
                0x0800c470                bn::display_manager::(anonymous namespace)::static_data::~static_data() [clone .lto_priv.0]
                0x0800c4bc                bn::keypad_manager::update()
                0x0800c55c                bn::core::update()
                0x0800c5d4                operator delete(void*)
                0x0800c5e0                operator delete(void*, unsigned int)
                0x0800c5ec                operator delete[](void*)
                0x0800c5f8                operator delete[](void*, unsigned int)
                0x0800c604                bn::ostringstream::ostringstream(bn::istring_base&)
                0x0800c604                bn::ostringstream::ostringstream(bn::istring_base&)
                0x0800c60c                bn::ostringstream::append(char const*)
                0x0800c698                bn::palettes_bank::find_bpp_4(bn::span<bn::color const> const&, unsigned short)
                0x0800c840                bn::palettes_bank::update()
                0x0800c974                bn::palettes_manager::(anonymous namespace)::static_data::~static_data() [clone .lto_priv.0]
                0x0800c974                bn::palettes_manager::(anonymous namespace)::static_data::~static_data() [clone .lto_priv.0]
                0x0800c978                bool bn::sprite_affine_mats_manager::(anonymous namespace)::_sprite_double_size<32, 16>(int, int, int, int, int) [clone .lto_priv.0]
                0x0800c9fc                bool bn::sprite_affine_mats_manager::(anonymous namespace)::_sprite_double_size<16, 32>(int, int, int, int, int) [clone .lto_priv.0]
                0x0800ca80                bn::sprite_affine_mats_manager::(anonymous namespace)::static_data::~static_data() [clone .lto_priv.0]
                0x0800ca80                bn::sprite_affine_mats_manager::(anonymous namespace)::static_data::~static_data() [clone .lto_priv.0]
                0x0800cabc                bn::sprite_affine_mats_manager::set_horizontal_flip(int, bool) [clone .part.0]
                0x0800cb24                bn::sprites_manager::(anonymous namespace)::_always_update_indexes_to_commit(bn::sprites_manager_item const&) [clone .lto_priv.0]
                0x0800cb6c                bn::sprites_manager::set_position(void*, bn::fixed_point_t<12> const&)
                0x0800cbe4                bn::sprites_manager::set_horizontal_flip(void*, bool)
                0x0800cc50                bn::sprites_manager::update_auto_double_size(void*)
                0x0800cd50                VgmStop()
                0x0800ce10                gbt_refresh_pattern_ptr.lto_priv.0
                0x0800ce94                gbt_run_startup_commands.part.0.lto_priv.0
                0x0800cf28                bn::hw::audio::(anonymous namespace)::_commit() [clone .lto_priv.0]
                0x0800d688                bn::hw::audio::(anonymous namespace)::_vblank_handler() [clone .lto_priv.0]
                0x0800d93c                operator new(unsigned int)
                0x0800d96c                operator new[](unsigned int)
                0x0800d99c                malloc
                0x0800d9f4                bn::ostringstream::append(int)
                0x0800db80                bn::ostringstream::append(unsigned int)
                0x0800dc28                bn::ostringstream::append(void const*)
                0x0800dd48                bn::sprite_tiles_manager::(anonymous namespace)::_hw_commit(bn::tile const*, bn::compression_type, int, int) [clone .lto_priv.0]
                0x0800e0c8                _bn::assert::show(char const*, char const*, char const*, int)
                0x0800e0e0                _bn::assert::show(char const*, char const*, char const*, int, bn::istring_base const&)
                0x0800e0f8                void _bn::assert::show_args<char [52], unsigned short>(char const*, char const*, char const*, int, char const (&) [52], unsigned short const&) [clone .constprop.0]
                0x0800e14c                void _bn::assert::show_args<char [32], char [15], unsigned short const*, char [16], int, char [17], int, char [34], bn::string_view>(char const*, char const*, char const*, int, char const (&) [32], char const (&) [15], unsigned short const* const&, char const (&) [16], int const&, char const (&) [17], int const&, char const (&) [34], bn::string_view const&) [clone .constprop.0]
                0x0800e1e0                void _bn::assert::show_args<char [30], char [13], unsigned short const*, char [14], int, char [15], int, char [17], int, char [34], bn::string_view>(char const*, char const*, char const*, int, char const (&) [30], char const (&) [13], unsigned short const* const&, char const (&) [14], int const&, char const (&) [15], int const&, char const (&) [17], int const&, char const (&) [34], bn::string_view const&) [clone .constprop.0]
                0x0800e4e8                bn::(anonymous namespace)::_graphics_index(char, bn::utf8_characters_map_ref const&, char const*, int&) [clone .part.0] [clone .lto_priv.0]
                0x0800e68c                bn::sprite_text_generator::width(bn::string_view const&) const
                0x0800e89c                bn::hblank_effects_manager::(anonymous namespace)::item_type::check_update() [clone .lto_priv.0]
                0x08010a90                bn::memory_manager::(anonymous namespace)::static_data::~static_data() [clone .lto_priv.0]
                0x08010a90                bn::memory_manager::(anonymous namespace)::static_data::~static_data() [clone .lto_priv.0]
                0x08010ac4                bn::bg_palette_ptr::create(bn::bg_palette_item const&)
                0x08010bf8                bn::sprite_palette_ptr::create(bn::sprite_palette_item const&)
                0x08010d20                bn::palettes_bank::log_status() const
                0x08011118                bn::sprite_tiles_manager::log_status()
                0x080116f8                bn::ostringstream::_append_fraction(unsigned int, int)
                0x08011808                bn::hw::link::_timer_intr()
                0x080118fc                bn::hw::link::_serial_intr()
                0x08011ab4                bn::palettes_bank::decrease_usages(int)
                0x08011d40                bn::bg_blocks_manager::(anonymous namespace)::items_list::insert_after(int, bn::bg_blocks_manager::(anonymous namespace)::item_type const&) [clone .constprop.0]
                0x08011ffc                bn::sprite_tiles_ptr::create(bn::sprite_tiles_item const&)
                0x08012078                bn::sprite_tiles_manager::(anonymous namespace)::_insert_free_item(int, unsigned short*) [clone .lto_priv.0]
                0x08012228                bn::sprite_tiles_manager::update()
                0x08012454                bn::sprite_tiles_manager::(anonymous namespace)::_find_impl(bn::tile const*, bn::compression_type, int) [clone .lto_priv.0]
                0x080126f0                bn::isprite_animate_action::update()
                0x080128f4                bn::sprite_tiles_manager::(anonymous namespace)::_create_item(int, bn::tile const*, bn::compression_type, int, bool) [clone .lto_priv.0]
                0x08012ba8                bn::sprite_tiles_manager::(anonymous namespace)::_create_impl(bn::tile const*, bn::compression_type, int) [clone .lto_priv.0]
                0x08012da8                bn::hw::audio::(anonymous namespace)::_add_sound_to_queue(int, unsigned short) [clone .lto_priv.0]
                0x08012e74                bn::sprites_manager::create(bn::fixed_point_t<12> const&, bn::sprite_shape_size const&, bn::sprite_tiles_ptr&&, bn::sprite_palette_ptr&&)
                0x08013048                bn::sprites_manager::create(bn::sprite_builder&&)
                0x080136e8                bn::tile* bn::(anonymous namespace)::_build_sprite_assert<(bn::sprite_size)1>(bn::sprite_text_generator const&, bn::sprite_palette_ptr const&, bn::fixed_point_t<12> const&, bn::ivector<bn::sprite_ptr>&) [clone .lto_priv.0]
                0x080138cc                bn::tile* bn::(anonymous namespace)::_build_sprite_assert<(bn::sprite_size)2>(bn::sprite_text_generator const&, bn::sprite_palette_ptr const&, bn::fixed_point_t<12> const&, bn::ivector<bn::sprite_ptr>&) [clone .lto_priv.0]
                0x08013ab4                bn::sprites_manager::(anonymous namespace)::static_data::~static_data() [clone .lto_priv.0]
                0x08013ab4                bn::sprites_manager::(anonymous namespace)::static_data::~static_data() [clone .lto_priv.0]
                0x08013b18                bn::hw::audio::(anonymous namespace)::static_data::~static_data() [clone .lto_priv.0]
                0x08013b18                bn::hw::audio::(anonymous namespace)::static_data::~static_data() [clone .lto_priv.0]
                0x08013b1c                bn::hw::audio::(anonymous namespace)::_erase_sound_from_queue(unsigned short) [clone .lto_priv.0]
                0x08013bb4                bn::hw::audio::(anonymous namespace)::_check_sounds_queue() [clone .part.0] [clone .lto_priv.0]
                0x08013c54                bn::hw::link::(anonymous namespace)::_sendDataCallback() [clone .lto_priv.0]
                0x08013d38                bn::hw::link::(anonymous namespace)::_receiveResponseCallback(bn::lc::LinkResponse const&) [clone .lto_priv.0]
 .text          0x08013e98     0x5784 C:\Users\Sergio\AppData\Local\Temp\cczJOreh.ltrans2.ltrans.o
                0x08014008                bn::best_fit_allocator::free(void*) [clone .constprop.0]
                0x08014124                bn::lc::LinkConnection::stop() [clone .constprop.0]
                0x08014150                bn::hw::bgs::commit_data::commit_data() [clone .constprop.0] [clone .isra.0]
                0x080141ac                bn::bg_blocks_manager::(anonymous namespace)::items_list::items_list() [clone .constprop.0] [clone .isra.0]
                0x080141f8                bn::sprite_affine_mats_manager::(anonymous namespace)::static_data::static_data() [clone .constprop.0] [clone .isra.0]
                0x0801429c                bn::sprite_tiles_manager::(anonymous namespace)::static_data::static_data() [clone .constprop.0] [clone .isra.0]
                0x080143c8                bn::display_manager::(anonymous namespace)::static_data::static_data() [clone .constprop.0] [clone .isra.0]
                0x08014458                bn::hdma_manager::(anonymous namespace)::static_data::static_data() [clone .constprop.0] [clone .isra.0]
                0x0801448c                bn::hblank_effects_manager::(anonymous namespace)::static_external_data::static_external_data() [clone .constprop.0] [clone .isra.0]
                0x08014564                bn::sprite_ptr::set_camera(bn::camera_ptr const&) [clone .isra.0]
                0x08014638                bn::sprite_ptr::set_position(bn::fixed_t<12>, bn::fixed_t<12>) [clone .isra.0]
                0x080146a8                bn::sprite_affine_mats_manager::(anonymous namespace)::item_type::sprite_double_size(int, bn::sprite_shape_size const&) const [clone .isra.0]
                0x08014854                bn::palettes_bank::palettes_bank() [clone .isra.0]
                0x08014928                bn::regular_bg_ptr::set_camera(bn::camera_ptr const&) [clone .isra.0]
                0x08014acc                bn::string_view::string_view(char const*) [clone .isra.0]
                0x08014ae8                bn::core::(anonymous namespace)::static_data::static_data() [clone .constprop.0] [clone .isra.0]
                0x08014b50                void _bn::assert::show_args<char [16], int, char [4], int>(char const*, char const*, char const*, int, char const (&) [16], int const&, char const (&) [4], int const&) [clone .constprop.0]
                0x08014bb8                bn::istring::append(char const*) [clone .isra.0]
                0x08014c38                void _bn::assert::show_args<char [27], unsigned char>(char const*, char const*, char const*, int, char const (&) [27], unsigned char const&) [clone .constprop.0]
                0x08014c8c                void _bn::assert::show_args<char [35], unsigned int>(char const*, char const*, char const*, int, char const (&) [35], unsigned int const&) [clone .constprop.0]
                0x08014cdc                void _bn::assert::show_args<char [20], int, char [4], unsigned short>(char const*, char const*, char const*, int, char const (&) [20], int const&, char const (&) [4], unsigned short const&) [clone .constprop.0]
                0x08014d44                void _bn::assert::show_args<char [44], bn::tile const*, char [4], bn::tile const*>(char const*, char const*, char const*, int, char const (&) [44], bn::tile const* const&, char const (&) [4], bn::tile const* const&) [clone .constprop.0]
                0x08014db0                void _bn::assert::show_args<char [46], int, char [4], unsigned int>(char const*, char const*, char const*, int, char const (&) [46], int const&, char const (&) [4], unsigned int const&) [clone .constprop.0]
                0x08014e84                bn::istring::append(char const*, int) [clone .isra.0]
                0x08014f14                bn::hw::show::error(bn::system_font const&, bn::string_view const&, bn::string_view const&, bn::string_view const&, int, bn::string_view const&, bn::string_view const&) [clone .constprop.0]
                0x08015238                void bn::ostringstream::append_args<int, char [34], bn::string_view>(int const&, char const (&) [34], bn::string_view const&) [clone .constprop.0] [clone .isra.0]
                0x08015340                bn::camera_ptr::create(bn::fixed_t<12>, bn::fixed_t<12>) [clone .constprop.0]
                0x0801539c                bn::sprite_tiles_manager::create(bn::span<bn::tile const> const&, bn::compression_type) [clone .isra.0]
                0x08015498                bn::iunordered_map<bn::tile const*, int, bn::hash<bn::tile const*>, bn::equal_to<bn::tile const*> >::erase(bn::iunordered_map<bn::tile const*, int, bn::hash<bn::tile const*>, bn::equal_to<bn::tile const*> >::const_iterator const&) [clone .constprop.0] [clone .isra.0]
                0x080156a4                bn::palettes_bank::create_bpp_4(bn::span<bn::color const> const&, unsigned short, bool) [clone .constprop.0]
                0x08015900                bn::sprite_tiles_manager::allocate(int, bn::bpp_mode) [clone .constprop.0]
                0x08015a50                void _bn::assert::show_args<char [20], char, char [9], bn::string_view, char [2]>(char const*, char const*, char const*, int, char const (&) [20], char const&, char const (&) [9], bn::string_view const&, char const (&) [2]) [clone .constprop.0]
                0x08015af4                bn::sprite_tiles_ptr::~sprite_tiles_ptr() [clone .isra.0]
                0x08015d34                bn::isprite_animate_action::_assign_graphics_indexes(bn::span<unsigned short const> const&) [clone .isra.0]
                0x08015db4                bn::sprite_affine_mat_ptr::~sprite_affine_mat_ptr() [clone .isra.0]
                0x08015e2c                bn::palettes_bank::create_bpp_8(bn::span<bn::color const> const&, bn::compression_type, bool) [clone .constprop.0]
                0x08016034                bn::palettes_bank::colors_hash(bn::span<bn::color const> const&) [clone .isra.0]
                0x08016078                bn::(anonymous namespace)::_create_impl(bn::sprite_palette_item const&, bool) [clone .constprop.0]
                0x080160f0                bn::sorted_sprites::sorter::insert(bn::sprites_manager_item&) [clone .constprop.0]
                0x080162f8                bn::ivector<bn::bgs_manager::(anonymous namespace)::item_type*>::size_type bn::erase<bn::bgs_manager::(anonymous namespace)::item_type*>(bn::ivector<bn::bgs_manager::(anonymous namespace)::item_type*>&, bn::bgs_manager::(anonymous namespace)::item_type* const&) [clone .constprop.0] [clone .isra.0]
                0x0801642c                bn::sprite_builder::sprite_builder(bn::sprite_shape_size const&, bn::sprite_tiles_ptr, bn::sprite_palette_ptr) [clone .isra.0]
                0x08016644                bn::sprite_ptr::~sprite_ptr() [clone .isra.0]
                0x08016838                catgame::trigger::trigger(bn::camera_ptr&, bn::point) [clone .isra.0]
                0x080168fc                bn::regular_bg_ptr::~regular_bg_ptr() [clone .isra.0]
                0x080169e8                catgame::player::player(bn::camera_ptr&, bn::point, int) [clone .isra.0]
                0x08016bf4                catgame::enemy::enemy(bn::camera_ptr, bn::point, bn::sprite_ptr, int) [clone .isra.0]
                0x08016fac                bool bn::(anonymous namespace)::_generate<false>(bn::sprite_text_generator const&, bn::fixed_point_t<12> const&, bn::string_view const&, bn::utf8_characters_map_ref const&, int, int, bool, bn::ivector<bn::sprite_ptr>&) [clone .isra.0]
                0x080181d4                catgame::lvl_gym::execute(bn::sprite_text_generator&, int&, int&, int&) [clone .isra.0]
 .text.startup  0x0801961c      0x318 C:\Users\Sergio\AppData\Local\Temp\cczJOreh.ltrans2.ltrans.o
 .text.__libc_init_array
                0x08019934       0x50 bn_hw_common.bn_noflto.o
                0x08019934                __libc_init_array
 .text.__aeabi_atexit
                0x08019984        0x4 bn_hw_common.bn_noflto.o
                0x08019984                __aeabi_atexit
 .text._ZN3_bn6assert9show_argsIA40_cEEvPKcS4_S4_iRKT_
                0x08019988       0x48 bn_hw_common.bn_noflto.o
                0x08019988                void _bn::assert::show_args<char [40]>(char const*, char const*, char const*, int, char const (&) [40])
 .text.__aeabi_idiv0
                0x080199d0       0x24 bn_hw_common.bn_noflto.o
                0x080199d0                __aeabi_idiv0
 .text.VBlankIntrWait
                0x080199f4        0x4 tonc_bios.o
                0x080199f4                VBlankIntrWait
 .text.memset16
                0x080199f8       0x3c tonc_memset.o
                0x080199f8                memset16
 .text          0x08019a34      0x26c posprintf.o
                0x08019a38                posprintf
 .text          0x08019ca0      0x314 mm_effect.o
                0x08019ca0                mmResetEffects
                0x08019ccc                mmEffect
                0x08019ce2                mmEffectEx
                0x08019de2                mmEffectActive
                0x08019e16                mmEffectVolume
                0x08019e32                mmEffectPanning
                0x08019e46                mmEffectRate
                0x08019e5a                mmEffectCancel
                0x08019e94                mmEffectRelease
                0x08019eba                mmEffectScaleRate
                0x08019ece                mmSetEffectsVolume
                0x08019edc                mmEffectCancelAll
                0x08019f1c                mmUpdateEffects
 .text          0x08019fb4       0x14 mm_main.o
                0x08019fb4                mpp_call_r7
                0x08019fb6                mpp_call_r1
                0x08019fb8                mpp_call_r2
                0x08019fba                mpp_call_r3
                0x08019fbc                mmSetEventHandler
 .text          0x08019fc8     0x1570 mm_mas.o
                0x0801a03c                mmStart
                0x0801a05c                mmJingle
                0x0801a062                mmPlayModule
                0x0801a12c                mmPause
                0x0801a148                mmResume
                0x0801a158                mmActive
                0x0801a15e                mmActiveSub
                0x0801a164                mmSetModuleVolume
                0x0801a174                mmSetJingleVolume
                0x0801a1b0                mmGetPositionTick
                0x0801a1b6                mmGetPositionRow
                0x0801a1bc                mmGetPosition
                0x0801a1c2                mmPosition
                0x0801a1dc                mmSetModuleTempo
                0x0801a20e                mmSetModulePitch
                0x0801a250                mmStop
                0x0801a316                mppUpdateSub
                0x0801a472                mpp_Process_VolumeCommand
                0x0801a6aa                mpp_Process_Effect
                0x0801adf8                ST3_FREQTABLE
                0x0801b218                IT_PitchTable
 .text          0x0801b538      0x12c mm_main_gba.o
                0x0801b538                mmInit
                0x0801b58c                mmSetVBlankHandler
                0x0801b592                mmFrame
 .text          0x0801b664      0x1e0 mm_mixer_gba.o
                0x0801b664                mmMixerSetSource
                0x0801b678                mmMixerSetRead
                0x0801b686                mmMixerSetFreq
                0x0801b696                mmMixerMulFreq
                0x0801b6aa                mmMixerStopChannel
                0x0801b6bc                mmMixerChannelActive
                0x0801b6ce                mmMixerSetVolume
                0x0801b6dc                mmMixerSetPan
                0x0801b6ea                mmMixerInit
 .text          0x0801b844       0x3c C:/devkitPro/devkitARM/bin/../lib/gcc/arm-none-eabi/14.1.0/thumb\libgcc.a(_call_via_rX.o)
                0x0801b844                _call_via_r0
                0x0801b848                _call_via_r1
                0x0801b84c                _call_via_r2
                0x0801b850                _call_via_r3
                0x0801b854                _call_via_r4
                0x0801b858                _call_via_r5
                0x0801b85c                _call_via_r6
                0x0801b860                _call_via_r7
                0x0801b864                _call_via_r8
                0x0801b868                _call_via_r9
                0x0801b86c                _call_via_sl
                0x0801b870                _call_via_fp
                0x0801b874                _call_via_ip
                0x0801b878                _call_via_sp
                0x0801b87c                _call_via_lr
 .text.__stub   0x0801b880      0x118 linker stubs
 *(.gnu.linkonce.t.*)
 *(.text.*personality*)
 *(.gnu.warning)
 *(.glue_7t)
 .glue_7t       0x0801b9f0        0x0 linker stubs
 *(.glue_7)
 .glue_7        0x0801b9f0        0x0 linker stubs
 *(.vfp11_veneer)
 .vfp11_veneer  0x0801b9f0        0x0 linker stubs
                0x0801b9f0                        . = ALIGN (0x4)
                0x0801b9f0                        __text_end = .

.v4_bx          0x0801b9f0        0x0
 .v4_bx         0x0801b9f0        0x0 linker stubs

.iplt           0x0801b9f0        0x0
 .iplt          0x0801b9f0        0x0 C:/devkitPro/devkitARM/bin/../lib/gcc/arm-none-eabi/14.1.0/../../../../arm-none-eabi/lib/thumb/gba_crt0.o

.fini           0x0801b9f0        0xc
 *(.fini)
 .fini          0x0801b9f0        0x4 C:/devkitPro/devkitARM/bin/../lib/gcc/arm-none-eabi/14.1.0/thumb/crti.o
                0x0801b9f0                _fini
 .fini          0x0801b9f4        0x8 C:/devkitPro/devkitARM/bin/../lib/gcc/arm-none-eabi/14.1.0/thumb/crtn.o
                0x0801b9fc                        . = ALIGN (0x4)

.rodata         0x0801b9fc    0x32980
 *(.rodata)
 .rodata        0x0801b9fc      0x420 cat_bn_gfx.o
                0x0801b9fc                cat_bn_gfxTiles
                0x0801bdfc                cat_bn_gfxPal
 .rodata        0x0801be1c     0x1080 cat_hand_bn_gfx.o
                0x0801be1c                cat_hand_bn_gfxTiles
                0x0801ce1c                cat_hand_bn_gfxPal
 .rodata        0x0801ce9c      0x480 cat_hand_icon_bn_gfx.o
                0x0801ce9c                cat_hand_icon_bn_gfxTiles
                0x0801d29c                cat_hand_icon_bn_gfxPal
 .rodata        0x0801d31c     0xec40 cats_intro_bn_gfx.o
                0x0801d31c                cats_intro_bn_gfxTiles
                0x0802b6dc                cats_intro_bn_gfxMap
                0x0802bedc                cats_intro_bn_gfxPal
 .rodata        0x0802bf5c     0x15e0 clouds_bn_gfx.o
                0x0802bf5c                clouds_bn_gfxTiles
                0x0802cd1c                clouds_bn_gfxMap
                0x0802d51c                clouds_bn_gfxPal
 .rodata        0x0802d53c     0x1ba0 common_variable_8x16_font_bn_gfx.o
                0x0802d53c                common_variable_8x16_font_bn_gfxTiles
                0x0802f0bc                common_variable_8x16_font_bn_gfxPal
 .rodata        0x0802f0dc      0xbc0 dialog_bn_gfx.o
                0x0802f0dc                dialog_bn_gfxTiles
                0x0802f41c                dialog_bn_gfxMap
                0x0802fc1c                dialog_bn_gfxPal
 .rodata        0x0802fc9c      0x180 empty_heart_icon_bn_gfx.o
                0x0802fc9c                empty_heart_icon_bn_gfxTiles
                0x0802fd9c                empty_heart_icon_bn_gfxPal
 .rodata        0x0802fe1c      0xc80 fish_icon_bn_gfx.o
                0x0802fe1c                fish_icon_bn_gfxTiles
                0x08030a1c                fish_icon_bn_gfxPal
 .rodata        0x08030a9c     0x8200 gbajam24_banner_bn_gfx.o
                0x08030a9c                gbajam24_banner_bn_gfxTiles
                0x08036c7c                gbajam24_banner_bn_gfxMap
                0x08038c7c                gbajam24_banner_bn_gfxPal
 .rodata        0x08038c9c     0x1a40 gbajam24_logo_bn_gfx.o
                0x08038c9c                gbajam24_logo_bn_gfxTiles
                0x08039ebc                gbajam24_logo_bn_gfxMap
                0x0803a6bc                gbajam24_logo_bn_gfxPal
 .rodata        0x0803a6dc      0x820 gym_bn_gfx.o
                0x0803a6dc                gym_bn_gfxTiles
                0x0803aedc                gym_bn_gfxPal
 .rodata        0x0803aefc     0x2da0 gym_bg_bn_gfx.o
                0x0803aefc                gym_bg_bn_gfxTiles
                0x0803bc7c                gym_bg_bn_gfxMap
                0x0803dc7c                gym_bg_bn_gfxPal
 .rodata        0x0803dc9c      0x180 heart_icon_bn_gfx.o
                0x0803dc9c                heart_icon_bn_gfxTiles
                0x0803dd9c                heart_icon_bn_gfxPal
 .rodata        0x0803de1c       0x40 limit_bn_gfx.o
                0x0803de1c                limit_bn_gfxTiles
                0x0803de3c                limit_bn_gfxPal
 .rodata        0x0803de5c     0x9180 minigame1_bn_gfx.o
                0x0803de5c                minigame1_bn_gfxTiles
                0x0804675c                minigame1_bn_gfxMap
                0x08046f5c                minigame1_bn_gfxPal
 .rodata        0x08046fdc      0x820 ninja_bn_gfx.o
                0x08046fdc                ninja_bn_gfxTiles
                0x080477dc                ninja_bn_gfxPal
 .rodata        0x080477fc     0x2520 simple_bg_bn_gfx.o
                0x080477fc                simple_bg_bn_gfxTiles
                0x08047cfc                simple_bg_bn_gfxMap
                0x08049cfc                simple_bg_bn_gfxPal
 .rodata        0x08049d1c      0x480 time_icon_bn_gfx.o
                0x08049d1c                time_icon_bn_gfxTiles
                0x0804a11c                time_icon_bn_gfxPal
 .rodata        0x0804a19c      0x542 C:\Users\Sergio\AppData\Local\Temp\cczJOreh.ltrans0.ltrans.o
                0x0804a224                bn::sprite_items::cat
                0x0804a240                bn::sprite_items::ninja
                0x0804a348                bn::sprite_items::empty_heart_icon
                0x0804a364                bn::sprite_items::heart_icon
                0x0804a380                bn::sprite_items::cat_hand_icon
                0x0804a4e0                bn::sprite_items::fish_icon
                0x0804a544                _ZN2bn2hw7sprites12_GLOBAL__N_1L10_obj_sizesE.lto_priv.0
                0x0804a6cc                _ZN2bn17bg_blocks_manager12_GLOBAL__N_1L19_status_log_messageE.lto_priv.0
 *fill*         0x0804a6de        0x2 ff
 .rodata        0x0804a6e0      0xfb8 C:\Users\Sergio\AppData\Local\Temp\cczJOreh.ltrans1.ltrans.o
 .rodata        0x0804b698       0x60 C:\Users\Sergio\AppData\Local\Temp\cczJOreh.ltrans2.ltrans.o
 .rodata        0x0804b6f8      0xef8 verdana9.o
                0x0804b6f8                verdana9Font
                0x0804b710                verdana9Glyphs
                0x0804c510                verdana9Widths
 *all.rodata*(*)
 *(.roda)
 *(.rodata.*)
 .rodata._bn_audio_soundbank_bin
                0x0804c5f0        0xc _bn_audio_soundbank.bin.o
                0x0804c5f0                _bn_audio_soundbank_bin
                0x0804c5fc                _bn_audio_soundbank_bin_end
 .rodata.str1.4
                0x0804c5fc      0xdbd C:\Users\Sergio\AppData\Local\Temp\cczJOreh.ltrans0.ltrans.o
 .rodata.str1.4
                0x0804c5fc      0xe17 C:\Users\Sergio\AppData\Local\Temp\cczJOreh.ltrans1.ltrans.o
 .rodata.str1.4
                0x0804c5fc      0xab1 C:\Users\Sergio\AppData\Local\Temp\cczJOreh.ltrans2.ltrans.o
 .rodata.__cxa_pure_virtual.str1.4
                0x0804c5fc     0x1d71 bn_hw_common.bn_noflto.o
                                 0x4f (size before relaxing)
 .rodata.__aeabi_idiv0.str1.4
                0x0804e36d       0x38 bn_hw_common.bn_noflto.o
 *fill*         0x0804e36d        0x3 ff
 .rodata._ZN2bn2hw8game_pak12_GLOBAL__N_1L8rom_dataE
                0x0804e370        0xc bn_hw_game_pak.bn_ewram.o
 *(.gnu.linkonce.r*)
                0x0804e37c                        . = ALIGN (0x4)

.ARM.extab
 *(.ARM.extab* .gnu.linkonce.armextab.*)
                0x0804e37c                        __exidx_start = .

.ARM.exidx
 *(.ARM.exidx* .gnu.linkonce.armexidx.*)
                0x0804e37c                        __exidx_end = .

.ctors          0x0804e37c        0x0
 *crtbegin.o(.ctors)
 *(EXCLUDE_FILE(*crtend.o) .ctors)
 *(SORT_BY_NAME(.ctors.*))
 *(.ctors)
                0x0804e37c                        . = ALIGN (0x4)

.dtors          0x0804e37c        0x0
 *crtbegin.o(.dtors)
 *(EXCLUDE_FILE(*crtend.o) .dtors)
 *(SORT_BY_NAME(.dtors.*))
 *(.dtors)
                0x0804e37c                        . = ALIGN (0x4)

.eh_frame       0x0804e37c        0x4
 *(.eh_frame)
 .eh_frame      0x0804e37c        0x0 C:/devkitPro/devkitARM/bin/../lib/gcc/arm-none-eabi/14.1.0/thumb/crtbegin.o
 .eh_frame      0x0804e37c        0x4 C:/devkitPro/devkitARM/bin/../lib/gcc/arm-none-eabi/14.1.0/thumb/crtend.o
                0x0804e380                        . = ALIGN (0x4)

.gcc_except_table
                0x0804e380        0x0
 *(.gcc_except_table)
                0x0804e380                        . = ALIGN (0x4)
                0x0804e380                        __iwram_lma = .

.iwram          0x03000000     0x23c8 load address 0x0804e380
                0x03000000                        __iwram_start__ = ABSOLUTE (.)
 *(.iwram .iwram*)
 .iwram         0x03000000      0x290 bn_sprites_manager.bn_iwram.o
                0x03000000                bn::sprites_manager::_check_items_on_screen(bn::intrusive_list<bn::sorted_sprites::layer>&)
                0x03000104                bn::sprites_manager::_rebuild_handles_impl(int, void*, bn::intrusive_list<bn::sorted_sprites::layer>&)
                0x0300019c                bn::sprites_manager::_update_cameras_impl(bn::intrusive_list<bn::sorted_sprites::layer>&)
 .iwram         0x03000290       0xc4 bn_hw_palettes.bn_iwram.o
                0x03000290                bn::hw::palettes::brightness(bn::color const*, int, int, bn::color*)
                0x030002f8                bn::hw::palettes::_lut_effect(bn::color const*, unsigned char const*, int, bn::color*)
 .iwram         0x03000354       0xa8 bn_hw_sprite_tiles.bn_iwram.o
                0x03000354                bn::hw::sprite_tiles::_plot_hideous_tiles(int, unsigned int const*, int, unsigned int*)
 .iwram         0x030003fc       0x6c bn_hw_bg_blocks.o
                0x030003fc                bn_hw_bg_blocks_commit_half_words
                0x03000414                bn_hw_bg_blocks_commit_words
                0x0300042c                bn_hw_bg_blocks_commit_blocks
 .iwram         0x03000468       0xd0 bn_hw_hblank_effects.o
                0x03000468                bn::hw::hblank_effects::_intr()
                0x03000534                bn::hw::hblank_effects::data
 .iwram         0x03000538       0x30 bn_hw_palettes_asm.o
                0x03000538                bn_hw_palettes_different_words
 .iwram.clr_blend_fast
                0x03000568       0x70 clr_blend_fast.o
                0x03000568                clr_blend_fast
 .iwram         0x030005d8       0x70 clr_fade_fast.o
                0x030005d8                clr_fade_fast
 .iwram.memset32
                0x03000648       0x4c tonc_memset.o
                0x03000648                memset32
 .iwram         0x03000694      0x134 irq_handler.o
                0x03000694                IRQ_GlobalInterruptHandler
 .iwram.__aeabi_lmul
                0x030007c8       0x14 lmul.o
                0x030007c8                __aeabi_lmul
 .iwram.__aeabi_memcpy
                0x030007dc       0xc8 memcpy.o
                0x030007dc                __aeabi_memcpy
                0x03000814                __aeabi_memcpy8
                0x03000814                __aeabi_memcpy4
                0x03000880                __agbabi_memcpy2
 .iwram.__agbabi_memcpy1
                0x030008a4       0x14 memcpy.o
                0x030008a4                __agbabi_memcpy1
 .iwram.memcpy  0x030008b8       0x10 memcpy.o
                0x030008b8                memcpy
 .iwram.__aeabi_memmove
                0x030008c8        0xc memmove.o
                0x030008c8                __aeabi_memmove
 .iwram.memmove
                0x030008d4       0x10 memmove.o
                0x030008d4                memmove
 .iwram.__aeabi_memset
                0x030008e4       0x9c memset.o
                0x030008e4                __aeabi_memset
                0x03000908                __aeabi_memset8
                0x03000908                __aeabi_memset4
                0x03000914                __agbabi_wordset4
                0x03000918                __agbabi_lwordset4
 .iwram.__agbabi_memset1
                0x03000980       0x10 memset.o
                0x03000980                __agbabi_memset1
 .iwram.memset  0x03000990       0x1c memset.o
                0x03000990                memset
 .iwram.__agbabi_rmemcpy
                0x030009ac       0xcc rmemcpy.o
                0x030009ac                __agbabi_rmemcpy
 .iwram.__agbabi_rmemcpy1
                0x03000a78       0x14 rmemcpy.o
                0x03000a78                __agbabi_rmemcpy1
 .iwram         0x03000a8c       0x3c sdiv32.o
                0x03000a8c                __aeabi_idiv
                0x03000a8c                __aeabi_idivmod
 .iwram         0x03000ac8      0x1e0 udiv32.o
                0x03000ac8                __aeabi_uidivmod
                0x03000ac8                __aeabi_uidiv
                0x03000ad0                udiv32pastzero
                0x03000b24                div32Iteration
 .iwram         0x03000ca8       0x98 huffman.o
                0x03000ca8                swi_HuffUnCompReadNormal
 .iwram         0x03000d40      0x1ac lz77.o
                0x03000d40                swi_LZ77UnCompWrite16bit
                0x03000d40                swi_LZ77UnCompWrite8bit
 .iwram         0x03000eec       0xec running_length.o
                0x03000eec                swi_RLUnCompReadNormalWrite8bit
                0x03000f4c                swi_RLUnCompReadNormalWrite16bit
 .iwram         0x03000fd8      0x554 mm_mas.o
                0x03000fd8                mppProcessTick
                0x030010bc                mpp_Channel_NewNote
                0x0300119c                mpp_Update_ACHN_notest
 .iwram         0x0300152c      0x648 mm_mas_arm.o
                0x0300152c                mmAllocChannel
                0x030015a0                mmReadPattern
                0x0300168c                mmUpdateChannel_T0
                0x030018cc                mmUpdateChannel_TN
                0x03001a6c                mmGetPeriod
                0x03001ab0                note_table_oct
                0x03001ace                note_table_mod
 .iwram         0x03001b74        0x8 mm_main_gba.o
                0x03001b74                mpp_call_r7i
                0x03001b76                mpp_call_r2i
                0x03001b78                mpp_call_r1i
 .iwram         0x03001b7c      0x838 mm_mixer_gba.o
                0x03001b80                mmVBlank
                0x03001c04                mmMixerMix
 *fill*         0x030023b4        0x4 ff
 .iwram.__stub  0x030023b8        0xc linker stubs
 *iwram.*(.text* .data*)
                0x030023c4                        . = ALIGN (0x4)
                0x030023c8                        __iwram_end__ = ABSOLUTE (.)
                0x08050748                        __data_lma = (__iwram_lma + SIZEOF (.iwram))

.bss            0x030023c8      0x86c
                0x030023c8                        __bss_start = ABSOLUTE (.)
                0x030023c8                        __bss_start__ = ABSOLUTE (.)
 *(.dynbss)
 *(.gnu.linkonce.b*)
 *(.bss*)
 .bss.completed.1
                0x030023c8        0x1 C:/devkitPro/devkitARM/bin/../lib/gcc/arm-none-eabi/14.1.0/thumb/crtbegin.o
 *fill*         0x030023c9        0x3 
 .bss.object.0  0x030023cc       0x18 C:/devkitPro/devkitARM/bin/../lib/gcc/arm-none-eabi/14.1.0/thumb/crtbegin.o
 .bss           0x030023e4      0x508 C:\Users\Sergio\AppData\Local\Temp\cczJOreh.ltrans0.ltrans.o
                0x030023e4                IRQ_VectorTable
                0x0300283c                _ZN2bn22hblank_effects_manager12_GLOBAL__N_113internal_dataE.lto_priv.0
 .bss           0x030028ec        0x4 C:\Users\Sergio\AppData\Local\Temp\cczJOreh.ltrans2.ltrans.o
                0x030028ec                fake_heap_end
 .bss           0x030028f0       0x2d mm_effect.o
                0x03002914                mm_sfx_bitmask
                0x03002918                mm_sfx_clearmask
 *fill*         0x0300291d        0x3 
 .bss           0x03002920        0x8 mm_main.o
                0x03002920                mmCallback
                0x03002924                mm_ch_mask
 .bss           0x03002928      0x148 mm_mas.o
                0x03002928                mmLayerMain
                0x03002960                mmLayerSub
                0x03002998                mpp_vars
                0x030029a8                mpp_layerp
                0x030029ac                mpp_channels
                0x030029bc                mpp_nchannels
                0x030029bd                mpp_clayer
                0x030029c0                mm_achannels
                0x030029c4                mm_pchannels
                0x030029c8                mm_num_mch
                0x030029cc                mm_num_ach
                0x030029d0                mm_schannels
 .bss           0x03002a70        0x8 mm_main_gba.o
                0x03002a70                mm_vblank_function
                0x03002a74                mp_solution
 .bss           0x03002a78      0x1bc mm_mixer_gba.o
                0x03002a78                mp_writepos
                0x03002a80                mm_mixchannels
                0x03002a88                mm_mixlen
                0x03002a9c                mm_bpmdv
                0x03002aa0                mp_mix_seg
 *(COMMON)
                0x03002c34                        . = ALIGN (0x4)
                0x03002c34                        __bss_end__ = ABSOLUTE (.)

.data           0x03002c34       0x10 load address 0x08050748
                0x03002c34                        __data_start__ = ABSOLUTE (.)
 *(.data*)
 .data.__dso_handle
                0x03002c34        0x4 C:/devkitPro/devkitARM/bin/../lib/gcc/arm-none-eabi/14.1.0/thumb/crtbegin.o
                0x03002c34                __dso_handle
 .data          0x03002c38        0xc C:\Users\Sergio\AppData\Local\Temp\cczJOreh.ltrans0.ltrans.o
 *(.gnu.linkonce.d*)
                0x03002c44                        . = ALIGN (0x4)
                0x08050758                        __preinit_lma = (__data_lma + SIZEOF (.data))

.igot.plt       0x03002c44        0x0 load address 0x08050758
 .igot.plt      0x03002c44        0x0 C:/devkitPro/devkitARM/bin/../lib/gcc/arm-none-eabi/14.1.0/../../../../arm-none-eabi/lib/thumb/gba_crt0.o

.preinit_array  0x03002c44        0x0 load address 0x08050758
                0x03002c44                        __preinit_array_start = ABSOLUTE (.)
 *(.preinit_array)
                0x03002c44                        __preinit_array_end = ABSOLUTE (.)
                0x08050758                        __init_lma = (__preinit_lma + SIZEOF (.preinit_array))

.init_array     0x03002c44        0x8 load address 0x08050758
                0x03002c44                        __init_array_start = ABSOLUTE (.)
 *(SORT_BY_NAME(.init_array.*))
 *(.init_array)
 .init_array    0x03002c44        0x4 C:/devkitPro/devkitARM/bin/../lib/gcc/arm-none-eabi/14.1.0/thumb/crtbegin.o
 .init_array    0x03002c48        0x4 C:\Users\Sergio\AppData\Local\Temp\cczJOreh.ltrans2.ltrans.o
                0x03002c4c                        __init_array_end = ABSOLUTE (.)
                0x08050760                        __fini_lma = (__init_lma + SIZEOF (.init_array))

.fini_array     0x03002c4c        0x4 load address 0x08050760
                0x03002c4c                        __fini_array_start = ABSOLUTE (.)
 *(SORT_BY_NAME(.fini_array.*))
 *(.fini_array)
 .fini_array    0x03002c4c        0x4 C:/devkitPro/devkitARM/bin/../lib/gcc/arm-none-eabi/14.1.0/thumb/crtbegin.o
                0x03002c50                        __fini_array_end = ABSOLUTE (.)
                0x08050764                        __jcr_lma = (__fini_lma + SIZEOF (.fini_array))

.jcr
 *(.jcr)
                0x03002c50                        __data_end__ = ABSOLUTE (.)
                0x08050764                        __iwram_overlay_lma = (__jcr_lma + SIZEOF (.jcr))
                0x03002c50                        __iwram_overlay_start = .

.iwram0         0x03002c50        0x0 load address 0x08050764
 *(.iwram0)
                0x03002c50                        . = ALIGN (0x4)
                0x08050764                        PROVIDE (__load_start_iwram0 = LOADADDR (.iwram0))
                0x08050764                        PROVIDE (__load_stop_iwram0 = (LOADADDR (.iwram0) + SIZEOF (.iwram0)))

.iwram1         0x03002c50        0x0
 *(.iwram1)
                0x03002c50                        . = ALIGN (0x4)
                [!provide]                        PROVIDE (__load_start_iwram1 = LOADADDR (.iwram1))
                [!provide]                        PROVIDE (__load_stop_iwram1 = (LOADADDR (.iwram1) + SIZEOF (.iwram1)))

.iwram2         0x03002c50        0x0
 *(.iwram2)
                0x03002c50                        . = ALIGN (0x4)
                [!provide]                        PROVIDE (__load_start_iwram2 = LOADADDR (.iwram2))
                [!provide]                        PROVIDE (__load_stop_iwram2 = (LOADADDR (.iwram2) + SIZEOF (.iwram2)))

.iwram3         0x03002c50        0x0
 *(.iwram3)
                0x03002c50                        . = ALIGN (0x4)
                [!provide]                        PROVIDE (__load_start_iwram3 = LOADADDR (.iwram3))
                [!provide]                        PROVIDE (__load_stop_iwram3 = (LOADADDR (.iwram3) + SIZEOF (.iwram3)))

.iwram4         0x03002c50        0x0
 *(.iwram4)
                0x03002c50                        . = ALIGN (0x4)
                [!provide]                        PROVIDE (__load_start_iwram4 = LOADADDR (.iwram4))
                [!provide]                        PROVIDE (__load_stop_iwram4 = (LOADADDR (.iwram4) + SIZEOF (.iwram4)))

.iwram5         0x03002c50        0x0
 *(.iwram5)
                0x03002c50                        . = ALIGN (0x4)
                [!provide]                        PROVIDE (__load_start_iwram5 = LOADADDR (.iwram5))
                [!provide]                        PROVIDE (__load_stop_iwram5 = (LOADADDR (.iwram5) + SIZEOF (.iwram5)))

.iwram6         0x03002c50        0x0
 *(.iwram6)
                0x03002c50                        . = ALIGN (0x4)
                [!provide]                        PROVIDE (__load_start_iwram6 = LOADADDR (.iwram6))
                [!provide]                        PROVIDE (__load_stop_iwram6 = (LOADADDR (.iwram6) + SIZEOF (.iwram6)))

.iwram7         0x03002c50        0x0
 *(.iwram7)
                0x03002c50                        . = ALIGN (0x4)
                [!provide]                        PROVIDE (__load_start_iwram7 = LOADADDR (.iwram7))
                [!provide]                        PROVIDE (__load_stop_iwram7 = (LOADADDR (.iwram7) + SIZEOF (.iwram7)))

.iwram8         0x03002c50        0x0
 *(.iwram8)
                0x03002c50                        . = ALIGN (0x4)
                [!provide]                        PROVIDE (__load_start_iwram8 = LOADADDR (.iwram8))
                [!provide]                        PROVIDE (__load_stop_iwram8 = (LOADADDR (.iwram8) + SIZEOF (.iwram8)))

.iwram9         0x03002c50        0x0
 *(.iwram9)
                0x03002c50                        . = ALIGN (0x4)
                [!provide]                        PROVIDE (__load_start_iwram9 = LOADADDR (.iwram9))
                [!provide]                        PROVIDE (__load_stop_iwram9 = (LOADADDR (.iwram9) + SIZEOF (.iwram9)))
                0x03002c50                        __iwram_overlay_end = .
                0x08050764                        __ewram_lma = (__iwram_overlay_lma + (__iwram_overlay_end - __iwram_overlay_start))
                0x03002c50                        __iheap_start = .
                0x02000000                        __ewram_start = ORIGIN (ewram)

.ewram          0x02000000       0xf4 load address 0x08050764
 *(.ewram*)
 .ewram         0x02000000        0xc C:\Users\Sergio\AppData\Local\Temp\cczJOreh.ltrans0.ltrans.o
                0x02000000                Vgm
 .ewram         0x0200000c       0x4a C:\Users\Sergio\AppData\Local\Temp\cczJOreh.ltrans1.ltrans.o
                0x0200000c                __tte_main_context
 *fill*         0x02000056        0x2 ff
 .ewram         0x02000058       0x9c bn_hw_game_pak.bn_ewram.o
                0x02000058                bn::hw::game_pak::_slow_game_pak()
                0x020000f4                        . = ALIGN (0x4)
                0x020000f4                        __ewram_end = ABSOLUTE (.)
                0x08050858                        __pad_lma = (__ewram_lma + SIZEOF (.ewram))

.sbss           0x020000f4     0x8204
                0x020000f4                        __sbss_start__ = ABSOLUTE (.)
 *(.sbss*)
 .sbss          0x020000f4     0x8204 C:\Users\Sergio\AppData\Local\Temp\cczJOreh.ltrans0.ltrans.o
                0x020000f4                _ZN2bn15cameras_manager12_GLOBAL__N_14dataE.lto_priv.0
                0x0200012c                _ZN2bn14keypad_manager12_GLOBAL__N_14dataE.lto_priv.0
                0x02000144                _ZN2bn2hw5audio12_GLOBAL__N_14dataE.lto_priv.0
                0x02000190                _ZN2bn4core12_GLOBAL__N_14dataE.lto_priv.0
                0x020001d8                _ZN2bn12hdma_manager12_GLOBAL__N_14dataE.lto_priv.0
                0x02000210                _ZN2bn14memory_manager12_GLOBAL__N_14dataE.lto_priv.0
                0x02000220                gbt.lto_priv.0
                0x020002b8                _ZN2bn17bg_blocks_manager12_GLOBAL__N_14dataE.lto_priv.0
                0x0200049c                _ZN2bn20sprite_tiles_manager12_GLOBAL__N_14dataE.lto_priv.0
                0x02002660                _ZN2bn13audio_manager12_GLOBAL__N_14dataE.lto_priv.0
                0x020027d4                _ZN2bn2hw4link12_GLOBAL__N_14dataE.lto_priv.0
                0x02002904                _ZN2bn22hblank_effects_manager12_GLOBAL__N_113external_dataE.lto_priv.0
                0x02004348                _ZN2bn15display_manager12_GLOBAL__N_14dataE.lto_priv.0
                0x020043ec                _ZN2bn26sprite_affine_mats_manager12_GLOBAL__N_14dataE.lto_priv.0
                0x02004cb4                _ZN2bn16palettes_manager12_GLOBAL__N_14dataE.lto_priv.0
                0x020059fc                _ZN2bn15sprites_manager12_GLOBAL__N_14dataE.lto_priv.0
                0x0200804c                _ZN2bn11bgs_manager12_GLOBAL__N_14dataE.lto_priv.0
                0x020082f8                        . = ALIGN (0x4)
                0x020082f8                        __sbss_end__ = ABSOLUTE (.)
                0x020082f8                        __end__ = ABSOLUTE (.)
                0x020082f8                        __eheap_start = ABSOLUTE (.)

.pad            0x020082f8        0x8 load address 0x08050858
                0x020082f8        0x4 LONG 0x52416b64
                0x020082fc        0x4 LONG 0x4d
                0x02008300                        . = ALIGN (0x4)
                0x08050860                        __rom_end__ = (__pad_lma + SIZEOF (.pad))

.rel.dyn        0x02008300        0x0 load address 0x08050860
 .rel.iplt      0x02008300        0x0 C:/devkitPro/devkitARM/bin/../lib/gcc/arm-none-eabi/14.1.0/../../../../arm-none-eabi/lib/thumb/gba_crt0.o

.stab
 *(.stab)

.stabstr
 *(.stabstr)

.stab.excl
 *(.stab.excl)

.stab.exclstr
 *(.stab.exclstr)

.stab.index
 *(.stab.index)

.stab.indexstr
 *(.stab.indexstr)

.comment        0x00000000       0x23
 *(.comment)
 .comment       0x00000000       0x23 C:/devkitPro/devkitARM/bin/../lib/gcc/arm-none-eabi/14.1.0/thumb/crtbegin.o
                                 0x24 (size before relaxing)
 .comment       0x00000023       0x24 C:\Users\Sergio\AppData\Local\Temp\cczJOreh.ltrans0.ltrans.o
 .comment       0x00000023       0x24 C:\Users\Sergio\AppData\Local\Temp\cczJOreh.ltrans1.ltrans.o
 .comment       0x00000023       0x24 C:\Users\Sergio\AppData\Local\Temp\cczJOreh.ltrans2.ltrans.o
 .comment       0x00000023       0x24 bn_sprites_manager.bn_iwram.o
 .comment       0x00000023       0x24 bn_hw_common.bn_noflto.o
 .comment       0x00000023       0x24 bn_hw_game_pak.bn_ewram.o
 .comment       0x00000023       0x24 bn_hw_palettes.bn_iwram.o
 .comment       0x00000023       0x24 bn_hw_sprite_tiles.bn_iwram.o
 .comment       0x00000023       0x24 C:/devkitPro/devkitARM/bin/../lib/gcc/arm-none-eabi/14.1.0/thumb/crtend.o

.debug
 *(.debug)

.line
 *(.line)

.debug_srcinfo
 *(.debug_srcinfo)

.debug_sfnames
 *(.debug_sfnames)

.debug_aranges  0x00000000      0x608
 *(.debug_aranges)
 .debug_aranges
                0x00000000       0x28 C:\Users\Sergio\AppData\Local\Temp\cczJOreh.ltrans0.ltrans.o
 .debug_aranges
                0x00000028       0x20 C:\Users\Sergio\AppData\Local\Temp\cczJOreh.ltrans1.ltrans.o
 .debug_aranges
                0x00000048       0x20 C:\Users\Sergio\AppData\Local\Temp\cczJOreh.ltrans2.ltrans.o
 .debug_aranges
                0x00000068       0x30 bn_sprites_manager.bn_iwram.o
 .debug_aranges
                0x00000098       0x58 bn_hw_common.bn_noflto.o
 .debug_aranges
                0x000000f0       0x20 bn_hw_game_pak.bn_ewram.o
 .debug_aranges
                0x00000110       0x28 bn_hw_palettes.bn_iwram.o
 .debug_aranges
                0x00000138       0x20 bn_hw_sprite_tiles.bn_iwram.o
 .debug_aranges
                0x00000158       0x20 bn_hw_bg_blocks.o
 .debug_aranges
                0x00000178       0x20 bn_hw_hblank_effects.o
 .debug_aranges
                0x00000198       0x20 bn_hw_palettes_asm.o
 .debug_aranges
                0x000001b8       0x20 clr_blend_fast.o
 .debug_aranges
                0x000001d8       0x20 clr_fade_fast.o
 .debug_aranges
                0x000001f8      0x130 tonc_bios.o
 .debug_aranges
                0x00000328       0x28 tonc_memset.o
 .debug_aranges
                0x00000350       0x20 irq_handler.o
 .debug_aranges
                0x00000370       0x20 posprintf.o
 .debug_aranges
                0x00000390       0x38 lmul.o
 .debug_aranges
                0x000003c8       0x30 memcpy.o
 .debug_aranges
                0x000003f8       0x38 memmove.o
 .debug_aranges
                0x00000430       0x38 memset.o
 .debug_aranges
                0x00000468       0x28 rmemcpy.o
 .debug_aranges
                0x00000490       0x20 sdiv32.o
 .debug_aranges
                0x000004b0       0x20 udiv32.o
 .debug_aranges
                0x000004d0       0x20 huffman.o
 .debug_aranges
                0x000004f0       0x20 lz77.o
 .debug_aranges
                0x00000510       0x20 running_length.o
 .debug_aranges
                0x00000530       0x20 mm_effect.o
 .debug_aranges
                0x00000550       0x20 mm_main.o
 .debug_aranges
                0x00000570       0x28 mm_mas.o
 .debug_aranges
                0x00000598       0x20 mm_mas_arm.o
 .debug_aranges
                0x000005b8       0x28 mm_main_gba.o
 .debug_aranges
                0x000005e0       0x28 mm_mixer_gba.o

.debug_pubnames
 *(.debug_pubnames)

.debug_info     0x00000000   0x276f81
 *(.debug_info)
 .debug_info    0x00000000    0x35f97 C:\Users\Sergio\AppData\Local\Temp\cczJOreh.ltrans0.ltrans.o
 .debug_info    0x00035f97    0x219d2 C:\Users\Sergio\AppData\Local\Temp\cczJOreh.ltrans1.ltrans.o
 .debug_info    0x00057969    0x14744 C:\Users\Sergio\AppData\Local\Temp\cczJOreh.ltrans2.ltrans.o
 .debug_info    0x0006c0ad     0xd1c2 C:\Users\Sergio\AppData\Local\Temp\ccnfWjeD.debug.temp.o
                0x0006c0ad                catgame_enemy.cpp.2a96c938
 .debug_info    0x0007926f     0xbbd0 C:\Users\Sergio\AppData\Local\Temp\ccMli0pT.debug.temp.o
                0x0007926f                catgame_history.cpp.fffd662d
 .debug_info    0x00084e3f     0x1a15 C:\Users\Sergio\AppData\Local\Temp\ccbs43U8.debug.temp.o
                0x00084e3f                catgame_hitbox.cpp.f7f2ceb7
 .debug_info    0x00086854     0xcadf C:\Users\Sergio\AppData\Local\Temp\ccMwiIIo.debug.temp.o
                0x00086854                catgame_intro.cpp.e552bd2e
 .debug_info    0x00093333     0x80e0 C:\Users\Sergio\AppData\Local\Temp\cc5xLGxD.debug.temp.o
                0x00093333                catgame_logo.cpp.909c519b
 .debug_info    0x0009b413    0x12e8d C:\Users\Sergio\AppData\Local\Temp\cce6rCMR.debug.temp.o
                0x0009b413                catgame_lvl_gym.cpp.02b3d6c5
 .debug_info    0x000ae2a0    0x139e7 C:\Users\Sergio\AppData\Local\Temp\cchLbtba.debug.temp.o
                0x000ae2a0                catgame_lvl1.cpp.cd66225e
 .debug_info    0x000c1c87    0x13825 C:\Users\Sergio\AppData\Local\Temp\ccKtUJQs.debug.temp.o
                0x000c1c87                catgame_lvl2.cpp.77b1b694
 .debug_info    0x000d54ac    0x105c2 C:\Users\Sergio\AppData\Local\Temp\ccBcliEJ.debug.temp.o
                0x000d54ac                catgame_minigame_1.cpp.6c736b53
 .debug_info    0x000e5a6e     0xbc65 C:\Users\Sergio\AppData\Local\Temp\ccUPTZb4.debug.temp.o
                0x000e5a6e                catgame_player.cpp.9e44ccdf
 .debug_info    0x000f16d3     0x74bd C:\Users\Sergio\AppData\Local\Temp\ccxXKj9o.debug.temp.o
                0x000f16d3                catgame_trigger.cpp.41cdbd37
 .debug_info    0x000f8b90     0x8d2b C:\Users\Sergio\AppData\Local\Temp\ccE4xhsJ.debug.temp.o
                0x000f8b90                common_info.cpp.a0c3e114
 .debug_info    0x001018bb     0x9574 C:\Users\Sergio\AppData\Local\Temp\ccHBJK42.debug.temp.o
                0x001018bb                main.cpp.1665ed69
 .debug_info    0x0010ae2f     0x96a3 C:\Users\Sergio\AppData\Local\Temp\ccawwsYl.debug.temp.o
                0x0010ae2f                bn_affine_bg_animate_actions.cpp.e74739b4
 .debug_info    0x001144d2     0xdb21 C:\Users\Sergio\AppData\Local\Temp\ccJvAchF.debug.temp.o
                0x001144d2                bn_audio_manager.cpp.c7a52476
 .debug_info    0x00121ff3     0x45a8 C:\Users\Sergio\AppData\Local\Temp\ccq1Got2.debug.temp.o
                0x00121ff3                bn_best_fit_allocator.cpp.54a39eb5
 .debug_info    0x0012659b    0x1c99a C:\Users\Sergio\AppData\Local\Temp\ccRmiLso.debug.temp.o
                0x0012659b                bn_bg_blocks_manager.cpp.8bbb75f2
 .debug_info    0x00142f35    0x1e88a C:\Users\Sergio\AppData\Local\Temp\ccGWC67J.debug.temp.o
                0x00142f35                bn_bgs_manager.cpp.b2a48d40
 .debug_info    0x001617bf     0x4d11 C:\Users\Sergio\AppData\Local\Temp\ccXqnUS9.debug.temp.o
                0x001617bf                bn_cameras_manager.cpp.f0cc3966
 .debug_info    0x001664d0     0x64a7 C:\Users\Sergio\AppData\Local\Temp\ccMSndHy.debug.temp.o
                0x001664d0                bn_core.cpp.12fe1f41
 .debug_info    0x0016c977    0x13e13 C:\Users\Sergio\AppData\Local\Temp\ccrBX0OW.debug.temp.o
                0x0016c977                bn_display_manager.cpp.8f39e9b5
 .debug_info    0x0018078a     0x4c6f C:\Users\Sergio\AppData\Local\Temp\ccCMZHjl.debug.temp.o
                0x0018078a                bn_gpio_manager.cpp.9108806b
 .debug_info    0x001853f9    0x39136 C:\Users\Sergio\AppData\Local\Temp\ccHOCL7I.debug.temp.o
                0x001853f9                bn_hblank_effects_manager.cpp.c1342847
 .debug_info    0x001be52f     0x1d27 C:\Users\Sergio\AppData\Local\Temp\ccYg26Ea.debug.temp.o
                0x001be52f                bn_hdma_manager.cpp.967aafa5
 .debug_info    0x001c0256     0x4a03 C:\Users\Sergio\AppData\Local\Temp\ccJe6o4A.debug.temp.o
                0x001c0256                bn_keypad_manager.cpp.b3f703fa
 .debug_info    0x001c4c59     0x4dbc C:\Users\Sergio\AppData\Local\Temp\cckJfAV1.debug.temp.o
                0x001c4c59                bn_link_manager.cpp.9128f562
 .debug_info    0x001c9a15     0x4cb7 C:\Users\Sergio\AppData\Local\Temp\ccT4CwSr.debug.temp.o
                0x001c9a15                bn_memory_manager.cpp.4c15fab7
 .debug_info    0x001ce6cc     0xf0a6 C:\Users\Sergio\AppData\Local\Temp\cc2EsMRV.debug.temp.o
                0x001ce6cc                bn_palettes_manager.cpp.3b5670f4
 .debug_info    0x001dd772     0xf973 C:\Users\Sergio\AppData\Local\Temp\ccd3PHYl.debug.temp.o
                0x001dd772                bn_sprite_affine_mats_manager.cpp.ff108f1c
 .debug_info    0x001ed0e5     0x8e56 C:\Users\Sergio\AppData\Local\Temp\ccKTvrkS.debug.temp.o
                0x001ed0e5                bn_sprite_animate_actions.cpp.033832e0
 .debug_info    0x001f5f3b    0x145e9 C:\Users\Sergio\AppData\Local\Temp\ccR2xCWo.debug.temp.o
                0x001f5f3b                bn_sprite_text_generator.cpp.3bce1910
 .debug_info    0x0020a524     0xde85 C:\Users\Sergio\AppData\Local\Temp\cc2vnALU.debug.temp.o
                0x0020a524                bn_sprite_tiles_manager.cpp.eed3e239
 .debug_info    0x002183a9    0x1a647 C:\Users\Sergio\AppData\Local\Temp\cct7I4cq.debug.temp.o
                0x002183a9                bn_sprites_manager.cpp.153ebd4b
 .debug_info    0x002329f0     0x5df9 C:\Users\Sergio\AppData\Local\Temp\cc26UEgV.debug.temp.o
                0x002329f0                bn_sstream.cpp.ac2deeae
 .debug_info    0x002387e9    0x10961 C:\Users\Sergio\AppData\Local\Temp\ccrnYifu.debug.temp.o
                0x002387e9                bn_translation_unit.cpp.56a57108
 .debug_info    0x0024914a     0x59a1 C:\Users\Sergio\AppData\Local\Temp\ccegh8o2.debug.temp.o
                0x0024914a                bn_hw_audio.cpp.fc2e12ad
 .debug_info    0x0024eaeb     0x155e C:\Users\Sergio\AppData\Local\Temp\ccrwbcQz.debug.temp.o
                0x0024eaeb                bn_hw_cstdlib.cpp.a93f252e
 .debug_info    0x00250049     0x5b63 C:\Users\Sergio\AppData\Local\Temp\ccxg20sE.debug.temp.o
                0x00250049                bn_hw_link.cpp.001f7bf3
 .debug_info    0x00255bac     0x49b3 C:\Users\Sergio\AppData\Local\Temp\ccPQ2qOM.debug.temp.o
                0x00255bac                bn_hw_palettes.cpp.60216126
 .debug_info    0x0025a55f     0x5f99 C:\Users\Sergio\AppData\Local\Temp\cc0rsd5n.debug.temp.o
                0x0025a55f                bn_hw_show.cpp.75ca1e2d
 .debug_info    0x002604f8      0x549 C:\Users\Sergio\AppData\Local\Temp\ccPhbFHY.debug.temp.o
                0x002604f8                bn_hw_sram.cpp.85cb9265
 .debug_info    0x00260a41      0x6c7 C:\Users\Sergio\AppData\Local\Temp\ccOK7Grz.debug.temp.o
                0x00260a41                bn_hw_system_font.cpp.91e85e7c
 .debug_info    0x00261108     0x41c0 C:\Users\Sergio\AppData\Local\Temp\ccbOC2fa.debug.temp.o
                0x00261108                bn_hw_text.cpp.50d88a6f
 .debug_info    0x002652c8      0x64e C:\Users\Sergio\AppData\Local\Temp\ccCLXeBJ.debug.temp.o
                0x002652c8                vgm.cpp.6a9eb84b
 .debug_info    0x00265916      0x594 C:\Users\Sergio\AppData\Local\Temp\ccpoOTij.debug.temp.o
                0x00265916                tonc_color.c.cad8444b
 .debug_info    0x00265eaa      0x5e1 C:\Users\Sergio\AppData\Local\Temp\ccGG6HzW.debug.temp.o
                0x00265eaa                tonc_sbmp16.c.a3e3e1c0
 .debug_info    0x0026648b      0x596 C:\Users\Sergio\AppData\Local\Temp\cccTVMzt.debug.temp.o
                0x0026648b                bmp16_drawg_b1cs.c.d3c62f5b
 .debug_info    0x00266a21      0x4cf C:\Users\Sergio\AppData\Local\Temp\ccP2t8O6.debug.temp.o
                0x00266a21                tte_init_bmp.c.f471ffd0
 .debug_info    0x00266ef0      0x9be C:\Users\Sergio\AppData\Local\Temp\ccqLifZI.debug.temp.o
                0x00266ef0                tte_main.c.cc86772d
 .debug_info    0x002678ae      0x1b3 C:\Users\Sergio\AppData\Local\Temp\cctisPvl.debug.temp.o
                0x002678ae                interrupts_gba.c.4abbfea2
 .debug_info    0x00267a61     0x119b C:\Users\Sergio\AppData\Local\Temp\ccIK8RFb.debug.temp.o
                0x00267a61                gbt_player.c.e1b0f848
 .debug_info    0x00268bfc     0xa5b1 bn_sprites_manager.bn_iwram.o
 .debug_info    0x002731ad     0x19e4 bn_hw_common.bn_noflto.o
 .debug_info    0x00274b91      0x614 bn_hw_game_pak.bn_ewram.o
 .debug_info    0x002751a5     0x1104 bn_hw_palettes.bn_iwram.o
 .debug_info    0x002762a9      0x7a3 bn_hw_sprite_tiles.bn_iwram.o
 .debug_info    0x00276a4c       0x23 bn_hw_bg_blocks.o
 .debug_info    0x00276a6f       0x24 bn_hw_hblank_effects.o
 .debug_info    0x00276a93       0x23 bn_hw_palettes_asm.o
 .debug_info    0x00276ab6       0x30 clr_blend_fast.o
 .debug_info    0x00276ae6       0x23 clr_fade_fast.o
 .debug_info    0x00276b09      0x1c8 tonc_bios.o
 .debug_info    0x00276cd1       0x3a tonc_memset.o
 .debug_info    0x00276d0b       0x24 irq_handler.o
 .debug_info    0x00276d2f       0x24 posprintf.o
 .debug_info    0x00276d53       0x22 lmul.o
 .debug_info    0x00276d75       0x22 memcpy.o
 .debug_info    0x00276d97       0x22 memmove.o
 .debug_info    0x00276db9       0x22 memset.o
 .debug_info    0x00276ddb       0x22 rmemcpy.o
 .debug_info    0x00276dfd       0x23 sdiv32.o
 .debug_info    0x00276e20       0x24 udiv32.o
 .debug_info    0x00276e44       0x24 huffman.o
 .debug_info    0x00276e68       0x24 lz77.o
 .debug_info    0x00276e8c       0x24 running_length.o
 .debug_info    0x00276eb0       0x24 mm_effect.o
 .debug_info    0x00276ed4       0x23 mm_main.o
 .debug_info    0x00276ef7       0x22 mm_mas.o
 .debug_info    0x00276f19       0x24 mm_mas_arm.o
 .debug_info    0x00276f3d       0x22 mm_main_gba.o
 .debug_info    0x00276f5f       0x22 mm_mixer_gba.o

.debug_abbrev   0x00000000    0x1f909
 *(.debug_abbrev)
 .debug_abbrev  0x00000000      0x367 C:\Users\Sergio\AppData\Local\Temp\cczJOreh.ltrans0.ltrans.o
 .debug_abbrev  0x00000367      0x393 C:\Users\Sergio\AppData\Local\Temp\cczJOreh.ltrans1.ltrans.o
 .debug_abbrev  0x000006fa      0x20f C:\Users\Sergio\AppData\Local\Temp\cczJOreh.ltrans2.ltrans.o
 .debug_abbrev  0x00000909      0xcb2 C:\Users\Sergio\AppData\Local\Temp\ccnfWjeD.debug.temp.o
 .debug_abbrev  0x000015bb      0xb41 C:\Users\Sergio\AppData\Local\Temp\ccMli0pT.debug.temp.o
 .debug_abbrev  0x000020fc      0x4e5 C:\Users\Sergio\AppData\Local\Temp\ccbs43U8.debug.temp.o
 .debug_abbrev  0x000025e1      0xa8b C:\Users\Sergio\AppData\Local\Temp\ccMwiIIo.debug.temp.o
 .debug_abbrev  0x0000306c      0xac0 C:\Users\Sergio\AppData\Local\Temp\cc5xLGxD.debug.temp.o
 .debug_abbrev  0x00003b2c      0xcfc C:\Users\Sergio\AppData\Local\Temp\cce6rCMR.debug.temp.o
 .debug_abbrev  0x00004828      0xd24 C:\Users\Sergio\AppData\Local\Temp\cchLbtba.debug.temp.o
 .debug_abbrev  0x0000554c      0xd60 C:\Users\Sergio\AppData\Local\Temp\ccKtUJQs.debug.temp.o
 .debug_abbrev  0x000062ac      0xc31 C:\Users\Sergio\AppData\Local\Temp\ccBcliEJ.debug.temp.o
 .debug_abbrev  0x00006edd      0xbb0 C:\Users\Sergio\AppData\Local\Temp\ccUPTZb4.debug.temp.o
 .debug_abbrev  0x00007a8d      0xa2f C:\Users\Sergio\AppData\Local\Temp\ccxXKj9o.debug.temp.o
 .debug_abbrev  0x000084bc      0xa1e C:\Users\Sergio\AppData\Local\Temp\ccE4xhsJ.debug.temp.o
 .debug_abbrev  0x00008eda      0xac4 C:\Users\Sergio\AppData\Local\Temp\ccHBJK42.debug.temp.o
 .debug_abbrev  0x0000999e      0xa09 C:\Users\Sergio\AppData\Local\Temp\ccawwsYl.debug.temp.o
 .debug_abbrev  0x0000a3a7      0xde4 C:\Users\Sergio\AppData\Local\Temp\ccJvAchF.debug.temp.o
 .debug_abbrev  0x0000b18b      0x882 C:\Users\Sergio\AppData\Local\Temp\ccq1Got2.debug.temp.o
 .debug_abbrev  0x0000ba0d      0xdd0 C:\Users\Sergio\AppData\Local\Temp\ccRmiLso.debug.temp.o
 .debug_abbrev  0x0000c7dd     0x10f6 C:\Users\Sergio\AppData\Local\Temp\ccGWC67J.debug.temp.o
 .debug_abbrev  0x0000d8d3      0x9f8 C:\Users\Sergio\AppData\Local\Temp\ccXqnUS9.debug.temp.o
 .debug_abbrev  0x0000e2cb      0xb46 C:\Users\Sergio\AppData\Local\Temp\ccMSndHy.debug.temp.o
 .debug_abbrev  0x0000ee11      0xcb1 C:\Users\Sergio\AppData\Local\Temp\ccrBX0OW.debug.temp.o
 .debug_abbrev  0x0000fac2      0x921 C:\Users\Sergio\AppData\Local\Temp\ccCMZHjl.debug.temp.o
 .debug_abbrev  0x000103e3     0x1054 C:\Users\Sergio\AppData\Local\Temp\ccHOCL7I.debug.temp.o
 .debug_abbrev  0x00011437      0x606 C:\Users\Sergio\AppData\Local\Temp\ccYg26Ea.debug.temp.o
 .debug_abbrev  0x00011a3d      0x8b3 C:\Users\Sergio\AppData\Local\Temp\ccJe6o4A.debug.temp.o
 .debug_abbrev  0x000122f0      0x991 C:\Users\Sergio\AppData\Local\Temp\cckJfAV1.debug.temp.o
 .debug_abbrev  0x00012c81      0x910 C:\Users\Sergio\AppData\Local\Temp\ccT4CwSr.debug.temp.o
 .debug_abbrev  0x00013591      0xdc2 C:\Users\Sergio\AppData\Local\Temp\cc2EsMRV.debug.temp.o
 .debug_abbrev  0x00014353      0xead C:\Users\Sergio\AppData\Local\Temp\ccd3PHYl.debug.temp.o
 .debug_abbrev  0x00015200      0x9c1 C:\Users\Sergio\AppData\Local\Temp\ccKTvrkS.debug.temp.o
 .debug_abbrev  0x00015bc1      0xcab C:\Users\Sergio\AppData\Local\Temp\ccR2xCWo.debug.temp.o
 .debug_abbrev  0x0001686c      0xdee C:\Users\Sergio\AppData\Local\Temp\cc2vnALU.debug.temp.o
 .debug_abbrev  0x0001765a      0xeea C:\Users\Sergio\AppData\Local\Temp\cct7I4cq.debug.temp.o
 .debug_abbrev  0x00018544      0x79e C:\Users\Sergio\AppData\Local\Temp\cc26UEgV.debug.temp.o
 .debug_abbrev  0x00018ce2      0xcbf C:\Users\Sergio\AppData\Local\Temp\ccrnYifu.debug.temp.o
 .debug_abbrev  0x000199a1      0xb98 C:\Users\Sergio\AppData\Local\Temp\ccegh8o2.debug.temp.o
 .debug_abbrev  0x0001a539      0x519 C:\Users\Sergio\AppData\Local\Temp\ccrwbcQz.debug.temp.o
 .debug_abbrev  0x0001aa52      0x9dc C:\Users\Sergio\AppData\Local\Temp\ccxg20sE.debug.temp.o
 .debug_abbrev  0x0001b42e      0x7d4 C:\Users\Sergio\AppData\Local\Temp\ccPQ2qOM.debug.temp.o
 .debug_abbrev  0x0001bc02      0x9c8 C:\Users\Sergio\AppData\Local\Temp\cc0rsd5n.debug.temp.o
 .debug_abbrev  0x0001c5ca      0x192 C:\Users\Sergio\AppData\Local\Temp\ccPhbFHY.debug.temp.o
 .debug_abbrev  0x0001c75c      0x228 C:\Users\Sergio\AppData\Local\Temp\ccOK7Grz.debug.temp.o
 .debug_abbrev  0x0001c984      0x70d C:\Users\Sergio\AppData\Local\Temp\ccbOC2fa.debug.temp.o
 .debug_abbrev  0x0001d091      0x1a4 C:\Users\Sergio\AppData\Local\Temp\ccCLXeBJ.debug.temp.o
 .debug_abbrev  0x0001d235       0xf4 C:\Users\Sergio\AppData\Local\Temp\ccpoOTij.debug.temp.o
 .debug_abbrev  0x0001d329      0x1c6 C:\Users\Sergio\AppData\Local\Temp\ccGG6HzW.debug.temp.o
 .debug_abbrev  0x0001d4ef      0x174 C:\Users\Sergio\AppData\Local\Temp\cccTVMzt.debug.temp.o
 .debug_abbrev  0x0001d663      0x1b1 C:\Users\Sergio\AppData\Local\Temp\ccP2t8O6.debug.temp.o
 .debug_abbrev  0x0001d814      0x266 C:\Users\Sergio\AppData\Local\Temp\ccqLifZI.debug.temp.o
 .debug_abbrev  0x0001da7a       0xed C:\Users\Sergio\AppData\Local\Temp\cctisPvl.debug.temp.o
 .debug_abbrev  0x0001db67      0x187 C:\Users\Sergio\AppData\Local\Temp\ccIK8RFb.debug.temp.o
 .debug_abbrev  0x0001dcee      0xabc bn_sprites_manager.bn_iwram.o
 .debug_abbrev  0x0001e7aa      0x606 bn_hw_common.bn_noflto.o
 .debug_abbrev  0x0001edb0      0x1e0 bn_hw_game_pak.bn_ewram.o
 .debug_abbrev  0x0001ef90      0x4db bn_hw_palettes.bn_iwram.o
 .debug_abbrev  0x0001f46b      0x282 bn_hw_sprite_tiles.bn_iwram.o
 .debug_abbrev  0x0001f6ed       0x14 bn_hw_bg_blocks.o
 .debug_abbrev  0x0001f701       0x14 bn_hw_hblank_effects.o
 .debug_abbrev  0x0001f715       0x14 bn_hw_palettes_asm.o
 .debug_abbrev  0x0001f729       0x28 clr_blend_fast.o
 .debug_abbrev  0x0001f751       0x14 clr_fade_fast.o
 .debug_abbrev  0x0001f765       0x26 tonc_bios.o
 .debug_abbrev  0x0001f78b       0x26 tonc_memset.o
 .debug_abbrev  0x0001f7b1       0x14 irq_handler.o
 .debug_abbrev  0x0001f7c5       0x14 posprintf.o
 .debug_abbrev  0x0001f7d9       0x12 lmul.o
 .debug_abbrev  0x0001f7eb       0x12 memcpy.o
 .debug_abbrev  0x0001f7fd       0x12 memmove.o
 .debug_abbrev  0x0001f80f       0x12 memset.o
 .debug_abbrev  0x0001f821       0x12 rmemcpy.o
 .debug_abbrev  0x0001f833       0x14 sdiv32.o
 .debug_abbrev  0x0001f847       0x14 udiv32.o
 .debug_abbrev  0x0001f85b       0x14 huffman.o
 .debug_abbrev  0x0001f86f       0x14 lz77.o
 .debug_abbrev  0x0001f883       0x14 running_length.o
 .debug_abbrev  0x0001f897       0x14 mm_effect.o
 .debug_abbrev  0x0001f8ab       0x14 mm_main.o
 .debug_abbrev  0x0001f8bf       0x12 mm_mas.o
 .debug_abbrev  0x0001f8d1       0x14 mm_mas_arm.o
 .debug_abbrev  0x0001f8e5       0x12 mm_main_gba.o
 .debug_abbrev  0x0001f8f7       0x12 mm_mixer_gba.o

.debug_line     0x00000000    0x50c41
 *(.debug_line)
 .debug_line    0x00000000    0x19c4e C:\Users\Sergio\AppData\Local\Temp\cczJOreh.ltrans0.ltrans.o
 .debug_line    0x00019c4e    0x12702 C:\Users\Sergio\AppData\Local\Temp\cczJOreh.ltrans1.ltrans.o
 .debug_line    0x0002c350     0x8222 C:\Users\Sergio\AppData\Local\Temp\cczJOreh.ltrans2.ltrans.o
 .debug_line    0x00034572      0x918 C:\Users\Sergio\AppData\Local\Temp\ccnfWjeD.debug.temp.o
 .debug_line    0x00034e8a      0x8a3 C:\Users\Sergio\AppData\Local\Temp\ccMli0pT.debug.temp.o
 .debug_line    0x0003572d      0x469 C:\Users\Sergio\AppData\Local\Temp\ccbs43U8.debug.temp.o
 .debug_line    0x00035b96      0x957 C:\Users\Sergio\AppData\Local\Temp\ccMwiIIo.debug.temp.o
 .debug_line    0x000364ed      0x85e C:\Users\Sergio\AppData\Local\Temp\cc5xLGxD.debug.temp.o
 .debug_line    0x00036d4b      0xb29 C:\Users\Sergio\AppData\Local\Temp\cce6rCMR.debug.temp.o
 .debug_line    0x00037874      0xba6 C:\Users\Sergio\AppData\Local\Temp\cchLbtba.debug.temp.o
 .debug_line    0x0003841a      0xaef C:\Users\Sergio\AppData\Local\Temp\ccKtUJQs.debug.temp.o
 .debug_line    0x00038f09      0xb1d C:\Users\Sergio\AppData\Local\Temp\ccBcliEJ.debug.temp.o
 .debug_line    0x00039a26      0x811 C:\Users\Sergio\AppData\Local\Temp\ccUPTZb4.debug.temp.o
 .debug_line    0x0003a237      0x7a9 C:\Users\Sergio\AppData\Local\Temp\ccxXKj9o.debug.temp.o
 .debug_line    0x0003a9e0      0x799 C:\Users\Sergio\AppData\Local\Temp\ccE4xhsJ.debug.temp.o
 .debug_line    0x0003b179      0x8ef C:\Users\Sergio\AppData\Local\Temp\ccHBJK42.debug.temp.o
 .debug_line    0x0003ba68      0x704 C:\Users\Sergio\AppData\Local\Temp\ccawwsYl.debug.temp.o
 .debug_line    0x0003c16c      0x926 C:\Users\Sergio\AppData\Local\Temp\ccJvAchF.debug.temp.o
 .debug_line    0x0003ca92      0x5db C:\Users\Sergio\AppData\Local\Temp\ccq1Got2.debug.temp.o
 .debug_line    0x0003d06d      0xaf8 C:\Users\Sergio\AppData\Local\Temp\ccRmiLso.debug.temp.o
 .debug_line    0x0003db65      0xcc6 C:\Users\Sergio\AppData\Local\Temp\ccGWC67J.debug.temp.o
 .debug_line    0x0003e82b      0x6c7 C:\Users\Sergio\AppData\Local\Temp\ccXqnUS9.debug.temp.o
 .debug_line    0x0003eef2      0x9d0 C:\Users\Sergio\AppData\Local\Temp\ccMSndHy.debug.temp.o
 .debug_line    0x0003f8c2      0xc22 C:\Users\Sergio\AppData\Local\Temp\ccrBX0OW.debug.temp.o
 .debug_line    0x000404e4      0x6ae C:\Users\Sergio\AppData\Local\Temp\ccCMZHjl.debug.temp.o
 .debug_line    0x00040b92     0x1e86 C:\Users\Sergio\AppData\Local\Temp\ccHOCL7I.debug.temp.o
 .debug_line    0x00042a18      0x516 C:\Users\Sergio\AppData\Local\Temp\ccYg26Ea.debug.temp.o
 .debug_line    0x00042f2e      0x64f C:\Users\Sergio\AppData\Local\Temp\ccJe6o4A.debug.temp.o
 .debug_line    0x0004357d      0x73d C:\Users\Sergio\AppData\Local\Temp\cckJfAV1.debug.temp.o
 .debug_line    0x00043cba      0x7ad C:\Users\Sergio\AppData\Local\Temp\ccT4CwSr.debug.temp.o
 .debug_line    0x00044467      0xa1d C:\Users\Sergio\AppData\Local\Temp\cc2EsMRV.debug.temp.o
 .debug_line    0x00044e84      0xa1c C:\Users\Sergio\AppData\Local\Temp\ccd3PHYl.debug.temp.o
 .debug_line    0x000458a0      0x69d C:\Users\Sergio\AppData\Local\Temp\ccKTvrkS.debug.temp.o
 .debug_line    0x00045f3d      0x91e C:\Users\Sergio\AppData\Local\Temp\ccR2xCWo.debug.temp.o
 .debug_line    0x0004685b      0x8a6 C:\Users\Sergio\AppData\Local\Temp\cc2vnALU.debug.temp.o
 .debug_line    0x00047101      0xbad C:\Users\Sergio\AppData\Local\Temp\cct7I4cq.debug.temp.o
 .debug_line    0x00047cae      0x5e3 C:\Users\Sergio\AppData\Local\Temp\cc26UEgV.debug.temp.o
 .debug_line    0x00048291      0xa2b C:\Users\Sergio\AppData\Local\Temp\ccrnYifu.debug.temp.o
 .debug_line    0x00048cbc      0x809 C:\Users\Sergio\AppData\Local\Temp\ccegh8o2.debug.temp.o
 .debug_line    0x000494c5      0x42a C:\Users\Sergio\AppData\Local\Temp\ccrwbcQz.debug.temp.o
 .debug_line    0x000498ef      0x6ad C:\Users\Sergio\AppData\Local\Temp\ccxg20sE.debug.temp.o
 .debug_line    0x00049f9c      0x660 C:\Users\Sergio\AppData\Local\Temp\ccPQ2qOM.debug.temp.o
 .debug_line    0x0004a5fc      0x7a6 C:\Users\Sergio\AppData\Local\Temp\cc0rsd5n.debug.temp.o
 .debug_line    0x0004ada2      0x2fe C:\Users\Sergio\AppData\Local\Temp\ccPhbFHY.debug.temp.o
 .debug_line    0x0004b0a0      0x2d5 C:\Users\Sergio\AppData\Local\Temp\ccOK7Grz.debug.temp.o
 .debug_line    0x0004b375      0x622 C:\Users\Sergio\AppData\Local\Temp\ccbOC2fa.debug.temp.o
 .debug_line    0x0004b997      0x230 C:\Users\Sergio\AppData\Local\Temp\ccCLXeBJ.debug.temp.o
 .debug_line    0x0004bbc7       0xe5 C:\Users\Sergio\AppData\Local\Temp\ccpoOTij.debug.temp.o
 .debug_line    0x0004bcac       0xe8 C:\Users\Sergio\AppData\Local\Temp\ccGG6HzW.debug.temp.o
 .debug_line    0x0004bd94       0xf0 C:\Users\Sergio\AppData\Local\Temp\cccTVMzt.debug.temp.o
 .debug_line    0x0004be84       0xec C:\Users\Sergio\AppData\Local\Temp\ccP2t8O6.debug.temp.o
 .debug_line    0x0004bf70      0x12f C:\Users\Sergio\AppData\Local\Temp\ccqLifZI.debug.temp.o
 .debug_line    0x0004c09f      0x156 C:\Users\Sergio\AppData\Local\Temp\cctisPvl.debug.temp.o
 .debug_line    0x0004c1f5      0x153 C:\Users\Sergio\AppData\Local\Temp\ccIK8RFb.debug.temp.o
 .debug_line    0x0004c348      0xf47 bn_sprites_manager.bn_iwram.o
 .debug_line    0x0004d28f      0x651 bn_hw_common.bn_noflto.o
 .debug_line    0x0004d8e0      0x4a8 bn_hw_game_pak.bn_ewram.o
 .debug_line    0x0004dd88      0x6e3 bn_hw_palettes.bn_iwram.o
 .debug_line    0x0004e46b      0x3d5 bn_hw_sprite_tiles.bn_iwram.o
 .debug_line    0x0004e840       0x90 bn_hw_bg_blocks.o
 .debug_line    0x0004e8d0       0xa9 bn_hw_hblank_effects.o
 .debug_line    0x0004e979       0x80 bn_hw_palettes_asm.o
 .debug_line    0x0004e9f9       0xa0 clr_blend_fast.o
 .debug_line    0x0004ea99       0x9f clr_fade_fast.o
 .debug_line    0x0004eb38      0x2bb tonc_bios.o
 .debug_line    0x0004edf3       0xbe tonc_memset.o
 .debug_line    0x0004eeb1       0xdb irq_handler.o
 .debug_line    0x0004ef8c      0x1b5 posprintf.o
 .debug_line    0x0004f141       0xbb lmul.o
 .debug_line    0x0004f1fc       0xd1 memcpy.o
 .debug_line    0x0004f2cd       0xb1 memmove.o
 .debug_line    0x0004f37e       0xdb memset.o
 .debug_line    0x0004f459       0xbe rmemcpy.o
 .debug_line    0x0004f517       0x8c sdiv32.o
 .debug_line    0x0004f5a3       0xf5 udiv32.o
 .debug_line    0x0004f698       0xa8 huffman.o
 .debug_line    0x0004f740       0xee lz77.o
 .debug_line    0x0004f82e       0xc6 running_length.o
 .debug_line    0x0004f8f4      0x217 mm_effect.o
 .debug_line    0x0004fb0b       0x88 mm_main.o
 .debug_line    0x0004fb93      0xa77 mm_mas.o
 .debug_line    0x0005060a      0x1fd mm_mas_arm.o
 .debug_line    0x00050807      0x11b mm_main_gba.o
 .debug_line    0x00050922      0x31f mm_mixer_gba.o

.debug_frame    0x00000000     0x1d84
 *(.debug_frame)
 .debug_frame   0x00000000      0x654 C:\Users\Sergio\AppData\Local\Temp\cczJOreh.ltrans0.ltrans.o
 .debug_frame   0x00000654      0xdfc C:\Users\Sergio\AppData\Local\Temp\cczJOreh.ltrans1.ltrans.o
 .debug_frame   0x00001450      0x6f4 C:\Users\Sergio\AppData\Local\Temp\cczJOreh.ltrans2.ltrans.o
 .debug_frame   0x00001b44       0x94 bn_sprites_manager.bn_iwram.o
 .debug_frame   0x00001bd8       0xec bn_hw_common.bn_noflto.o
 .debug_frame   0x00001cc4       0x34 bn_hw_game_pak.bn_ewram.o
 .debug_frame   0x00001cf8       0x48 bn_hw_palettes.bn_iwram.o
 .debug_frame   0x00001d40       0x44 bn_hw_sprite_tiles.bn_iwram.o

.debug_str      0x00000000    0x985ee
 *(.debug_str)
 .debug_str     0x00000000      0x7e1 C:\Users\Sergio\AppData\Local\Temp\cczJOreh.ltrans0.ltrans.o
 .debug_str     0x00000000      0xa29 C:\Users\Sergio\AppData\Local\Temp\cczJOreh.ltrans1.ltrans.o
 .debug_str     0x00000000      0xec3 C:\Users\Sergio\AppData\Local\Temp\cczJOreh.ltrans2.ltrans.o
 .debug_str     0x00000000     0xd7c0 C:\Users\Sergio\AppData\Local\Temp\ccnfWjeD.debug.temp.o
 .debug_str     0x00000000     0xd50a C:\Users\Sergio\AppData\Local\Temp\ccMli0pT.debug.temp.o
 .debug_str     0x00000000     0x16ef C:\Users\Sergio\AppData\Local\Temp\ccbs43U8.debug.temp.o
 .debug_str     0x00000000     0xf396 C:\Users\Sergio\AppData\Local\Temp\ccMwiIIo.debug.temp.o
 .debug_str     0x00000000     0x828a C:\Users\Sergio\AppData\Local\Temp\cc5xLGxD.debug.temp.o
 .debug_str     0x00000000    0x15dbb C:\Users\Sergio\AppData\Local\Temp\cce6rCMR.debug.temp.o
 .debug_str     0x00000000    0x168c3 C:\Users\Sergio\AppData\Local\Temp\cchLbtba.debug.temp.o
 .debug_str     0x00000000    0x162dc C:\Users\Sergio\AppData\Local\Temp\ccKtUJQs.debug.temp.o
 .debug_str     0x00000000    0x122c9 C:\Users\Sergio\AppData\Local\Temp\ccBcliEJ.debug.temp.o
 .debug_str     0x00000000     0xc181 C:\Users\Sergio\AppData\Local\Temp\ccUPTZb4.debug.temp.o
 .debug_str     0x00000000     0x777a C:\Users\Sergio\AppData\Local\Temp\ccxXKj9o.debug.temp.o
 .debug_str     0x00000000     0x8f05 C:\Users\Sergio\AppData\Local\Temp\ccE4xhsJ.debug.temp.o
 .debug_str     0x00000000     0x97a1 C:\Users\Sergio\AppData\Local\Temp\ccHBJK42.debug.temp.o
 .debug_str     0x00000000     0x93fa C:\Users\Sergio\AppData\Local\Temp\ccawwsYl.debug.temp.o
 .debug_str     0x00000000     0xbc93 C:\Users\Sergio\AppData\Local\Temp\ccJvAchF.debug.temp.o
 .debug_str     0x00000000     0x29ff C:\Users\Sergio\AppData\Local\Temp\ccq1Got2.debug.temp.o
 .debug_str     0x00000000    0x163e3 C:\Users\Sergio\AppData\Local\Temp\ccRmiLso.debug.temp.o
 .debug_str     0x00000000    0x1b54d C:\Users\Sergio\AppData\Local\Temp\ccGWC67J.debug.temp.o
 .debug_str     0x00000000     0x3cea C:\Users\Sergio\AppData\Local\Temp\ccXqnUS9.debug.temp.o
 .debug_str     0x00000000     0x54c1 C:\Users\Sergio\AppData\Local\Temp\ccMSndHy.debug.temp.o
 .debug_str     0x00000000    0x16ba1 C:\Users\Sergio\AppData\Local\Temp\ccrBX0OW.debug.temp.o
 .debug_str     0x00000000     0x3266 C:\Users\Sergio\AppData\Local\Temp\ccCMZHjl.debug.temp.o
 .debug_str     0x00000000    0x4a094 C:\Users\Sergio\AppData\Local\Temp\ccHOCL7I.debug.temp.o
 .debug_str     0x00000000     0x1616 C:\Users\Sergio\AppData\Local\Temp\ccYg26Ea.debug.temp.o
 .debug_str     0x00000000     0x37c5 C:\Users\Sergio\AppData\Local\Temp\ccJe6o4A.debug.temp.o
 .debug_str     0x00000000     0x3aea C:\Users\Sergio\AppData\Local\Temp\cckJfAV1.debug.temp.o
 .debug_str     0x00000000     0x31be C:\Users\Sergio\AppData\Local\Temp\ccT4CwSr.debug.temp.o
 .debug_str     0x00000000     0xc432 C:\Users\Sergio\AppData\Local\Temp\cc2EsMRV.debug.temp.o
 .debug_str     0x00000000     0xf4d7 C:\Users\Sergio\AppData\Local\Temp\ccd3PHYl.debug.temp.o
 .debug_str     0x00000000     0x8286 C:\Users\Sergio\AppData\Local\Temp\ccKTvrkS.debug.temp.o
 .debug_str     0x00000000    0x10267 C:\Users\Sergio\AppData\Local\Temp\ccR2xCWo.debug.temp.o
 .debug_str     0x00000000     0xb4db C:\Users\Sergio\AppData\Local\Temp\cc2vnALU.debug.temp.o
 .debug_str     0x00000000    0x184ca C:\Users\Sergio\AppData\Local\Temp\cct7I4cq.debug.temp.o
 .debug_str     0x00000000     0x3d93 C:\Users\Sergio\AppData\Local\Temp\cc26UEgV.debug.temp.o
 .debug_str     0x00000000     0xbfd0 C:\Users\Sergio\AppData\Local\Temp\ccrnYifu.debug.temp.o
 .debug_str     0x00000000     0x33f2 C:\Users\Sergio\AppData\Local\Temp\ccegh8o2.debug.temp.o
 .debug_str     0x00000000     0x10bb C:\Users\Sergio\AppData\Local\Temp\ccrwbcQz.debug.temp.o
 .debug_str     0x00000000     0x45a6 C:\Users\Sergio\AppData\Local\Temp\ccxg20sE.debug.temp.o
 .debug_str     0x00000000     0x2bc6 C:\Users\Sergio\AppData\Local\Temp\ccPQ2qOM.debug.temp.o
 .debug_str     0x00000000     0x3ffe C:\Users\Sergio\AppData\Local\Temp\cc0rsd5n.debug.temp.o
 .debug_str     0x00000000      0x56b C:\Users\Sergio\AppData\Local\Temp\ccPhbFHY.debug.temp.o
 .debug_str     0x00000000      0x5d1 C:\Users\Sergio\AppData\Local\Temp\ccOK7Grz.debug.temp.o
 .debug_str     0x00000000     0x29c1 C:\Users\Sergio\AppData\Local\Temp\ccbOC2fa.debug.temp.o
 .debug_str     0x00000000      0x5bf C:\Users\Sergio\AppData\Local\Temp\ccCLXeBJ.debug.temp.o
 .debug_str     0x00000000      0x2af C:\Users\Sergio\AppData\Local\Temp\ccpoOTij.debug.temp.o
 .debug_str     0x00000000      0x2f5 C:\Users\Sergio\AppData\Local\Temp\ccGG6HzW.debug.temp.o
 .debug_str     0x00000000      0x33e C:\Users\Sergio\AppData\Local\Temp\cccTVMzt.debug.temp.o
 .debug_str     0x00000000      0x36c C:\Users\Sergio\AppData\Local\Temp\ccP2t8O6.debug.temp.o
 .debug_str     0x00000000      0x56f C:\Users\Sergio\AppData\Local\Temp\ccqLifZI.debug.temp.o
 .debug_str     0x00000000      0x31a C:\Users\Sergio\AppData\Local\Temp\cctisPvl.debug.temp.o
 .debug_str     0x00000000      0xaaa C:\Users\Sergio\AppData\Local\Temp\ccIK8RFb.debug.temp.o
 .debug_str     0x00000000    0x985ee bn_sprites_manager.bn_iwram.o
                               0xb57f (size before relaxing)
 .debug_str     0x000985ee     0x117e bn_hw_common.bn_noflto.o
 .debug_str     0x000985ee      0x5b3 bn_hw_game_pak.bn_ewram.o
 .debug_str     0x000985ee      0x93d bn_hw_palettes.bn_iwram.o
 .debug_str     0x000985ee      0x5a5 bn_hw_sprite_tiles.bn_iwram.o
 .debug_str     0x000985ee       0x68 bn_hw_bg_blocks.o
 .debug_str     0x000985ee       0x6d bn_hw_hblank_effects.o
 .debug_str     0x000985ee       0x6b bn_hw_palettes_asm.o
 .debug_str     0x000985ee       0x88 clr_blend_fast.o
 .debug_str     0x000985ee       0x78 clr_fade_fast.o
 .debug_str     0x000985ee      0x22c tonc_bios.o
 .debug_str     0x000985ee       0x88 tonc_memset.o
 .debug_str     0x000985ee       0x76 irq_handler.o
 .debug_str     0x000985ee       0x76 posprintf.o
 .debug_str     0x000985ee       0x6e lmul.o
 .debug_str     0x000985ee       0x70 memcpy.o
 .debug_str     0x000985ee       0x71 memmove.o
 .debug_str     0x000985ee       0x70 memset.o
 .debug_str     0x000985ee       0x71 rmemcpy.o
 .debug_str     0x000985ee       0x74 sdiv32.o