Archive member included to satisfy reference by file (symbol)

C:/devkitPro/devkitARM/bin/../lib/gcc/arm-none-eabi/14.1.0/thumb\libgcc.a(_call_via_rX.o)
                              mm_main_gba.o (_call_via_r1)
C:/devkitPro/devkitARM/bin/../lib/gcc/arm-none-eabi/14.1.0/thumb\libgcc.a(_sync_none.o)
                              (__sync_synchronize_none)

Discarded input sections

 .text          0x00000000        0x0 C:/devkitPro/devkitARM/bin/../lib/gcc/arm-none-eabi/14.1.0/../../../../arm-none-eabi/lib/thumb/gba_crt0.o
 .data          0x00000000        0x0 C:/devkitPro/devkitARM/bin/../lib/gcc/arm-none-eabi/14.1.0/../../../../arm-none-eabi/lib/thumb/gba_crt0.o
 .bss           0x00000000        0x0 C:/devkitPro/devkitARM/bin/../lib/gcc/arm-none-eabi/14.1.0/../../../../arm-none-eabi/lib/thumb/gba_crt0.o
 .text          0x00000000        0x0 C:/devkitPro/devkitARM/bin/../lib/gcc/arm-none-eabi/14.1.0/thumb/crti.o
 .data          0x00000000        0x0 C:/devkitPro/devkitARM/bin/../lib/gcc/arm-none-eabi/14.1.0/thumb/crti.o
 .bss           0x00000000        0x0 C:/devkitPro/devkitARM/bin/../lib/gcc/arm-none-eabi/14.1.0/thumb/crti.o
 .text          0x00000000        0x0 C:/devkitPro/devkitARM/bin/../lib/gcc/arm-none-eabi/14.1.0/thumb/crtbegin.o
 .data          0x00000000        0x0 C:/devkitPro/devkitARM/bin/../lib/gcc/arm-none-eabi/14.1.0/thumb/crtbegin.o
 .bss           0x00000000        0x0 C:/devkitPro/devkitARM/bin/../lib/gcc/arm-none-eabi/14.1.0/thumb/crtbegin.o
 .rodata.all_implied_fbits
                0x00000000       0x24 C:/devkitPro/devkitARM/bin/../lib/gcc/arm-none-eabi/14.1.0/thumb/crtbegin.o
 .text          0x00000000        0x0 _bn_audio_soundbank.bin.o
 .data          0x00000000        0x0 _bn_audio_soundbank.bin.o
 .bss           0x00000000        0x0 _bn_audio_soundbank.bin.o
 .text          0x00000000        0x0 big_font_bn_gfx.o
 .data          0x00000000        0x0 big_font_bn_gfx.o
 .bss           0x00000000        0x0 big_font_bn_gfx.o
 .rodata        0x00000000     0x1ba0 big_font_bn_gfx.o
 .text          0x00000000        0x0 cat_bn_gfx.o
 .data          0x00000000        0x0 cat_bn_gfx.o
 .bss           0x00000000        0x0 cat_bn_gfx.o
 .text          0x00000000        0x0 cats_intro_bn_gfx.o
 .data          0x00000000        0x0 cats_intro_bn_gfx.o
 .bss           0x00000000        0x0 cats_intro_bn_gfx.o
 .text          0x00000000        0x0 cats_intro_hands_bn_gfx.o
 .data          0x00000000        0x0 cats_intro_hands_bn_gfx.o
 .bss           0x00000000        0x0 cats_intro_hands_bn_gfx.o
 .rodata        0x00000000     0x1410 cats_intro_hands_bn_gfx.o
 .text          0x00000000        0x0 clouds_bn_gfx.o
 .data          0x00000000        0x0 clouds_bn_gfx.o
 .bss           0x00000000        0x0 clouds_bn_gfx.o
 .text          0x00000000        0x0 collider_bn_gfx.o
 .data          0x00000000        0x0 collider_bn_gfx.o
 .bss           0x00000000        0x0 collider_bn_gfx.o
 .rodata        0x00000000       0x40 collider_bn_gfx.o
 .text          0x00000000        0x0 common_variable_8x16_font_bn_gfx.o
 .data          0x00000000        0x0 common_variable_8x16_font_bn_gfx.o
 .bss           0x00000000        0x0 common_variable_8x16_font_bn_gfx.o
 .text          0x00000000        0x0 construction_bn_gfx.o
 .data          0x00000000        0x0 construction_bn_gfx.o
 .bss           0x00000000        0x0 construction_bn_gfx.o
 .text          0x00000000        0x0 gbajam24_banner_bn_gfx.o
 .data          0x00000000        0x0 gbajam24_banner_bn_gfx.o
 .bss           0x00000000        0x0 gbajam24_banner_bn_gfx.o
 .text          0x00000000        0x0 gbajam24_logo_bn_gfx.o
 .data          0x00000000        0x0 gbajam24_logo_bn_gfx.o
 .bss           0x00000000        0x0 gbajam24_logo_bn_gfx.o
 .text          0x00000000        0x0 gym_bn_gfx.o
 .data          0x00000000        0x0 gym_bn_gfx.o
 .bss           0x00000000        0x0 gym_bn_gfx.o
 .text          0x00000000        0x0 gym_bg_bn_gfx.o
 .data          0x00000000        0x0 gym_bg_bn_gfx.o
 .bss           0x00000000        0x0 gym_bg_bn_gfx.o
 .text          0x00000000        0x0 limit_bn_gfx.o
 .data          0x00000000        0x0 limit_bn_gfx.o
 .bss           0x00000000        0x0 limit_bn_gfx.o
 .text          0x00000000        0x0 lvl2_bg_bn_gfx.o
 .data          0x00000000        0x0 lvl2_bg_bn_gfx.o
 .bss           0x00000000        0x0 lvl2_bg_bn_gfx.o
 .text          0x00000000        0x0 ninja_bn_gfx.o
 .data          0x00000000        0x0 ninja_bn_gfx.o
 .bss           0x00000000        0x0 ninja_bn_gfx.o
 .text          0x00000000        0x0 simple_bg_bn_gfx.o
 .data          0x00000000        0x0 simple_bg_bn_gfx.o
 .bss           0x00000000        0x0 simple_bg_bn_gfx.o
 .text          0x00000000        0x0 window_frame_bn_gfx.o
 .data          0x00000000        0x0 window_frame_bn_gfx.o
 .bss           0x00000000        0x0 window_frame_bn_gfx.o
 .rodata        0x00000000      0x860 window_frame_bn_gfx.o
[...]
Memory Configuration

Name             Origin             Length             Attributes
rom              0x08000000         0x02000000
iwram            0x03000000         0x00008000
ewram            0x02000000         0x00040000
*default*        0x00000000         0xffffffff

Linker script and memory map

                0x00000000                        __sync_synchronize = __sync_synchronize_none
                0x08000000                        __text_start = ORIGIN (rom)
                0x02040000                        __eheap_end = (ORIGIN (ewram) + LENGTH (ewram))
                0x03000000                        __iwram_start = ORIGIN (iwram)
                0x03008000                        __iwram_top = (ORIGIN (iwram) + LENGTH (iwram))
                0x03007fa0                        __sp_irq = (__iwram_top - 0x60)
                0x03007f00                        __sp_usr = (__sp_irq - 0xa0)
                0x03007ff8                        __irq_flags = 0x3007ff8
                0x08000000                        . = __text_start

.crt0           0x08000000      0x210
 *(.crt0)
 .crt0          0x08000000      0x210 C:/devkitPro/devkitARM/bin/../lib/gcc/arm-none-eabi/14.1.0/../../../../arm-none-eabi/lib/thumb/gba_crt0.o
                0x08000000                _start
                0x080000c4                __boot_method
                0x080000c5                __slave_number
                0x080000e0                start_vector
                0x08000210                        . = ALIGN (0x4)

.init           0x08000210        0xc
 *(SORT_NONE(.init))
 .init          0x08000210        0x4 C:/devkitPro/devkitARM/bin/../lib/gcc/arm-none-eabi/14.1.0/thumb/crti.o
                0x08000210                _init
 .init          0x08000214        0x8 C:/devkitPro/devkitARM/bin/../lib/gcc/arm-none-eabi/14.1.0/thumb/crtn.o

.plt            0x0800021c        0x0
 *(.plt)
                0x0800021c                        . = ALIGN (0x4)

.text           0x08000220    0x19420
 *(EXCLUDE_FILE(*.iwram*) .text*)
 .text.__do_global_dtors_aux
                0x08000220       0x2c C:/devkitPro/devkitARM/bin/../lib/gcc/arm-none-eabi/14.1.0/thumb/crtbegin.o
 .text.frame_dummy
                0x0800024c       0x24 C:/devkitPro/devkitARM/bin/../lib/gcc/arm-none-eabi/14.1.0/thumb/crtbegin.o
 .text          0x08000270     0x96b0 C:\Users\Sergio\AppData\Local\Temp\cc1M2u9p.ltrans0.ltrans.o
                0x0800081c                bn::camera_ptr::position() const
                0x08000830                bn::audio_manager::(anonymous namespace)::static_data::~static_data() [clone .lto_priv.0]
                0x08000830                bn::audio_manager::(anonymous namespace)::static_data::~static_data() [clone .lto_priv.0]
                0x08000834                bn::bg_blocks_manager::decrease_usages(int)
                0x080008dc                bn::bg_blocks_manager::(anonymous namespace)::static_data::~static_data() [clone .lto_priv.0]
                0x080008dc                bn::bg_blocks_manager::(anonymous namespace)::static_data::~static_data() [clone .lto_priv.0]
                0x0800093c                bn::bgs_manager::fill_hblank_effect_regular_positions(int, bn::fixed_t<12> const*, unsigned short*)
                0x08000974                void _bn::assert::show_args<char [31]>(char const*, char const*, char const*, int, char const (&) [31])
                0x08000974                void _bn::assert::show_args<char [15]>(char const*, char const*, char const*, int, char const (&) [15])
                0x08000974                void _bn::assert::show_args<char [54]>(char const*, char const*, char const*, int, char const (&) [54])
                0x08000974                void _bn::assert::show_args<char [66]>(char const*, char const*, char const*, int, char const (&) [66])
                0x08000974                void _bn::assert::show_args<char [33]>(char const*, char const*, char const*, int, char const (&) [33])
                0x08000974                void _bn::assert::show_args<char [18]>(char const*, char const*, char const*, int, char const (&) [18])
                0x08000974                void _bn::assert::show_args<char [17]>(char const*, char const*, char const*, int, char const (&) [17])
                0x08000974                void _bn::assert::show_args<char [16]>(char const*, char const*, char const*, int, char const (&) [16])
                0x08000974                void _bn::assert::show_args<char [23]>(char const*, char const*, char const*, int, char const (&) [23])
                0x08000974                void _bn::assert::show_args<char [13]>(char const*, char const*, char const*, int, char const (&) [13])
                0x08000974                void _bn::assert::show_args<char [37]>(char const*, char const*, char const*, int, char const (&) [37])
                0x08000974                void _bn::assert::show_args<char [21]>(char const*, char const*, char const*, int, char const (&) [21])
                0x08000974                void _bn::assert::show_args<char [22]>(char const*, char const*, char const*, int, char const (&) [22])
                0x08000974                void _bn::assert::show_args<char [27]>(char const*, char const*, char const*, int, char const (&) [27])
                0x08000974                void _bn::assert::show_args<char [14]>(char const*, char const*, char const*, int, char const (&) [14])
                0x08000974                void _bn::assert::show_args<char [26]>(char const*, char const*, char const*, int, char const (&) [26])
                0x08000974                void _bn::assert::show_args<char [30]>(char const*, char const*, char const*, int, char const (&) [30])
                0x08000974                void _bn::assert::show_args<char [24]>(char const*, char const*, char const*, int, char const (&) [24])
                0x08000974                void _bn::assert::show_args<char [35]>(char const*, char const*, char const*, int, char const (&) [35])
                0x08000974                void _bn::assert::show_args<char [55]>(char const*, char const*, char const*, int, char const (&) [55])
                0x08000974                void _bn::assert::show_args<char [19]>(char const*, char const*, char const*, int, char const (&) [19])
                0x080009b4                bn::bgs_manager::(anonymous namespace)::static_data::~static_data() [clone .lto_priv.0]
                0x080009b4                bn::bgs_manager::(anonymous namespace)::static_data::~static_data() [clone .lto_priv.0]
                0x080009e4                bn::ivector<catgame::enemy>::push_back(catgame::enemy&&) [clone .part.0] [clone .lto_priv.0]
                0x08000a0c                void bn::ostringstream::append<12>(bn::fixed_t<12>)
                0x080023d0                bn::bgs_manager::fill_hblank_effect_regular_attributes(void*, bn::regular_bg_attributes const*, unsigned short*)
                0x08002a08                void _bn::assert::show_args<char [39], int>(char const*, char const*, char const*, int, char const (&) [39], int const&)
                0x08002a08                void _bn::assert::show_args<char [28], int>(char const*, char const*, char const*, int, char const (&) [28], int const&)
                0x08002a08                void _bn::assert::show_args<char [16], int>(char const*, char const*, char const*, int, char const (&) [16], int const&)
                0x08002a08                void _bn::assert::show_args<char [15], int>(char const*, char const*, char const*, int, char const (&) [15], int const&)
                0x08002a08                void _bn::assert::show_args<char [20], int>(char const*, char const*, char const*, int, char const (&) [20], int const&)
                0x08002a08                void _bn::assert::show_args<char [22], int>(char const*, char const*, char const*, int, char const (&) [22], int const&)
                0x08002a08                void _bn::assert::show_args<char [33], int>(char const*, char const*, char const*, int, char const (&) [33], int const&)
                0x08002a08                void _bn::assert::show_args<char [17], int>(char const*, char const*, char const*, int, char const (&) [17], int const&)
                0x08002a08                void _bn::assert::show_args<char [26], int>(char const*, char const*, char const*, int, char const (&) [26], int const&)
                0x08002a08                void _bn::assert::show_args<char [25], int>(char const*, char const*, char const*, int, char const (&) [25], int const&)
                0x08002a08                void _bn::assert::show_args<char [27], int>(char const*, char const*, char const*, int, char const (&) [27], int const&)
                0x08002a08                void _bn::assert::show_args<char [18], int>(char const*, char const*, char const*, int, char const (&) [18], int const&)
                0x0800772c                bn::core::(anonymous namespace)::update_impl() [clone .lto_priv.0]
 .text.startup  0x08009920      0xedc C:\Users\Sergio\AppData\Local\Temp\cc1M2u9p.ltrans0.ltrans.o
                0x08009920                main
 .text          0x0800a7fc     0x81e8 C:\Users\Sergio\AppData\Local\Temp\cc1M2u9p.ltrans1.ltrans.o
                0x0800a83c                bn::hw::link::(anonymous namespace)::_resetStateCallback() [clone .lto_priv.0]
                0x0800aa48                bmp16_drawg_b1cts
                0x0800ab08                dummy_drawg
                0x0800ab0c                dummy_erase
                0x0800b120                bmp16_erase
                0x0800b508                bn::display_manager::(anonymous namespace)::_update_rect_windows_hw_boundaries(int) [clone .lto_priv.0]
                0x0800b588                bn::display_manager::(anonymous namespace)::static_data::~static_data() [clone .lto_priv.0]
                0x0800b588                bn::display_manager::(anonymous namespace)::static_data::~static_data() [clone .lto_priv.0]
                0x0800b5d4                bn::keypad_manager::update()
                0x0800b674                bn::core::update()
                0x0800b6ec                operator delete(void*)
                0x0800b6f8                operator delete(void*, unsigned int)
                0x0800b704                operator delete[](void*)
                0x0800b710                operator delete[](void*, unsigned int)
                0x0800b71c                bn::ostringstream::ostringstream(bn::istring_base&)
                0x0800b71c                bn::ostringstream::ostringstream(bn::istring_base&)
                0x0800b724                bn::ostringstream::append(char const*)
                0x0800b7b0                bn::palettes_bank::find_bpp_4(bn::span<bn::color const> const&, unsigned short)
                0x0800b8cc                bn::palettes_bank::update()
                0x0800ba00                bn::palettes_manager::(anonymous namespace)::static_data::~static_data() [clone .lto_priv.0]
                0x0800ba00                bn::palettes_manager::(anonymous namespace)::static_data::~static_data() [clone .lto_priv.0]
                0x0800ba04                bool bn::sprite_affine_mats_manager::(anonymous namespace)::_sprite_double_size<32, 16>(int, int, int, int, int) [clone .lto_priv.0]
                0x0800ba88                bool bn::sprite_affine_mats_manager::(anonymous namespace)::_sprite_double_size<16, 32>(int, int, int, int, int) [clone .lto_priv.0]
                0x0800bb0c                bn::sprite_affine_mats_manager::(anonymous namespace)::static_data::~static_data() [clone .lto_priv.0]
                0x0800bb0c                bn::sprite_affine_mats_manager::(anonymous namespace)::static_data::~static_data() [clone .lto_priv.0]
                0x0800bb48                bn::sprite_affine_mats_manager::set_horizontal_flip(int, bool) [clone .part.0]
                0x0800bbb0                bn::sprites_manager::(anonymous namespace)::_always_update_indexes_to_commit(bn::sprites_manager_item const&) [clone .lto_priv.0]
                0x0800bbf8                bn::sprites_manager::update_auto_double_size(void*)
                0x0800bcf8                VgmStop()
                0x0800bdb8                gbt_refresh_pattern_ptr.lto_priv.0
                0x0800be3c                gbt_run_startup_commands.part.0.lto_priv.0
                0x0800bed0                bn::hw::audio::(anonymous namespace)::_commit() [clone .lto_priv.0]
                0x0800c630                bn::hw::audio::(anonymous namespace)::_vblank_handler() [clone .lto_priv.0]
                0x0800c8e4                operator new(unsigned int)
                0x0800c914                operator new[](unsigned int)
                0x0800c944                malloc
                0x0800c99c                bn::ostringstream::append(int)
                0x0800cb28                bn::ostringstream::append(unsigned int)
                0x0800cbd0                bn::ostringstream::append(void const*)
                0x0800ccf0                bn::sprite_tiles_manager::(anonymous namespace)::_hw_commit(bn::tile const*, bn::compression_type, int, int) [clone .lto_priv.0]
                0x0800d070                _bn::assert::show(char const*, char const*, char const*, int)
                0x0800d088                _bn::assert::show(char const*, char const*, char const*, int, bn::istring_base const&)
                0x0800d2f0                bn::(anonymous namespace)::_graphics_index(char, bn::utf8_characters_map_ref const&, char const*, int&) [clone .part.0] [clone .lto_priv.0]
                0x0800d494                bn::sprite_text_generator::width(bn::string_view const&) const
                0x0800d6a4                bn::hblank_effects_manager::(anonymous namespace)::item_type::check_update() [clone .lto_priv.0]
                0x0800f898                bn::memory_manager::(anonymous namespace)::static_data::~static_data() [clone .lto_priv.0]
                0x0800f898                bn::memory_manager::(anonymous namespace)::static_data::~static_data() [clone .lto_priv.0]
                0x0800f8cc                bn::bg_palette_ptr::create(bn::bg_palette_item const&)
                0x0800fa00                bn::sprite_palette_ptr::create(bn::sprite_palette_item const&)
                0x0800fb28                bn::palettes_bank::log_status() const
                0x0800ff20                bn::sprite_tiles_manager::log_status()
                0x08010500                bn::ostringstream::_append_fraction(unsigned int, int)
                0x08010610                bn::hw::link::_timer_intr()
                0x08010704                bn::hw::link::_serial_intr()
                0x080108bc                bn::palettes_bank::decrease_usages(int)
                0x08010b48                bn::sprite_tiles_ptr::create(bn::sprite_tiles_item const&)
                0x08010bc4                bn::sprite_tiles_manager::(anonymous namespace)::_insert_free_item(int, unsigned short*) [clone .lto_priv.0]
                0x08010d74                bn::sprite_tiles_manager::update()
                0x08010fa4                bn::sprite_tiles_manager::(anonymous namespace)::_find_impl(bn::tile const*, bn::compression_type, int) [clone .lto_priv.0]
                0x08011240                bn::isprite_animate_action::update()
                0x08011444                bn::sprite_tiles_manager::(anonymous namespace)::_create_item(int, bn::tile const*, bn::compression_type, int, bool) [clone .lto_priv.0]
                0x080116f4                bn::sprite_tiles_manager::(anonymous namespace)::_create_impl(bn::tile const*, bn::compression_type, int) [clone .lto_priv.0]
                0x080118f4                bn::hw::audio::(anonymous namespace)::_add_sound_to_queue(int, unsigned short) [clone .lto_priv.0]
                0x080119c0                bn::sprites_manager::create(bn::fixed_point_t<12> const&, bn::sprite_shape_size const&, bn::sprite_tiles_ptr&&, bn::sprite_palette_ptr&&)
                0x08011b94                bn::sprites_manager::create(bn::sprite_builder&&)
                0x08012234                bn::tile* bn::(anonymous namespace)::_build_sprite_assert<(bn::sprite_size)1>(bn::sprite_text_generator const&, bn::sprite_palette_ptr const&, bn::fixed_point_t<12> const&, bn::ivector<bn::sprite_ptr>&) [clone .lto_priv.0]
                0x08012418                bn::tile* bn::(anonymous namespace)::_build_sprite_assert<(bn::sprite_size)2>(bn::sprite_text_generator const&, bn::sprite_palette_ptr const&, bn::fixed_point_t<12> const&, bn::ivector<bn::sprite_ptr>&) [clone .lto_priv.0]
                0x08012600                bn::sprites_manager::(anonymous namespace)::static_data::~static_data() [clone .lto_priv.0]
                0x08012600                bn::sprites_manager::(anonymous namespace)::static_data::~static_data() [clone .lto_priv.0]
                0x08012664                bn::hw::audio::(anonymous namespace)::static_data::~static_data() [clone .lto_priv.0]
                0x08012664                bn::hw::audio::(anonymous namespace)::static_data::~static_data() [clone .lto_priv.0]
                0x08012668                bn::hw::audio::(anonymous namespace)::_erase_sound_from_queue(unsigned short) [clone .lto_priv.0]
                0x08012700                bn::hw::audio::(anonymous namespace)::_check_sounds_queue() [clone .part.0] [clone .lto_priv.0]
                0x080127a0                bn::hw::link::(anonymous namespace)::_sendDataCallback() [clone .lto_priv.0]
                0x08012884                bn::hw::link::(anonymous namespace)::_receiveResponseCallback(bn::lc::LinkResponse const&) [clone .lto_priv.0]
 .text          0x080129e4     0x4884 C:\Users\Sergio\AppData\Local\Temp\cc1M2u9p.ltrans2.ltrans.o
                0x08012b54                bn::bg_blocks_manager::(anonymous namespace)::items_list::insert_after(int, bn::bg_blocks_manager::(anonymous namespace)::item_type const&) [clone .constprop.0]
                0x08012e10                bn::best_fit_allocator::free(void*) [clone .constprop.0]
                0x08012f2c                bn::lc::LinkConnection::stop() [clone .constprop.0]
                0x08012f58                bn::hw::bgs::commit_data::commit_data() [clone .constprop.0] [clone .isra.0]
                0x08012fb4                bn::bg_blocks_manager::(anonymous namespace)::items_list::items_list() [clone .constprop.0] [clone .isra.0]
                0x08013000                bn::sprite_affine_mats_manager::(anonymous namespace)::static_data::static_data() [clone .constprop.0] [clone .isra.0]
                0x080130a4                bn::sprite_tiles_manager::(anonymous namespace)::static_data::static_data() [clone .constprop.0] [clone .isra.0]
                0x080131d0                bn::display_manager::(anonymous namespace)::static_data::static_data() [clone .constprop.0] [clone .isra.0]
                0x08013260                bn::hdma_manager::(anonymous namespace)::static_data::static_data() [clone .constprop.0] [clone .isra.0]
                0x08013294                bn::hblank_effects_manager::(anonymous namespace)::static_external_data::static_external_data() [clone .constprop.0] [clone .isra.0]
                0x0801336c                bn::string_view::string_view(char const*) [clone .isra.0]
                0x08013388                bn::core::(anonymous namespace)::static_data::static_data() [clone .constprop.0] [clone .isra.0]
                0x080133f0                bn::sprite_ptr::set_camera(bn::camera_ptr const&) [clone .isra.0]
                0x080134c4                bn::sprite_affine_mats_manager::(anonymous namespace)::item_type::sprite_double_size(int, bn::sprite_shape_size const&) const [clone .isra.0]
                0x08013670                bn::palettes_bank::palettes_bank() [clone .isra.0]
                0x08013744                bn::regular_bg_ptr::set_camera(bn::camera_ptr const&) [clone .isra.0]
                0x080138e8                void _bn::assert::show_args<char [16], int, char [4], int>(char const*, char const*, char const*, int, char const (&) [16], int const&, char const (&) [4], int const&) [clone .constprop.0]
                0x08013950                bn::istring::append(char const*) [clone .isra.0]
                0x08013a30                void _bn::assert::show_args<char [52], unsigned short>(char const*, char const*, char const*, int, char const (&) [52], unsigned short const&) [clone .constprop.0]
                0x08013a84                void _bn::assert::show_args<char [27], unsigned char>(char const*, char const*, char const*, int, char const (&) [27], unsigned char const&) [clone .constprop.0]
                0x08013ad8                void _bn::assert::show_args<char [35], unsigned int>(char const*, char const*, char const*, int, char const (&) [35], unsigned int const&) [clone .constprop.0]
                0x08013b90                void _bn::assert::show_args<char [20], int, char [4], unsigned short>(char const*, char const*, char const*, int, char const (&) [20], int const&, char const (&) [4], unsigned short const&) [clone .constprop.0]
                0x08013bf8                void _bn::assert::show_args<char [44], bn::tile const*, char [4], bn::tile const*>(char const*, char const*, char const*, int, char const (&) [44], bn::tile const* const&, char const (&) [4], bn::tile const* const&) [clone .constprop.0]
                0x08013c64                void _bn::assert::show_args<char [46], int, char [4], unsigned int>(char const*, char const*, char const*, int, char const (&) [46], int const&, char const (&) [4], unsigned int const&) [clone .constprop.0]
                0x08013cd0                bn::istring::append(char const*, int) [clone .isra.0]
                0x08013d60                bn::hw::show::error(bn::system_font const&, bn::string_view const&, bn::string_view const&, bn::string_view const&, int, bn::string_view const&, bn::string_view const&) [clone .constprop.0]
                0x080140ac                void _bn::assert::show_args<char [30], char [13], unsigned short const*, char [14], int, char [15], int, char [17], int, char [34], bn::string_view>(char const*, char const*, char const*, int, char const (&) [30], char const (&) [13], unsigned short const* const&, char const (&) [14], int const&, char const (&) [15], int const&, char const (&) [17], int const&, char const (&) [34], bn::string_view const&) [clone .constprop.0]
                0x08014160                void _bn::assert::show_args<char [32], char [15], unsigned short const*, char [16], int, char [17], int, char [34], bn::string_view>(char const*, char const*, char const*, int, char const (&) [32], char const (&) [15], unsigned short const* const&, char const (&) [16], int const&, char const (&) [17], int const&, char const (&) [34], bn::string_view const&) [clone .constprop.0]
                0x080142d4                bn::blending::set_transparency_alpha(bn::fixed_t<12>) [clone .constprop.0]
                0x08014340                bn::camera_ptr::create(bn::fixed_t<12>, bn::fixed_t<12>) [clone .constprop.0]
                0x0801439c                bn::sprite_tiles_manager::create(bn::span<bn::tile const> const&, bn::compression_type) [clone .isra.0]
                0x08014498                bn::iunordered_map<bn::tile const*, int, bn::hash<bn::tile const*>, bn::equal_to<bn::tile const*> >::erase(bn::iunordered_map<bn::tile const*, int, bn::hash<bn::tile const*>, bn::equal_to<bn::tile const*> >::const_iterator const&) [clone .constprop.0] [clone .isra.0]
                0x08014900                bn::sprite_tiles_manager::allocate(int, bn::bpp_mode) [clone .constprop.0]
                0x08014a50                void _bn::assert::show_args<char [20], char, char [9], bn::string_view, char [2]>(char const*, char const*, char const*, int, char const (&) [20], char const&, char const (&) [9], bn::string_view const&, char const (&) [2]) [clone .constprop.0]
                0x08014af4                bn::sprite_tiles_ptr::~sprite_tiles_ptr() [clone .isra.0]
                0x08014d34                bn::isprite_animate_action::_assign_graphics_indexes(bn::span<unsigned short const> const&) [clone .isra.0]
                0x08014db4                bn::sprite_affine_mat_ptr::~sprite_affine_mat_ptr() [clone .isra.0]
                0x08015078                bn::(anonymous namespace)::_create_impl(bn::bg_palette_item const&, bool) [clone .constprop.0]
                0x08015108                bn::(anonymous namespace)::_create_impl(bn::sprite_palette_item const&, bool) [clone .constprop.0]
                0x08015180                bn::sorted_sprites::sorter::insert(bn::sprites_manager_item&) [clone .constprop.0]
                0x08015388                bn::sprite_builder::sprite_builder(bn::sprite_shape_size const&, bn::sprite_tiles_ptr, bn::sprite_palette_ptr) [clone .isra.0]
                0x080155a0                bn::ivector<bn::bgs_manager::(anonymous namespace)::item_type*>::size_type bn::erase<bn::bgs_manager::(anonymous namespace)::item_type*>(bn::ivector<bn::bgs_manager::(anonymous namespace)::item_type*>&, bn::bgs_manager::(anonymous namespace)::item_type* const&) [clone .constprop.0] [clone .isra.0]
                0x080156d4                bn::sprite_ptr::~sprite_ptr() [clone .isra.0]
                0x080158c8                bool bn::(anonymous namespace)::_generate<false>(bn::sprite_text_generator const&, bn::fixed_point_t<12> const&, bn::string_view const&, bn::utf8_characters_map_ref const&, int, int, bool, bn::ivector<bn::sprite_ptr>&) [clone .constprop.0] [clone .isra.0]
                0x08016af0                catgame::player::player(bn::camera_ptr&, bn::point, int) [clone .constprop.0] [clone .isra.0]
                0x08016cfc                catgame::trigger::trigger(bn::camera_ptr&, bn::point) [clone .isra.0]
                0x08016dc0                catgame::enemy::enemy(bn::camera_ptr, bn::point, bn::sprite_ptr, int) [clone .isra.0]
                0x08017178                bn::regular_bg_ptr::~regular_bg_ptr() [clone .isra.0]
 .text.startup  0x08017268      0x318 C:\Users\Sergio\AppData\Local\Temp\cc1M2u9p.ltrans2.ltrans.o
 .text.__libc_init_array
                0x08017580       0x50 bn_hw_common.bn_noflto.o
                0x08017580                __libc_init_array
 .text.__aeabi_atexit
                0x080175d0        0x4 bn_hw_common.bn_noflto.o
                0x080175d0                __aeabi_atexit
 .text._ZN3_bn6assert9show_argsIA40_cEEvPKcS4_S4_iRKT_
                0x080175d4       0x48 bn_hw_common.bn_noflto.o
                0x080175d4                void _bn::assert::show_args<char [40]>(char const*, char const*, char const*, int, char const (&) [40])
 .text.__aeabi_idiv0
                0x0801761c       0x24 bn_hw_common.bn_noflto.o
                0x0801761c                __aeabi_idiv0
 .text.VBlankIntrWait
                0x08017640        0x4 tonc_bios.o
                0x08017640                VBlankIntrWait
 .text.memset16
                0x08017644       0x3c tonc_memset.o
                0x08017644                memset16
 .text          0x08017680      0x26c posprintf.o
                0x08017684                posprintf
 .text          0x080178ec      0x314 mm_effect.o
                0x080178ec                mmResetEffects
                0x08017918                mmEffect
                0x0801792e                mmEffectEx
                0x08017a2e                mmEffectActive
                0x08017a62                mmEffectVolume
                0x08017a7e                mmEffectPanning
                0x08017a92                mmEffectRate
                0x08017aa6                mmEffectCancel
                0x08017ae0                mmEffectRelease
                0x08017b06                mmEffectScaleRate
                0x08017b1a                mmSetEffectsVolume
                0x08017b28                mmEffectCancelAll
                0x08017b68                mmUpdateEffects
 .text          0x08017c00       0x14 mm_main.o
                0x08017c00                mpp_call_r7
                0x08017c02                mpp_call_r1
                0x08017c04                mpp_call_r2
                0x08017c06                mpp_call_r3
                0x08017c08                mmSetEventHandler
 .text          0x08017c14     0x1570 mm_mas.o
                0x08017c88                mmStart
                0x08017ca8                mmJingle
                0x08017cae                mmPlayModule
                0x08017d78                mmPause
                0x08017d94                mmResume
                0x08017da4                mmActive
                0x08017daa                mmActiveSub
                0x08017db0                mmSetModuleVolume
                0x08017dc0                mmSetJingleVolume
                0x08017dfc                mmGetPositionTick
                0x08017e02                mmGetPositionRow
                0x08017e08                mmGetPosition
                0x08017e0e                mmPosition
                0x08017e28                mmSetModuleTempo
                0x08017e5a                mmSetModulePitch
                0x08017e9c                mmStop
                0x08017f62                mppUpdateSub
                0x080180be                mpp_Process_VolumeCommand
                0x080182f6                mpp_Process_Effect
                0x08018a44                ST3_FREQTABLE
                0x08018e64                IT_PitchTable
 .text          0x08019184      0x12c mm_main_gba.o
                0x08019184                mmInit
                0x080191d8                mmSetVBlankHandler
                0x080191de                mmFrame
 .text          0x080192b0      0x1e0 mm_mixer_gba.o
                0x080192b0                mmMixerSetSource
                0x080192c4                mmMixerSetRead
                0x080192d2                mmMixerSetFreq
                0x080192e2                mmMixerMulFreq
                0x080192f6                mmMixerStopChannel
                0x08019308                mmMixerChannelActive
                0x0801931a                mmMixerSetVolume
                0x08019328                mmMixerSetPan
                0x08019336                mmMixerInit
 .text          0x08019490       0x3c C:/devkitPro/devkitARM/bin/../lib/gcc/arm-none-eabi/14.1.0/thumb\libgcc.a(_call_via_rX.o)
                0x08019490                _call_via_r0
                0x08019494                _call_via_r1
                0x08019498                _call_via_r2
                0x0801949c                _call_via_r3
                0x080194a0                _call_via_r4
                0x080194a4                _call_via_r5
                0x080194a8                _call_via_r6
                0x080194ac                _call_via_r7
                0x080194b0                _call_via_r8
                0x080194b4                _call_via_r9
                0x080194b8                _call_via_sl
                0x080194bc                _call_via_fp
                0x080194c0                _call_via_ip
                0x080194c4                _call_via_sp
                0x080194c8                _call_via_lr
 *fill*         0x080194cc        0x4 ff
 .text.__stub   0x080194d0      0x118 linker stubs
 *(.gnu.linkonce.t.*)
 *(.text.*personality*)
 *(.gnu.warning)
 *(.glue_7t)
 .glue_7t       0x08019640        0x0 linker stubs
 *(.glue_7)
 .glue_7        0x08019640        0x0 linker stubs
 *(.vfp11_veneer)
 .vfp11_veneer  0x08019640        0x0 linker stubs
                0x08019640                        . = ALIGN (0x4)
                0x08019640                        __text_end = .

.v4_bx          0x08019640        0x0
 .v4_bx         0x08019640        0x0 linker stubs

.iplt           0x08019640        0x0
 .iplt          0x08019640        0x0 C:/devkitPro/devkitARM/bin/../lib/gcc/arm-none-eabi/14.1.0/../../../../arm-none-eabi/lib/thumb/gba_crt0.o

.fini           0x08019640        0xc
 *(.fini)
 .fini          0x08019640        0x4 C:/devkitPro/devkitARM/bin/../lib/gcc/arm-none-eabi/14.1.0/thumb/crti.o
                0x08019640                _fini
 .fini          0x08019644        0x8 C:/devkitPro/devkitARM/bin/../lib/gcc/arm-none-eabi/14.1.0/thumb/crtn.o
                0x0801964c                        . = ALIGN (0x4)

.rodata         0x0801964c    0x1fec0
 *(.rodata)
 .rodata        0x0801964c      0x420 cat_bn_gfx.o
                0x0801964c                cat_bn_gfxTiles
                0x08019a4c                cat_bn_gfxPal
 .rodata        0x08019a6c     0x69e8 cats_intro_bn_gfx.o
                0x08019a6c                cats_intro_bn_gfxTiles
                0x0801fbd4                cats_intro_bn_gfxMap
                0x080203d4                cats_intro_bn_gfxPal
 .rodata        0x08020454     0x15e0 clouds_bn_gfx.o
                0x08020454                clouds_bn_gfxTiles
                0x08021214                clouds_bn_gfxMap
                0x08021a14                clouds_bn_gfxPal
 .rodata        0x08021a34     0x1ba0 common_variable_8x16_font_bn_gfx.o
                0x08021a34                common_variable_8x16_font_bn_gfxTiles
                0x080235b4                common_variable_8x16_font_bn_gfxPal
 .rodata        0x080235d4      0x120 construction_bn_gfx.o
                0x080235d4                construction_bn_gfxTiles
                0x080236d4                construction_bn_gfxPal
 .rodata        0x080236f4     0x8200 gbajam24_banner_bn_gfx.o
                0x080236f4                gbajam24_banner_bn_gfxTiles
                0x080298d4                gbajam24_banner_bn_gfxMap
                0x0802b8d4                gbajam24_banner_bn_gfxPal
 .rodata        0x0802b8f4     0x1a40 gbajam24_logo_bn_gfx.o
                0x0802b8f4                gbajam24_logo_bn_gfxTiles
                0x0802cb14                gbajam24_logo_bn_gfxMap
                0x0802d314                gbajam24_logo_bn_gfxPal
 .rodata        0x0802d334      0x820 gym_bn_gfx.o
                0x0802d334                gym_bn_gfxTiles
                0x0802db34                gym_bn_gfxPal
 .rodata        0x0802db54     0x2da0 gym_bg_bn_gfx.o
                0x0802db54                gym_bg_bn_gfxTiles
                0x0802e8d4                gym_bg_bn_gfxMap
                0x080308d4                gym_bg_bn_gfxPal
 .rodata        0x080308f4       0x40 limit_bn_gfx.o
                0x080308f4                limit_bn_gfxTiles
                0x08030914                limit_bn_gfxPal
 .rodata        0x08030934     0x2180 lvl2_bg_bn_gfx.o
                0x08030934                lvl2_bg_bn_gfxTiles
                0x08030a94                lvl2_bg_bn_gfxMap
                0x08032a94                lvl2_bg_bn_gfxPal
 .rodata        0x08032ab4      0x820 ninja_bn_gfx.o
                0x08032ab4                ninja_bn_gfxTiles
                0x080332b4                ninja_bn_gfxPal
 .rodata        0x080332d4     0x2180 simple_bg_bn_gfx.o
                0x080332d4                simple_bg_bn_gfxTiles
                0x08033434                simple_bg_bn_gfxMap
                0x08035434                simple_bg_bn_gfxPal
 .rodata        0x08035454      0x4a2 C:\Users\Sergio\AppData\Local\Temp\cc1M2u9p.ltrans0.ltrans.o
                0x080354d4                bn::sprite_items::cat
                0x0803575c                _ZN2bn2hw7sprites12_GLOBAL__N_1L10_obj_sizesE.lto_priv.0
                0x080358e4                _ZN2bn17bg_blocks_manager12_GLOBAL__N_1L19_status_log_messageE.lto_priv.0
 *fill*         0x080358f6        0x2 ff
 .rodata        0x080358f8      0xfb8 C:\Users\Sergio\AppData\Local\Temp\cc1M2u9p.ltrans1.ltrans.o
 .rodata        0x080368b0       0x54 C:\Users\Sergio\AppData\Local\Temp\cc1M2u9p.ltrans2.ltrans.o
 .rodata        0x08036904      0xef8 verdana9.o
                0x08036904                verdana9Font
                0x0803691c                verdana9Glyphs
                0x0803771c                verdana9Widths
 *all.rodata*(*)
 *(.roda)
 *(.rodata.*)
 .rodata._bn_audio_soundbank_bin
                0x080377fc        0xc _bn_audio_soundbank.bin.o
                0x080377fc                _bn_audio_soundbank_bin
                0x08037808                _bn_audio_soundbank_bin_end
 .rodata.str1.4
                0x08037808      0xc49 C:\Users\Sergio\AppData\Local\Temp\cc1M2u9p.ltrans0.ltrans.o
 .rodata.str1.4
                0x08037808      0xccf C:\Users\Sergio\AppData\Local\Temp\cc1M2u9p.ltrans1.ltrans.o
 .rodata.str1.4
                0x08037808      0xc9d C:\Users\Sergio\AppData\Local\Temp\cc1M2u9p.ltrans2.ltrans.o
 .rodata.__cxa_pure_virtual.str1.4
                0x08037808     0x1cf5 bn_hw_common.bn_noflto.o
                                 0x4f (size before relaxing)
 .rodata.__aeabi_idiv0.str1.4
                0x080394fd       0x38 bn_hw_common.bn_noflto.o
 *fill*         0x080394fd        0x3 ff
 .rodata._ZN2bn2hw8game_pak12_GLOBAL__N_1L8rom_dataE
                0x08039500        0xc bn_hw_game_pak.bn_ewram.o
 *(.gnu.linkonce.r*)
                0x0803950c                        . = ALIGN (0x4)

.ARM.extab
 *(.ARM.extab* .gnu.linkonce.armextab.*)
                0x0803950c                        __exidx_start = .

.ARM.exidx
 *(.ARM.exidx* .gnu.linkonce.armexidx.*)
                0x0803950c                        __exidx_end = .

.ctors          0x0803950c        0x0
 *crtbegin.o(.ctors)
 *(EXCLUDE_FILE(*crtend.o) .ctors)
 *(SORT_BY_NAME(.ctors.*))
 *(.ctors)
                0x0803950c                        . = ALIGN (0x4)

.dtors          0x0803950c        0x0
 *crtbegin.o(.dtors)
 *(EXCLUDE_FILE(*crtend.o) .dtors)
 *(SORT_BY_NAME(.dtors.*))
 *(.dtors)
                0x0803950c                        . = ALIGN (0x4)

.eh_frame       0x0803950c        0x4
 *(.eh_frame)
 .eh_frame      0x0803950c        0x0 C:/devkitPro/devkitARM/bin/../lib/gcc/arm-none-eabi/14.1.0/thumb/crtbegin.o
 .eh_frame      0x0803950c        0x4 C:/devkitPro/devkitARM/bin/../lib/gcc/arm-none-eabi/14.1.0/thumb/crtend.o
                0x08039510                        . = ALIGN (0x4)

.gcc_except_table
                0x08039510        0x0
 *(.gcc_except_table)
                0x08039510                        . = ALIGN (0x4)
                0x08039510                        __iwram_lma = .

.iwram          0x03000000     0x23c8 load address 0x08039510
                0x03000000                        __iwram_start__ = ABSOLUTE (.)
 *(.iwram .iwram*)
 .iwram         0x03000000      0x290 bn_sprites_manager.bn_iwram.o
                0x03000000                bn::sprites_manager::_check_items_on_screen(bn::intrusive_list<bn::sorted_sprites::layer>&)
                0x03000104                bn::sprites_manager::_rebuild_handles_impl(int, void*, bn::intrusive_list<bn::sorted_sprites::layer>&)
                0x0300019c                bn::sprites_manager::_update_cameras_impl(bn::intrusive_list<bn::sorted_sprites::layer>&)
 .iwram         0x03000290       0xc4 bn_hw_palettes.bn_iwram.o
                0x03000290                bn::hw::palettes::brightness(bn::color const*, int, int, bn::color*)
                0x030002f8                bn::hw::palettes::_lut_effect(bn::color const*, unsigned char const*, int, bn::color*)
 .iwram         0x03000354       0xa8 bn_hw_sprite_tiles.bn_iwram.o
                0x03000354                bn::hw::sprite_tiles::_plot_hideous_tiles(int, unsigned int const*, int, unsigned int*)
 .iwram         0x030003fc       0x6c bn_hw_bg_blocks.o
                0x030003fc                bn_hw_bg_blocks_commit_half_words
                0x03000414                bn_hw_bg_blocks_commit_words
                0x0300042c                bn_hw_bg_blocks_commit_blocks
 .iwram         0x03000468       0xd0 bn_hw_hblank_effects.o
                0x03000468                bn::hw::hblank_effects::_intr()
                0x03000534                bn::hw::hblank_effects::data
 .iwram         0x03000538       0x30 bn_hw_palettes_asm.o
                0x03000538                bn_hw_palettes_different_words
 .iwram.clr_blend_fast
                0x03000568       0x70 clr_blend_fast.o
                0x03000568                clr_blend_fast
 .iwram         0x030005d8       0x70 clr_fade_fast.o
                0x030005d8                clr_fade_fast
 .iwram.memset32
                0x03000648       0x4c tonc_memset.o
                0x03000648                memset32
 .iwram         0x03000694      0x134 irq_handler.o
                0x03000694                IRQ_GlobalInterruptHandler
 .iwram.__aeabi_lmul
                0x030007c8       0x14 lmul.o
                0x030007c8                __aeabi_lmul
 .iwram.__aeabi_memcpy
                0x030007dc       0xc8 memcpy.o
                0x030007dc                __aeabi_memcpy
                0x03000814                __aeabi_memcpy8
                0x03000814                __aeabi_memcpy4
                0x03000880                __agbabi_memcpy2
 .iwram.__agbabi_memcpy1
                0x030008a4       0x14 memcpy.o
                0x030008a4                __agbabi_memcpy1
 .iwram.memcpy  0x030008b8       0x10 memcpy.o
                0x030008b8                memcpy
 .iwram.__aeabi_memmove
                0x030008c8        0xc memmove.o
                0x030008c8                __aeabi_memmove
 .iwram.memmove
                0x030008d4       0x10 memmove.o
                0x030008d4                memmove
 .iwram.__aeabi_memset
                0x030008e4       0x9c memset.o
                0x030008e4                __aeabi_memset
                0x03000908                __aeabi_memset8
                0x03000908                __aeabi_memset4
                0x03000914                __agbabi_wordset4
                0x03000918                __agbabi_lwordset4
 .iwram.__agbabi_memset1
                0x03000980       0x10 memset.o
                0x03000980                __agbabi_memset1
 .iwram.memset  0x03000990       0x1c memset.o
                0x03000990                memset
 .iwram.__agbabi_rmemcpy
                0x030009ac       0xcc rmemcpy.o
                0x030009ac                __agbabi_rmemcpy
 .iwram.__agbabi_rmemcpy1
                0x03000a78       0x14 rmemcpy.o
                0x03000a78                __agbabi_rmemcpy1
 .iwram         0x03000a8c       0x3c sdiv32.o
                0x03000a8c                __aeabi_idiv
                0x03000a8c                __aeabi_idivmod
 .iwram         0x03000ac8      0x1e0 udiv32.o
                0x03000ac8                __aeabi_uidivmod
                0x03000ac8                __aeabi_uidiv
                0x03000ad0                udiv32pastzero
                0x03000b24                div32Iteration
 .iwram         0x03000ca8       0x98 huffman.o
                0x03000ca8                swi_HuffUnCompReadNormal
 .iwram         0x03000d40      0x1ac lz77.o
                0x03000d40                swi_LZ77UnCompWrite16bit
                0x03000d40                swi_LZ77UnCompWrite8bit
 .iwram         0x03000eec       0xec running_length.o
                0x03000eec                swi_RLUnCompReadNormalWrite8bit
                0x03000f4c                swi_RLUnCompReadNormalWrite16bit
 .iwram         0x03000fd8      0x554 mm_mas.o
                0x03000fd8                mppProcessTick
                0x030010bc                mpp_Channel_NewNote
                0x0300119c                mpp_Update_ACHN_notest
 .iwram         0x0300152c      0x648 mm_mas_arm.o
                0x0300152c                mmAllocChannel
                0x030015a0                mmReadPattern
                0x0300168c                mmUpdateChannel_T0
                0x030018cc                mmUpdateChannel_TN
                0x03001a6c                mmGetPeriod
                0x03001ab0                note_table_oct
                0x03001ace                note_table_mod
 .iwram         0x03001b74        0x8 mm_main_gba.o
                0x03001b74                mpp_call_r7i
                0x03001b76                mpp_call_r2i
                0x03001b78                mpp_call_r1i
 .iwram         0x03001b7c      0x838 mm_mixer_gba.o
                0x03001b80                mmVBlank
                0x03001c04                mmMixerMix
 *fill*         0x030023b4        0x4 ff
 .iwram.__stub  0x030023b8        0xc linker stubs
 *iwram.*(.text* .data*)
                0x030023c4                        . = ALIGN (0x4)
                0x030023c8                        __iwram_end__ = ABSOLUTE (.)
                0x0803b8d8                        __data_lma = (__iwram_lma + SIZEOF (.iwram))

.bss            0x030023c8      0x86c
                0x030023c8                        __bss_start = ABSOLUTE (.)
                0x030023c8                        __bss_start__ = ABSOLUTE (.)
 *(.dynbss)
 *(.gnu.linkonce.b*)
 *(.bss*)
 .bss.completed.1
                0x030023c8        0x1 C:/devkitPro/devkitARM/bin/../lib/gcc/arm-none-eabi/14.1.0/thumb/crtbegin.o
 *fill*         0x030023c9        0x3 
 .bss.object.0  0x030023cc       0x18 C:/devkitPro/devkitARM/bin/../lib/gcc/arm-none-eabi/14.1.0/thumb/crtbegin.o
 .bss           0x030023e4      0x508 C:\Users\Sergio\AppData\Local\Temp\cc1M2u9p.ltrans0.ltrans.o
                0x030023e4                IRQ_VectorTable
                0x0300283c                _ZN2bn22hblank_effects_manager12_GLOBAL__N_113internal_dataE.lto_priv.0
 .bss           0x030028ec        0x4 C:\Users\Sergio\AppData\Local\Temp\cc1M2u9p.ltrans2.ltrans.o
                0x030028ec                fake_heap_end
 .bss           0x030028f0       0x2d mm_effect.o
                0x03002914                mm_sfx_bitmask
                0x03002918                mm_sfx_clearmask
 *fill*         0x0300291d        0x3 
 .bss           0x03002920        0x8 mm_main.o
                0x03002920                mmCallback
                0x03002924                mm_ch_mask
 .bss           0x03002928      0x148 mm_mas.o
                0x03002928                mmLayerMain
                0x03002960                mmLayerSub
                0x03002998                mpp_vars
                0x030029a8                mpp_layerp
                0x030029ac                mpp_channels
                0x030029bc                mpp_nchannels
                0x030029bd                mpp_clayer
                0x030029c0                mm_achannels
                0x030029c4                mm_pchannels
                0x030029c8                mm_num_mch
                0x030029cc                mm_num_ach
                0x030029d0                mm_schannels
 .bss           0x03002a70        0x8 mm_main_gba.o
                0x03002a70                mm_vblank_function
                0x03002a74                mp_solution
 .bss           0x03002a78      0x1bc mm_mixer_gba.o
                0x03002a78                mp_writepos
                0x03002a80                mm_mixchannels
                0x03002a88                mm_mixlen
                0x03002a9c                mm_bpmdv
                0x03002aa0                mp_mix_seg
 *(COMMON)
                0x03002c34                        . = ALIGN (0x4)
                0x03002c34                        __bss_end__ = ABSOLUTE (.)

.data           0x03002c34       0x10 load address 0x0803b8d8
                0x03002c34                        __data_start__ = ABSOLUTE (.)
 *(.data*)
 .data.__dso_handle
                0x03002c34        0x4 C:/devkitPro/devkitARM/bin/../lib/gcc/arm-none-eabi/14.1.0/thumb/crtbegin.o
                0x03002c34                __dso_handle
 .data          0x03002c38        0xc C:\Users\Sergio\AppData\Local\Temp\cc1M2u9p.ltrans0.ltrans.o
 *(.gnu.linkonce.d*)
                0x03002c44                        . = ALIGN (0x4)
                0x0803b8e8                        __preinit_lma = (__data_lma + SIZEOF (.data))

.igot.plt       0x03002c44        0x0 load address 0x0803b8e8
 .igot.plt      0x03002c44        0x0 C:/devkitPro/devkitARM/bin/../lib/gcc/arm-none-eabi/14.1.0/../../../../arm-none-eabi/lib/thumb/gba_crt0.o

.preinit_array  0x03002c44        0x0 load address 0x0803b8e8
                0x03002c44                        __preinit_array_start = ABSOLUTE (.)
 *(.preinit_array)
                0x03002c44                        __preinit_array_end = ABSOLUTE (.)
                0x0803b8e8                        __init_lma = (__preinit_lma + SIZEOF (.preinit_array))

.init_array     0x03002c44        0x8 load address 0x0803b8e8
                0x03002c44                        __init_array_start = ABSOLUTE (.)
 *(SORT_BY_NAME(.init_array.*))
 *(.init_array)
 .init_array    0x03002c44        0x4 C:/devkitPro/devkitARM/bin/../lib/gcc/arm-none-eabi/14.1.0/thumb/crtbegin.o
 .init_array    0x03002c48        0x4 C:\Users\Sergio\AppData\Local\Temp\cc1M2u9p.ltrans2.ltrans.o
                0x03002c4c                        __init_array_end = ABSOLUTE (.)
                0x0803b8f0                        __fini_lma = (__init_lma + SIZEOF (.init_array))

.fini_array     0x03002c4c        0x4 load address 0x0803b8f0
                0x03002c4c                        __fini_array_start = ABSOLUTE (.)
 *(SORT_BY_NAME(.fini_array.*))
 *(.fini_array)
 .fini_array    0x03002c4c        0x4 C:/devkitPro/devkitARM/bin/../lib/gcc/arm-none-eabi/14.1.0/thumb/crtbegin.o
                0x03002c50                        __fini_array_end = ABSOLUTE (.)
                0x0803b8f4                        __jcr_lma = (__fini_lma + SIZEOF (.fini_array))

.jcr
 *(.jcr)
                0x03002c50                        __data_end__ = ABSOLUTE (.)
                0x0803b8f4                        __iwram_overlay_lma = (__jcr_lma + SIZEOF (.jcr))
                0x03002c50                        __iwram_overlay_start = .

.iwram0         0x03002c50        0x0 load address 0x0803b8f4
 *(.iwram0)
                0x03002c50                        . = ALIGN (0x4)
                0x0803b8f4                        PROVIDE (__load_start_iwram0 = LOADADDR (.iwram0))
                0x0803b8f4                        PROVIDE (__load_stop_iwram0 = (LOADADDR (.iwram0) + SIZEOF (.iwram0)))

.iwram1         0x03002c50        0x0
 *(.iwram1)
                0x03002c50                        . = ALIGN (0x4)
                [!provide]                        PROVIDE (__load_start_iwram1 = LOADADDR (.iwram1))
                [!provide]                        PROVIDE (__load_stop_iwram1 = (LOADADDR (.iwram1) + SIZEOF (.iwram1)))

.iwram2         0x03002c50        0x0
 *(.iwram2)
                0x03002c50                        . = ALIGN (0x4)
                [!provide]                        PROVIDE (__load_start_iwram2 = LOADADDR (.iwram2))
                [!provide]                        PROVIDE (__load_stop_iwram2 = (LOADADDR (.iwram2) + SIZEOF (.iwram2)))

.iwram3         0x03002c50        0x0
 *(.iwram3)
                0x03002c50                        . = ALIGN (0x4)
                [!provide]                        PROVIDE (__load_start_iwram3 = LOADADDR (.iwram3))
                [!provide]                        PROVIDE (__load_stop_iwram3 = (LOADADDR (.iwram3) + SIZEOF (.iwram3)))

.iwram4         0x03002c50        0x0
 *(.iwram4)
                0x03002c50                        . = ALIGN (0x4)
                [!provide]                        PROVIDE (__load_start_iwram4 = LOADADDR (.iwram4))
                [!provide]                        PROVIDE (__load_stop_iwram4 = (LOADADDR (.iwram4) + SIZEOF (.iwram4)))

.iwram5         0x03002c50        0x0
 *(.iwram5)
                0x03002c50                        . = ALIGN (0x4)
                [!provide]                        PROVIDE (__load_start_iwram5 = LOADADDR (.iwram5))
                [!provide]                        PROVIDE (__load_stop_iwram5 = (LOADADDR (.iwram5) + SIZEOF (.iwram5)))

.iwram6         0x03002c50        0x0
 *(.iwram6)
                0x03002c50                        . = ALIGN (0x4)
                [!provide]                        PROVIDE (__load_start_iwram6 = LOADADDR (.iwram6))
                [!provide]                        PROVIDE (__load_stop_iwram6 = (LOADADDR (.iwram6) + SIZEOF (.iwram6)))

.iwram7         0x03002c50        0x0
 *(.iwram7)
                0x03002c50                        . = ALIGN (0x4)
                [!provide]                        PROVIDE (__load_start_iwram7 = LOADADDR (.iwram7))
                [!provide]                        PROVIDE (__load_stop_iwram7 = (LOADADDR (.iwram7) + SIZEOF (.iwram7)))

.iwram8         0x03002c50        0x0
 *(.iwram8)
                0x03002c50                        . = ALIGN (0x4)
                [!provide]                        PROVIDE (__load_start_iwram8 = LOADADDR (.iwram8))
                [!provide]                        PROVIDE (__load_stop_iwram8 = (LOADADDR (.iwram8) + SIZEOF (.iwram8)))

.iwram9         0x03002c50        0x0
 *(.iwram9)
                0x03002c50                        . = ALIGN (0x4)
                [!provide]                        PROVIDE (__load_start_iwram9 = LOADADDR (.iwram9))
                [!provide]                        PROVIDE (__load_stop_iwram9 = (LOADADDR (.iwram9) + SIZEOF (.iwram9)))
                0x03002c50                        __iwram_overlay_end = .
                0x0803b8f4                        __ewram_lma = (__iwram_overlay_lma + (__iwram_overlay_end - __iwram_overlay_start))
                0x03002c50                        __iheap_start = .
                0x02000000                        __ewram_start = ORIGIN (ewram)

.ewram          0x02000000       0xf4 load address 0x0803b8f4
 *(.ewram*)
 .ewram         0x02000000        0xc C:\Users\Sergio\AppData\Local\Temp\cc1M2u9p.ltrans0.ltrans.o
                0x02000000                Vgm
 .ewram         0x0200000c       0x4a C:\Users\Sergio\AppData\Local\Temp\cc1M2u9p.ltrans1.ltrans.o
                0x0200000c                __tte_main_context
 *fill*         0x02000056        0x2 ff
 .ewram         0x02000058       0x9c bn_hw_game_pak.bn_ewram.o
                0x02000058                bn::hw::game_pak::_slow_game_pak()
                0x020000f4                        . = ALIGN (0x4)
                0x020000f4                        __ewram_end = ABSOLUTE (.)
                0x0803b9e8                        __pad_lma = (__ewram_lma + SIZEOF (.ewram))

.sbss           0x020000f4     0x8204
                0x020000f4                        __sbss_start__ = ABSOLUTE (.)
 *(.sbss*)
 .sbss          0x020000f4     0x8204 C:\Users\Sergio\AppData\Local\Temp\cc1M2u9p.ltrans0.ltrans.o
                0x020000f4                _ZN2bn15cameras_manager12_GLOBAL__N_14dataE.lto_priv.0
                0x0200012c                _ZN2bn14keypad_manager12_GLOBAL__N_14dataE.lto_priv.0
                0x02000144                _ZN2bn2hw5audio12_GLOBAL__N_14dataE.lto_priv.0
                0x02000190                _ZN2bn4core12_GLOBAL__N_14dataE.lto_priv.0
                0x020001d8                _ZN2bn12hdma_manager12_GLOBAL__N_14dataE.lto_priv.0
                0x02000210                _ZN2bn14memory_manager12_GLOBAL__N_14dataE.lto_priv.0
                0x02000220                gbt.lto_priv.0
                0x020002b8                _ZN2bn17bg_blocks_manager12_GLOBAL__N_14dataE.lto_priv.0
                0x0200049c                _ZN2bn20sprite_tiles_manager12_GLOBAL__N_14dataE.lto_priv.0
                0x02002660                _ZN2bn13audio_manager12_GLOBAL__N_14dataE.lto_priv.0
                0x020027d4                _ZN2bn2hw4link12_GLOBAL__N_14dataE.lto_priv.0
                0x02002904                _ZN2bn22hblank_effects_manager12_GLOBAL__N_113external_dataE.lto_priv.0
                0x02004348                _ZN2bn26sprite_affine_mats_manager12_GLOBAL__N_14dataE.lto_priv.0
                0x02004c10                _ZN2bn15display_manager12_GLOBAL__N_14dataE.lto_priv.0
                0x02004cb4                _ZN2bn11bgs_manager12_GLOBAL__N_14dataE.lto_priv.0
                0x02004f60                _ZN2bn16palettes_manager12_GLOBAL__N_14dataE.lto_priv.0
                0x02005ca8                _ZN2bn15sprites_manager12_GLOBAL__N_14dataE.lto_priv.0
                0x020082f8                        . = ALIGN (0x4)
                0x020082f8                        __sbss_end__ = ABSOLUTE (.)
                0x020082f8                        __end__ = ABSOLUTE (.)
                0x020082f8                        __eheap_start = ABSOLUTE (.)

.pad            0x020082f8        0x8 load address 0x0803b9e8
                0x020082f8        0x4 LONG 0x52416b64
                0x020082fc        0x4 LONG 0x4d
                0x02008300                        . = ALIGN (0x4)
                0x0803b9f0                        __rom_end__ = (__pad_lma + SIZEOF (.pad))

.rel.dyn        0x02008300        0x0 load address 0x0803b9f0
 .rel.iplt      0x02008300        0x0 C:/devkitPro/devkitARM/bin/../lib/gcc/arm-none-eabi/14.1.0/../../../../arm-none-eabi/lib/thumb/gba_crt0.o

.stab
 *(.stab)

.stabstr
 *(.stabstr)

.stab.excl
 *(.stab.excl)

.stab.exclstr
 *(.stab.exclstr)

.stab.index
 *(.stab.index)

.stab.indexstr
 *(.stab.indexstr)

.comment        0x00000000       0x23
 *(.comment)
 .comment       0x00000000       0x23 C:/devkitPro/devkitARM/bin/../lib/gcc/arm-none-eabi/14.1.0/thumb/crtbegin.o
                                 0x24 (size before relaxing)
 .comment       0x00000023       0x24 C:\Users\Sergio\AppData\Local\Temp\cc1M2u9p.ltrans0.ltrans.o
 .comment       0x00000023       0x24 C:\Users\Sergio\AppData\Local\Temp\cc1M2u9p.ltrans1.ltrans.o
 .comment       0x00000023       0x24 C:\Users\Sergio\AppData\Local\Temp\cc1M2u9p.ltrans2.ltrans.o
 .comment       0x00000023       0x24 bn_sprites_manager.bn_iwram.o
 .comment       0x00000023       0x24 bn_hw_common.bn_noflto.o
 .comment       0x00000023       0x24 bn_hw_game_pak.bn_ewram.o
 .comment       0x00000023       0x24 bn_hw_palettes.bn_iwram.o
 .comment       0x00000023       0x24 bn_hw_sprite_tiles.bn_iwram.o
 .comment       0x00000023       0x24 C:/devkitPro/devkitARM/bin/../lib/gcc/arm-none-eabi/14.1.0/thumb/crtend.o

.debug
 *(.debug)

.line
 *(.line)

.debug_srcinfo
 *(.debug_srcinfo)

.debug_sfnames
 *(.debug_sfnames)

.debug_aranges  0x00000000      0x608
 *(.debug_aranges)
 .debug_aranges
                0x00000000       0x28 C:\Users\Sergio\AppData\Local\Temp\cc1M2u9p.ltrans0.ltrans.o
 .debug_aranges
                0x00000028       0x20 C:\Users\Sergio\AppData\Local\Temp\cc1M2u9p.ltrans1.ltrans.o
 .debug_aranges
                0x00000048       0x20 C:\Users\Sergio\AppData\Local\Temp\cc1M2u9p.ltrans2.ltrans.o
 .debug_aranges
                0x00000068       0x30 bn_sprites_manager.bn_iwram.o
 .debug_aranges
                0x00000098       0x58 bn_hw_common.bn_noflto.o
 .debug_aranges
                0x000000f0       0x20 bn_hw_game_pak.bn_ewram.o
 .debug_aranges
                0x00000110       0x28 bn_hw_palettes.bn_iwram.o
 .debug_aranges
                0x00000138       0x20 bn_hw_sprite_tiles.bn_iwram.o
 .debug_aranges
                0x00000158       0x20 bn_hw_bg_blocks.o
 .debug_aranges
                0x00000178       0x20 bn_hw_hblank_effects.o
 .debug_aranges
                0x00000198       0x20 bn_hw_palettes_asm.o
 .debug_aranges
                0x000001b8       0x20 clr_blend_fast.o
 .debug_aranges
                0x000001d8       0x20 clr_fade_fast.o
 .debug_aranges
                0x000001f8      0x130 tonc_bios.o
 .debug_aranges
                0x00000328       0x28 tonc_memset.o
 .debug_aranges
                0x00000350       0x20 irq_handler.o
 .debug_aranges
                0x00000370       0x20 posprintf.o
 .debug_aranges
                0x00000390       0x38 lmul.o
 .debug_aranges
                0x000003c8       0x30 memcpy.o
 .debug_aranges
                0x000003f8       0x38 memmove.o
 .debug_aranges
                0x00000430       0x38 memset.o
 .debug_aranges
                0x00000468       0x28 rmemcpy.o
 .debug_aranges
                0x00000490       0x20 sdiv32.o
 .debug_aranges
                0x000004b0       0x20 udiv32.o
 .debug_aranges
                0x000004d0       0x20 huffman.o
 .debug_aranges
                0x000004f0       0x20 lz77.o
 .debug_aranges
                0x00000510       0x20 running_length.o
 .debug_aranges
                0x00000530       0x20 mm_effect.o
 .debug_aranges
                0x00000550       0x20 mm_main.o
 .debug_aranges
                0x00000570       0x28 mm_mas.o
 .debug_aranges
                0x00000598       0x20 mm_mas_arm.o
 .debug_aranges
                0x000005b8       0x28 mm_main_gba.o
 .debug_aranges
                0x000005e0       0x28 mm_mixer_gba.o

.debug_pubnames
 *(.debug_pubnames)

.debug_info     0x00000000   0x26b12a
 *(.debug_info)
 .debug_info    0x00000000    0x2b999 C:\Users\Sergio\AppData\Local\Temp\cc1M2u9p.ltrans0.ltrans.o
 .debug_info    0x0002b999    0x1fb7f C:\Users\Sergio\AppData\Local\Temp\cc1M2u9p.ltrans1.ltrans.o
 .debug_info    0x0004b518    0x11595 C:\Users\Sergio\AppData\Local\Temp\cc1M2u9p.ltrans2.ltrans.o
 .debug_info    0x0005caad     0xd1a4 C:\Users\Sergio\AppData\Local\Temp\ccuIlbaa.debug.temp.o
                0x0005caad                catgame_enemy.cpp.2327dd2a
 .debug_info    0x00069c51     0xbb39 C:\Users\Sergio\AppData\Local\Temp\ccOnipLI.debug.temp.o
                0x00069c51                catgame_history.cpp.cd05e217
 .debug_info    0x0007578a     0x1a15 C:\Users\Sergio\AppData\Local\Temp\cc82eDmh.debug.temp.o
                0x0007578a                catgame_hitbox.cpp.f7f2ceb7
 .debug_info    0x0007719f     0xcad3 C:\Users\Sergio\AppData\Local\Temp\ccoevYuP.debug.temp.o
                0x0007719f                catgame_intro.cpp.bb6d4fed
 .debug_info    0x00083c72     0x80d4 C:\Users\Sergio\AppData\Local\Temp\cc00EHQn.debug.temp.o
                0x00083c72                catgame_logo.cpp.edaad628
 .debug_info    0x0008bd46    0x1358c C:\Users\Sergio\AppData\Local\Temp\ccCNOqcW.debug.temp.o
                0x0008bd46                catgame_lvl_gym.cpp.01792184
 .debug_info    0x0009f2d2    0x13826 C:\Users\Sergio\AppData\Local\Temp\ccucGePt.debug.temp.o
                0x0009f2d2                catgame_lvl_gym_minigame1.cpp.c67835d6
 .debug_info    0x000b2af8    0x13942 C:\Users\Sergio\AppData\Local\Temp\cc2gO9F1.debug.temp.o
                0x000b2af8                catgame_lvl1.cpp.424e7f33
 .debug_info    0x000c643a    0x13826 C:\Users\Sergio\AppData\Local\Temp\ccM7XOHy.debug.temp.o
                0x000c643a                catgame_lvl2.cpp.b1b7bdc1
 .debug_info    0x000d9c60     0xbc7f C:\Users\Sergio\AppData\Local\Temp\cckS1uX7.debug.temp.o
                0x000d9c60                catgame_player.cpp.39424284
 .debug_info    0x000e58df     0x74bd C:\Users\Sergio\AppData\Local\Temp\ccoByGrH.debug.temp.o
                0x000e58df                catgame_trigger.cpp.41cdbd37
 .debug_info    0x000ecd9c     0x8d2b C:\Users\Sergio\AppData\Local\Temp\cc4TdCJk.debug.temp.o
                0x000ecd9c                common_info.cpp.a0c3e114
 .debug_info    0x000f5ac7     0x9511 C:\Users\Sergio\AppData\Local\Temp\ccoFPrKX.debug.temp.o
                0x000f5ac7                main.cpp.89bfce63
 .debug_info    0x000fefd8     0x96a3 C:\Users\Sergio\AppData\Local\Temp\ccwGSbUA.debug.temp.o
                0x000fefd8                bn_affine_bg_animate_actions.cpp.e74739b4
 .debug_info    0x0010867b     0xdb21 C:\Users\Sergio\AppData\Local\Temp\ccuwOzjd.debug.temp.o
                0x0010867b                bn_audio_manager.cpp.c7a52476
 .debug_info    0x0011619c     0x45a8 C:\Users\Sergio\AppData\Local\Temp\cca59SQO.debug.temp.o
                0x0011619c                bn_best_fit_allocator.cpp.54a39eb5
 .debug_info    0x0011a744    0x1c99a C:\Users\Sergio\AppData\Local\Temp\cccj1EKq.debug.temp.o
                0x0011a744                bn_bg_blocks_manager.cpp.8bbb75f2
 .debug_info    0x001370de    0x1e88a C:\Users\Sergio\AppData\Local\Temp\ccyhLFS6.debug.temp.o
                0x001370de                bn_bgs_manager.cpp.b2a48d40
 .debug_info    0x00155968     0x4d11 C:\Users\Sergio\AppData\Local\Temp\cciYna4L.debug.temp.o
                0x00155968                bn_cameras_manager.cpp.f0cc3966
 .debug_info    0x0015a679     0x64a7 C:\Users\Sergio\AppData\Local\Temp\ccqnN7Br.debug.temp.o
                0x0015a679                bn_core.cpp.12fe1f41
 .debug_info    0x00160b20    0x13e13 C:\Users\Sergio\AppData\Local\Temp\ccMxphk6.debug.temp.o
                0x00160b20                bn_display_manager.cpp.8f39e9b5
 .debug_info    0x00174933     0x4c6f C:\Users\Sergio\AppData\Local\Temp\cce3USgL.debug.temp.o
                0x00174933                bn_gpio_manager.cpp.9108806b
 .debug_info    0x001795a2    0x39136 C:\Users\Sergio\AppData\Local\Temp\ccGyqudq.debug.temp.o
                0x001795a2                bn_hblank_effects_manager.cpp.c1342847
 .debug_info    0x001b26d8     0x1d27 C:\Users\Sergio\AppData\Local\Temp\ccUcE2o4.debug.temp.o
                0x001b26d8                bn_hdma_manager.cpp.967aafa5
 .debug_info    0x001b43ff     0x4a03 C:\Users\Sergio\AppData\Local\Temp\ccmYFaCM.debug.temp.o
                0x001b43ff                bn_keypad_manager.cpp.b3f703fa
 .debug_info    0x001b8e02     0x4dbc C:\Users\Sergio\AppData\Local\Temp\ccytXCUu.debug.temp.o
                0x001b8e02                bn_link_manager.cpp.9128f562
 .debug_info    0x001bdbbe     0x4cb7 C:\Users\Sergio\AppData\Local\Temp\ccAHYTrc.debug.temp.o
                0x001bdbbe                bn_memory_manager.cpp.4c15fab7
 .debug_info    0x001c2875     0xf0a6 C:\Users\Sergio\AppData\Local\Temp\ccGhmLkT.debug.temp.o
                0x001c2875                bn_palettes_manager.cpp.3b5670f4
 .debug_info    0x001d191b     0xf973 C:\Users\Sergio\AppData\Local\Temp\ccgR4cbY.debug.temp.o
                0x001d191b                bn_sprite_affine_mats_manager.cpp.ff108f1c
 .debug_info    0x001e128e     0x8e56 C:\Users\Sergio\AppData\Local\Temp\ccG3AnBE.debug.temp.o
                0x001e128e                bn_sprite_animate_actions.cpp.033832e0
 .debug_info    0x001ea0e4    0x145e9 C:\Users\Sergio\AppData\Local\Temp\ccQvpxfl.debug.temp.o
                0x001ea0e4                bn_sprite_text_generator.cpp.3bce1910
 .debug_info    0x001fe6cd     0xde85 C:\Users\Sergio\AppData\Local\Temp\ccQ0fmV5.debug.temp.o
                0x001fe6cd                bn_sprite_tiles_manager.cpp.eed3e239
 .debug_info    0x0020c552    0x1a647 C:\Users\Sergio\AppData\Local\Temp\cca4siKQ.debug.temp.o
                0x0020c552                bn_sprites_manager.cpp.153ebd4b
 .debug_info    0x00226b99     0x5df9 C:\Users\Sergio\AppData\Local\Temp\ccwmZuoz.debug.temp.o
                0x00226b99                bn_sstream.cpp.ac2deeae
 .debug_info    0x0022c992    0x10961 C:\Users\Sergio\AppData\Local\Temp\ccsJwdhi.debug.temp.o
                0x0022c992                bn_translation_unit.cpp.56a57108
 .debug_info    0x0023d2f3     0x59a1 C:\Users\Sergio\AppData\Local\Temp\ccmvpWV4.debug.temp.o
                0x0023d2f3                bn_hw_audio.cpp.fc2e12ad
 .debug_info    0x00242c94     0x155e C:\Users\Sergio\AppData\Local\Temp\ccKWBuVR.debug.temp.o
                0x00242c94                bn_hw_cstdlib.cpp.a93f252e
 .debug_info    0x002441f2     0x5b63 C:\Users\Sergio\AppData\Local\Temp\ccEphpwq.debug.temp.o
                0x002441f2                bn_hw_link.cpp.001f7bf3
 .debug_info    0x00249d55     0x49b3 C:\Users\Sergio\AppData\Local\Temp\ccK0HfRX.debug.temp.o
                0x00249d55                bn_hw_palettes.cpp.60216126
 .debug_info    0x0024e708     0x5f99 C:\Users\Sergio\AppData\Local\Temp\ccKbsMEJ.debug.temp.o
                0x0024e708                bn_hw_show.cpp.75ca1e2d
 .debug_info    0x002546a1      0x549 C:\Users\Sergio\AppData\Local\Temp\cc4EOOFu.debug.temp.o
                0x002546a1                bn_hw_sram.cpp.85cb9265
 .debug_info    0x00254bea      0x6c7 C:\Users\Sergio\AppData\Local\Temp\ccEwD9Kf.debug.temp.o
                0x00254bea                bn_hw_system_font.cpp.91e85e7c
 .debug_info    0x002552b1     0x41c0 C:\Users\Sergio\AppData\Local\Temp\cc4yYye5.debug.temp.o
                0x002552b1                bn_hw_text.cpp.50d88a6f
 .debug_info    0x00259471      0x64e C:\Users\Sergio\AppData\Local\Temp\ccydOu1T.debug.temp.o
                0x00259471                vgm.cpp.6a9eb84b
 .debug_info    0x00259abf      0x594 C:\Users\Sergio\AppData\Local\Temp\ccgdPISI.debug.temp.o
                0x00259abf                tonc_color.c.cad8444b
 .debug_info    0x0025a053      0x5e1 C:\Users\Sergio\AppData\Local\Temp\ccwaQbJw.debug.temp.o
                0x0025a053                tonc_sbmp16.c.a3e3e1c0
 .debug_info    0x0025a634      0x596 C:\Users\Sergio\AppData\Local\Temp\ccedqgM0.debug.temp.o
                0x0025a634                bmp16_drawg_b1cs.c.d3c62f5b
 .debug_info    0x0025abca      0x4cf C:\Users\Sergio\AppData\Local\Temp\ccCu1NDZ.debug.temp.o
                0x0025abca                tte_init_bmp.c.f471ffd0
 .debug_info    0x0025b099      0x9be C:\Users\Sergio\AppData\Local\Temp\ccEYCtMX.debug.temp.o
                0x0025b099                tte_main.c.cc86772d
 .debug_info    0x0025ba57      0x1b3 C:\Users\Sergio\AppData\Local\Temp\cc6BQR3V.debug.temp.o
                0x0025ba57                interrupts_gba.c.4abbfea2
 .debug_info    0x0025bc0a     0x119b C:\Users\Sergio\AppData\Local\Temp\ccGzfJNO.debug.temp.o
                0x0025bc0a                gbt_player.c.e1b0f848
 .debug_info    0x0025cda5     0xa5b1 bn_sprites_manager.bn_iwram.o
 .debug_info    0x00267356     0x19e4 bn_hw_common.bn_noflto.o
 .debug_info    0x00268d3a      0x614 bn_hw_game_pak.bn_ewram.o
 .debug_info    0x0026934e     0x1104 bn_hw_palettes.bn_iwram.o
 .debug_info    0x0026a452      0x7a3 bn_hw_sprite_tiles.bn_iwram.o
 .debug_info    0x0026abf5       0x23 bn_hw_bg_blocks.o
 .debug_info    0x0026ac18       0x24 bn_hw_hblank_effects.o
 .debug_info    0x0026ac3c       0x23 bn_hw_palettes_asm.o
 .debug_info    0x0026ac5f       0x30 clr_blend_fast.o
 .debug_info    0x0026ac8f       0x23 clr_fade_fast.o
 .debug_info    0x0026acb2      0x1c8 tonc_bios.o
 .debug_info    0x0026ae7a       0x3a tonc_memset.o
 .debug_info    0x0026aeb4       0x24 irq_handler.o
 .debug_info    0x0026aed8       0x24 posprintf.o
 .debug_info    0x0026aefc       0x22 lmul.o
 .debug_info    0x0026af1e       0x22 memcpy.o
 .debug_info    0x0026af40       0x22 memmove.o
 .debug_info    0x0026af62       0x22 memset.o
 .debug_info    0x0026af84       0x22 rmemcpy.o
 .debug_info    0x0026afa6       0x23 sdiv32.o
 .debug_info    0x0026afc9       0x24 udiv32.o
 .debug_info    0x0026afed       0x24 huffman.o
 .debug_info    0x0026b011       0x24 lz77.o
 .debug_info    0x0026b035       0x24 running_length.o
 .debug_info    0x0026b059       0x24 mm_effect.o
 .debug_info    0x0026b07d       0x23 mm_main.o
 .debug_info    0x0026b0a0       0x22 mm_mas.o
 .debug_info    0x0026b0c2       0x24 mm_mas_arm.o
 .debug_info    0x0026b0e6       0x22 mm_main_gba.o
 .debug_info    0x0026b108       0x22 mm_mixer_gba.o

.debug_abbrev   0x00000000    0x1fa77
 *(.debug_abbrev)
 .debug_abbrev  0x00000000      0x34a C:\Users\Sergio\AppData\Local\Temp\cc1M2u9p.ltrans0.ltrans.o
 .debug_abbrev  0x0000034a      0x35c C:\Users\Sergio\AppData\Local\Temp\cc1M2u9p.ltrans1.ltrans.o
 .debug_abbrev  0x000006a6      0x206 C:\Users\Sergio\AppData\Local\Temp\cc1M2u9p.ltrans2.ltrans.o
 .debug_abbrev  0x000008ac      0xcb2 C:\Users\Sergio\AppData\Local\Temp\ccuIlbaa.debug.temp.o
 .debug_abbrev  0x0000155e      0xb41 C:\Users\Sergio\AppData\Local\Temp\ccOnipLI.debug.temp.o
 .debug_abbrev  0x0000209f      0x4e5 C:\Users\Sergio\AppData\Local\Temp\cc82eDmh.debug.temp.o
 .debug_abbrev  0x00002584      0xa8b C:\Users\Sergio\AppData\Local\Temp\ccoevYuP.debug.temp.o
 .debug_abbrev  0x0000300f      0xac0 C:\Users\Sergio\AppData\Local\Temp\cc00EHQn.debug.temp.o
 .debug_abbrev  0x00003acf      0xd42 C:\Users\Sergio\AppData\Local\Temp\ccCNOqcW.debug.temp.o
 .debug_abbrev  0x00004811      0xd60 C:\Users\Sergio\AppData\Local\Temp\ccucGePt.debug.temp.o
 .debug_abbrev  0x00005571      0xd7a C:\Users\Sergio\AppData\Local\Temp\cc2gO9F1.debug.temp.o
 .debug_abbrev  0x000062eb      0xd60 C:\Users\Sergio\AppData\Local\Temp\ccM7XOHy.debug.temp.o
 .debug_abbrev  0x0000704b      0xbb0 C:\Users\Sergio\AppData\Local\Temp\cckS1uX7.debug.temp.o
 .debug_abbrev  0x00007bfb      0xa2f C:\Users\Sergio\AppData\Local\Temp\ccoByGrH.debug.temp.o
 .debug_abbrev  0x0000862a      0xa1e C:\Users\Sergio\AppData\Local\Temp\cc4TdCJk.debug.temp.o
 .debug_abbrev  0x00009048      0xac4 C:\Users\Sergio\AppData\Local\Temp\ccoFPrKX.debug.temp.o
 .debug_abbrev  0x00009b0c      0xa09 C:\Users\Sergio\AppData\Local\Temp\ccwGSbUA.debug.temp.o
 .debug_abbrev  0x0000a515      0xde4 C:\Users\Sergio\AppData\Local\Temp\ccuwOzjd.debug.temp.o
 .debug_abbrev  0x0000b2f9      0x882 C:\Users\Sergio\AppData\Local\Temp\cca59SQO.debug.temp.o
 .debug_abbrev  0x0000bb7b      0xdd0 C:\Users\Sergio\AppData\Local\Temp\cccj1EKq.debug.temp.o
 .debug_abbrev  0x0000c94b     0x10f6 C:\Users\Sergio\AppData\Local\Temp\ccyhLFS6.debug.temp.o
 .debug_abbrev  0x0000da41      0x9f8 C:\Users\Sergio\AppData\Local\Temp\cciYna4L.debug.temp.o
 .debug_abbrev  0x0000e439      0xb46 C:\Users\Sergio\AppData\Local\Temp\ccqnN7Br.debug.temp.o
 .debug_abbrev  0x0000ef7f      0xcb1 C:\Users\Sergio\AppData\Local\Temp\ccMxphk6.debug.temp.o
 .debug_abbrev  0x0000fc30      0x921 C:\Users\Sergio\AppData\Local\Temp\cce3USgL.debug.temp.o
 .debug_abbrev  0x00010551     0x1054 C:\Users\Sergio\AppData\Local\Temp\ccGyqudq.debug.temp.o
 .debug_abbrev  0x000115a5      0x606 C:\Users\Sergio\AppData\Local\Temp\ccUcE2o4.debug.temp.o
 .debug_abbrev  0x00011bab      0x8b3 C:\Users\Sergio\AppData\Local\Temp\ccmYFaCM.debug.temp.o
 .debug_abbrev  0x0001245e      0x991 C:\Users\Sergio\AppData\Local\Temp\ccytXCUu.debug.temp.o
 .debug_abbrev  0x00012def      0x910 C:\Users\Sergio\AppData\Local\Temp\ccAHYTrc.debug.temp.o
 .debug_abbrev  0x000136ff      0xdc2 C:\Users\Sergio\AppData\Local\Temp\ccGhmLkT.debug.temp.o
 .debug_abbrev  0x000144c1      0xead C:\Users\Sergio\AppData\Local\Temp\ccgR4cbY.debug.temp.o
 .debug_abbrev  0x0001536e      0x9c1 C:\Users\Sergio\AppData\Local\Temp\ccG3AnBE.debug.temp.o
 .debug_abbrev  0x00015d2f      0xcab C:\Users\Sergio\AppData\Local\Temp\ccQvpxfl.debug.temp.o
 .debug_abbrev  0x000169da      0xdee C:\Users\Sergio\AppData\Local\Temp\ccQ0fmV5.debug.temp.o
 .debug_abbrev  0x000177c8      0xeea C:\Users\Sergio\AppData\Local\Temp\cca4siKQ.debug.temp.o
 .debug_abbrev  0x000186b2      0x79e C:\Users\Sergio\AppData\Local\Temp\ccwmZuoz.debug.temp.o
 .debug_abbrev  0x00018e50      0xcbf C:\Users\Sergio\AppData\Local\Temp\ccsJwdhi.debug.temp.o
 .debug_abbrev  0x00019b0f      0xb98 C:\Users\Sergio\AppData\Local\Temp\ccmvpWV4.debug.temp.o
 .debug_abbrev  0x0001a6a7      0x519 C:\Users\Sergio\AppData\Local\Temp\ccKWBuVR.debug.temp.o
 .debug_abbrev  0x0001abc0      0x9dc C:\Users\Sergio\AppData\Local\Temp\ccEphpwq.debug.temp.o
 .debug_abbrev  0x0001b59c      0x7d4 C:\Users\Sergio\AppData\Local\Temp\ccK0HfRX.debug.temp.o
 .debug_abbrev  0x0001bd70      0x9c8 C:\Users\Sergio\AppData\Local\Temp\ccKbsMEJ.debug.temp.o
 .debug_abbrev  0x0001c738      0x192 C:\Users\Sergio\AppData\Local\Temp\cc4EOOFu.debug.temp.o
 .debug_abbrev  0x0001c8ca      0x228 C:\Users\Sergio\AppData\Local\Temp\ccEwD9Kf.debug.temp.o
 .debug_abbrev  0x0001caf2      0x70d C:\Users\Sergio\AppData\Local\Temp\cc4yYye5.debug.temp.o
 .debug_abbrev  0x0001d1ff      0x1a4 C:\Users\Sergio\AppData\Local\Temp\ccydOu1T.debug.temp.o
 .debug_abbrev  0x0001d3a3       0xf4 C:\Users\Sergio\AppData\Local\Temp\ccgdPISI.debug.temp.o
 .debug_abbrev  0x0001d497      0x1c6 C:\Users\Sergio\AppData\Local\Temp\ccwaQbJw.debug.temp.o
 .debug_abbrev  0x0001d65d      0x174 C:\Users\Sergio\AppData\Local\Temp\ccedqgM0.debug.temp.o
 .debug_abbrev  0x0001d7d1      0x1b1 C:\Users\Sergio\AppData\Local\Temp\ccCu1NDZ.debug.temp.o
 .debug_abbrev  0x0001d982      0x266 C:\Users\Sergio\AppData\Local\Temp\ccEYCtMX.debug.temp.o
 .debug_abbrev  0x0001dbe8       0xed C:\Users\Sergio\AppData\Local\Temp\cc6BQR3V.debug.temp.o
 .debug_abbrev  0x0001dcd5      0x187 C:\Users\Sergio\AppData\Local\Temp\ccGzfJNO.debug.temp.o
 .debug_abbrev  0x0001de5c      0xabc bn_sprites_manager.bn_iwram.o
 .debug_abbrev  0x0001e918      0x606 bn_hw_common.bn_noflto.o
 .debug_abbrev  0x0001ef1e      0x1e0 bn_hw_game_pak.bn_ewram.o
 .debug_abbrev  0x0001f0fe      0x4db bn_hw_palettes.bn_iwram.o
 .debug_abbrev  0x0001f5d9      0x282 bn_hw_sprite_tiles.bn_iwram.o
 .debug_abbrev  0x0001f85b       0x14 bn_hw_bg_blocks.o
 .debug_abbrev  0x0001f86f       0x14 bn_hw_hblank_effects.o
 .debug_abbrev  0x0001f883       0x14 bn_hw_palettes_asm.o
 .debug_abbrev  0x0001f897       0x28 clr_blend_fast.o
 .debug_abbrev  0x0001f8bf       0x14 clr_fade_fast.o
 .debug_abbrev  0x0001f8d3       0x26 tonc_bios.o
 .debug_abbrev  0x0001f8f9       0x26 tonc_memset.o
 .debug_abbrev  0x0001f91f       0x14 irq_handler.o
 .debug_abbrev  0x0001f933       0x14 posprintf.o
 .debug_abbrev  0x0001f947       0x12 lmul.o
 .debug_abbrev  0x0001f959       0x12 memcpy.o
 .debug_abbrev  0x0001f96b       0x12 memmove.o
 .debug_abbrev  0x0001f97d       0x12 memset.o
 .debug_abbrev  0x0001f98f       0x12 rmemcpy.o
 .debug_abbrev  0x0001f9a1       0x14 sdiv32.o
 .debug_abbrev  0x0001f9b5       0x14 udiv32.o
 .debug_abbrev  0x0001f9c9       0x14 huffman.o
 .debug_abbrev  0x0001f9dd       0x14 lz77.o
 .debug_abbrev  0x0001f9f1       0x14 running_length.o
 .debug_abbrev  0x0001fa05       0x14 mm_effect.o
 .debug_abbrev  0x0001fa19       0x14 mm_main.o
 .debug_abbrev  0x0001fa2d       0x12 mm_mas.o
 .debug_abbrev  0x0001fa3f       0x14 mm_mas_arm.o
 .debug_abbrev  0x0001fa53       0x12 mm_main_gba.o
 .debug_abbrev  0x0001fa65       0x12 mm_mixer_gba.o

.debug_line     0x00000000    0x4c324
 *(.debug_line)
 .debug_line    0x00000000    0x16f75 C:\Users\Sergio\AppData\Local\Temp\cc1M2u9p.ltrans0.ltrans.o
 .debug_line    0x00016f75    0x11e53 C:\Users\Sergio\AppData\Local\Temp\cc1M2u9p.ltrans1.ltrans.o
 .debug_line    0x00028dc8     0x6f83 C:\Users\Sergio\AppData\Local\Temp\cc1M2u9p.ltrans2.ltrans.o
 .debug_line    0x0002fd4b      0x918 C:\Users\Sergio\AppData\Local\Temp\ccuIlbaa.debug.temp.o
 .debug_line    0x00030663      0x8a3 C:\Users\Sergio\AppData\Local\Temp\ccOnipLI.debug.temp.o
 .debug_line    0x00030f06      0x469 C:\Users\Sergio\AppData\Local\Temp\cc82eDmh.debug.temp.o
 .debug_line    0x0003136f      0x957 C:\Users\Sergio\AppData\Local\Temp\ccoevYuP.debug.temp.o
 .debug_line    0x00031cc6      0x85e C:\Users\Sergio\AppData\Local\Temp\cc00EHQn.debug.temp.o
 .debug_line    0x00032524      0xac8 C:\Users\Sergio\AppData\Local\Temp\ccCNOqcW.debug.temp.o
 .debug_line    0x00032fec      0xb08 C:\Users\Sergio\AppData\Local\Temp\ccucGePt.debug.temp.o
 .debug_line    0x00033af4      0xb2c C:\Users\Sergio\AppData\Local\Temp\cc2gO9F1.debug.temp.o
 .debug_line    0x00034620      0xaef C:\Users\Sergio\AppData\Local\Temp\ccM7XOHy.debug.temp.o
 .debug_line    0x0003510f      0x811 C:\Users\Sergio\AppData\Local\Temp\cckS1uX7.debug.temp.o
 .debug_line    0x00035920      0x7a9 C:\Users\Sergio\AppData\Local\Temp\ccoByGrH.debug.temp.o
 .debug_line    0x000360c9      0x799 C:\Users\Sergio\AppData\Local\Temp\cc4TdCJk.debug.temp.o
 .debug_line    0x00036862      0x8e9 C:\Users\Sergio\AppData\Local\Temp\ccoFPrKX.debug.temp.o
 .debug_line    0x0003714b      0x704 C:\Users\Sergio\AppData\Local\Temp\ccwGSbUA.debug.temp.o
 .debug_line    0x0003784f      0x926 C:\Users\Sergio\AppData\Local\Temp\ccuwOzjd.debug.temp.o
 .debug_line    0x00038175      0x5db C:\Users\Sergio\AppData\Local\Temp\cca59SQO.debug.temp.o
 .debug_line    0x00038750      0xaf8 C:\Users\Sergio\AppData\Local\Temp\cccj1EKq.debug.temp.o
 .debug_line    0x00039248      0xcc6 C:\Users\Sergio\AppData\Local\Temp\ccyhLFS6.debug.temp.o
 .debug_line    0x00039f0e      0x6c7 C:\Users\Sergio\AppData\Local\Temp\cciYna4L.debug.temp.o
 .debug_line    0x0003a5d5      0x9d0 C:\Users\Sergio\AppData\Local\Temp\ccqnN7Br.debug.temp.o
 .debug_line    0x0003afa5      0xc22 C:\Users\Sergio\AppData\Local\Temp\ccMxphk6.debug.temp.o
 .debug_line    0x0003bbc7      0x6ae C:\Users\Sergio\AppData\Local\Temp\cce3USgL.debug.temp.o
 .debug_line    0x0003c275     0x1e86 C:\Users\Sergio\AppData\Local\Temp\ccGyqudq.debug.temp.o
 .debug_line    0x0003e0fb      0x516 C:\Users\Sergio\AppData\Local\Temp\ccUcE2o4.debug.temp.o
 .debug_line    0x0003e611      0x64f C:\Users\Sergio\AppData\Local\Temp\ccmYFaCM.debug.temp.o
 .debug_line    0x0003ec60      0x73d C:\Users\Sergio\AppData\Local\Temp\ccytXCUu.debug.temp.o
 .debug_line    0x0003f39d      0x7ad C:\Users\Sergio\AppData\Local\Temp\ccAHYTrc.debug.temp.o
 .debug_line    0x0003fb4a      0xa1d C:\Users\Sergio\AppData\Local\Temp\ccGhmLkT.debug.temp.o
 .debug_line    0x00040567      0xa1c C:\Users\Sergio\AppData\Local\Temp\ccgR4cbY.debug.temp.o
 .debug_line    0x00040f83      0x69d C:\Users\Sergio\AppData\Local\Temp\ccG3AnBE.debug.temp.o
 .debug_line    0x00041620      0x91e C:\Users\Sergio\AppData\Local\Temp\ccQvpxfl.debug.temp.o
 .debug_line    0x00041f3e      0x8a6 C:\Users\Sergio\AppData\Local\Temp\ccQ0fmV5.debug.temp.o
 .debug_line    0x000427e4      0xbad C:\Users\Sergio\AppData\Local\Temp\cca4siKQ.debug.temp.o
 .debug_line    0x00043391      0x5e3 C:\Users\Sergio\AppData\Local\Temp\ccwmZuoz.debug.temp.o
 .debug_line    0x00043974      0xa2b C:\Users\Sergio\AppData\Local\Temp\ccsJwdhi.debug.temp.o
 .debug_line    0x0004439f      0x809 C:\Users\Sergio\AppData\Local\Temp\ccmvpWV4.debug.temp.o
 .debug_line    0x00044ba8      0x42a C:\Users\Sergio\AppData\Local\Temp\ccKWBuVR.debug.temp.o
 .debug_line    0x00044fd2      0x6ad C:\Users\Sergio\AppData\Local\Temp\ccEphpwq.debug.temp.o
 .debug_line    0x0004567f      0x660 C:\Users\Sergio\AppData\Local\Temp\ccK0HfRX.debug.temp.o
 .debug_line    0x00045cdf      0x7a6 C:\Users\Sergio\AppData\Local\Temp\ccKbsMEJ.debug.temp.o
 .debug_line    0x00046485      0x2fe C:\Users\Sergio\AppData\Local\Temp\cc4EOOFu.debug.temp.o
 .debug_line    0x00046783      0x2d5 C:\Users\Sergio\AppData\Local\Temp\ccEwD9Kf.debug.temp.o
 .debug_line    0x00046a58      0x622 C:\Users\Sergio\AppData\Local\Temp\cc4yYye5.debug.temp.o
 .debug_line    0x0004707a      0x230 C:\Users\Sergio\AppData\Local\Temp\ccydOu1T.debug.temp.o
 .debug_line    0x000472aa       0xe5 C:\Users\Sergio\AppData\Local\Temp\ccgdPISI.debug.temp.o
 .debug_line    0x0004738f       0xe8 C:\Users\Sergio\AppData\Local\Temp\ccwaQbJw.debug.temp.o
 .debug_line    0x00047477       0xf0 C:\Users\Sergio\AppData\Local\Temp\ccedqgM0.debug.temp.o
 .debug_line    0x00047567       0xec C:\Users\Sergio\AppData\Local\Temp\ccCu1NDZ.debug.temp.o
 .debug_line    0x00047653      0x12f C:\Users\Sergio\AppData\Local\Temp\ccEYCtMX.debug.temp.o
 .debug_line    0x00047782      0x156 C:\Users\Sergio\AppData\Local\Temp\cc6BQR3V.debug.temp.o
 .debug_line    0x000478d8      0x153 C:\Users\Sergio\AppData\Local\Temp\ccGzfJNO.debug.temp.o
 .debug_line    0x00047a2b      0xf47 bn_sprites_manager.bn_iwram.o
 .debug_line    0x00048972      0x651 bn_hw_common.bn_noflto.o
 .debug_line    0x00048fc3      0x4a8 bn_hw_game_pak.bn_ewram.o
 .debug_line    0x0004946b      0x6e3 bn_hw_palettes.bn_iwram.o
 .debug_line    0x00049b4e      0x3d5 bn_hw_sprite_tiles.bn_iwram.o
 .debug_line    0x00049f23       0x90 bn_hw_bg_blocks.o
 .debug_line    0x00049fb3       0xa9 bn_hw_hblank_effects.o
 .debug_line    0x0004a05c       0x80 bn_hw_palettes_asm.o
 .debug_line    0x0004a0dc       0xa0 clr_blend_fast.o
 .debug_line    0x0004a17c       0x9f clr_fade_fast.o
 .debug_line    0x0004a21b      0x2bb tonc_bios.o
 .debug_line    0x0004a4d6       0xbe tonc_memset.o
 .debug_line    0x0004a594       0xdb irq_handler.o
 .debug_line    0x0004a66f      0x1b5 posprintf.o
 .debug_line    0x0004a824       0xbb lmul.o
 .debug_line    0x0004a8df       0xd1 memcpy.o
 .debug_line    0x0004a9b0       0xb1 memmove.o
 .debug_line    0x0004aa61       0xdb memset.o
 .debug_line    0x0004ab3c       0xbe rmemcpy.o
 .debug_line    0x0004abfa       0x8c sdiv32.o
 .debug_line    0x0004ac86       0xf5 udiv32.o
 .debug_line    0x0004ad7b       0xa8 huffman.o
 .debug_line    0x0004ae23       0xee lz77.o
 .debug_line    0x0004af11       0xc6 running_length.o
 .debug_line    0x0004afd7      0x217 mm_effect.o
 .debug_line    0x0004b1ee       0x88 mm_main.o
 .debug_line    0x0004b276      0xa77 mm_mas.o
 .debug_line    0x0004bced      0x1fd mm_mas_arm.o
 .debug_line    0x0004beea      0x11b mm_main_gba.o
 .debug_line    0x0004c005      0x31f mm_mixer_gba.o

.debug_frame    0x00000000     0x1db8
 *(.debug_frame)
 .debug_frame   0x00000000      0x6cc C:\Users\Sergio\AppData\Local\Temp\cc1M2u9p.ltrans0.ltrans.o
 .debug_frame   0x000006cc      0xd10 C:\Users\Sergio\AppData\Local\Temp\cc1M2u9p.ltrans1.ltrans.o
 .debug_frame   0x000013dc      0x79c C:\Users\Sergio\AppData\Local\Temp\cc1M2u9p.ltrans2.ltrans.o
 .debug_frame   0x00001b78       0x94 bn_sprites_manager.bn_iwram.o
 .debug_frame   0x00001c0c       0xec bn_hw_common.bn_noflto.o
 .debug_frame   0x00001cf8       0x34 bn_hw_game_pak.bn_ewram.o
 .debug_frame   0x00001d2c       0x48 bn_hw_palettes.bn_iwram.o
 .debug_frame   0x00001d74       0x44 bn_hw_sprite_tiles.bn_iwram.o

.debug_str      0x00000000    0x98010
 *(.debug_str)
 .debug_str     0x00000000      0x7ef C:\Users\Sergio\AppData\Local\Temp\cc1M2u9p.ltrans0.ltrans.o
 .debug_str     0x00000000      0x7a0 C:\Users\Sergio\AppData\Local\Temp\cc1M2u9p.ltrans1.ltrans.o
 .debug_str     0x00000000      0xf16 C:\Users\Sergio\AppData\Local\Temp\cc1M2u9p.ltrans2.ltrans.o
 .debug_str     0x00000000     0xd784 C:\Users\Sergio\AppData\Local\Temp\ccuIlbaa.debug.temp.o
 .debug_str     0x00000000     0xd4c7 C:\Users\Sergio\AppData\Local\Temp\ccOnipLI.debug.temp.o
 .debug_str     0x00000000     0x16ef C:\Users\Sergio\AppData\Local\Temp\cc82eDmh.debug.temp.o
 .debug_str     0x00000000     0xf382 C:\Users\Sergio\AppData\Local\Temp\ccoevYuP.debug.temp.o
 .debug_str     0x00000000     0x8276 C:\Users\Sergio\AppData\Local\Temp\cc00EHQn.debug.temp.o
 .debug_str     0x00000000    0x16100 C:\Users\Sergio\AppData\Local\Temp\ccCNOqcW.debug.temp.o
 .debug_str     0x00000000    0x16358 C:\Users\Sergio\AppData\Local\Temp\ccucGePt.debug.temp.o
 .debug_str     0x00000000    0x163ba C:\Users\Sergio\AppData\Local\Temp\cc2gO9F1.debug.temp.o
 .debug_str     0x00000000    0x162d5 C:\Users\Sergio\AppData\Local\Temp\ccM7XOHy.debug.temp.o
 .debug_str     0x00000000     0xc195 C:\Users\Sergio\AppData\Local\Temp\cckS1uX7.debug.temp.o
 .debug_str     0x00000000     0x777a C:\Users\Sergio\AppData\Local\Temp\ccoByGrH.debug.temp.o
 .debug_str     0x00000000     0x8f05 C:\Users\Sergio\AppData\Local\Temp\cc4TdCJk.debug.temp.o
 .debug_str     0x00000000     0x9714 C:\Users\Sergio\AppData\Local\Temp\ccoFPrKX.debug.temp.o
 .debug_str     0x00000000     0x93fa C:\Users\Sergio\AppData\Local\Temp\ccwGSbUA.debug.temp.o
 .debug_str     0x00000000     0xbc93 C:\Users\Sergio\AppData\Local\Temp\ccuwOzjd.debug.temp.o
 .debug_str     0x00000000     0x29ff C:\Users\Sergio\AppData\Local\Temp\cca59SQO.debug.temp.o
 .debug_str     0x00000000    0x163e3 C:\Users\Sergio\AppData\Local\Temp\cccj1EKq.debug.temp.o
 .debug_str     0x00000000    0x1b54d C:\Users\Sergio\AppData\Local\Temp\ccyhLFS6.debug.temp.o
 .debug_str     0x00000000     0x3cea C:\Users\Sergio\AppData\Local\Temp\cciYna4L.debug.temp.o
 .debug_str     0x00000000     0x54c1 C:\Users\Sergio\AppData\Local\Temp\ccqnN7Br.debug.temp.o
 .debug_str     0x00000000    0x16ba1 C:\Users\Sergio\AppData\Local\Temp\ccMxphk6.debug.temp.o
 .debug_str     0x00000000     0x3266 C:\Users\Sergio\AppData\Local\Temp\cce3USgL.debug.temp.o
 .debug_str     0x00000000    0x4a094 C:\Users\Sergio\AppData\Local\Temp\ccGyqudq.debug.temp.o
 .debug_str     0x00000000     0x1616 C:\Users\Sergio\AppData\Local\Temp\ccUcE2o4.debug.temp.o
 .debug_str     0x00000000     0x37c5 C:\Users\Sergio\AppData\Local\Temp\ccmYFaCM.debug.temp.o
 .debug_str     0x00000000     0x3aea C:\Users\Sergio\AppData\Local\Temp\ccytXCUu.debug.temp.o
 .debug_str     0x00000000     0x31be C:\Users\Sergio\AppData\Local\Temp\ccAHYTrc.debug.temp.o
 .debug_str     0x00000000     0xc432 C:\Users\Sergio\AppData\Local\Temp\ccGhmLkT.debug.temp.o
 .debug_str     0x00000000     0xf4d7 C:\Users\Sergio\AppData\Local\Temp\ccgR4cbY.debug.temp.o
 .debug_str     0x00000000     0x8286 C:\Users\Sergio\AppData\Local\Temp\ccG3AnBE.debug.temp.o
 .debug_str     0x00000000    0x10267 C:\Users\Sergio\AppData\Local\Temp\ccQvpxfl.debug.temp.o
 .debug_str     0x00000000     0xb4db C:\Users\Sergio\AppData\Local\Temp\ccQ0fmV5.debug.temp.o
 .debug_str     0x00000000    0x184ca C:\Users\Sergio\AppData\Local\Temp\cca4siKQ.debug.temp.o
 .debug_str     0x00000000     0x3d93 C:\Users\Sergio\AppData\Local\Temp\ccwmZuoz.debug.temp.o
 .debug_str     0x00000000     0xbfd0 C:\Users\Sergio\AppData\Local\Temp\ccsJwdhi.debug.temp.o
 .debug_str     0x00000000     0x33f2 C:\Users\Sergio\AppData\Local\Temp\ccmvpWV4.debug.temp.o
 .debug_str     0x00000000     0x10bb C:\Users\Sergio\AppData\Local\Temp\ccKWBuVR.debug.temp.o
 .debug_str     0x00000000     0x45a6 C:\Users\Sergio\AppData\Local\Temp\ccEphpwq.debug.temp.o
 .debug_str     0x00000000     0x2bc6 C:\Users\Sergio\AppData\Local\Temp\ccK0HfRX.debug.temp.o
 .debug_str     0x00000000     0x3ffe C:\Users\Sergio\AppData\Local\Temp\ccKbsMEJ.debug.temp.o
 .debug_str     0x00000000      0x56b C:\Users\Sergio\AppData\Local\Temp\cc4EOOFu.debug.temp.o
 .debug_str     0x00000000      0x5d1 C:\Users\Sergio\AppData\Local\Temp\ccEwD9Kf.debug.temp.o
 .debug_str     0x00000000     0x29c1 C:\Users\Sergio\AppData\Local\Temp\cc4yYye5.debug.temp.o
 .debug_str     0x00000000      0x5bf C:\Users\Sergio\AppData\Local\Temp\ccydOu1T.debug.temp.o
 .debug_str     0x00000000      0x2af C:\Users\Sergio\AppData\Local\Temp\ccgdPISI.debug.temp.o
 .debug_str     0x00000000      0x2f5 C:\Users\Sergio\AppData\Local\Temp\ccwaQbJw.debug.temp.o
 .debug_str     0x00000000      0x33e C:\Users\Sergio\AppData\Local\Temp\ccedqgM0.debug.temp.o
 .debug_str     0x00000000      0x36c C:\Users\Sergio\AppData\Local\Temp\ccCu1NDZ.debug.temp.o
 .debug_str     0x00000000      0x56f C:\Users\Sergio\AppData\Local\Temp\ccEYCtMX.debug.temp.o
 .debug_str     0x00000000      0x31a C:\Users\Sergio\AppData\Local\Temp\cc6BQR3V.debug.temp.o
 .debug_str     0x00000000      0xaaa C:\Users\Sergio\AppData\Local\Temp\ccGzfJNO.debug.temp.o
 .debug_str     0x00000000    0x98010 bn_sprites_manager.bn_iwram.o
                               0xb57f (size before relaxing)
 .debug_str     0x00098010     0x117e bn_hw_common.bn_noflto.o
 .debug_str     0x00098010      0x5b3 bn_hw_game_pak.bn_ewram.o
 .debug_str     0x00098010      0x93d bn_hw_palettes.bn_iwram.o
 .debug_str     0x00098010      0x5a5 bn_hw_sprite_tiles.bn_iwram.o
 .debug_str     0x00098010       0x68 bn_hw_bg_blocks.o
 .debug_str     0x00098010       0x6d bn_hw_hblank_effects.o
 .debug_str     0x00098010       0x6b bn_hw_palettes_asm.o
 .debug_str     0x00098010       0x88 clr_blend_fast.o
 .debug_str     0x00098010       0x78 clr_fade_fast.o
 .debug_str     0x00098010      0x22c tonc_bios.o
 .debug_str     0x00098010       0x88 tonc_memset.o
 .debug_str     0x00098010       0x76 irq_handler.o
 .debug_str     0x00098010       0x76 posprintf.o
 .debug_str     0x00098010       0x6e lmul.o
 .debug_str     0x00098010       0x70 memcpy.o
 .debug_str     0x00098010       0x71 memmove.o
 .debug_str     0x00098010       0x70 memset.o
 .debug_str     0x00098010       0x71 rmemcpy.o
 .debug_str     0x00098010       0x74 sdiv32.o
 .debug_str     0x00098010       0x74 udiv32.o
 .debug_str     0x00098010       0x7b huffman.o
 .debug_str     0x00098010       0x78 lz77.o
 .debug_str     0x00098010       0x82 running_length.o
 .debug_str     0x00098010       0x76 mm_effect.o
 .debug_str     0x00098010       0x74 mm_main.o
 .debug_str     0x00098010       0x73 mm_mas.o
 .debug_str     0x00098010       0x77 mm_mas_arm.o
 .debug_str     0x00098010       0x7c mm_main_gba.o
 .debug_str     0x00098010       0x7d mm_mixer_gba.o

.debug_loc      0x00000000    0x7bb7f
 *(.debug_loc)
 .debug_loc     0x00000000    0x3e9d0 C:\Users\Sergio\AppData\Local\Temp\cc1M2u9p.ltrans0.ltrans.o
 .debug_loc     0x0003e9d0    0x2740d C:\Users\Sergio\AppData\Local\Temp\cc1M2u9p.ltrans1.ltrans.o
 .debug_loc     0x00065ddd    0x1482c C:\Users\Sergio\AppData\Local\Temp\cc1M2u9p.ltrans2.ltrans.o
 .debug_loc     0x0007a609      0xbc1 bn_sprites_manager.bn_iwram.o
 .debug_loc     0x0007b1ca      0x309 bn_hw_common.bn_noflto.o
 .debug_loc     0x0007b4d3      0x102 bn_hw_game_pak.bn_ewram.o
 .debug_loc     0x0007b5d5      0x371 bn_hw_palettes.bn_iwram.o
 .debug_loc     0x0007b946      0x239 bn_hw_sprite_tiles.bn_iwram.o

.debug_macinfo
 *(.debug_macinfo)

.debug_weaknames
 *(.debug_weaknames)

.debug_funcnames
 *(.debug_funcnames)

.debug_typenames
 *(.debug_typenames)

.debug_varnames
 *(.debug_varnames)

.stack          0x00080000        0x0
                0x00080000                        _stack = .
 *(.stack)

.note.gnu.arm.ident
 *(.note.gnu.arm.ident)

.ARM.attributes
                0x00000000       0x2c
 *(.ARM.attributes)
 .ARM.attributes
                0x00000000       0x20 C:/devkitPro/devkitARM/bin/../lib/gcc/arm-none-eabi/14.1.0/../../../../arm-none-eabi/lib/thumb/gba_crt0.o
 .ARM.attributes
                0x00000020       0x1c C:/devkitPro/devkitARM/bin/../lib/gcc/arm-none-eabi/14.1.0/thumb/crti.o
 .ARM.attributes
                0x0000003c       0x2a C:/devkitPro/devkitARM/bin/../lib/gcc/arm-none-eabi/14.1.0/thumb/crtbegin.o
 .ARM.attributes
                0x00000066       0x1a _bn_audio_soundbank.bin.o
 .ARM.attributes
                0x00000080       0x1a big_font_bn_gfx.o
 .ARM.attributes
                0x0000009a       0x1a cat_bn_gfx.o
 .ARM.attributes
                0x000000b4       0x1a cats_intro_bn_gfx.o
 .ARM.attributes
                0x000000ce       0x1a cats_intro_hands_bn_gfx.o
 .ARM.attributes
                0x000000e8       0x1a clouds_bn_gfx.o
 .ARM.attributes
                0x00000102       0x1a collider_bn_gfx.o
 .ARM.attributes
                0x0000011c       0x1a common_variable_8x16_font_bn_gfx.o
 .ARM.attributes
                0x00000136       0x1a construction_bn_gfx.o
 .ARM.attributes
                0x00000150       0x1a gbajam24_banner_bn_gfx.o
 .ARM.attributes