Archive member included to satisfy reference by file (symbol)

C:/devkitPro/devkitARM/bin/../lib/gcc/arm-none-eabi/14.1.0/thumb\libgcc.a(_call_via_rX.o)
                              mm_main_gba.o (_call_via_r1)
C:/devkitPro/devkitARM/bin/../lib/gcc/arm-none-eabi/14.1.0/thumb\libgcc.a(_sync_none.o)
                              (__sync_synchronize_none)
C:/devkitPro/devkitARM/bin/../lib/gcc/arm-none-eabi/14.1.0/thumb\libgcc.a(_arm_muldf3.o)
                              C:\Users\Sergio\AppData\Local\Temp\ccxuC11S.ltrans0.ltrans.o (__aeabi_dmul)
C:/devkitPro/devkitARM/bin/../lib/gcc/arm-none-eabi/14.1.0/thumb\libgcc.a(_arm_addsubdf3.o)
                              C:\Users\Sergio\AppData\Local\Temp\ccxuC11S.ltrans0.ltrans.o (__aeabi_dsub)
C:/devkitPro/devkitARM/bin/../lib/gcc/arm-none-eabi/14.1.0/thumb\libgcc.a(_arm_fixdfsi.o)
                              C:\Users\Sergio\AppData\Local\Temp\ccxuC11S.ltrans0.ltrans.o (__aeabi_d2iz)

Discarded input sections

 .text          0x00000000        0x0 C:/devkitPro/devkitARM/bin/../lib/gcc/arm-none-eabi/14.1.0/../../../../arm-none-eabi/lib/thumb/gba_crt0.o
 .data          0x00000000        0x0 C:/devkitPro/devkitARM/bin/../lib/gcc/arm-none-eabi/14.1.0/../../../../arm-none-eabi/lib/thumb/gba_crt0.o
 .bss           0x00000000        0x0 C:/devkitPro/devkitARM/bin/../lib/gcc/arm-none-eabi/14.1.0/../../../../arm-none-eabi/lib/thumb/gba_crt0.o
 .text          0x00000000        0x0 C:/devkitPro/devkitARM/bin/../lib/gcc/arm-none-eabi/14.1.0/thumb/crti.o
 .data          0x00000000        0x0 C:/devkitPro/devkitARM/bin/../lib/gcc/arm-none-eabi/14.1.0/thumb/crti.o
 .bss           0x00000000        0x0 C:/devkitPro/devkitARM/bin/../lib/gcc/arm-none-eabi/14.1.0/thumb/crti.o
 .text          0x00000000        0x0 C:/devkitPro/devkitARM/bin/../lib/gcc/arm-none-eabi/14.1.0/thumb/crtbegin.o
 .data          0x00000000        0x0 C:/devkitPro/devkitARM/bin/../lib/gcc/arm-none-eabi/14.1.0/thumb/crtbegin.o
 .bss           0x00000000        0x0 C:/devkitPro/devkitARM/bin/../lib/gcc/arm-none-eabi/14.1.0/thumb/crtbegin.o
 .rodata.all_implied_fbits
                0x00000000       0x24 C:/devkitPro/devkitARM/bin/../lib/gcc/arm-none-eabi/14.1.0/thumb/crtbegin.o
 .text          0x00000000        0x0 _bn_audio_soundbank.bin.o
 .data          0x00000000        0x0 _bn_audio_soundbank.bin.o
 .bss           0x00000000        0x0 _bn_audio_soundbank.bin.o
 .text          0x00000000        0x0 a_icon_bn_gfx.o
 .data          0x00000000        0x0 a_icon_bn_gfx.o
 .bss           0x00000000        0x0 a_icon_bn_gfx.o
 .text          0x00000000        0x0 big_font_bn_gfx.o
 .data          0x00000000        0x0 big_font_bn_gfx.o
 .bss           0x00000000        0x0 big_font_bn_gfx.o
 .rodata        0x00000000     0x1ba0 big_font_bn_gfx.o
 .text          0x00000000        0x0 cat_bn_gfx.o
 .data          0x00000000        0x0 cat_bn_gfx.o
 .bss           0x00000000        0x0 cat_bn_gfx.o
 .text          0x00000000        0x0 cat_hand_bn_gfx.o
 .data          0x00000000        0x0 cat_hand_bn_gfx.o
 .bss           0x00000000        0x0 cat_hand_bn_gfx.o
 .text          0x00000000        0x0 cat_hand_icon_bn_gfx.o
 .data          0x00000000        0x0 cat_hand_icon_bn_gfx.o
 .bss           0x00000000        0x0 cat_hand_icon_bn_gfx.o
 .text          0x00000000        0x0 cats_intro_bn_gfx.o
 .data          0x00000000        0x0 cats_intro_bn_gfx.o
 .bss           0x00000000        0x0 cats_intro_bn_gfx.o
 .text          0x00000000        0x0 cats_intro_hands_bn_gfx.o
 .data          0x00000000        0x0 cats_intro_hands_bn_gfx.o
 .bss           0x00000000        0x0 cats_intro_hands_bn_gfx.o
 .rodata        0x00000000     0x2080 cats_intro_hands_bn_gfx.o
 .text          0x00000000        0x0 clouds_bn_gfx.o
 .data          0x00000000        0x0 clouds_bn_gfx.o
 .bss           0x00000000        0x0 clouds_bn_gfx.o
 .text          0x00000000        0x0 collider_bn_gfx.o
 .data          0x00000000        0x0 collider_bn_gfx.o
 .bss           0x00000000        0x0 collider_bn_gfx.o
 .rodata        0x00000000       0x40 collider_bn_gfx.o
 .text          0x00000000        0x0 common_variable_8x16_font_bn_gfx.o
 .data          0x00000000        0x0 common_variable_8x16_font_bn_gfx.o
 .bss           0x00000000        0x0 common_variable_8x16_font_bn_gfx.o
 .text          0x00000000        0x0 construction_bn_gfx.o
 .data          0x00000000        0x0 construction_bn_gfx.o
 .bss           0x00000000        0x0 construction_bn_gfx.o
 .text          0x00000000        0x0 dialog_bn_gfx.o
 .data          0x00000000        0x0 dialog_bn_gfx.o
 .bss           0x00000000        0x0 dialog_bn_gfx.o
 .text          0x00000000        0x0 empty_heart_icon_bn_gfx.o
 .data          0x00000000        0x0 empty_heart_icon_bn_gfx.o
 .bss           0x00000000        0x0 empty_heart_icon_bn_gfx.o
 .text          0x00000000        0x0 fish_icon_bn_gfx.o
 .data          0x00000000        0x0 fish_icon_bn_gfx.o
[...]
Memory Configuration

Name             Origin             Length             Attributes
rom              0x08000000         0x02000000
iwram            0x03000000         0x00008000
ewram            0x02000000         0x00040000
*default*        0x00000000         0xffffffff

Linker script and memory map

                0x00000000                        __sync_synchronize = __sync_synchronize_none
                0x08000000                        __text_start = ORIGIN (rom)
                0x02040000                        __eheap_end = (ORIGIN (ewram) + LENGTH (ewram))
                0x03000000                        __iwram_start = ORIGIN (iwram)
                0x03008000                        __iwram_top = (ORIGIN (iwram) + LENGTH (iwram))
                0x03007fa0                        __sp_irq = (__iwram_top - 0x60)
                0x03007f00                        __sp_usr = (__sp_irq - 0xa0)
                0x03007ff8                        __irq_flags = 0x3007ff8
                0x08000000                        . = __text_start

.crt0           0x08000000      0x210
 *(.crt0)
 .crt0          0x08000000      0x210 C:/devkitPro/devkitARM/bin/../lib/gcc/arm-none-eabi/14.1.0/../../../../arm-none-eabi/lib/thumb/gba_crt0.o
                0x08000000                _start
                0x080000c4                __boot_method
                0x080000c5                __slave_number
                0x080000e0                start_vector
                0x08000210                        . = ALIGN (0x4)

.init           0x08000210        0xc
 *(SORT_NONE(.init))
 .init          0x08000210        0x4 C:/devkitPro/devkitARM/bin/../lib/gcc/arm-none-eabi/14.1.0/thumb/crti.o
                0x08000210                _init
 .init          0x08000214        0x8 C:/devkitPro/devkitARM/bin/../lib/gcc/arm-none-eabi/14.1.0/thumb/crtn.o

.plt            0x0800021c        0x0
 *(.plt)
                0x0800021c                        . = ALIGN (0x4)

.text           0x08000220    0x1c3c0
 *(EXCLUDE_FILE(*.iwram*) .text*)
 .text.__do_global_dtors_aux
                0x08000220       0x2c C:/devkitPro/devkitARM/bin/../lib/gcc/arm-none-eabi/14.1.0/thumb/crtbegin.o
 .text.frame_dummy
                0x0800024c       0x24 C:/devkitPro/devkitARM/bin/../lib/gcc/arm-none-eabi/14.1.0/thumb/crtbegin.o
 .text          0x08000270     0x8ce8 C:\Users\Sergio\AppData\Local\Temp\ccxuC11S.ltrans0.ltrans.o
                0x080007a8                bn::camera_ptr::position() const
                0x080007bc                bn::audio_manager::(anonymous namespace)::static_data::~static_data() [clone .lto_priv.0]
                0x080007bc                bn::audio_manager::(anonymous namespace)::static_data::~static_data() [clone .lto_priv.0]
                0x080007c0                bn::bg_blocks_manager::decrease_usages(int)
                0x08000868                bn::bg_blocks_manager::(anonymous namespace)::static_data::~static_data() [clone .lto_priv.0]
                0x08000868                bn::bg_blocks_manager::(anonymous namespace)::static_data::~static_data() [clone .lto_priv.0]
                0x080008c8                bn::bgs_manager::fill_hblank_effect_regular_positions(int, bn::fixed_t<12> const*, unsigned short*)
                0x08000900                void _bn::assert::show_args<char [15]>(char const*, char const*, char const*, int, char const (&) [15])
                0x08000900                void _bn::assert::show_args<char [18]>(char const*, char const*, char const*, int, char const (&) [18])
                0x08000900                void _bn::assert::show_args<char [54]>(char const*, char const*, char const*, int, char const (&) [54])
                0x08000900                void _bn::assert::show_args<char [66]>(char const*, char const*, char const*, int, char const (&) [66])
                0x08000900                void _bn::assert::show_args<char [33]>(char const*, char const*, char const*, int, char const (&) [33])
                0x08000900                void _bn::assert::show_args<char [16]>(char const*, char const*, char const*, int, char const (&) [16])
                0x08000900                void _bn::assert::show_args<char [31]>(char const*, char const*, char const*, int, char const (&) [31])
                0x08000900                void _bn::assert::show_args<char [13]>(char const*, char const*, char const*, int, char const (&) [13])
                0x08000900                void _bn::assert::show_args<char [17]>(char const*, char const*, char const*, int, char const (&) [17])
                0x08000900                void _bn::assert::show_args<char [26]>(char const*, char const*, char const*, int, char const (&) [26])
                0x08000900                void _bn::assert::show_args<char [23]>(char const*, char const*, char const*, int, char const (&) [23])
                0x08000900                void _bn::assert::show_args<char [19]>(char const*, char const*, char const*, int, char const (&) [19])
                0x08000900                void _bn::assert::show_args<char [37]>(char const*, char const*, char const*, int, char const (&) [37])
                0x08000900                void _bn::assert::show_args<char [21]>(char const*, char const*, char const*, int, char const (&) [21])
                0x08000900                void _bn::assert::show_args<char [55]>(char const*, char const*, char const*, int, char const (&) [55])
                0x08000900                void _bn::assert::show_args<char [35]>(char const*, char const*, char const*, int, char const (&) [35])
                0x08000900                void _bn::assert::show_args<char [22]>(char const*, char const*, char const*, int, char const (&) [22])
                0x08000900                void _bn::assert::show_args<char [27]>(char const*, char const*, char const*, int, char const (&) [27])
                0x08000900                void _bn::assert::show_args<char [14]>(char const*, char const*, char const*, int, char const (&) [14])
                0x08000900                void _bn::assert::show_args<char [24]>(char const*, char const*, char const*, int, char const (&) [24])
                0x08000900                void _bn::assert::show_args<char [30]>(char const*, char const*, char const*, int, char const (&) [30])
                0x08000940                bn::bgs_manager::(anonymous namespace)::static_data::~static_data() [clone .lto_priv.0]
                0x08000940                bn::bgs_manager::(anonymous namespace)::static_data::~static_data() [clone .lto_priv.0]
                0x08000970                bn::ivector<catgame::enemy>::push_back(catgame::enemy&&) [clone .part.0] [clone .lto_priv.0]
                0x080018f0                catgame::enemy::near_player(bn::fixed_point_t<12>)
                0x0800196c                catgame::player::animate()
                0x08002374                bn::bgs_manager::fill_hblank_effect_regular_attributes(void*, bn::regular_bg_attributes const*, unsigned short*)
                0x080024d8                catgame::player::map_cell(bn::regular_bg_map_item const&)
                0x080025b0                catgame::player::update(bn::regular_bg_map_item const&) [clone .part.0]
                0x08002760                catgame::enemy::update(bn::regular_bg_map_item const&)
                0x08002d24                void _bn::assert::show_args<char [27], int>(char const*, char const*, char const*, int, char const (&) [27], int const&)
                0x08002d24                void _bn::assert::show_args<char [18], int>(char const*, char const*, char const*, int, char const (&) [18], int const&)
                0x08002d24                void _bn::assert::show_args<char [39], int>(char const*, char const*, char const*, int, char const (&) [39], int const&)
                0x08002d24                void _bn::assert::show_args<char [33], int>(char const*, char const*, char const*, int, char const (&) [33], int const&)
                0x08002d24                void _bn::assert::show_args<char [15], int>(char const*, char const*, char const*, int, char const (&) [15], int const&)
                0x08002d24                void _bn::assert::show_args<char [28], int>(char const*, char const*, char const*, int, char const (&) [28], int const&)
                0x08002d24                void _bn::assert::show_args<char [16], int>(char const*, char const*, char const*, int, char const (&) [16], int const&)
                0x08002d24                void _bn::assert::show_args<char [17], int>(char const*, char const*, char const*, int, char const (&) [17], int const&)
                0x08002d24                void _bn::assert::show_args<char [20], int>(char const*, char const*, char const*, int, char const (&) [20], int const&)
                0x08002d24                void _bn::assert::show_args<char [25], int>(char const*, char const*, char const*, int, char const (&) [25], int const&)
                0x08002d24                void _bn::assert::show_args<char [22], int>(char const*, char const*, char const*, int, char const (&) [22], int const&)
                0x08002d24                void _bn::assert::show_args<char [26], int>(char const*, char const*, char const*, int, char const (&) [26], int const&)
                0x08005430                bn::regular_bg_ptr::create(bn::fixed_t<12>, bn::fixed_t<12>, bn::regular_bg_item const&)
                0x08006dbc                bn::core::(anonymous namespace)::update_impl() [clone .lto_priv.0]
                0x08008f04                void _bn::assert::show_args<char [38], bn::fixed_t<12> >(char const*, char const*, char const*, int, char const (&) [38], bn::fixed_t<12> const&)
                0x08008f04                void _bn::assert::show_args<char [16], bn::fixed_t<12> >(char const*, char const*, char const*, int, char const (&) [16], bn::fixed_t<12> const&)
                0x08008f04                void _bn::assert::show_args<char [22], bn::fixed_t<12> >(char const*, char const*, char const*, int, char const (&) [22], bn::fixed_t<12> const&)
                0x08008f04                void _bn::assert::show_args<char [27], bn::fixed_t<12> >(char const*, char const*, char const*, int, char const (&) [27], bn::fixed_t<12> const&)
 .text.startup  0x08008f58     0x2440 C:\Users\Sergio\AppData\Local\Temp\ccxuC11S.ltrans0.ltrans.o
                0x08008f58                main
 .text          0x0800b398     0x86e4 C:\Users\Sergio\AppData\Local\Temp\ccxuC11S.ltrans1.ltrans.o
                0x0800b3d8                bn::hw::link::(anonymous namespace)::_resetStateCallback() [clone .lto_priv.0]
                0x0800b5e4                bmp16_drawg_b1cts
                0x0800b6a4                dummy_drawg
                0x0800b6a8                dummy_erase
                0x0800bcbc                bmp16_erase
                0x0800c0a4                bn::display_manager::(anonymous namespace)::_update_rect_windows_hw_boundaries(int) [clone .lto_priv.0]
                0x0800c124                bn::display_manager::(anonymous namespace)::static_data::~static_data() [clone .lto_priv.0]
                0x0800c124                bn::display_manager::(anonymous namespace)::static_data::~static_data() [clone .lto_priv.0]
                0x0800c170                bn::keypad_manager::update()
                0x0800c210                bn::core::update()
                0x0800c288                operator delete(void*)
                0x0800c294                operator delete(void*, unsigned int)
                0x0800c2a0                operator delete[](void*)
                0x0800c2ac                operator delete[](void*, unsigned int)
                0x0800c2b8                bn::ostringstream::ostringstream(bn::istring_base&)
                0x0800c2b8                bn::ostringstream::ostringstream(bn::istring_base&)
                0x0800c2c0                bn::ostringstream::append(char const*)
                0x0800c34c                bn::palettes_bank::find_bpp_4(bn::span<bn::color const> const&, unsigned short)
                0x0800c468                bn::palettes_bank::update()
                0x0800c59c                bn::palettes_manager::(anonymous namespace)::static_data::~static_data() [clone .lto_priv.0]
                0x0800c59c                bn::palettes_manager::(anonymous namespace)::static_data::~static_data() [clone .lto_priv.0]
                0x0800c5a0                bn::sprite_affine_mats_manager::(anonymous namespace)::_update_flipped_identity(int) [clone .lto_priv.0]
                0x0800c65c                bool bn::sprite_affine_mats_manager::(anonymous namespace)::_sprite_double_size<32, 16>(int, int, int, int, int) [clone .lto_priv.0]
                0x0800c6e0                bool bn::sprite_affine_mats_manager::(anonymous namespace)::_sprite_double_size<16, 32>(int, int, int, int, int) [clone .lto_priv.0]
                0x0800c764                bn::sprite_affine_mats_manager::(anonymous namespace)::static_data::~static_data() [clone .lto_priv.0]
                0x0800c764                bn::sprite_affine_mats_manager::(anonymous namespace)::static_data::~static_data() [clone .lto_priv.0]
                0x0800c7a0                bn::sprites_manager::(anonymous namespace)::_always_update_indexes_to_commit(bn::sprites_manager_item const&) [clone .lto_priv.0]
                0x0800c7e8                bn::sprites_manager::(anonymous namespace)::_update_item_dimensions(bn::sprites_manager_item&) [clone .lto_priv.0]
                0x0800c8c0                bn::sprites_manager::set_position(void*, bn::fixed_point_t<12> const&)
                0x0800c938                bn::sprites_manager::set_horizontal_flip(void*, bool)
                0x0800ca00                bn::sprites_manager::update_auto_double_size(void*)
                0x0800cb00                VgmStop()
                0x0800cbc0                gbt_refresh_pattern_ptr.lto_priv.0
                0x0800cc44                gbt_run_startup_commands.part.0.lto_priv.0
                0x0800ccd8                bn::hw::audio::(anonymous namespace)::_commit() [clone .lto_priv.0]
                0x0800d438                bn::hw::audio::(anonymous namespace)::_vblank_handler() [clone .lto_priv.0]
                0x0800d6ec                operator new(unsigned int)
                0x0800d71c                operator new[](unsigned int)
                0x0800d74c                malloc
                0x0800d7a4                bn::ostringstream::append(int)
                0x0800d930                bn::ostringstream::append(unsigned int)
                0x0800d9d8                bn::ostringstream::append(void const*)
                0x0800daf8                bn::sprite_tiles_manager::(anonymous namespace)::_hw_commit(bn::tile const*, bn::compression_type, int, int) [clone .lto_priv.0]
                0x0800de78                _bn::assert::show(char const*, char const*, char const*, int)
                0x0800de90                _bn::assert::show(char const*, char const*, char const*, int, bn::istring_base const&)
                0x0800e0f8                bn::(anonymous namespace)::_graphics_index(char, bn::utf8_characters_map_ref const&, char const*, int&) [clone .part.0] [clone .lto_priv.0]
                0x0800e29c                bn::sprite_text_generator::width(bn::string_view const&) const
                0x0800e4ac                bn::hblank_effects_manager::(anonymous namespace)::item_type::check_update() [clone .lto_priv.0]
                0x080106a0                bn::memory_manager::(anonymous namespace)::static_data::~static_data() [clone .lto_priv.0]
                0x080106a0                bn::memory_manager::(anonymous namespace)::static_data::~static_data() [clone .lto_priv.0]
                0x080106d4                bn::bg_palette_ptr::create(bn::bg_palette_item const&)
                0x08010808                bn::sprite_palette_ptr::create(bn::sprite_palette_item const&)
                0x08010930                bn::palettes_bank::log_status() const
                0x08010d28                bn::sprite_tiles_manager::log_status()
                0x08011308                bn::ostringstream::_append_fraction(unsigned int, int)
                0x08011418                bn::hw::link::_timer_intr()
                0x0801150c                bn::hw::link::_serial_intr()
                0x080116c4                bn::palettes_bank::decrease_usages(int)
                0x08011950                bn::sprite_tiles_ptr::create(bn::sprite_tiles_item const&)
                0x080119cc                bn::sprite_tiles_manager::(anonymous namespace)::_insert_free_item(int, unsigned short*) [clone .lto_priv.0]
                0x08011b7c                bn::sprite_tiles_manager::update()
                0x08011da8                bn::sprite_tiles_manager::(anonymous namespace)::_find_impl(bn::tile const*, bn::compression_type, int) [clone .lto_priv.0]
                0x08012044                bn::isprite_animate_action::update()
                0x08012248                bn::sprite_tiles_manager::(anonymous namespace)::_create_item(int, bn::tile const*, bn::compression_type, int, bool) [clone .lto_priv.0]
                0x080124fc                bn::sprite_tiles_manager::(anonymous namespace)::_create_impl(bn::tile const*, bn::compression_type, int) [clone .lto_priv.0]
                0x080126fc                bn::hw::audio::(anonymous namespace)::_add_sound_to_queue(int, unsigned short) [clone .lto_priv.0]
                0x080127c8                bn::sprites_manager::create(bn::fixed_point_t<12> const&, bn::sprite_shape_size const&, bn::sprite_tiles_ptr&&, bn::sprite_palette_ptr&&)
                0x08012998                bn::sprites_manager::create(bn::sprite_builder&&)
                0x08012f80                bn::tile* bn::(anonymous namespace)::_build_sprite_assert<(bn::sprite_size)1>(bn::sprite_text_generator const&, bn::sprite_palette_ptr const&, bn::fixed_point_t<12> const&, bn::ivector<bn::sprite_ptr>&) [clone .lto_priv.0]
                0x08013164                bn::tile* bn::(anonymous namespace)::_build_sprite_assert<(bn::sprite_size)2>(bn::sprite_text_generator const&, bn::sprite_palette_ptr const&, bn::fixed_point_t<12> const&, bn::ivector<bn::sprite_ptr>&) [clone .lto_priv.0]
                0x0801334c                bn::sprites_manager::set_new_affine_mat(void*, bn::affine_mat_attributes&)
                0x08013698                bn::hw::audio::(anonymous namespace)::_erase_sound_from_queue(unsigned short) [clone .lto_priv.0]
                0x08013730                bn::hw::audio::(anonymous namespace)::_check_sounds_queue() [clone .part.0] [clone .lto_priv.0]
                0x080137d0                bn::hw::link::(anonymous namespace)::_sendDataCallback() [clone .lto_priv.0]
                0x080138b4                bn::hw::link::(anonymous namespace)::_receiveResponseCallback(bn::lc::LinkResponse const&) [clone .lto_priv.0]
                0x08013a10                bn::sprites_manager::(anonymous namespace)::static_data::~static_data() [clone .lto_priv.0]
                0x08013a10                bn::sprites_manager::(anonymous namespace)::static_data::~static_data() [clone .lto_priv.0]
                0x08013a74                bn::hw::audio::(anonymous namespace)::static_data::~static_data() [clone .lto_priv.0]
                0x08013a74                bn::hw::audio::(anonymous namespace)::static_data::~static_data() [clone .lto_priv.0]
 .text          0x08013a7c     0x605c C:\Users\Sergio\AppData\Local\Temp\ccxuC11S.ltrans2.ltrans.o
                0x08013bec                bn::bg_blocks_manager::(anonymous namespace)::items_list::insert_after(int, bn::bg_blocks_manager::(anonymous namespace)::item_type const&) [clone .constprop.0]
                0x08013ea8                bn::best_fit_allocator::free(void*) [clone .constprop.0]
                0x08013fc4                bn::lc::LinkConnection::stop() [clone .constprop.0]
                0x08013ff0                bn::hw::bgs::commit_data::commit_data() [clone .constprop.0] [clone .isra.0]
                0x0801404c                bn::bg_blocks_manager::(anonymous namespace)::items_list::items_list() [clone .constprop.0] [clone .isra.0]
                0x08014098                bn::sprite_affine_mats_manager::(anonymous namespace)::static_data::static_data() [clone .constprop.0] [clone .isra.0]
                0x0801413c                bn::sprite_tiles_manager::(anonymous namespace)::static_data::static_data() [clone .constprop.0] [clone .isra.0]
                0x08014268                bn::display_manager::(anonymous namespace)::static_data::static_data() [clone .constprop.0] [clone .isra.0]
                0x080142f8                bn::hdma_manager::(anonymous namespace)::static_data::static_data() [clone .constprop.0] [clone .isra.0]
                0x0801432c                bn::hblank_effects_manager::(anonymous namespace)::static_external_data::static_external_data() [clone .constprop.0] [clone .isra.0]
                0x08014404                bn::sprite_ptr::set_scale(bn::fixed_t<12>) [clone .isra.0]
                0x080145e4                bn::sprite_ptr::set_horizontal_scale(bn::fixed_t<12>) [clone .isra.0]
                0x0801475c                bn::sprite_ptr::set_rotation_angle(bn::fixed_t<12>) [clone .isra.0]
                0x08014928                bn::sprite_ptr::set_camera(bn::camera_ptr const&) [clone .isra.0]
                0x080149fc                bn::sprite_ptr::set_position(bn::fixed_t<12>, bn::fixed_t<12>) [clone .isra.0]
                0x08014a6c                bn::sprite_affine_mats_manager::(anonymous namespace)::item_type::sprite_double_size(int, bn::sprite_shape_size const&) const [clone .isra.0]
                0x08014c18                bn::sprite_affine_mats_manager::sprite_double_size(int, bn::sprite_shape_size const&) [clone .isra.0]
                0x08014c64                bn::palettes_bank::palettes_bank() [clone .isra.0]
                0x08014d38                bn::regular_bg_ptr::set_camera(bn::camera_ptr const&) [clone .isra.0]
                0x08014edc                bn::string_view::string_view(char const*) [clone .isra.0]
                0x08014ef8                bn::core::(anonymous namespace)::static_data::static_data() [clone .constprop.0] [clone .isra.0]
                0x08014f60                void _bn::assert::show_args<char [16], int, char [4], int>(char const*, char const*, char const*, int, char const (&) [16], int const&, char const (&) [4], int const&) [clone .constprop.0]
                0x08014fc8                bn::istring::append(char const*) [clone .isra.0]
                0x08015048                void _bn::assert::show_args<char [52], unsigned short>(char const*, char const*, char const*, int, char const (&) [52], unsigned short const&) [clone .constprop.0]
                0x0801509c                void _bn::assert::show_args<char [27], unsigned char>(char const*, char const*, char const*, int, char const (&) [27], unsigned char const&) [clone .constprop.0]
                0x080150f4                void _bn::assert::show_args<char [35], unsigned int>(char const*, char const*, char const*, int, char const (&) [35], unsigned int const&) [clone .constprop.0]
                0x08015144                void _bn::assert::show_args<char [20], int, char [4], unsigned short>(char const*, char const*, char const*, int, char const (&) [20], int const&, char const (&) [4], unsigned short const&) [clone .constprop.0]
                0x080151ac                void _bn::assert::show_args<char [44], bn::tile const*, char [4], bn::tile const*>(char const*, char const*, char const*, int, char const (&) [44], bn::tile const* const&, char const (&) [4], bn::tile const* const&) [clone .constprop.0]
                0x08015218                void _bn::assert::show_args<char [46], int, char [4], unsigned int>(char const*, char const*, char const*, int, char const (&) [46], int const&, char const (&) [4], unsigned int const&) [clone .constprop.0]
                0x080152ec                bn::istring::append(char const*, int) [clone .isra.0]
                0x0801537c                bn::hw::show::error(bn::system_font const&, bn::string_view const&, bn::string_view const&, bn::string_view const&, int, bn::string_view const&, bn::string_view const&) [clone .constprop.0]
                0x080156c8                void _bn::assert::show_args<char [30], char [13], unsigned short const*, char [14], int, char [15], int, char [17], int, char [34], bn::string_view>(char const*, char const*, char const*, int, char const (&) [30], char const (&) [13], unsigned short const* const&, char const (&) [14], int const&, char const (&) [15], int const&, char const (&) [17], int const&, char const (&) [34], bn::string_view const&) [clone .constprop.0]
                0x0801577c                void _bn::assert::show_args<char [32], char [15], unsigned short const*, char [16], int, char [17], int, char [34], bn::string_view>(char const*, char const*, char const*, int, char const (&) [32], char const (&) [15], unsigned short const* const&, char const (&) [16], int const&, char const (&) [17], int const&, char const (&) [34], bn::string_view const&) [clone .constprop.0]
                0x080158f0                bn::camera_ptr::create(bn::fixed_t<12>, bn::fixed_t<12>) [clone .constprop.0]
                0x0801594c                bn::sprite_tiles_manager::create(bn::span<bn::tile const> const&, bn::compression_type) [clone .isra.0]
                0x08015a48                bn::iunordered_map<bn::tile const*, int, bn::hash<bn::tile const*>, bn::equal_to<bn::tile const*> >::erase(bn::iunordered_map<bn::tile const*, int, bn::hash<bn::tile const*>, bn::equal_to<bn::tile const*> >::const_iterator const&) [clone .constprop.0] [clone .isra.0]
                0x08015eb0                bn::sprite_tiles_manager::allocate(int, bn::bpp_mode) [clone .constprop.0]
                0x08016000                void _bn::assert::show_args<char [20], char, char [9], bn::string_view, char [2]>(char const*, char const*, char const*, int, char const (&) [20], char const&, char const (&) [9], bn::string_view const&, char const (&) [2]) [clone .constprop.0]
                0x080160a4                bn::sprite_tiles_ptr::~sprite_tiles_ptr() [clone .isra.0]
                0x080162e4                bn::isprite_animate_action::_assign_graphics_indexes(bn::span<unsigned short const> const&) [clone .isra.0]
                0x08016364                bn::sprite_affine_mat_ptr::~sprite_affine_mat_ptr() [clone .isra.0]
                0x08016628                bn::(anonymous namespace)::_create_impl(bn::bg_palette_item const&, bool) [clone .constprop.0]
                0x080166b8                bn::(anonymous namespace)::_create_impl(bn::sprite_palette_item const&, bool) [clone .constprop.0]
                0x08016730                bn::sorted_sprites::sorter::insert(bn::sprites_manager_item&) [clone .constprop.0]
                0x08016938                bn::ivector<bn::bgs_manager::(anonymous namespace)::item_type*>::size_type bn::erase<bn::bgs_manager::(anonymous namespace)::item_type*>(bn::ivector<bn::bgs_manager::(anonymous namespace)::item_type*>&, bn::bgs_manager::(anonymous namespace)::item_type* const&) [clone .constprop.0] [clone .isra.0]
                0x08016a6c                bn::sprite_builder::sprite_builder(bn::sprite_shape_size const&, bn::sprite_tiles_ptr, bn::sprite_palette_ptr) [clone .isra.0]
                0x08016c84                bn::sprite_ptr::~sprite_ptr() [clone .isra.0]
                0x08016e78                catgame::trigger::trigger(bn::camera_ptr&, bn::point) [clone .isra.0]
                0x08016f3c                bn::regular_bg_ptr::~regular_bg_ptr() [clone .isra.0]
                0x08017028                catgame::player::player(bn::camera_ptr&, bn::point, int) [clone .isra.0]
                0x08017234                catgame::enemy::enemy(bn::camera_ptr, bn::point, bn::sprite_ptr, int, bn::string_view) [clone .isra.0]
                0x080175f4                bool bn::(anonymous namespace)::_generate<false>(bn::sprite_text_generator const&, bn::fixed_point_t<12> const&, bn::string_view const&, bn::utf8_characters_map_ref const&, int, int, bool, bn::ivector<bn::sprite_ptr>&) [clone .isra.0]
                0x0801881c                catgame::lvl_gym::execute(bn::sprite_text_generator&, int&, int&, int&) [clone .isra.0]
 .text.startup  0x08019ad8      0x318 C:\Users\Sergio\AppData\Local\Temp\ccxuC11S.ltrans2.ltrans.o
 .text.__libc_init_array
                0x08019df0       0x50 bn_hw_common.bn_noflto.o
                0x08019df0                __libc_init_array
 .text.__aeabi_atexit
                0x08019e40        0x4 bn_hw_common.bn_noflto.o
                0x08019e40                __aeabi_atexit
 .text._ZN3_bn6assert9show_argsIA40_cEEvPKcS4_S4_iRKT_
                0x08019e44       0x48 bn_hw_common.bn_noflto.o
                0x08019e44                void _bn::assert::show_args<char [40]>(char const*, char const*, char const*, int, char const (&) [40])
 .text.__aeabi_idiv0
                0x08019e8c       0x24 bn_hw_common.bn_noflto.o
                0x08019e8c                __aeabi_idiv0
 .text.VBlankIntrWait
                0x08019eb0        0x4 tonc_bios.o
                0x08019eb0                VBlankIntrWait
 .text.memset16
                0x08019eb4       0x3c tonc_memset.o
                0x08019eb4                memset16
 .text          0x08019ef0      0x26c posprintf.o
                0x08019ef4                posprintf
 .text          0x0801a15c      0x314 mm_effect.o
                0x0801a15c                mmResetEffects
                0x0801a188                mmEffect
                0x0801a19e                mmEffectEx
                0x0801a29e                mmEffectActive
                0x0801a2d2                mmEffectVolume
                0x0801a2ee                mmEffectPanning
                0x0801a302                mmEffectRate
                0x0801a316                mmEffectCancel
                0x0801a350                mmEffectRelease
                0x0801a376                mmEffectScaleRate
                0x0801a38a                mmSetEffectsVolume
                0x0801a398                mmEffectCancelAll
                0x0801a3d8                mmUpdateEffects
 .text          0x0801a470       0x14 mm_main.o
                0x0801a470                mpp_call_r7
                0x0801a472                mpp_call_r1
                0x0801a474                mpp_call_r2
                0x0801a476                mpp_call_r3
                0x0801a478                mmSetEventHandler
 .text          0x0801a484     0x1570 mm_mas.o
                0x0801a4f8                mmStart
                0x0801a518                mmJingle
                0x0801a51e                mmPlayModule
                0x0801a5e8                mmPause
                0x0801a604                mmResume
                0x0801a614                mmActive
                0x0801a61a                mmActiveSub
                0x0801a620                mmSetModuleVolume
                0x0801a630                mmSetJingleVolume
                0x0801a66c                mmGetPositionTick
                0x0801a672                mmGetPositionRow
                0x0801a678                mmGetPosition
                0x0801a67e                mmPosition
                0x0801a698                mmSetModuleTempo
                0x0801a6ca                mmSetModulePitch
                0x0801a70c                mmStop
                0x0801a7d2                mppUpdateSub
                0x0801a92e                mpp_Process_VolumeCommand
                0x0801ab66                mpp_Process_Effect
                0x0801b2b4                ST3_FREQTABLE
                0x0801b6d4                IT_PitchTable
 .text          0x0801b9f4      0x12c mm_main_gba.o
                0x0801b9f4                mmInit
                0x0801ba48                mmSetVBlankHandler
                0x0801ba4e                mmFrame
 .text          0x0801bb20      0x1e0 mm_mixer_gba.o
                0x0801bb20                mmMixerSetSource
                0x0801bb34                mmMixerSetRead
                0x0801bb42                mmMixerSetFreq
                0x0801bb52                mmMixerMulFreq
                0x0801bb66                mmMixerStopChannel
                0x0801bb78                mmMixerChannelActive
                0x0801bb8a                mmMixerSetVolume
                0x0801bb98                mmMixerSetPan
                0x0801bba6                mmMixerInit
 .text          0x0801bd00       0x3c C:/devkitPro/devkitARM/bin/../lib/gcc/arm-none-eabi/14.1.0/thumb\libgcc.a(_call_via_rX.o)
                0x0801bd00                _call_via_r0
                0x0801bd04                _call_via_r1
                0x0801bd08                _call_via_r2
                0x0801bd0c                _call_via_r3
                0x0801bd10                _call_via_r4
                0x0801bd14                _call_via_r5
                0x0801bd18                _call_via_r6
                0x0801bd1c                _call_via_r7
                0x0801bd20                _call_via_r8
                0x0801bd24                _call_via_r9
                0x0801bd28                _call_via_sl
                0x0801bd2c                _call_via_fp
                0x0801bd30                _call_via_ip
                0x0801bd34                _call_via_sp
                0x0801bd38                _call_via_lr
 .text          0x0801bd3c      0x290 C:/devkitPro/devkitARM/bin/../lib/gcc/arm-none-eabi/14.1.0/thumb\libgcc.a(_arm_muldf3.o)
                0x0801bd3c                __muldf3
                0x0801bd3c                __aeabi_dmul
 .text          0x0801bfcc      0x424 C:/devkitPro/devkitARM/bin/../lib/gcc/arm-none-eabi/14.1.0/thumb\libgcc.a(_arm_addsubdf3.o)
                0x0801bfcc                __aeabi_drsub
                0x0801bfd4                __subdf3
                0x0801bfd4                __aeabi_dsub
                0x0801bfd8                __aeabi_dadd
                0x0801bfd8                __adddf3
                0x0801c2e8                __floatunsidf
                0x0801c2e8                __aeabi_ui2d
                0x0801c30c                __aeabi_i2d
                0x0801c30c                __floatsidf
                0x0801c334                __extendsfdf2
                0x0801c334                __aeabi_f2d
                0x0801c37c                __floatundidf
                0x0801c37c                __aeabi_ul2d
                0x0801c390                __aeabi_l2d
                0x0801c390                __floatdidf
 .text          0x0801c3f0       0x5c C:/devkitPro/devkitARM/bin/../lib/gcc/arm-none-eabi/14.1.0/thumb\libgcc.a(_arm_fixdfsi.o)
                0x0801c3f0                __fixdfsi
                0x0801c3f0                __aeabi_d2iz
 *fill*         0x0801c44c        0x4 ff
 .text.__stub   0x0801c450      0x138 linker stubs
 *(.gnu.linkonce.t.*)
 *(.text.*personality*)
 *(.gnu.warning)
 *(.glue_7t)
 .glue_7t       0x0801c5e0        0x0 linker stubs
 *(.glue_7)
 .glue_7        0x0801c5e0        0x0 linker stubs
 *(.vfp11_veneer)
 .vfp11_veneer  0x0801c5e0        0x0 linker stubs
                0x0801c5e0                        . = ALIGN (0x4)
                0x0801c5e0                        __text_end = .

.v4_bx          0x0801c5e0        0x0
 .v4_bx         0x0801c5e0        0x0 linker stubs

.iplt           0x0801c5e0        0x0
 .iplt          0x0801c5e0        0x0 C:/devkitPro/devkitARM/bin/../lib/gcc/arm-none-eabi/14.1.0/../../../../arm-none-eabi/lib/thumb/gba_crt0.o

.fini           0x0801c5e0        0xc
 *(.fini)
 .fini          0x0801c5e0        0x4 C:/devkitPro/devkitARM/bin/../lib/gcc/arm-none-eabi/14.1.0/thumb/crti.o
                0x0801c5e0                _fini
 .fini          0x0801c5e4        0x8 C:/devkitPro/devkitARM/bin/../lib/gcc/arm-none-eabi/14.1.0/thumb/crtn.o
                0x0801c5ec                        . = ALIGN (0x4)

.rodata         0x0801c5ec    0x33d40
 *(.rodata)
 .rodata        0x0801c5ec      0x880 a_icon_bn_gfx.o
                0x0801c5ec                a_icon_bn_gfxTiles
                0x0801cdec                a_icon_bn_gfxPal
 .rodata        0x0801ce6c      0x420 cat_bn_gfx.o
                0x0801ce6c                cat_bn_gfxTiles
                0x0801d26c                cat_bn_gfxPal
 .rodata        0x0801d28c     0x1080 cat_hand_bn_gfx.o
                0x0801d28c                cat_hand_bn_gfxTiles
                0x0801e28c                cat_hand_bn_gfxPal
 .rodata        0x0801e30c      0x480 cat_hand_icon_bn_gfx.o
                0x0801e30c                cat_hand_icon_bn_gfxTiles
                0x0801e70c                cat_hand_icon_bn_gfxPal
 .rodata        0x0801e78c     0xec40 cats_intro_bn_gfx.o
                0x0801e78c                cats_intro_bn_gfxTiles
                0x0802cb4c                cats_intro_bn_gfxMap
                0x0802d34c                cats_intro_bn_gfxPal
 .rodata        0x0802d3cc     0x15e0 clouds_bn_gfx.o
                0x0802d3cc                clouds_bn_gfxTiles
                0x0802e18c                clouds_bn_gfxMap
                0x0802e98c                clouds_bn_gfxPal
 .rodata        0x0802e9ac     0x1ba0 common_variable_8x16_font_bn_gfx.o
                0x0802e9ac                common_variable_8x16_font_bn_gfxTiles
                0x0803052c                common_variable_8x16_font_bn_gfxPal
 .rodata        0x0803054c      0x120 construction_bn_gfx.o
                0x0803054c                construction_bn_gfxTiles
                0x0803064c                construction_bn_gfxPal
 .rodata        0x0803066c      0xbc0 dialog_bn_gfx.o
                0x0803066c                dialog_bn_gfxTiles
                0x080309ac                dialog_bn_gfxMap
                0x080311ac                dialog_bn_gfxPal
 .rodata        0x0803122c      0x280 empty_heart_icon_bn_gfx.o
                0x0803122c                empty_heart_icon_bn_gfxTiles
                0x0803142c                empty_heart_icon_bn_gfxPal
 .rodata        0x080314ac      0xc80 fish_icon_bn_gfx.o
                0x080314ac                fish_icon_bn_gfxTiles
                0x080320ac                fish_icon_bn_gfxPal
 .rodata        0x0803212c     0x8200 gbajam24_banner_bn_gfx.o
                0x0803212c                gbajam24_banner_bn_gfxTiles
                0x0803830c                gbajam24_banner_bn_gfxMap
                0x0803a30c                gbajam24_banner_bn_gfxPal
 .rodata        0x0803a32c     0x1a40 gbajam24_logo_bn_gfx.o
                0x0803a32c                gbajam24_logo_bn_gfxTiles
                0x0803b54c                gbajam24_logo_bn_gfxMap
                0x0803bd4c                gbajam24_logo_bn_gfxPal
 .rodata        0x0803bd6c      0x820 gym_bn_gfx.o
                0x0803bd6c                gym_bn_gfxTiles
                0x0803c56c                gym_bn_gfxPal
 .rodata        0x0803c58c     0x2da0 gym_bg_bn_gfx.o
                0x0803c58c                gym_bg_bn_gfxTiles
                0x0803d30c                gym_bg_bn_gfxMap
                0x0803f30c                gym_bg_bn_gfxPal
 .rodata        0x0803f32c      0x280 heart_icon_bn_gfx.o
                0x0803f32c                heart_icon_bn_gfxTiles
                0x0803f52c                heart_icon_bn_gfxPal
 .rodata        0x0803f5ac       0x40 limit_bn_gfx.o
                0x0803f5ac                limit_bn_gfxTiles
                0x0803f5cc                limit_bn_gfxPal
 .rodata        0x0803f5ec     0x7a80 minigame1_bn_gfx.o
                0x0803f5ec                minigame1_bn_gfxTiles
                0x080467ec                minigame1_bn_gfxMap
                0x08046fec                minigame1_bn_gfxPal
 .rodata        0x0804706c      0x820 ninja_bn_gfx.o
                0x0804706c                ninja_bn_gfxTiles
                0x0804786c                ninja_bn_gfxPal
 .rodata        0x0804788c     0x2520 simple_bg_bn_gfx.o
                0x0804788c                simple_bg_bn_gfxTiles
                0x08047d8c                simple_bg_bn_gfxMap
                0x08049d8c                simple_bg_bn_gfxPal
 .rodata        0x08049dac      0x480 time_hands_icon_bn_gfx.o
                0x08049dac                time_hands_icon_bn_gfxTiles
                0x0804a1ac                time_hands_icon_bn_gfxPal
 .rodata        0x0804a22c      0x480 time_icon_bn_gfx.o
                0x0804a22c                time_icon_bn_gfxTiles
                0x0804a62c                time_icon_bn_gfxPal
 .rodata        0x0804a6ac      0x57e C:\Users\Sergio\AppData\Local\Temp\ccxuC11S.ltrans0.ltrans.o
                0x0804a734                bn::sprite_items::cat
                0x0804a750                bn::sprite_items::ninja
                0x0804a874                bn::sprite_items::cat_hand_icon
                0x0804a890                bn::sprite_items::empty_heart_icon
                0x0804a8ac                bn::sprite_items::heart_icon
                0x0804aa44                bn::sprite_items::fish_icon
                0x0804ac18                _ZN2bn17bg_blocks_manager12_GLOBAL__N_1L19_status_log_messageE.lto_priv.0
 *fill*         0x0804ac2a        0x2 ff
 .rodata        0x0804ac2c      0xfd0 C:\Users\Sergio\AppData\Local\Temp\ccxuC11S.ltrans1.ltrans.o
 .rodata        0x0804bbfc     0x188e C:\Users\Sergio\AppData\Local\Temp\ccxuC11S.ltrans2.ltrans.o
 *fill*         0x0804d48a        0x2 ff
 .rodata        0x0804d48c      0xef8 verdana9.o
                0x0804d48c                verdana9Font
                0x0804d4a4                verdana9Glyphs
                0x0804e2a4                verdana9Widths
 *all.rodata*(*)
 *(.roda)
 *(.rodata.*)
 .rodata._bn_audio_soundbank_bin
                0x0804e384        0xc _bn_audio_soundbank.bin.o
                0x0804e384                _bn_audio_soundbank_bin
                0x0804e390                _bn_audio_soundbank_bin_end
 .rodata.str1.4
                0x0804e390      0xe25 C:\Users\Sergio\AppData\Local\Temp\ccxuC11S.ltrans0.ltrans.o
 .rodata.str1.4
                0x0804e390      0xd2e C:\Users\Sergio\AppData\Local\Temp\ccxuC11S.ltrans1.ltrans.o
 .rodata.str1.4
                0x0804e390      0xd45 C:\Users\Sergio\AppData\Local\Temp\ccxuC11S.ltrans2.ltrans.o
 .rodata.__cxa_pure_virtual.str1.4
                0x0804e390     0x1f8d bn_hw_common.bn_noflto.o
                                 0x4f (size before relaxing)
 .rodata.__aeabi_idiv0.str1.4
                0x0805031d       0x38 bn_hw_common.bn_noflto.o
 *fill*         0x0805031d        0x3 ff
 .rodata._ZN2bn2hw8game_pak12_GLOBAL__N_1L8rom_dataE
                0x08050320        0xc bn_hw_game_pak.bn_ewram.o
 *(.gnu.linkonce.r*)
                0x0805032c                        . = ALIGN (0x4)

.ARM.extab
 *(.ARM.extab* .gnu.linkonce.armextab.*)
                0x0805032c                        __exidx_start = .

.ARM.exidx
 *(.ARM.exidx* .gnu.linkonce.armexidx.*)
                0x0805032c                        __exidx_end = .

.ctors          0x0805032c        0x0
 *crtbegin.o(.ctors)
 *(EXCLUDE_FILE(*crtend.o) .ctors)
 *(SORT_BY_NAME(.ctors.*))
 *(.ctors)
                0x0805032c                        . = ALIGN (0x4)

.dtors          0x0805032c        0x0
 *crtbegin.o(.dtors)
 *(EXCLUDE_FILE(*crtend.o) .dtors)
 *(SORT_BY_NAME(.dtors.*))
 *(.dtors)
                0x0805032c                        . = ALIGN (0x4)

.eh_frame       0x0805032c        0x4
 *(.eh_frame)
 .eh_frame      0x0805032c        0x0 C:/devkitPro/devkitARM/bin/../lib/gcc/arm-none-eabi/14.1.0/thumb/crtbegin.o
 .eh_frame      0x0805032c        0x4 C:/devkitPro/devkitARM/bin/../lib/gcc/arm-none-eabi/14.1.0/thumb/crtend.o
                0x08050330                        . = ALIGN (0x4)

.gcc_except_table
                0x08050330        0x0
 *(.gcc_except_table)
                0x08050330                        . = ALIGN (0x4)
                0x08050330                        __iwram_lma = .

.iwram          0x03000000     0x23c8 load address 0x08050330
                0x03000000                        __iwram_start__ = ABSOLUTE (.)
 *(.iwram .iwram*)
 .iwram         0x03000000      0x290 bn_sprites_manager.bn_iwram.o
                0x03000000                bn::sprites_manager::_check_items_on_screen(bn::intrusive_list<bn::sorted_sprites::layer>&)
                0x03000104                bn::sprites_manager::_rebuild_handles_impl(int, void*, bn::intrusive_list<bn::sorted_sprites::layer>&)
                0x0300019c                bn::sprites_manager::_update_cameras_impl(bn::intrusive_list<bn::sorted_sprites::layer>&)
 .iwram         0x03000290       0xc4 bn_hw_palettes.bn_iwram.o
                0x03000290                bn::hw::palettes::brightness(bn::color const*, int, int, bn::color*)
                0x030002f8                bn::hw::palettes::_lut_effect(bn::color const*, unsigned char const*, int, bn::color*)
 .iwram         0x03000354       0xa8 bn_hw_sprite_tiles.bn_iwram.o
                0x03000354                bn::hw::sprite_tiles::_plot_hideous_tiles(int, unsigned int const*, int, unsigned int*)
 .iwram         0x030003fc       0x6c bn_hw_bg_blocks.o
                0x030003fc                bn_hw_bg_blocks_commit_half_words
                0x03000414                bn_hw_bg_blocks_commit_words
                0x0300042c                bn_hw_bg_blocks_commit_blocks
 .iwram         0x03000468       0xd0 bn_hw_hblank_effects.o
                0x03000468                bn::hw::hblank_effects::_intr()
                0x03000534                bn::hw::hblank_effects::data
 .iwram         0x03000538       0x30 bn_hw_palettes_asm.o
                0x03000538                bn_hw_palettes_different_words
 .iwram.clr_blend_fast
                0x03000568       0x70 clr_blend_fast.o
                0x03000568                clr_blend_fast
 .iwram         0x030005d8       0x70 clr_fade_fast.o
                0x030005d8                clr_fade_fast
 .iwram.memset32
                0x03000648       0x4c tonc_memset.o
                0x03000648                memset32
 .iwram         0x03000694      0x134 irq_handler.o
                0x03000694                IRQ_GlobalInterruptHandler
 .iwram.__aeabi_lmul
                0x030007c8       0x14 lmul.o
                0x030007c8                __aeabi_lmul
 .iwram.__aeabi_memcpy
                0x030007dc       0xc8 memcpy.o
                0x030007dc                __aeabi_memcpy
                0x03000814                __aeabi_memcpy8
                0x03000814                __aeabi_memcpy4
                0x03000880                __agbabi_memcpy2
 .iwram.__agbabi_memcpy1
                0x030008a4       0x14 memcpy.o
                0x030008a4                __agbabi_memcpy1
 .iwram.memcpy  0x030008b8       0x10 memcpy.o
                0x030008b8                memcpy
 .iwram.__aeabi_memmove
                0x030008c8        0xc memmove.o
                0x030008c8                __aeabi_memmove
 .iwram.memmove
                0x030008d4       0x10 memmove.o
                0x030008d4                memmove
 .iwram.__aeabi_memset
                0x030008e4       0x9c memset.o
                0x030008e4                __aeabi_memset
                0x03000908                __aeabi_memset8
                0x03000908                __aeabi_memset4
                0x03000914                __agbabi_wordset4
                0x03000918                __agbabi_lwordset4
 .iwram.__agbabi_memset1
                0x03000980       0x10 memset.o
                0x03000980                __agbabi_memset1
 .iwram.memset  0x03000990       0x1c memset.o
                0x03000990                memset
 .iwram.__agbabi_rmemcpy
                0x030009ac       0xcc rmemcpy.o
                0x030009ac                __agbabi_rmemcpy
 .iwram.__agbabi_rmemcpy1
                0x03000a78       0x14 rmemcpy.o
                0x03000a78                __agbabi_rmemcpy1
 .iwram         0x03000a8c       0x3c sdiv32.o
                0x03000a8c                __aeabi_idiv
                0x03000a8c                __aeabi_idivmod
 .iwram         0x03000ac8      0x1e0 udiv32.o
                0x03000ac8                __aeabi_uidivmod
                0x03000ac8                __aeabi_uidiv
                0x03000ad0                udiv32pastzero
                0x03000b24                div32Iteration
 .iwram         0x03000ca8       0x98 huffman.o
                0x03000ca8                swi_HuffUnCompReadNormal
 .iwram         0x03000d40      0x1ac lz77.o
                0x03000d40                swi_LZ77UnCompWrite16bit
                0x03000d40                swi_LZ77UnCompWrite8bit
 .iwram         0x03000eec       0xec running_length.o
                0x03000eec                swi_RLUnCompReadNormalWrite8bit
                0x03000f4c                swi_RLUnCompReadNormalWrite16bit
 .iwram         0x03000fd8      0x554 mm_mas.o
                0x03000fd8                mppProcessTick
                0x030010bc                mpp_Channel_NewNote
                0x0300119c                mpp_Update_ACHN_notest
 .iwram         0x0300152c      0x648 mm_mas_arm.o
                0x0300152c                mmAllocChannel
                0x030015a0                mmReadPattern
                0x0300168c                mmUpdateChannel_T0
                0x030018cc                mmUpdateChannel_TN
                0x03001a6c                mmGetPeriod
                0x03001ab0                note_table_oct
                0x03001ace                note_table_mod
 .iwram         0x03001b74        0x8 mm_main_gba.o
                0x03001b74                mpp_call_r7i
                0x03001b76                mpp_call_r2i
                0x03001b78                mpp_call_r1i
 .iwram         0x03001b7c      0x838 mm_mixer_gba.o
                0x03001b80                mmVBlank
                0x03001c04                mmMixerMix
 *fill*         0x030023b4        0x4 ff
 .iwram.__stub  0x030023b8        0xc linker stubs
 *iwram.*(.text* .data*)
                0x030023c4                        . = ALIGN (0x4)
                0x030023c8                        __iwram_end__ = ABSOLUTE (.)
                0x080526f8                        __data_lma = (__iwram_lma + SIZEOF (.iwram))

.bss            0x030023c8      0x86c
                0x030023c8                        __bss_start = ABSOLUTE (.)
                0x030023c8                        __bss_start__ = ABSOLUTE (.)
 *(.dynbss)
 *(.gnu.linkonce.b*)
 *(.bss*)
 .bss.completed.1
                0x030023c8        0x1 C:/devkitPro/devkitARM/bin/../lib/gcc/arm-none-eabi/14.1.0/thumb/crtbegin.o
 *fill*         0x030023c9        0x3 
 .bss.object.0  0x030023cc       0x18 C:/devkitPro/devkitARM/bin/../lib/gcc/arm-none-eabi/14.1.0/thumb/crtbegin.o
 .bss           0x030023e4      0x508 C:\Users\Sergio\AppData\Local\Temp\ccxuC11S.ltrans0.ltrans.o
                0x030023e4                IRQ_VectorTable
                0x0300283c                _ZN2bn22hblank_effects_manager12_GLOBAL__N_113internal_dataE.lto_priv.0
 .bss           0x030028ec        0x4 C:\Users\Sergio\AppData\Local\Temp\ccxuC11S.ltrans2.ltrans.o
                0x030028ec                fake_heap_end
 .bss           0x030028f0       0x2d mm_effect.o
                0x03002914                mm_sfx_bitmask
                0x03002918                mm_sfx_clearmask
 *fill*         0x0300291d        0x3 
 .bss           0x03002920        0x8 mm_main.o
                0x03002920                mmCallback
                0x03002924                mm_ch_mask
 .bss           0x03002928      0x148 mm_mas.o
                0x03002928                mmLayerMain
                0x03002960                mmLayerSub
                0x03002998                mpp_vars
                0x030029a8                mpp_layerp
                0x030029ac                mpp_channels
                0x030029bc                mpp_nchannels
                0x030029bd                mpp_clayer
                0x030029c0                mm_achannels
                0x030029c4                mm_pchannels
                0x030029c8                mm_num_mch
                0x030029cc                mm_num_ach
                0x030029d0                mm_schannels
 .bss           0x03002a70        0x8 mm_main_gba.o
                0x03002a70                mm_vblank_function
                0x03002a74                mp_solution
 .bss           0x03002a78      0x1bc mm_mixer_gba.o
                0x03002a78                mp_writepos
                0x03002a80                mm_mixchannels
                0x03002a88                mm_mixlen
                0x03002a9c                mm_bpmdv
                0x03002aa0                mp_mix_seg
 *(COMMON)
                0x03002c34                        . = ALIGN (0x4)
                0x03002c34                        __bss_end__ = ABSOLUTE (.)

.data           0x03002c34       0x10 load address 0x080526f8
                0x03002c34                        __data_start__ = ABSOLUTE (.)
 *(.data*)
 .data.__dso_handle
                0x03002c34        0x4 C:/devkitPro/devkitARM/bin/../lib/gcc/arm-none-eabi/14.1.0/thumb/crtbegin.o
                0x03002c34                __dso_handle
 .data          0x03002c38        0xc C:\Users\Sergio\AppData\Local\Temp\ccxuC11S.ltrans0.ltrans.o
 *(.gnu.linkonce.d*)
                0x03002c44                        . = ALIGN (0x4)
                0x08052708                        __preinit_lma = (__data_lma + SIZEOF (.data))

.igot.plt       0x03002c44        0x0 load address 0x08052708
 .igot.plt      0x03002c44        0x0 C:/devkitPro/devkitARM/bin/../lib/gcc/arm-none-eabi/14.1.0/../../../../arm-none-eabi/lib/thumb/gba_crt0.o

.preinit_array  0x03002c44        0x0 load address 0x08052708
                0x03002c44                        __preinit_array_start = ABSOLUTE (.)
 *(.preinit_array)
                0x03002c44                        __preinit_array_end = ABSOLUTE (.)
                0x08052708                        __init_lma = (__preinit_lma + SIZEOF (.preinit_array))

.init_array     0x03002c44        0x8 load address 0x08052708
                0x03002c44                        __init_array_start = ABSOLUTE (.)
 *(SORT_BY_NAME(.init_array.*))
 *(.init_array)
 .init_array    0x03002c44        0x4 C:/devkitPro/devkitARM/bin/../lib/gcc/arm-none-eabi/14.1.0/thumb/crtbegin.o
 .init_array    0x03002c48        0x4 C:\Users\Sergio\AppData\Local\Temp\ccxuC11S.ltrans2.ltrans.o
                0x03002c4c                        __init_array_end = ABSOLUTE (.)
                0x08052710                        __fini_lma = (__init_lma + SIZEOF (.init_array))

.fini_array     0x03002c4c        0x4 load address 0x08052710
                0x03002c4c                        __fini_array_start = ABSOLUTE (.)
 *(SORT_BY_NAME(.fini_array.*))
 *(.fini_array)
 .fini_array    0x03002c4c        0x4 C:/devkitPro/devkitARM/bin/../lib/gcc/arm-none-eabi/14.1.0/thumb/crtbegin.o
                0x03002c50                        __fini_array_end = ABSOLUTE (.)
                0x08052714                        __jcr_lma = (__fini_lma + SIZEOF (.fini_array))

.jcr
 *(.jcr)
                0x03002c50                        __data_end__ = ABSOLUTE (.)
                0x08052714                        __iwram_overlay_lma = (__jcr_lma + SIZEOF (.jcr))
                0x03002c50                        __iwram_overlay_start = .

.iwram0         0x03002c50        0x0 load address 0x08052714
 *(.iwram0)
                0x03002c50                        . = ALIGN (0x4)
                0x08052714                        PROVIDE (__load_start_iwram0 = LOADADDR (.iwram0))
                0x08052714                        PROVIDE (__load_stop_iwram0 = (LOADADDR (.iwram0) + SIZEOF (.iwram0)))

.iwram1         0x03002c50        0x0
 *(.iwram1)
                0x03002c50                        . = ALIGN (0x4)
                [!provide]                        PROVIDE (__load_start_iwram1 = LOADADDR (.iwram1))
                [!provide]                        PROVIDE (__load_stop_iwram1 = (LOADADDR (.iwram1) + SIZEOF (.iwram1)))

.iwram2         0x03002c50        0x0
 *(.iwram2)
                0x03002c50                        . = ALIGN (0x4)
                [!provide]                        PROVIDE (__load_start_iwram2 = LOADADDR (.iwram2))
                [!provide]                        PROVIDE (__load_stop_iwram2 = (LOADADDR (.iwram2) + SIZEOF (.iwram2)))

.iwram3         0x03002c50        0x0
 *(.iwram3)
                0x03002c50                        . = ALIGN (0x4)
                [!provide]                        PROVIDE (__load_start_iwram3 = LOADADDR (.iwram3))
                [!provide]                        PROVIDE (__load_stop_iwram3 = (LOADADDR (.iwram3) + SIZEOF (.iwram3)))

.iwram4         0x03002c50        0x0
 *(.iwram4)
                0x03002c50                        . = ALIGN (0x4)
                [!provide]                        PROVIDE (__load_start_iwram4 = LOADADDR (.iwram4))
                [!provide]                        PROVIDE (__load_stop_iwram4 = (LOADADDR (.iwram4) + SIZEOF (.iwram4)))

.iwram5         0x03002c50        0x0
 *(.iwram5)
                0x03002c50                        . = ALIGN (0x4)
                [!provide]                        PROVIDE (__load_start_iwram5 = LOADADDR (.iwram5))
                [!provide]                        PROVIDE (__load_stop_iwram5 = (LOADADDR (.iwram5) + SIZEOF (.iwram5)))

.iwram6         0x03002c50        0x0
 *(.iwram6)
                0x03002c50                        . = ALIGN (0x4)
                [!provide]                        PROVIDE (__load_start_iwram6 = LOADADDR (.iwram6))
                [!provide]                        PROVIDE (__load_stop_iwram6 = (LOADADDR (.iwram6) + SIZEOF (.iwram6)))

.iwram7         0x03002c50        0x0
 *(.iwram7)
                0x03002c50                        . = ALIGN (0x4)
                [!provide]                        PROVIDE (__load_start_iwram7 = LOADADDR (.iwram7))
                [!provide]                        PROVIDE (__load_stop_iwram7 = (LOADADDR (.iwram7) + SIZEOF (.iwram7)))

.iwram8         0x03002c50        0x0
 *(.iwram8)
                0x03002c50                        . = ALIGN (0x4)
                [!provide]                        PROVIDE (__load_start_iwram8 = LOADADDR (.iwram8))
                [!provide]                        PROVIDE (__load_stop_iwram8 = (LOADADDR (.iwram8) + SIZEOF (.iwram8)))

.iwram9         0x03002c50        0x0
 *(.iwram9)
                0x03002c50                        . = ALIGN (0x4)
                [!provide]                        PROVIDE (__load_start_iwram9 = LOADADDR (.iwram9))
                [!provide]                        PROVIDE (__load_stop_iwram9 = (LOADADDR (.iwram9) + SIZEOF (.iwram9)))
                0x03002c50                        __iwram_overlay_end = .
                0x08052714                        __ewram_lma = (__iwram_overlay_lma + (__iwram_overlay_end - __iwram_overlay_start))
                0x03002c50                        __iheap_start = .
                0x02000000                        __ewram_start = ORIGIN (ewram)

.ewram          0x02000000       0xf4 load address 0x08052714
 *(.ewram*)
 .ewram         0x02000000        0xc C:\Users\Sergio\AppData\Local\Temp\ccxuC11S.ltrans0.ltrans.o
                0x02000000                Vgm
 .ewram         0x0200000c       0x4a C:\Users\Sergio\AppData\Local\Temp\ccxuC11S.ltrans1.ltrans.o
                0x0200000c                __tte_main_context
 *fill*         0x02000056        0x2 ff
 .ewram         0x02000058       0x9c bn_hw_game_pak.bn_ewram.o
                0x02000058                bn::hw::game_pak::_slow_game_pak()
                0x020000f4                        . = ALIGN (0x4)
                0x020000f4                        __ewram_end = ABSOLUTE (.)
                0x08052808                        __pad_lma = (__ewram_lma + SIZEOF (.ewram))

.sbss           0x020000f4     0x8204
                0x020000f4                        __sbss_start__ = ABSOLUTE (.)
 *(.sbss*)
 .sbss          0x020000f4     0x8204 C:\Users\Sergio\AppData\Local\Temp\ccxuC11S.ltrans0.ltrans.o
                0x020000f4                _ZN2bn15cameras_manager12_GLOBAL__N_14dataE.lto_priv.0
                0x0200012c                _ZN2bn14keypad_manager12_GLOBAL__N_14dataE.lto_priv.0
                0x02000144                _ZN2bn2hw5audio12_GLOBAL__N_14dataE.lto_priv.0
                0x02000190                _ZN2bn4core12_GLOBAL__N_14dataE.lto_priv.0
                0x020001d8                _ZN2bn12hdma_manager12_GLOBAL__N_14dataE.lto_priv.0
                0x02000210                _ZN2bn14memory_manager12_GLOBAL__N_14dataE.lto_priv.0
                0x02000220                gbt.lto_priv.0
                0x020002b8                _ZN2bn17bg_blocks_manager12_GLOBAL__N_14dataE.lto_priv.0
                0x0200049c                _ZN2bn20sprite_tiles_manager12_GLOBAL__N_14dataE.lto_priv.0
                0x02002660                _ZN2bn13audio_manager12_GLOBAL__N_14dataE.lto_priv.0
                0x020027d4                _ZN2bn2hw4link12_GLOBAL__N_14dataE.lto_priv.0
                0x02002904                _ZN2bn22hblank_effects_manager12_GLOBAL__N_113external_dataE.lto_priv.0
                0x02004348                _ZN2bn15display_manager12_GLOBAL__N_14dataE.lto_priv.0
                0x020043ec                _ZN2bn16palettes_manager12_GLOBAL__N_14dataE.lto_priv.0
                0x02005134                _ZN2bn26sprite_affine_mats_manager12_GLOBAL__N_14dataE.lto_priv.0
                0x020059fc                _ZN2bn15sprites_manager12_GLOBAL__N_14dataE.lto_priv.0
                0x0200804c                _ZN2bn11bgs_manager12_GLOBAL__N_14dataE.lto_priv.0
                0x020082f8                        . = ALIGN (0x4)
                0x020082f8                        __sbss_end__ = ABSOLUTE (.)
                0x020082f8                        __end__ = ABSOLUTE (.)
                0x020082f8                        __eheap_start = ABSOLUTE (.)

.pad            0x020082f8        0x8 load address 0x08052808
                0x020082f8        0x4 LONG 0x52416b64
                0x020082fc        0x4 LONG 0x4d
                0x02008300                        . = ALIGN (0x4)
                0x08052810                        __rom_end__ = (__pad_lma + SIZEOF (.pad))

.rel.dyn        0x02008300        0x0 load address 0x08052810
 .rel.iplt      0x02008300        0x0 C:/devkitPro/devkitARM/bin/../lib/gcc/arm-none-eabi/14.1.0/../../../../arm-none-eabi/lib/thumb/gba_crt0.o

.stab
 *(.stab)

.stabstr
 *(.stabstr)

.stab.excl
 *(.stab.excl)

.stab.exclstr
 *(.stab.exclstr)

.stab.index
 *(.stab.index)

.stab.indexstr
 *(.stab.indexstr)

.comment        0x00000000       0x23
 *(.comment)
 .comment       0x00000000       0x23 C:/devkitPro/devkitARM/bin/../lib/gcc/arm-none-eabi/14.1.0/thumb/crtbegin.o
                                 0x24 (size before relaxing)
 .comment       0x00000023       0x24 C:\Users\Sergio\AppData\Local\Temp\ccxuC11S.ltrans0.ltrans.o
 .comment       0x00000023       0x24 C:\Users\Sergio\AppData\Local\Temp\ccxuC11S.ltrans1.ltrans.o
 .comment       0x00000023       0x24 C:\Users\Sergio\AppData\Local\Temp\ccxuC11S.ltrans2.ltrans.o
 .comment       0x00000023       0x24 bn_sprites_manager.bn_iwram.o
 .comment       0x00000023       0x24 bn_hw_common.bn_noflto.o
 .comment       0x00000023       0x24 bn_hw_game_pak.bn_ewram.o
 .comment       0x00000023       0x24 bn_hw_palettes.bn_iwram.o
 .comment       0x00000023       0x24 bn_hw_sprite_tiles.bn_iwram.o
 .comment       0x00000023       0x24 C:/devkitPro/devkitARM/bin/../lib/gcc/arm-none-eabi/14.1.0/thumb/crtend.o

.debug
 *(.debug)

.line
 *(.line)

.debug_srcinfo
 *(.debug_srcinfo)

.debug_sfnames
 *(.debug_sfnames)

.debug_aranges  0x00000000      0x608
 *(.debug_aranges)
 .debug_aranges
                0x00000000       0x28 C:\Users\Sergio\AppData\Local\Temp\ccxuC11S.ltrans0.ltrans.o
 .debug_aranges
                0x00000028       0x20 C:\Users\Sergio\AppData\Local\Temp\ccxuC11S.ltrans1.ltrans.o
 .debug_aranges
                0x00000048       0x20 C:\Users\Sergio\AppData\Local\Temp\ccxuC11S.ltrans2.ltrans.o
 .debug_aranges
                0x00000068       0x30 bn_sprites_manager.bn_iwram.o
 .debug_aranges
                0x00000098       0x58 bn_hw_common.bn_noflto.o
 .debug_aranges
                0x000000f0       0x20 bn_hw_game_pak.bn_ewram.o
 .debug_aranges
                0x00000110       0x28 bn_hw_palettes.bn_iwram.o
 .debug_aranges
                0x00000138       0x20 bn_hw_sprite_tiles.bn_iwram.o
 .debug_aranges
                0x00000158       0x20 bn_hw_bg_blocks.o
 .debug_aranges
                0x00000178       0x20 bn_hw_hblank_effects.o
 .debug_aranges
                0x00000198       0x20 bn_hw_palettes_asm.o
 .debug_aranges
                0x000001b8       0x20 clr_blend_fast.o
 .debug_aranges
                0x000001d8       0x20 clr_fade_fast.o
 .debug_aranges
                0x000001f8      0x130 tonc_bios.o
 .debug_aranges
                0x00000328       0x28 tonc_memset.o
 .debug_aranges
                0x00000350       0x20 irq_handler.o
 .debug_aranges
                0x00000370       0x20 posprintf.o
 .debug_aranges
                0x00000390       0x38 lmul.o
 .debug_aranges
                0x000003c8       0x30 memcpy.o
 .debug_aranges
                0x000003f8       0x38 memmove.o
 .debug_aranges
                0x00000430       0x38 memset.o
 .debug_aranges
                0x00000468       0x28 rmemcpy.o
 .debug_aranges
                0x00000490       0x20 sdiv32.o
 .debug_aranges
                0x000004b0       0x20 udiv32.o
 .debug_aranges
                0x000004d0       0x20 huffman.o
 .debug_aranges
                0x000004f0       0x20 lz77.o
 .debug_aranges
                0x00000510       0x20 running_length.o
 .debug_aranges
                0x00000530       0x20 mm_effect.o
 .debug_aranges
                0x00000550       0x20 mm_main.o
 .debug_aranges
                0x00000570       0x28 mm_mas.o
 .debug_aranges
                0x00000598       0x20 mm_mas_arm.o
 .debug_aranges
                0x000005b8       0x28 mm_main_gba.o
 .debug_aranges
                0x000005e0       0x28 mm_mixer_gba.o

.debug_pubnames
 *(.debug_pubnames)

.debug_info     0x00000000   0x27a138
 *(.debug_info)
 .debug_info    0x00000000    0x33369 C:\Users\Sergio\AppData\Local\Temp\ccxuC11S.ltrans0.ltrans.o
 .debug_info    0x00033369    0x214f1 C:\Users\Sergio\AppData\Local\Temp\ccxuC11S.ltrans1.ltrans.o
 .debug_info    0x0005485a    0x16f1a C:\Users\Sergio\AppData\Local\Temp\ccxuC11S.ltrans2.ltrans.o
 .debug_info    0x0006b774     0xd211 C:\Users\Sergio\AppData\Local\Temp\ccdO7Wxu.debug.temp.o
                0x0006b774                catgame_enemy.cpp.64068f02
 .debug_info    0x00078985     0xbbd0 C:\Users\Sergio\AppData\Local\Temp\cc0owCKq.debug.temp.o
                0x00078985                catgame_history.cpp.fffd662d
 .debug_info    0x00084555     0x1a15 C:\Users\Sergio\AppData\Local\Temp\cc7dHvem.debug.temp.o
                0x00084555                catgame_hitbox.cpp.f7f2ceb7
 .debug_info    0x00085f6a     0xcadf C:\Users\Sergio\AppData\Local\Temp\ccKfGPYh.debug.temp.o
                0x00085f6a                catgame_intro.cpp.e552bd2e
 .debug_info    0x00092a49     0x80e0 C:\Users\Sergio\AppData\Local\Temp\ccvPe6dd.debug.temp.o
                0x00092a49                catgame_logo.cpp.909c519b
 .debug_info    0x0009ab29    0x13c8e C:\Users\Sergio\AppData\Local\Temp\ccu8G1y7.debug.temp.o
                0x0009ab29                catgame_lvl_gym.cpp.8ba99ee2
 .debug_info    0x000ae7b7    0x13a6f C:\Users\Sergio\AppData\Local\Temp\ccl7kz05.debug.temp.o
                0x000ae7b7                catgame_lvl1.cpp.171a940d
 .debug_info    0x000c2226    0x13855 C:\Users\Sergio\AppData\Local\Temp\cc6sYxN4.debug.temp.o
                0x000c2226                catgame_lvl2.cpp.a211b03e
 .debug_info    0x000d5a7b    0x131aa C:\Users\Sergio\AppData\Local\Temp\ccV4I851.debug.temp.o
                0x000d5a7b                catgame_minigame_1.cpp.4a79d58a
 .debug_info    0x000e8c25     0xbc65 C:\Users\Sergio\AppData\Local\Temp\cc0OzSHZ.debug.temp.o
                0x000e8c25                catgame_player.cpp.a9cbaf8b
 .debug_info    0x000f488a     0x74bd C:\Users\Sergio\AppData\Local\Temp\cc1i9KqX.debug.temp.o
                0x000f488a                catgame_trigger.cpp.41cdbd37
 .debug_info    0x000fbd47     0x8d2b C:\Users\Sergio\AppData\Local\Temp\cciVWQqU.debug.temp.o
                0x000fbd47                common_info.cpp.a0c3e114
 .debug_info    0x00104a72     0x9574 C:\Users\Sergio\AppData\Local\Temp\ccjl2YeV.debug.temp.o
                0x00104a72                main.cpp.1665ed69
 .debug_info    0x0010dfe6     0x96a3 C:\Users\Sergio\AppData\Local\Temp\cc0GMqjW.debug.temp.o
                0x0010dfe6                bn_affine_bg_animate_actions.cpp.e74739b4
 .debug_info    0x00117689     0xdb21 C:\Users\Sergio\AppData\Local\Temp\cc7NGmrW.debug.temp.o
                0x00117689                bn_audio_manager.cpp.c7a52476
 .debug_info    0x001251aa     0x45a8 C:\Users\Sergio\AppData\Local\Temp\ccIGzt3W.debug.temp.o
                0x001251aa                bn_best_fit_allocator.cpp.54a39eb5
 .debug_info    0x00129752    0x1c99a C:\Users\Sergio\AppData\Local\Temp\ccPtJo4W.debug.temp.o
                0x00129752                bn_bg_blocks_manager.cpp.8bbb75f2
 .debug_info    0x001460ec    0x1e88a C:\Users\Sergio\AppData\Local\Temp\ccCIGzr0.debug.temp.o
                0x001460ec                bn_bgs_manager.cpp.b2a48d40
 .debug_info    0x00164976     0x4d11 C:\Users\Sergio\AppData\Local\Temp\ccx9ppc3.debug.temp.o
                0x00164976                bn_cameras_manager.cpp.f0cc3966
 .debug_info    0x00169687     0x64a7 C:\Users\Sergio\AppData\Local\Temp\ccII7ba5.debug.temp.o
                0x00169687                bn_core.cpp.12fe1f41
 .debug_info    0x0016fb2e    0x13e13 C:\Users\Sergio\AppData\Local\Temp\cc38T0p7.debug.temp.o
                0x0016fb2e                bn_display_manager.cpp.8f39e9b5
 .debug_info    0x00183941     0x4c6f C:\Users\Sergio\AppData\Local\Temp\ccyel1P8.debug.temp.o
                0x00183941                bn_gpio_manager.cpp.9108806b
 .debug_info    0x001885b0    0x39136 C:\Users\Sergio\AppData\Local\Temp\ccRb99ta.debug.temp.o
                0x001885b0                bn_hblank_effects_manager.cpp.c1342847
 .debug_info    0x001c16e6     0x1d27 C:\Users\Sergio\AppData\Local\Temp\ccqRn5mg.debug.temp.o
                0x001c16e6                bn_hdma_manager.cpp.967aafa5
 .debug_info    0x001c340d     0x4a03 C:\Users\Sergio\AppData\Local\Temp\cc9FuNll.debug.temp.o
                0x001c340d                bn_keypad_manager.cpp.b3f703fa
 .debug_info    0x001c7e10     0x4dbc C:\Users\Sergio\AppData\Local\Temp\ccsDmaGp.debug.temp.o
                0x001c7e10                bn_link_manager.cpp.9128f562
 .debug_info    0x001ccbcc     0x4cb7 C:\Users\Sergio\AppData\Local\Temp\ccZVpP4t.debug.temp.o
                0x001ccbcc                bn_memory_manager.cpp.4c15fab7
 .debug_info    0x001d1883     0xf0a6 C:\Users\Sergio\AppData\Local\Temp\ccca8NJy.debug.temp.o
                0x001d1883                bn_palettes_manager.cpp.3b5670f4
 .debug_info    0x001e0929     0xf973 C:\Users\Sergio\AppData\Local\Temp\cc7PvKDS.debug.temp.o
                0x001e0929                bn_sprite_affine_mats_manager.cpp.ff108f1c
 .debug_info    0x001f029c     0x8e56 C:\Users\Sergio\AppData\Local\Temp\cc8Xn0AZ.debug.temp.o
                0x001f029c                bn_sprite_animate_actions.cpp.033832e0
 .debug_info    0x001f90f2    0x145e9 C:\Users\Sergio\AppData\Local\Temp\cc36jdG5.debug.temp.o
                0x001f90f2                bn_sprite_text_generator.cpp.3bce1910
 .debug_info    0x0020d6db     0xde85 C:\Users\Sergio\AppData\Local\Temp\cc4YFkLf.debug.temp.o
                0x0020d6db                bn_sprite_tiles_manager.cpp.eed3e239
 .debug_info    0x0021b560    0x1a647 C:\Users\Sergio\AppData\Local\Temp\cc9Gtz9p.debug.temp.o
                0x0021b560                bn_sprites_manager.cpp.153ebd4b
 .debug_info    0x00235ba7     0x5df9 C:\Users\Sergio\AppData\Local\Temp\ccQmu4Zz.debug.temp.o
                0x00235ba7                bn_sstream.cpp.ac2deeae
 .debug_info    0x0023b9a0    0x10961 C:\Users\Sergio\AppData\Local\Temp\ccU9YVhC.debug.temp.o
                0x0023b9a0                bn_translation_unit.cpp.56a57108
 .debug_info    0x0024c301     0x59a1 C:\Users\Sergio\AppData\Local\Temp\ccwKYotD.debug.temp.o
                0x0024c301                bn_hw_audio.cpp.fc2e12ad
 .debug_info    0x00251ca2     0x155e C:\Users\Sergio\AppData\Local\Temp\ccGIhsdF.debug.temp.o
                0x00251ca2                bn_hw_cstdlib.cpp.a93f252e
 .debug_info    0x00253200     0x5b63 C:\Users\Sergio\AppData\Local\Temp\cc80osmO.debug.temp.o
                0x00253200                bn_hw_link.cpp.001f7bf3
 .debug_info    0x00258d63     0x49b3 C:\Users\Sergio\AppData\Local\Temp\ccSep8OU.debug.temp.o
                0x00258d63                bn_hw_palettes.cpp.60216126
 .debug_info    0x0025d716     0x5f99 C:\Users\Sergio\AppData\Local\Temp\cc4t0S6X.debug.temp.o
                0x0025d716                bn_hw_show.cpp.75ca1e2d
 .debug_info    0x002636af      0x549 C:\Users\Sergio\AppData\Local\Temp\ccK65ww0.debug.temp.o
                0x002636af                bn_hw_sram.cpp.85cb9265
 .debug_info    0x00263bf8      0x6c7 C:\Users\Sergio\AppData\Local\Temp\ccKPDee3.debug.temp.o
                0x00263bf8                bn_hw_system_font.cpp.91e85e7c
 .debug_info    0x002642bf     0x41c0 C:\Users\Sergio\AppData\Local\Temp\ccUhefI9.debug.temp.o
                0x002642bf                bn_hw_text.cpp.50d88a6f
 .debug_info    0x0026847f      0x64e C:\Users\Sergio\AppData\Local\Temp\ccGVIQzg.debug.temp.o
                0x0026847f                vgm.cpp.6a9eb84b
 .debug_info    0x00268acd      0x594 C:\Users\Sergio\AppData\Local\Temp\cc0UVbAn.debug.temp.o
                0x00268acd                tonc_color.c.cad8444b
 .debug_info    0x00269061      0x5e1 C:\Users\Sergio\AppData\Local\Temp\cc8ZcSBt.debug.temp.o
                0x00269061                tonc_sbmp16.c.a3e3e1c0
 .debug_info    0x00269642      0x596 C:\Users\Sergio\AppData\Local\Temp\ccWNRPRP.debug.temp.o
                0x00269642                bmp16_drawg_b1cs.c.d3c62f5b
 .debug_info    0x00269bd8      0x4cf C:\Users\Sergio\AppData\Local\Temp\ccKexqUU.debug.temp.o
                0x00269bd8                tte_init_bmp.c.f471ffd0
 .debug_info    0x0026a0a7      0x9be C:\Users\Sergio\AppData\Local\Temp\cc8d71K3.debug.temp.o
                0x0026a0a7                tte_main.c.cc86772d
 .debug_info    0x0026aa65      0x1b3 C:\Users\Sergio\AppData\Local\Temp\cc6lkeZc.debug.temp.o
                0x0026aa65                interrupts_gba.c.4abbfea2
 .debug_info    0x0026ac18     0x119b C:\Users\Sergio\AppData\Local\Temp\ccO5b1NB.debug.temp.o
                0x0026ac18                gbt_player.c.e1b0f848
 .debug_info    0x0026bdb3     0xa5b1 bn_sprites_manager.bn_iwram.o
 .debug_info    0x00276364     0x19e4 bn_hw_common.bn_noflto.o
 .debug_info    0x00277d48      0x614 bn_hw_game_pak.bn_ewram.o
 .debug_info    0x0027835c     0x1104 bn_hw_palettes.bn_iwram.o
 .debug_info    0x00279460      0x7a3 bn_hw_sprite_tiles.bn_iwram.o
 .debug_info    0x00279c03       0x23 bn_hw_bg_blocks.o
 .debug_info    0x00279c26       0x24 bn_hw_hblank_effects.o
 .debug_info    0x00279c4a       0x23 bn_hw_palettes_asm.o
 .debug_info    0x00279c6d       0x30 clr_blend_fast.o
 .debug_info    0x00279c9d       0x23 clr_fade_fast.o
 .debug_info    0x00279cc0      0x1c8 tonc_bios.o
 .debug_info    0x00279e88       0x3a tonc_memset.o
 .debug_info    0x00279ec2       0x24 irq_handler.o
 .debug_info    0x00279ee6       0x24 posprintf.o
 .debug_info    0x00279f0a       0x22 lmul.o
 .debug_info    0x00279f2c       0x22 memcpy.o
 .debug_info    0x00279f4e       0x22 memmove.o
 .debug_info    0x00279f70       0x22 memset.o
 .debug_info    0x00279f92       0x22 rmemcpy.o
 .debug_info    0x00279fb4       0x23 sdiv32.o
 .debug_info    0x00279fd7       0x24 udiv32.o
 .debug_info    0x00279ffb       0x24 huffman.o
 .debug_info    0x0027a01f       0x24 lz77.o
 .debug_info    0x0027a043       0x24 running_length.o
 .debug_info    0x0027a067       0x24 mm_effect.o
 .debug_info    0x0027a08b       0x23 mm_main.o
 .debug_info    0x0027a0ae       0x22 mm_mas.o
 .debug_info    0x0027a0d0       0x24 mm_mas_arm.o
 .debug_info    0x0027a0f4       0x22 mm_main_gba.o
 .debug_info    0x0027a116       0x22 mm_mixer_gba.o

.debug_abbrev   0x00000000    0x1f97b
 *(.debug_abbrev)
 .debug_abbrev  0x00000000      0x367 C:\Users\Sergio\AppData\Local\Temp\ccxuC11S.ltrans0.ltrans.o
 .debug_abbrev  0x00000367      0x365 C:\Users\Sergio\AppData\Local\Temp\ccxuC11S.ltrans1.ltrans.o
 .debug_abbrev  0x000006cc      0x21a C:\Users\Sergio\AppData\Local\Temp\ccxuC11S.ltrans2.ltrans.o
 .debug_abbrev  0x000008e6      0xcb2 C:\Users\Sergio\AppData\Local\Temp\ccdO7Wxu.debug.temp.o
 .debug_abbrev  0x00001598      0xb41 C:\Users\Sergio\AppData\Local\Temp\cc0owCKq.debug.temp.o
 .debug_abbrev  0x000020d9      0x4e5 C:\Users\Sergio\AppData\Local\Temp\cc7dHvem.debug.temp.o
 .debug_abbrev  0x000025be      0xa8b C:\Users\Sergio\AppData\Local\Temp\ccKfGPYh.debug.temp.o
 .debug_abbrev  0x00003049      0xac0 C:\Users\Sergio\AppData\Local\Temp\ccvPe6dd.debug.temp.o
 .debug_abbrev  0x00003b09      0xd0a C:\Users\Sergio\AppData\Local\Temp\ccu8G1y7.debug.temp.o
 .debug_abbrev  0x00004813      0xd24 C:\Users\Sergio\AppData\Local\Temp\ccl7kz05.debug.temp.o
 .debug_abbrev  0x00005537      0xd60 C:\Users\Sergio\AppData\Local\Temp\cc6sYxN4.debug.temp.o
 .debug_abbrev  0x00006297      0xcb8 C:\Users\Sergio\AppData\Local\Temp\ccV4I851.debug.temp.o
 .debug_abbrev  0x00006f4f      0xbb0 C:\Users\Sergio\AppData\Local\Temp\cc0OzSHZ.debug.temp.o
 .debug_abbrev  0x00007aff      0xa2f C:\Users\Sergio\AppData\Local\Temp\cc1i9KqX.debug.temp.o
 .debug_abbrev  0x0000852e      0xa1e C:\Users\Sergio\AppData\Local\Temp\cciVWQqU.debug.temp.o
 .debug_abbrev  0x00008f4c      0xac4 C:\Users\Sergio\AppData\Local\Temp\ccjl2YeV.debug.temp.o
 .debug_abbrev  0x00009a10      0xa09 C:\Users\Sergio\AppData\Local\Temp\cc0GMqjW.debug.temp.o
 .debug_abbrev  0x0000a419      0xde4 C:\Users\Sergio\AppData\Local\Temp\cc7NGmrW.debug.temp.o
 .debug_abbrev  0x0000b1fd      0x882 C:\Users\Sergio\AppData\Local\Temp\ccIGzt3W.debug.temp.o
 .debug_abbrev  0x0000ba7f      0xdd0 C:\Users\Sergio\AppData\Local\Temp\ccPtJo4W.debug.temp.o
 .debug_abbrev  0x0000c84f     0x10f6 C:\Users\Sergio\AppData\Local\Temp\ccCIGzr0.debug.temp.o
 .debug_abbrev  0x0000d945      0x9f8 C:\Users\Sergio\AppData\Local\Temp\ccx9ppc3.debug.temp.o
 .debug_abbrev  0x0000e33d      0xb46 C:\Users\Sergio\AppData\Local\Temp\ccII7ba5.debug.temp.o
 .debug_abbrev  0x0000ee83      0xcb1 C:\Users\Sergio\AppData\Local\Temp\cc38T0p7.debug.temp.o
 .debug_abbrev  0x0000fb34      0x921 C:\Users\Sergio\AppData\Local\Temp\ccyel1P8.debug.temp.o
 .debug_abbrev  0x00010455     0x1054 C:\Users\Sergio\AppData\Local\Temp\ccRb99ta.debug.temp.o
 .debug_abbrev  0x000114a9      0x606 C:\Users\Sergio\AppData\Local\Temp\ccqRn5mg.debug.temp.o
 .debug_abbrev  0x00011aaf      0x8b3 C:\Users\Sergio\AppData\Local\Temp\cc9FuNll.debug.temp.o
 .debug_abbrev  0x00012362      0x991 C:\Users\Sergio\AppData\Local\Temp\ccsDmaGp.debug.temp.o
 .debug_abbrev  0x00012cf3      0x910 C:\Users\Sergio\AppData\Local\Temp\ccZVpP4t.debug.temp.o
 .debug_abbrev  0x00013603      0xdc2 C:\Users\Sergio\AppData\Local\Temp\ccca8NJy.debug.temp.o
 .debug_abbrev  0x000143c5      0xead C:\Users\Sergio\AppData\Local\Temp\cc7PvKDS.debug.temp.o
 .debug_abbrev  0x00015272      0x9c1 C:\Users\Sergio\AppData\Local\Temp\cc8Xn0AZ.debug.temp.o
 .debug_abbrev  0x00015c33      0xcab C:\Users\Sergio\AppData\Local\Temp\cc36jdG5.debug.temp.o
 .debug_abbrev  0x000168de      0xdee C:\Users\Sergio\AppData\Local\Temp\cc4YFkLf.debug.temp.o
 .debug_abbrev  0x000176cc      0xeea C:\Users\Sergio\AppData\Local\Temp\cc9Gtz9p.debug.temp.o
 .debug_abbrev  0x000185b6      0x79e C:\Users\Sergio\AppData\Local\Temp\ccQmu4Zz.debug.temp.o
 .debug_abbrev  0x00018d54      0xcbf C:\Users\Sergio\AppData\Local\Temp\ccU9YVhC.debug.temp.o
 .debug_abbrev  0x00019a13      0xb98 C:\Users\Sergio\AppData\Local\Temp\ccwKYotD.debug.temp.o
 .debug_abbrev  0x0001a5ab      0x519 C:\Users\Sergio\AppData\Local\Temp\ccGIhsdF.debug.temp.o
 .debug_abbrev  0x0001aac4      0x9dc C:\Users\Sergio\AppData\Local\Temp\cc80osmO.debug.temp.o
 .debug_abbrev  0x0001b4a0      0x7d4 C:\Users\Sergio\AppData\Local\Temp\ccSep8OU.debug.temp.o
 .debug_abbrev  0x0001bc74      0x9c8 C:\Users\Sergio\AppData\Local\Temp\cc4t0S6X.debug.temp.o
 .debug_abbrev  0x0001c63c      0x192 C:\Users\Sergio\AppData\Local\Temp\ccK65ww0.debug.temp.o
 .debug_abbrev  0x0001c7ce      0x228 C:\Users\Sergio\AppData\Local\Temp\ccKPDee3.debug.temp.o
 .debug_abbrev  0x0001c9f6      0x70d C:\Users\Sergio\AppData\Local\Temp\ccUhefI9.debug.temp.o
 .debug_abbrev  0x0001d103      0x1a4 C:\Users\Sergio\AppData\Local\Temp\ccGVIQzg.debug.temp.o
 .debug_abbrev  0x0001d2a7       0xf4 C:\Users\Sergio\AppData\Local\Temp\cc0UVbAn.debug.temp.o
 .debug_abbrev  0x0001d39b      0x1c6 C:\Users\Sergio\AppData\Local\Temp\cc8ZcSBt.debug.temp.o
 .debug_abbrev  0x0001d561      0x174 C:\Users\Sergio\AppData\Local\Temp\ccWNRPRP.debug.temp.o
 .debug_abbrev  0x0001d6d5      0x1b1 C:\Users\Sergio\AppData\Local\Temp\ccKexqUU.debug.temp.o
 .debug_abbrev  0x0001d886      0x266 C:\Users\Sergio\AppData\Local\Temp\cc8d71K3.debug.temp.o
 .debug_abbrev  0x0001daec       0xed C:\Users\Sergio\AppData\Local\Temp\cc6lkeZc.debug.temp.o
 .debug_abbrev  0x0001dbd9      0x187 C:\Users\Sergio\AppData\Local\Temp\ccO5b1NB.debug.temp.o
 .debug_abbrev  0x0001dd60      0xabc bn_sprites_manager.bn_iwram.o
 .debug_abbrev  0x0001e81c      0x606 bn_hw_common.bn_noflto.o
 .debug_abbrev  0x0001ee22      0x1e0 bn_hw_game_pak.bn_ewram.o
 .debug_abbrev  0x0001f002      0x4db bn_hw_palettes.bn_iwram.o
 .debug_abbrev  0x0001f4dd      0x282 bn_hw_sprite_tiles.bn_iwram.o
 .debug_abbrev  0x0001f75f       0x14 bn_hw_bg_blocks.o
 .debug_abbrev  0x0001f773       0x14 bn_hw_hblank_effects.o
 .debug_abbrev  0x0001f787       0x14 bn_hw_palettes_asm.o
 .debug_abbrev  0x0001f79b       0x28 clr_blend_fast.o
 .debug_abbrev  0x0001f7c3       0x14 clr_fade_fast.o
 .debug_abbrev  0x0001f7d7       0x26 tonc_bios.o
 .debug_abbrev  0x0001f7fd       0x26 tonc_memset.o
 .debug_abbrev  0x0001f823       0x14 irq_handler.o
 .debug_abbrev  0x0001f837       0x14 posprintf.o
 .debug_abbrev  0x0001f84b       0x12 lmul.o
 .debug_abbrev  0x0001f85d       0x12 memcpy.o
 .debug_abbrev  0x0001f86f       0x12 memmove.o
 .debug_abbrev  0x0001f881       0x12 memset.o
 .debug_abbrev  0x0001f893       0x12 rmemcpy.o
 .debug_abbrev  0x0001f8a5       0x14 sdiv32.o
 .debug_abbrev  0x0001f8b9       0x14 udiv32.o
 .debug_abbrev  0x0001f8cd       0x14 huffman.o
 .debug_abbrev  0x0001f8e1       0x14 lz77.o
 .debug_abbrev  0x0001f8f5       0x14 running_length.o
 .debug_abbrev  0x0001f909       0x14 mm_effect.o
 .debug_abbrev  0x0001f91d       0x14 mm_main.o
 .debug_abbrev  0x0001f931       0x12 mm_mas.o
 .debug_abbrev  0x0001f943       0x14 mm_mas_arm.o
 .debug_abbrev  0x0001f957       0x12 mm_main_gba.o
 .debug_abbrev  0x0001f969       0x12 mm_mixer_gba.o

.debug_line     0x00000000    0x513eb
 *(.debug_line)
 .debug_line    0x00000000    0x18ea8 C:\Users\Sergio\AppData\Local\Temp\ccxuC11S.ltrans0.ltrans.o
 .debug_line    0x00018ea8    0x12be7 C:\Users\Sergio\AppData\Local\Temp\ccxuC11S.ltrans1.ltrans.o
 .debug_line    0x0002ba8f     0x91af C:\Users\Sergio\AppData\Local\Temp\ccxuC11S.ltrans2.ltrans.o
 .debug_line    0x00034c3e      0x918 C:\Users\Sergio\AppData\Local\Temp\ccdO7Wxu.debug.temp.o
 .debug_line    0x00035556      0x8a3 C:\Users\Sergio\AppData\Local\Temp\cc0owCKq.debug.temp.o
 .debug_line    0x00035df9      0x469 C:\Users\Sergio\AppData\Local\Temp\cc7dHvem.debug.temp.o
 .debug_line    0x00036262      0x957 C:\Users\Sergio\AppData\Local\Temp\ccKfGPYh.debug.temp.o
 .debug_line    0x00036bb9      0x85e C:\Users\Sergio\AppData\Local\Temp\ccvPe6dd.debug.temp.o
 .debug_line    0x00037417      0xb41 C:\Users\Sergio\AppData\Local\Temp\ccu8G1y7.debug.temp.o
 .debug_line    0x00037f58      0xbc8 C:\Users\Sergio\AppData\Local\Temp\ccl7kz05.debug.temp.o
 .debug_line    0x00038b20      0xaef C:\Users\Sergio\AppData\Local\Temp\cc6sYxN4.debug.temp.o
 .debug_line    0x0003960f      0xbc1 C:\Users\Sergio\AppData\Local\Temp\ccV4I851.debug.temp.o
 .debug_line    0x0003a1d0      0x811 C:\Users\Sergio\AppData\Local\Temp\cc0OzSHZ.debug.temp.o
 .debug_line    0x0003a9e1      0x7a9 C:\Users\Sergio\AppData\Local\Temp\cc1i9KqX.debug.temp.o
 .debug_line    0x0003b18a      0x799 C:\Users\Sergio\AppData\Local\Temp\cciVWQqU.debug.temp.o
 .debug_line    0x0003b923      0x8ef C:\Users\Sergio\AppData\Local\Temp\ccjl2YeV.debug.temp.o
 .debug_line    0x0003c212      0x704 C:\Users\Sergio\AppData\Local\Temp\cc0GMqjW.debug.temp.o
 .debug_line    0x0003c916      0x926 C:\Users\Sergio\AppData\Local\Temp\cc7NGmrW.debug.temp.o
 .debug_line    0x0003d23c      0x5db C:\Users\Sergio\AppData\Local\Temp\ccIGzt3W.debug.temp.o
 .debug_line    0x0003d817      0xaf8 C:\Users\Sergio\AppData\Local\Temp\ccPtJo4W.debug.temp.o
 .debug_line    0x0003e30f      0xcc6 C:\Users\Sergio\AppData\Local\Temp\ccCIGzr0.debug.temp.o
 .debug_line    0x0003efd5      0x6c7 C:\Users\Sergio\AppData\Local\Temp\ccx9ppc3.debug.temp.o
 .debug_line    0x0003f69c      0x9d0 C:\Users\Sergio\AppData\Local\Temp\ccII7ba5.debug.temp.o
 .debug_line    0x0004006c      0xc22 C:\Users\Sergio\AppData\Local\Temp\cc38T0p7.debug.temp.o
 .debug_line    0x00040c8e      0x6ae C:\Users\Sergio\AppData\Local\Temp\ccyel1P8.debug.temp.o
 .debug_line    0x0004133c     0x1e86 C:\Users\Sergio\AppData\Local\Temp\ccRb99ta.debug.temp.o
 .debug_line    0x000431c2      0x516 C:\Users\Sergio\AppData\Local\Temp\ccqRn5mg.debug.temp.o
 .debug_line    0x000436d8      0x64f C:\Users\Sergio\AppData\Local\Temp\cc9FuNll.debug.temp.o
 .debug_line    0x00043d27      0x73d C:\Users\Sergio\AppData\Local\Temp\ccsDmaGp.debug.temp.o
 .debug_line    0x00044464      0x7ad C:\Users\Sergio\AppData\Local\Temp\ccZVpP4t.debug.temp.o
 .debug_line    0x00044c11      0xa1d C:\Users\Sergio\AppData\Local\Temp\ccca8NJy.debug.temp.o
 .debug_line    0x0004562e      0xa1c C:\Users\Sergio\AppData\Local\Temp\cc7PvKDS.debug.temp.o
 .debug_line    0x0004604a      0x69d C:\Users\Sergio\AppData\Local\Temp\cc8Xn0AZ.debug.temp.o
 .debug_line    0x000466e7      0x91e C:\Users\Sergio\AppData\Local\Temp\cc36jdG5.debug.temp.o
 .debug_line    0x00047005      0x8a6 C:\Users\Sergio\AppData\Local\Temp\cc4YFkLf.debug.temp.o
 .debug_line    0x000478ab      0xbad C:\Users\Sergio\AppData\Local\Temp\cc9Gtz9p.debug.temp.o
 .debug_line    0x00048458      0x5e3 C:\Users\Sergio\AppData\Local\Temp\ccQmu4Zz.debug.temp.o
 .debug_line    0x00048a3b      0xa2b C:\Users\Sergio\AppData\Local\Temp\ccU9YVhC.debug.temp.o
 .debug_line    0x00049466      0x809 C:\Users\Sergio\AppData\Local\Temp\ccwKYotD.debug.temp.o
 .debug_line    0x00049c6f      0x42a C:\Users\Sergio\AppData\Local\Temp\ccGIhsdF.debug.temp.o
 .debug_line    0x0004a099      0x6ad C:\Users\Sergio\AppData\Local\Temp\cc80osmO.debug.temp.o
 .debug_line    0x0004a746      0x660 C:\Users\Sergio\AppData\Local\Temp\ccSep8OU.debug.temp.o
 .debug_line    0x0004ada6      0x7a6 C:\Users\Sergio\AppData\Local\Temp\cc4t0S6X.debug.temp.o
 .debug_line    0x0004b54c      0x2fe C:\Users\Sergio\AppData\Local\Temp\ccK65ww0.debug.temp.o
 .debug_line    0x0004b84a      0x2d5 C:\Users\Sergio\AppData\Local\Temp\ccKPDee3.debug.temp.o
 .debug_line    0x0004bb1f      0x622 C:\Users\Sergio\AppData\Local\Temp\ccUhefI9.debug.temp.o
 .debug_line    0x0004c141      0x230 C:\Users\Sergio\AppData\Local\Temp\ccGVIQzg.debug.temp.o
 .debug_line    0x0004c371       0xe5 C:\Users\Sergio\AppData\Local\Temp\cc0UVbAn.debug.temp.o
 .debug_line    0x0004c456       0xe8 C:\Users\Sergio\AppData\Local\Temp\cc8ZcSBt.debug.temp.o
 .debug_line    0x0004c53e       0xf0 C:\Users\Sergio\AppData\Local\Temp\ccWNRPRP.debug.temp.o
 .debug_line    0x0004c62e       0xec C:\Users\Sergio\AppData\Local\Temp\ccKexqUU.debug.temp.o
 .debug_line    0x0004c71a      0x12f C:\Users\Sergio\AppData\Local\Temp\cc8d71K3.debug.temp.o
 .debug_line    0x0004c849      0x156 C:\Users\Sergio\AppData\Local\Temp\cc6lkeZc.debug.temp.o
 .debug_line    0x0004c99f      0x153 C:\Users\Sergio\AppData\Local\Temp\ccO5b1NB.debug.temp.o
 .debug_line    0x0004caf2      0xf47 bn_sprites_manager.bn_iwram.o
 .debug_line    0x0004da39      0x651 bn_hw_common.bn_noflto.o
 .debug_line    0x0004e08a      0x4a8 bn_hw_game_pak.bn_ewram.o
 .debug_line    0x0004e532      0x6e3 bn_hw_palettes.bn_iwram.o
 .debug_line    0x0004ec15      0x3d5 bn_hw_sprite_tiles.bn_iwram.o
 .debug_line    0x0004efea       0x90 bn_hw_bg_blocks.o
 .debug_line    0x0004f07a       0xa9 bn_hw_hblank_effects.o
 .debug_line    0x0004f123       0x80 bn_hw_palettes_asm.o
 .debug_line    0x0004f1a3       0xa0 clr_blend_fast.o
 .debug_line    0x0004f243       0x9f clr_fade_fast.o
 .debug_line    0x0004f2e2      0x2bb tonc_bios.o
 .debug_line    0x0004f59d       0xbe tonc_memset.o
 .debug_line    0x0004f65b       0xdb irq_handler.o
 .debug_line    0x0004f736      0x1b5 posprintf.o
 .debug_line    0x0004f8eb       0xbb lmul.o
 .debug_line    0x0004f9a6       0xd1 memcpy.o
 .debug_line    0x0004fa77       0xb1 memmove.o
 .debug_line    0x0004fb28       0xdb memset.o
 .debug_line    0x0004fc03       0xbe rmemcpy.o
 .debug_line    0x0004fcc1       0x8c sdiv32.o
 .debug_line    0x0004fd4d       0xf5 udiv32.o
 .debug_line    0x0004fe42       0xa8 huffman.o
 .debug_line    0x0004feea       0xee lz77.o
 .debug_line    0x0004ffd8       0xc6 running_length.o
 .debug_line    0x0005009e      0x217 mm_effect.o
 .debug_line    0x000502b5       0x88 mm_main.o
 .debug_line    0x0005033d      0xa77 mm_mas.o
 .debug_line    0x00050db4      0x1fd mm_mas_arm.o
 .debug_line    0x00050fb1      0x11b mm_main_gba.o
 .debug_line    0x000510cc      0x31f mm_mixer_gba.o

.debug_frame    0x00000000     0x1ea4
 *(.debug_frame)
 .debug_frame   0x00000000      0x680 C:\Users\Sergio\AppData\Local\Temp\ccxuC11S.ltrans0.ltrans.o
 .debug_frame   0x00000680      0xda0 C:\Users\Sergio\AppData\Local\Temp\ccxuC11S.ltrans1.ltrans.o
 .debug_frame   0x00001420      0x844 C:\Users\Sergio\AppData\Local\Temp\ccxuC11S.ltrans2.ltrans.o
 .debug_frame   0x00001c64       0x94 bn_sprites_manager.bn_iwram.o
 .debug_frame   0x00001cf8       0xec bn_hw_common.bn_noflto.o
 .debug_frame   0x00001de4       0x34 bn_hw_game_pak.bn_ewram.o
 .debug_frame   0x00001e18       0x48 bn_hw_palettes.bn_iwram.o
 .debug_frame   0x00001e60       0x44 bn_hw_sprite_tiles.bn_iwram.o

.debug_str      0x00000000    0x996c4
 *(.debug_str)
 .debug_str     0x00000000      0x913 C:\Users\Sergio\AppData\Local\Temp\ccxuC11S.ltrans0.ltrans.o
 .debug_str     0x00000000      0x787 C:\Users\Sergio\AppData\Local\Temp\ccxuC11S.ltrans1.ltrans.o
 .debug_str     0x00000000     0x10ae C:\Users\Sergio\AppData\Local\Temp\ccxuC11S.ltrans2.ltrans.o
 .debug_str     0x00000000     0xd817 C:\Users\Sergio\AppData\Local\Temp\ccdO7Wxu.debug.temp.o
 .debug_str     0x00000000     0xd50a C:\Users\Sergio\AppData\Local\Temp\cc0owCKq.debug.temp.o
 .debug_str     0x00000000     0x16ef C:\Users\Sergio\AppData\Local\Temp\cc7dHvem.debug.temp.o
 .debug_str     0x00000000     0xf396 C:\Users\Sergio\AppData\Local\Temp\ccKfGPYh.debug.temp.o
 .debug_str     0x00000000     0x828a C:\Users\Sergio\AppData\Local\Temp\ccvPe6dd.debug.temp.o
 .debug_str     0x00000000    0x169c1 C:\Users\Sergio\AppData\Local\Temp\ccu8G1y7.debug.temp.o
 .debug_str     0x00000000    0x1695d C:\Users\Sergio\AppData\Local\Temp\ccl7kz05.debug.temp.o
 .debug_str     0x00000000    0x16333 C:\Users\Sergio\AppData\Local\Temp\cc6sYxN4.debug.temp.o
 .debug_str     0x00000000    0x14f04 C:\Users\Sergio\AppData\Local\Temp\ccV4I851.debug.temp.o
 .debug_str     0x00000000     0xc181 C:\Users\Sergio\AppData\Local\Temp\cc0OzSHZ.debug.temp.o
 .debug_str     0x00000000     0x777a C:\Users\Sergio\AppData\Local\Temp\cc1i9KqX.debug.temp.o
 .debug_str     0x00000000     0x8f05 C:\Users\Sergio\AppData\Local\Temp\cciVWQqU.debug.temp.o
 .debug_str     0x00000000     0x97a1 C:\Users\Sergio\AppData\Local\Temp\ccjl2YeV.debug.temp.o
 .debug_str     0x00000000     0x93fa C:\Users\Sergio\AppData\Local\Temp\cc0GMqjW.debug.temp.o
 .debug_str     0x00000000     0xbc93 C:\Users\Sergio\AppData\Local\Temp\cc7NGmrW.debug.temp.o
 .debug_str     0x00000000     0x29ff C:\Users\Sergio\AppData\Local\Temp\ccIGzt3W.debug.temp.o
 .debug_str     0x00000000    0x163e3 C:\Users\Sergio\AppData\Local\Temp\ccPtJo4W.debug.temp.o
 .debug_str     0x00000000    0x1b54d C:\Users\Sergio\AppData\Local\Temp\ccCIGzr0.debug.temp.o
 .debug_str     0x00000000     0x3cea C:\Users\Sergio\AppData\Local\Temp\ccx9ppc3.debug.temp.o
 .debug_str     0x00000000     0x54c1 C:\Users\Sergio\AppData\Local\Temp\ccII7ba5.debug.temp.o
 .debug_str     0x00000000    0x16ba1 C:\Users\Sergio\AppData\Local\Temp\cc38T0p7.debug.temp.o
 .debug_str     0x00000000     0x3266 C:\Users\Sergio\AppData\Local\Temp\ccyel1P8.debug.temp.o
 .debug_str     0x00000000    0x4a094 C:\Users\Sergio\AppData\Local\Temp\ccRb99ta.debug.temp.o
 .debug_str     0x00000000     0x1616 C:\Users\Sergio\AppData\Local\Temp\ccqRn5mg.debug.temp.o
 .debug_str     0x00000000     0x37c5 C:\Users\Sergio\AppData\Local\Temp\cc9FuNll.debug.temp.o
 .debug_str     0x00000000     0x3aea C:\Users\Sergio\AppData\Local\Temp\ccsDmaGp.debug.temp.o
 .debug_str     0x00000000     0x31be C:\Users\Sergio\AppData\Local\Temp\ccZVpP4t.debug.temp.o
 .debug_str     0x00000000     0xc432 C:\Users\Sergio\AppData\Local\Temp\ccca8NJy.debug.temp.o
 .debug_str     0x00000000     0xf4d7 C:\Users\Sergio\AppData\Local\Temp\cc7PvKDS.debug.temp.o
 .debug_str     0x00000000     0x8286 C:\Users\Sergio\AppData\Local\Temp\cc8Xn0AZ.debug.temp.o
 .debug_str     0x00000000    0x10267 C:\Users\Sergio\AppData\Local\Temp\cc36jdG5.debug.temp.o
 .debug_str     0x00000000     0xb4db C:\Users\Sergio\AppData\Local\Temp\cc4YFkLf.debug.temp.o