Archive member included to satisfy reference by file (symbol)

C:/devkitPro/devkitARM/bin/../lib/gcc/arm-none-eabi/14.1.0/thumb\libgcc.a(_call_via_rX.o)
                              mm_main_gba.o (_call_via_r1)
C:/devkitPro/devkitARM/bin/../lib/gcc/arm-none-eabi/14.1.0/thumb\libgcc.a(_sync_none.o)
                              (__sync_synchronize_none)

Discarded input sections

 .text          0x00000000        0x0 C:/devkitPro/devkitARM/bin/../lib/gcc/arm-none-eabi/14.1.0/../../../../arm-none-eabi/lib/thumb/gba_crt0.o
 .data          0x00000000        0x0 C:/devkitPro/devkitARM/bin/../lib/gcc/arm-none-eabi/14.1.0/../../../../arm-none-eabi/lib/thumb/gba_crt0.o
 .bss           0x00000000        0x0 C:/devkitPro/devkitARM/bin/../lib/gcc/arm-none-eabi/14.1.0/../../../../arm-none-eabi/lib/thumb/gba_crt0.o
 .text          0x00000000        0x0 C:/devkitPro/devkitARM/bin/../lib/gcc/arm-none-eabi/14.1.0/thumb/crti.o
 .data          0x00000000        0x0 C:/devkitPro/devkitARM/bin/../lib/gcc/arm-none-eabi/14.1.0/thumb/crti.o
 .bss           0x00000000        0x0 C:/devkitPro/devkitARM/bin/../lib/gcc/arm-none-eabi/14.1.0/thumb/crti.o
 .text          0x00000000        0x0 C:/devkitPro/devkitARM/bin/../lib/gcc/arm-none-eabi/14.1.0/thumb/crtbegin.o
 .data          0x00000000        0x0 C:/devkitPro/devkitARM/bin/../lib/gcc/arm-none-eabi/14.1.0/thumb/crtbegin.o
 .bss           0x00000000        0x0 C:/devkitPro/devkitARM/bin/../lib/gcc/arm-none-eabi/14.1.0/thumb/crtbegin.o
 .rodata.all_implied_fbits
                0x00000000       0x24 C:/devkitPro/devkitARM/bin/../lib/gcc/arm-none-eabi/14.1.0/thumb/crtbegin.o
 .text          0x00000000        0x0 _bn_audio_soundbank.bin.o
 .data          0x00000000        0x0 _bn_audio_soundbank.bin.o
 .bss           0x00000000        0x0 _bn_audio_soundbank.bin.o
 .text          0x00000000        0x0 big_font_bn_gfx.o
 .data          0x00000000        0x0 big_font_bn_gfx.o
 .bss           0x00000000        0x0 big_font_bn_gfx.o
 .rodata        0x00000000     0x1ba0 big_font_bn_gfx.o
 .text          0x00000000        0x0 cat_bn_gfx.o
 .data          0x00000000        0x0 cat_bn_gfx.o
 .bss           0x00000000        0x0 cat_bn_gfx.o
 .text          0x00000000        0x0 cats_intro_bn_gfx.o
 .data          0x00000000        0x0 cats_intro_bn_gfx.o
 .bss           0x00000000        0x0 cats_intro_bn_gfx.o
 .text          0x00000000        0x0 clouds_bn_gfx.o
 .data          0x00000000        0x0 clouds_bn_gfx.o
 .bss           0x00000000        0x0 clouds_bn_gfx.o
 .text          0x00000000        0x0 common_variable_8x16_font_bn_gfx.o
 .data          0x00000000        0x0 common_variable_8x16_font_bn_gfx.o
 .bss           0x00000000        0x0 common_variable_8x16_font_bn_gfx.o
 .text          0x00000000        0x0 dino_bn_gfx.o
 .data          0x00000000        0x0 dino_bn_gfx.o
 .bss           0x00000000        0x0 dino_bn_gfx.o
 .text          0x00000000        0x0 jam2024_bn_gfx.o
 .data          0x00000000        0x0 jam2024_bn_gfx.o
 .bss           0x00000000        0x0 jam2024_bn_gfx.o
 .text          0x00000000        0x0 ninja_bn_gfx.o
 .data          0x00000000        0x0 ninja_bn_gfx.o
 .bss           0x00000000        0x0 ninja_bn_gfx.o
 .text          0x00000000        0x0 simple_bg_bn_gfx.o
 .data          0x00000000        0x0 simple_bg_bn_gfx.o
 .bss           0x00000000        0x0 simple_bg_bn_gfx.o
 .data          0x00000000        0x0 C:\Users\Sergio\AppData\Local\Temp\ccBjUt0S.ltrans0.ltrans.o
 .data          0x00000000        0x0 C:\Users\Sergio\AppData\Local\Temp\ccBjUt0S.ltrans1.ltrans.o
 .data          0x00000000        0x0 C:\Users\Sergio\AppData\Local\Temp\ccBjUt0S.ltrans2.ltrans.o
 .comment       0x00000000       0x24 C:\Users\Sergio\AppData\Local\Temp\ccwfgTym.debug.temp.o
 .comment       0x00000000       0x24 C:\Users\Sergio\AppData\Local\Temp\cckAYPl7.debug.temp.o
 .comment       0x00000000       0x24 C:\Users\Sergio\AppData\Local\Temp\ccA7HzfR.debug.temp.o
 .comment       0x00000000       0x24 C:\Users\Sergio\AppData\Local\Temp\ccQemjvB.debug.temp.o
 .comment       0x00000000       0x24 C:\Users\Sergio\AppData\Local\Temp\ccyy1PRk.debug.temp.o
 .comment       0x00000000       0x24 C:\Users\Sergio\AppData\Local\Temp\ccCt4dj4.debug.temp.o
 .comment       0x00000000       0x24 C:\Users\Sergio\AppData\Local\Temp\cc00t84M.debug.temp.o
 .comment       0x00000000       0x24 C:\Users\Sergio\AppData\Local\Temp\ccyvNNNz.debug.temp.o
 .comment       0x00000000       0x24 C:\Users\Sergio\AppData\Local\Temp\cc2ttsSm.debug.temp.o
 .comment       0x00000000       0x24 C:\Users\Sergio\AppData\Local\Temp\ccCx8P09.debug.temp.o
 .comment       0x00000000       0x24 C:\Users\Sergio\AppData\Local\Temp\ccwdaKtW.debug.temp.o
 .comment       0x00000000       0x24 C:\Users\Sergio\AppData\Local\Temp\ccQw91YH.debug.temp.o
 .comment       0x00000000       0x24 C:\Users\Sergio\AppData\Local\Temp\ccw1qbVt.debug.temp.o
[...]
Memory Configuration

Name             Origin             Length             Attributes
rom              0x08000000         0x02000000
iwram            0x03000000         0x00008000
ewram            0x02000000         0x00040000
*default*        0x00000000         0xffffffff

Linker script and memory map

                0x00000000                        __sync_synchronize = __sync_synchronize_none
                0x08000000                        __text_start = ORIGIN (rom)
                0x02040000                        __eheap_end = (ORIGIN (ewram) + LENGTH (ewram))
                0x03000000                        __iwram_start = ORIGIN (iwram)
                0x03008000                        __iwram_top = (ORIGIN (iwram) + LENGTH (iwram))
                0x03007fa0                        __sp_irq = (__iwram_top - 0x60)
                0x03007f00                        __sp_usr = (__sp_irq - 0xa0)
                0x03007ff8                        __irq_flags = 0x3007ff8
                0x08000000                        . = __text_start

.crt0           0x08000000      0x210
 *(.crt0)
 .crt0          0x08000000      0x210 C:/devkitPro/devkitARM/bin/../lib/gcc/arm-none-eabi/14.1.0/../../../../arm-none-eabi/lib/thumb/gba_crt0.o
                0x08000000                _start
                0x080000c4                __boot_method
                0x080000c5                __slave_number
                0x080000e0                start_vector
                0x08000210                        . = ALIGN (0x4)

.init           0x08000210        0xc
 *(SORT_NONE(.init))
 .init          0x08000210        0x4 C:/devkitPro/devkitARM/bin/../lib/gcc/arm-none-eabi/14.1.0/thumb/crti.o
                0x08000210                _init
 .init          0x08000214        0x8 C:/devkitPro/devkitARM/bin/../lib/gcc/arm-none-eabi/14.1.0/thumb/crtn.o

.plt            0x0800021c        0x0
 *(.plt)
                0x0800021c                        . = ALIGN (0x4)

.text           0x08000220    0x17358
 *(EXCLUDE_FILE(*.iwram*) .text*)
 .text.__do_global_dtors_aux
                0x08000220       0x2c C:/devkitPro/devkitARM/bin/../lib/gcc/arm-none-eabi/14.1.0/thumb/crtbegin.o
 .text.frame_dummy
                0x0800024c       0x24 C:/devkitPro/devkitARM/bin/../lib/gcc/arm-none-eabi/14.1.0/thumb/crtbegin.o
 .text          0x08000270     0x91ec C:\Users\Sergio\AppData\Local\Temp\ccBjUt0S.ltrans0.ltrans.o
                0x08000950                bn::camera_ptr::position() const
                0x08000964                bn::audio_manager::(anonymous namespace)::static_data::~static_data() [clone .lto_priv.0]
                0x08000964                bn::audio_manager::(anonymous namespace)::static_data::~static_data() [clone .lto_priv.0]
                0x08000968                bn::bg_blocks_manager::decrease_usages(int)
                0x08000a10                bn::bg_blocks_manager::(anonymous namespace)::static_data::~static_data() [clone .lto_priv.0]
                0x08000a10                bn::bg_blocks_manager::(anonymous namespace)::static_data::~static_data() [clone .lto_priv.0]
                0x08000a70                _bn::assert::show(char const*, char const*, char const*, int, bn::istring_base const&)
                0x08000a88                void _bn::assert::show_args<char [28], int>(char const*, char const*, char const*, int, char const (&) [28], int const&)
                0x08000a88                void _bn::assert::show_args<char [24], int>(char const*, char const*, char const*, int, char const (&) [24], int const&)
                0x08000a88                void _bn::assert::show_args<char [15], int>(char const*, char const*, char const*, int, char const (&) [15], int const&)
                0x08000a88                void _bn::assert::show_args<char [27], int>(char const*, char const*, char const*, int, char const (&) [27], int const&)
                0x08000a88                void _bn::assert::show_args<char [20], int>(char const*, char const*, char const*, int, char const (&) [20], int const&)
                0x08000a88                void _bn::assert::show_args<char [25], int>(char const*, char const*, char const*, int, char const (&) [25], int const&)
                0x08000a88                void _bn::assert::show_args<char [22], int>(char const*, char const*, char const*, int, char const (&) [22], int const&)
                0x08000a88                void _bn::assert::show_args<char [39], int>(char const*, char const*, char const*, int, char const (&) [39], int const&)
                0x08000a88                void _bn::assert::show_args<char [26], int>(char const*, char const*, char const*, int, char const (&) [26], int const&)
                0x08000a88                void _bn::assert::show_args<char [16], int>(char const*, char const*, char const*, int, char const (&) [16], int const&)
                0x08000b40                void _bn::assert::show_args<char [37]>(char const*, char const*, char const*, int, char const (&) [37])
                0x08000b40                void _bn::assert::show_args<char [21]>(char const*, char const*, char const*, int, char const (&) [21])
                0x08000b40                void _bn::assert::show_args<char [22]>(char const*, char const*, char const*, int, char const (&) [22])
                0x08000b40                void _bn::assert::show_args<char [23]>(char const*, char const*, char const*, int, char const (&) [23])
                0x08000b40                void _bn::assert::show_args<char [31]>(char const*, char const*, char const*, int, char const (&) [31])
                0x08000b40                void _bn::assert::show_args<char [17]>(char const*, char const*, char const*, int, char const (&) [17])
                0x08000b40                void _bn::assert::show_args<char [24]>(char const*, char const*, char const*, int, char const (&) [24])
                0x08000b40                void _bn::assert::show_args<char [35]>(char const*, char const*, char const*, int, char const (&) [35])
                0x08000b40                void _bn::assert::show_args<char [55]>(char const*, char const*, char const*, int, char const (&) [55])
                0x08000b40                void _bn::assert::show_args<char [33]>(char const*, char const*, char const*, int, char const (&) [33])
                0x08000b40                void _bn::assert::show_args<char [19]>(char const*, char const*, char const*, int, char const (&) [19])
                0x08000b40                void _bn::assert::show_args<char [15]>(char const*, char const*, char const*, int, char const (&) [15])
                0x08000b40                void _bn::assert::show_args<char [54]>(char const*, char const*, char const*, int, char const (&) [54])
                0x08000b40                void _bn::assert::show_args<char [26]>(char const*, char const*, char const*, int, char const (&) [26])
                0x08000b40                void _bn::assert::show_args<char [13]>(char const*, char const*, char const*, int, char const (&) [13])
                0x08000b40                void _bn::assert::show_args<char [27]>(char const*, char const*, char const*, int, char const (&) [27])
                0x08000b40                void _bn::assert::show_args<char [18]>(char const*, char const*, char const*, int, char const (&) [18])
                0x08000b40                void _bn::assert::show_args<char [16]>(char const*, char const*, char const*, int, char const (&) [16])
                0x08000b40                void _bn::assert::show_args<char [14]>(char const*, char const*, char const*, int, char const (&) [14])
                0x08000b80                bn::bgs_manager::(anonymous namespace)::static_data::~static_data() [clone .lto_priv.0]
                0x08000b80                bn::bgs_manager::(anonymous namespace)::static_data::~static_data() [clone .lto_priv.0]
                0x08005050                _bn::assert::show(char const*, char const*, char const*, int)
                0x0800710c                bn::display_manager::(anonymous namespace)::_update_rect_windows_hw_boundaries(int) [clone .lto_priv.0]
                0x08009394                bn::core::update()
                0x0800940c                bn::display_manager::(anonymous namespace)::static_data::~static_data() [clone .lto_priv.0]
                0x0800940c                bn::display_manager::(anonymous namespace)::static_data::~static_data() [clone .lto_priv.0]
 .text.startup  0x0800945c     0x1c2c C:\Users\Sergio\AppData\Local\Temp\ccBjUt0S.ltrans0.ltrans.o
                0x0800945c                main
 .text          0x0800b088     0x6954 C:\Users\Sergio\AppData\Local\Temp\ccBjUt0S.ltrans1.ltrans.o
                0x0800b294                bmp16_drawg_b1cts
                0x0800b354                dummy_drawg
                0x0800b358                dummy_erase
                0x0800ba88                bmp16_erase
                0x0800bbd4                bn::hblank_effects_manager::(anonymous namespace)::item_type::_output_values_ptr() [clone .lto_priv.0]
                0x0800bc14                bn::keypad_manager::update()
                0x0800bcb4                operator delete(void*)
                0x0800bcc0                operator delete(void*, unsigned int)
                0x0800bccc                operator delete[](void*)
                0x0800bcd8                operator delete[](void*, unsigned int)
                0x0800bce4                bn::ostringstream::ostringstream(bn::istring_base&)
                0x0800bce4                bn::ostringstream::ostringstream(bn::istring_base&)
                0x0800bcec                bn::ostringstream::append(char const*)
                0x0800bd78                bn::palettes_bank::find_bpp_4(bn::span<bn::color const> const&, unsigned short)
                0x0800bf20                bn::palettes_bank::_apply_global_effects(int, bn::color*) const
                0x0800c06c                bn::palettes_bank::palette::apply_effects(int, bn::color*) const
                0x0800c1bc                bn::palettes_bank::update()
                0x0800c2f0                bn::palettes_manager::(anonymous namespace)::static_data::~static_data() [clone .lto_priv.0]
                0x0800c2f0                bn::palettes_manager::(anonymous namespace)::static_data::~static_data() [clone .lto_priv.0]
                0x0800c2f4                bool bn::sprite_affine_mats_manager::(anonymous namespace)::_sprite_double_size<32, 16>(int, int, int, int, int) [clone .lto_priv.0]
                0x0800c378                bool bn::sprite_affine_mats_manager::(anonymous namespace)::_sprite_double_size<16, 32>(int, int, int, int, int) [clone .lto_priv.0]
                0x0800c3fc                bn::sprite_affine_mats_manager::(anonymous namespace)::static_data::~static_data() [clone .lto_priv.0]
                0x0800c3fc                bn::sprite_affine_mats_manager::(anonymous namespace)::static_data::~static_data() [clone .lto_priv.0]
                0x0800c438                bn::sprites_manager::(anonymous namespace)::_always_update_indexes_to_commit(bn::sprites_manager_item const&) [clone .lto_priv.0]
                0x0800c480                bn::sprites_manager::set_horizontal_flip(void*, bool)
                0x0800c548                bn::sprites_manager::update_auto_double_size(void*)
                0x0800c648                VgmStop()
                0x0800c708                gbt_refresh_pattern_ptr.lto_priv.0
                0x0800c78c                gbt_run_startup_commands.part.0.lto_priv.0
                0x0800c820                bn::hw::audio::(anonymous namespace)::_commit() [clone .lto_priv.0]
                0x0800d0d0                bn::memory_manager::(anonymous namespace)::static_data::~static_data() [clone .lto_priv.0]
                0x0800d0d0                bn::memory_manager::(anonymous namespace)::static_data::~static_data() [clone .lto_priv.0]
                0x0800d1e8                bn::hw::audio::(anonymous namespace)::_add_sound_to_queue(int, unsigned short) [clone .lto_priv.0]
                0x0800d2b4                bn::sprites_manager::(anonymous namespace)::static_data::~static_data() [clone .lto_priv.0]
                0x0800d2b4                bn::sprites_manager::(anonymous namespace)::static_data::~static_data() [clone .lto_priv.0]
                0x0800d318                bn::hw::audio::(anonymous namespace)::static_data::~static_data() [clone .lto_priv.0]
                0x0800d318                bn::hw::audio::(anonymous namespace)::static_data::~static_data() [clone .lto_priv.0]
                0x0800d31c                bn::hw::audio::(anonymous namespace)::_erase_sound_from_queue(unsigned short) [clone .lto_priv.0]
                0x0800d3b4                bn::hw::audio::(anonymous namespace)::_check_sounds_queue() [clone .part.0] [clone .lto_priv.0]
                0x0800d520                bn::sprite_tiles_manager::update()
                0x0800dc38                bn::sprite_tiles_manager::(anonymous namespace)::_hw_commit(bn::tile const*, bn::compression_type, int, int) [clone .lto_priv.0]
                0x0800dcd0                bn::bg_palette_ptr::create(bn::bg_palette_item const&)
                0x0800de04                bn::sprite_palette_ptr::create(bn::sprite_palette_item const&)
                0x0800df78                bn::ostringstream::append(int)
                0x0800e104                bn::palettes_bank::log_status() const
                0x0800e4fc                bn::ostringstream::append(unsigned int)
                0x0800e5a4                bn::ostringstream::append(void const*)
                0x0800e6c4                bn::sprite_tiles_manager::log_status()
                0x0800eca4                bn::ostringstream::_append_fraction(unsigned int, int)
                0x0800edb4                bn::palettes_bank::decrease_usages(int)
                0x0800f040                bn::sprite_ptr::create(bn::fixed_t<12>, bn::fixed_t<12>, bn::sprite_item const&)
                0x0800f280                bn::sprites_manager::create(bn::sprite_builder&&)
                0x0800f920                bn::bg_blocks_manager::(anonymous namespace)::items_list::insert_after(int, bn::bg_blocks_manager::(anonymous namespace)::item_type const&) [clone .constprop.0]
                0x0800fbdc                bn::sprite_tiles_manager::(anonymous namespace)::_find_impl(bn::tile const*, bn::compression_type, int) [clone .lto_priv.0]
                0x0801012c                bn::sprite_tiles_manager::(anonymous namespace)::_create_impl(bn::tile const*, bn::compression_type, int) [clone .lto_priv.0]
                0x0801047c                bn::tile* bn::(anonymous namespace)::_build_sprite_assert<(bn::sprite_size)2>(bn::sprite_text_generator const&, bn::sprite_palette_ptr const&, bn::fixed_point_t<12> const&, bn::ivector<bn::sprite_ptr>&) [clone .lto_priv.0]
                0x08010664                bn::tile* bn::(anonymous namespace)::_build_sprite_assert<(bn::sprite_size)1>(bn::sprite_text_generator const&, bn::sprite_palette_ptr const&, bn::fixed_point_t<12> const&, bn::ivector<bn::sprite_ptr>&) [clone .lto_priv.0]
                0x08010848                bn::(anonymous namespace)::_graphics_index(char, bn::utf8_characters_map_ref const&, char const*, int&) [clone .part.0] [clone .lto_priv.0]
                0x080109ec                bn::sprite_text_generator::width(bn::string_view const&) const
                0x08010bfc                bn::sprites_manager::set_tiles(void*, bn::sprite_tiles_ptr&&)
                0x08010fb4                malloc
                0x08010fc0                bn::core::init(bn::optional<bn::color> const&, bn::string_view const&) [clone .constprop.0]
                0x0801178c                void _bn::assert::show_args<char [52], unsigned short>(char const*, char const*, char const*, int, char const (&) [52], unsigned short const&) [clone .constprop.0]
                0x080117e0                void _bn::assert::show_args<char [32], char [15], unsigned short const*, char [16], int, char [17], int, char [34], bn::string_view>(char const*, char const*, char const*, int, char const (&) [32], char const (&) [15], unsigned short const* const&, char const (&) [16], int const&, char const (&) [17], int const&, char const (&) [34], bn::string_view const&) [clone .constprop.0]
                0x08011874                void _bn::assert::show_args<char [30], char [13], unsigned short const*, char [14], int, char [15], int, char [17], int, char [34], bn::string_view>(char const*, char const*, char const*, int, char const (&) [30], char const (&) [13], unsigned short const* const&, char const (&) [14], int const&, char const (&) [15], int const&, char const (&) [17], int const&, char const (&) [34], bn::string_view const&) [clone .constprop.0]
                0x08011928                void _bn::assert::show_args<char [35], unsigned int>(char const*, char const*, char const*, int, char const (&) [35], unsigned int const&) [clone .constprop.0]
                0x08011978                operator new(unsigned int)
                0x080119a8                operator new[](unsigned int)
 .text          0x080119dc     0x37c4 C:\Users\Sergio\AppData\Local\Temp\ccBjUt0S.ltrans2.ltrans.o
                0x08011b4c                bn::lc::LinkConnection::stop() [clone .constprop.0]
                0x08011b78                bn::hw::bgs::commit_data::commit_data() [clone .constprop.0] [clone .isra.0]
                0x08011bd4                bn::bg_blocks_manager::(anonymous namespace)::items_list::items_list() [clone .constprop.0] [clone .isra.0]
                0x08011c20                bn::sprite_affine_mats_manager::(anonymous namespace)::static_data::static_data() [clone .constprop.0] [clone .isra.0]
                0x08011cc4                bn::sprite_tiles_manager::(anonymous namespace)::static_data::static_data() [clone .constprop.0] [clone .isra.0]
                0x08011df0                bn::display_manager::(anonymous namespace)::static_data::static_data() [clone .constprop.0] [clone .isra.0]
                0x08011e80                bn::hdma_manager::(anonymous namespace)::static_data::static_data() [clone .constprop.0] [clone .isra.0]
                0x08011eb4                bn::hblank_effects_manager::(anonymous namespace)::static_external_data::static_external_data() [clone .constprop.0] [clone .isra.0]
                0x08011f8c                bn::string_view::string_view(char const*) [clone .isra.0]
                0x08011fa8                bn::core::(anonymous namespace)::static_data::static_data() [clone .constprop.0] [clone .isra.0]
                0x08012010                bn::sprite_ptr::set_camera(bn::camera_ptr const&) [clone .isra.0]
                0x080120e4                bn::sprite_affine_mats_manager::(anonymous namespace)::item_type::sprite_double_size(int, bn::sprite_shape_size const&) const [clone .isra.0]
                0x08012290                bn::palettes_bank::palettes_bank() [clone .isra.0]
                0x08012364                bn::regular_bg_ptr::set_camera(bn::camera_ptr const&) [clone .isra.0]
                0x08012508                void _bn::assert::show_args<char [23], int, char [4], int>(char const*, char const*, char const*, int, char const (&) [23], int const&, char const (&) [4], int const&) [clone .constprop.0]
                0x08012570                bn::istring::append(char const*) [clone .isra.0]
                0x080125f0                void _bn::assert::show_args<char [20], int, char [4], unsigned short>(char const*, char const*, char const*, int, char const (&) [20], int const&, char const (&) [4], unsigned short const&) [clone .constprop.0]
                0x08012658                void _bn::assert::show_args<char [44], bn::tile const*, char [4], bn::tile const*>(char const*, char const*, char const*, int, char const (&) [44], bn::tile const* const&, char const (&) [4], bn::tile const* const&) [clone .constprop.0]
                0x080126c4                void _bn::assert::show_args<char [46], int, char [4], unsigned int>(char const*, char const*, char const*, int, char const (&) [46], int const&, char const (&) [4], unsigned int const&) [clone .constprop.0]
                0x08012798                void _bn::assert::show_args<char [27], unsigned char>(char const*, char const*, char const*, int, char const (&) [27], unsigned char const&) [clone .constprop.0]
                0x080127ec                bn::palettes_bank::create_bpp_4(bn::span<bn::color const> const&, unsigned short, bool) [clone .constprop.0]
                0x08012a48                bn::palettes_bank::colors_hash(bn::span<bn::color const> const&) [clone .isra.0]
                0x08012a8c                bn::sorted_sprites::sorter::insert(bn::sprites_manager_item&) [clone .constprop.0]
                0x08012c94                bn::ivector<bn::bgs_manager::(anonymous namespace)::item_type*>::size_type bn::erase<bn::bgs_manager::(anonymous namespace)::item_type*>(bn::ivector<bn::bgs_manager::(anonymous namespace)::item_type*>&, bn::bgs_manager::(anonymous namespace)::item_type* const&) [clone .constprop.0] [clone .isra.0]
                0x08012dc8                bn::sprite_tiles_ptr::~sprite_tiles_ptr() [clone .isra.0]
                0x08013008                bn::sprite_affine_mat_ptr::~sprite_affine_mat_ptr() [clone .isra.0]
                0x08013080                bn::sprite_ptr::~sprite_ptr() [clone .isra.0]
                0x08013274                bn::palettes_bank::create_bpp_8(bn::span<bn::color const> const&, bn::compression_type, bool) [clone .constprop.0]
                0x0801347c                bn::(anonymous namespace)::_create_impl(bn::sprite_palette_item const&, bool) [clone .constprop.0]
                0x080134f4                bn::istring::append(char const*, int) [clone .isra.0]
                0x08013584                void _bn::assert::show_args<char [20], char, char [9], bn::string_view, char [2]>(char const*, char const*, char const*, int, char const (&) [20], char const&, char const (&) [9], bn::string_view const&, char const (&) [2]) [clone .constprop.0]
                0x08013628                bn::hw::show::error(bn::system_font const&, bn::string_view const&, bn::string_view const&, bn::string_view const&, int, bn::string_view const&, bn::string_view const&) [clone .constprop.0]
                0x0801394c                void bn::ostringstream::append_args<int, char [34], bn::string_view>(int const&, char const (&) [34], bn::string_view const&) [clone .constprop.0] [clone .isra.0]
                0x08013974                void _bn::assert::show_args<char [44], int, char [34], bn::string_view>(char const*, char const*, char const*, int, char const (&) [44], int const&, char const (&) [34], bn::string_view const&) [clone .constprop.0]
                0x08013a54                bn::sprite_tiles_manager::create(bn::span<bn::tile const> const&, bn::compression_type) [clone .isra.0]
                0x08013b50                bn::iunordered_map<bn::tile const*, int, bn::hash<bn::tile const*>, bn::equal_to<bn::tile const*> >::erase(bn::iunordered_map<bn::tile const*, int, bn::hash<bn::tile const*>, bn::equal_to<bn::tile const*> >::const_iterator const&) [clone .constprop.0] [clone .isra.0]
                0x08013d5c                bn::sprite_builder::sprite_builder(bn::sprite_shape_size const&, bn::sprite_tiles_ptr, bn::sprite_palette_ptr) [clone .isra.0]
                0x08013f74                bool bn::(anonymous namespace)::_generate<false>(bn::sprite_text_generator const&, bn::fixed_point_t<12> const&, bn::string_view const&, bn::utf8_characters_map_ref const&, int, int, bool, bn::ivector<bn::sprite_ptr>&) [clone .constprop.0] [clone .isra.0]
 .text.startup  0x080151a0      0x318 C:\Users\Sergio\AppData\Local\Temp\ccBjUt0S.ltrans2.ltrans.o
 .text.__libc_init_array
                0x080154b8       0x50 bn_hw_common.bn_noflto.o
                0x080154b8                __libc_init_array
 .text.__aeabi_atexit
                0x08015508        0x4 bn_hw_common.bn_noflto.o
                0x08015508                __aeabi_atexit
 .text._ZN3_bn6assert9show_argsIA40_cEEvPKcS4_S4_iRKT_
                0x0801550c       0x48 bn_hw_common.bn_noflto.o
                0x0801550c                void _bn::assert::show_args<char [40]>(char const*, char const*, char const*, int, char const (&) [40])
 .text.__aeabi_idiv0
                0x08015554       0x24 bn_hw_common.bn_noflto.o
                0x08015554                __aeabi_idiv0
 .text.VBlankIntrWait
                0x08015578        0x4 tonc_bios.o
                0x08015578                VBlankIntrWait
 .text.memset16
                0x0801557c       0x3c tonc_memset.o
                0x0801557c                memset16
 .text          0x080155b8      0x26c posprintf.o
                0x080155bc                posprintf
 .text          0x08015824      0x314 mm_effect.o
                0x08015824                mmResetEffects
                0x08015850                mmEffect
                0x08015866                mmEffectEx
                0x08015966                mmEffectActive
                0x0801599a                mmEffectVolume
                0x080159b6                mmEffectPanning
                0x080159ca                mmEffectRate
                0x080159de                mmEffectCancel
                0x08015a18                mmEffectRelease
                0x08015a3e                mmEffectScaleRate
                0x08015a52                mmSetEffectsVolume
                0x08015a60                mmEffectCancelAll
                0x08015aa0                mmUpdateEffects
 .text          0x08015b38       0x14 mm_main.o
                0x08015b38                mpp_call_r7
                0x08015b3a                mpp_call_r1
                0x08015b3c                mpp_call_r2
                0x08015b3e                mpp_call_r3
                0x08015b40                mmSetEventHandler
 .text          0x08015b4c     0x1570 mm_mas.o
                0x08015bc0                mmStart
                0x08015be0                mmJingle
                0x08015be6                mmPlayModule
                0x08015cb0                mmPause
                0x08015ccc                mmResume
                0x08015cdc                mmActive
                0x08015ce2                mmActiveSub
                0x08015ce8                mmSetModuleVolume
                0x08015cf8                mmSetJingleVolume
                0x08015d34                mmGetPositionTick
                0x08015d3a                mmGetPositionRow
                0x08015d40                mmGetPosition
                0x08015d46                mmPosition
                0x08015d60                mmSetModuleTempo
                0x08015d92                mmSetModulePitch
                0x08015dd4                mmStop
                0x08015e9a                mppUpdateSub
                0x08015ff6                mpp_Process_VolumeCommand
                0x0801622e                mpp_Process_Effect
                0x0801697c                ST3_FREQTABLE
                0x08016d9c                IT_PitchTable
 .text          0x080170bc      0x12c mm_main_gba.o
                0x080170bc                mmInit
                0x08017110                mmSetVBlankHandler
                0x08017116                mmFrame
 .text          0x080171e8      0x1e0 mm_mixer_gba.o
                0x080171e8                mmMixerSetSource
                0x080171fc                mmMixerSetRead
                0x0801720a                mmMixerSetFreq
                0x0801721a                mmMixerMulFreq
                0x0801722e                mmMixerStopChannel
                0x08017240                mmMixerChannelActive
                0x08017252                mmMixerSetVolume
                0x08017260                mmMixerSetPan
                0x0801726e                mmMixerInit
 .text          0x080173c8       0x3c C:/devkitPro/devkitARM/bin/../lib/gcc/arm-none-eabi/14.1.0/thumb\libgcc.a(_call_via_rX.o)
                0x080173c8                _call_via_r0
                0x080173cc                _call_via_r1
                0x080173d0                _call_via_r2
                0x080173d4                _call_via_r3
                0x080173d8                _call_via_r4
                0x080173dc                _call_via_r5
                0x080173e0                _call_via_r6
                0x080173e4                _call_via_r7
                0x080173e8                _call_via_r8
                0x080173ec                _call_via_r9
                0x080173f0                _call_via_sl
                0x080173f4                _call_via_fp
                0x080173f8                _call_via_ip
                0x080173fc                _call_via_sp
                0x08017400                _call_via_lr
 *fill*         0x08017404        0x4 ff
 .text.__stub   0x08017408      0x118 linker stubs
 *(.gnu.linkonce.t.*)
 *(.text.*personality*)
 *(.gnu.warning)
 *(.glue_7t)
 .glue_7t       0x08017578        0x0 linker stubs
 *(.glue_7)
 .glue_7        0x08017578        0x0 linker stubs
 *(.vfp11_veneer)
 .vfp11_veneer  0x08017578        0x0 linker stubs
                0x08017578                        . = ALIGN (0x4)
                0x08017578                        __text_end = .

.v4_bx          0x08017578        0x0
 .v4_bx         0x08017578        0x0 linker stubs

.iplt           0x08017578        0x0
 .iplt          0x08017578        0x0 C:/devkitPro/devkitARM/bin/../lib/gcc/arm-none-eabi/14.1.0/../../../../arm-none-eabi/lib/thumb/gba_crt0.o

.fini           0x08017578        0xc
 *(.fini)
 .fini          0x08017578        0x4 C:/devkitPro/devkitARM/bin/../lib/gcc/arm-none-eabi/14.1.0/thumb/crti.o
                0x08017578                _fini
 .fini          0x0801757c        0x8 C:/devkitPro/devkitARM/bin/../lib/gcc/arm-none-eabi/14.1.0/thumb/crtn.o
                0x08017584                        . = ALIGN (0x4)

.rodata         0x08017584     0xcc24
 *(.rodata)
 .rodata        0x08017584      0x220 cat_bn_gfx.o
                0x08017584                cat_bn_gfxTiles
                0x08017784                cat_bn_gfxPal
 .rodata        0x080177a4     0x16e8 cats_intro_bn_gfx.o
                0x080177a4                cats_intro_bn_gfxTiles
                0x0801866c                cats_intro_bn_gfxMap
                0x08018e6c                cats_intro_bn_gfxPal
 .rodata        0x08018e8c     0x1600 clouds_bn_gfx.o
                0x08018e8c                clouds_bn_gfxTiles
                0x08019c6c                clouds_bn_gfxMap
                0x0801a46c                clouds_bn_gfxPal
 .rodata        0x0801a48c     0x1ba0 common_variable_8x16_font_bn_gfx.o
                0x0801a48c                common_variable_8x16_font_bn_gfxTiles
                0x0801c00c                common_variable_8x16_font_bn_gfxPal
 .rodata        0x0801c02c      0x820 dino_bn_gfx.o
                0x0801c02c                dino_bn_gfxTiles
                0x0801c82c                dino_bn_gfxPal
 .rodata        0x0801c84c     0x271c jam2024_bn_gfx.o
                0x0801c84c                jam2024_bn_gfxTiles
                0x0801e588                jam2024_bn_gfxMap
                0x0801ed88                jam2024_bn_gfxPal
 .rodata        0x0801ef68      0x820 ninja_bn_gfx.o
                0x0801ef68                ninja_bn_gfxTiles
                0x0801f768                ninja_bn_gfxPal
 .rodata        0x0801f788      0xbd0 simple_bg_bn_gfx.o
                0x0801f788                simple_bg_bn_gfxTiles
                0x0801fb38                simple_bg_bn_gfxMap
                0x08020338                simple_bg_bn_gfxPal
 .rodata        0x08020358      0x458 C:\Users\Sergio\AppData\Local\Temp\ccBjUt0S.ltrans0.ltrans.o
                0x080204e0                _ZN2bn2hw7sprites12_GLOBAL__N_1L10_obj_sizesE.lto_priv.0
                0x080207a8                _ZN2bn17bg_blocks_manager12_GLOBAL__N_1L19_status_log_messageE.lto_priv.0
 .rodata        0x080207b0      0xf28 C:\Users\Sergio\AppData\Local\Temp\ccBjUt0S.ltrans1.ltrans.o
                0x08020960                _ZN2bn20sprite_tiles_manager12_GLOBAL__N_1L19_status_log_messageE.lto_priv.0
 .rodata        0x080216d8       0x14 C:\Users\Sergio\AppData\Local\Temp\ccBjUt0S.ltrans2.ltrans.o
 .rodata        0x080216ec      0xef8 verdana9.o
                0x080216ec                verdana9Font
                0x08021704                verdana9Glyphs
                0x08022504                verdana9Widths
 *all.rodata*(*)
 *(.roda)
 *(.rodata.*)
 .rodata._bn_audio_soundbank_bin
                0x080225e4        0xc _bn_audio_soundbank.bin.o
                0x080225e4                _bn_audio_soundbank_bin
                0x080225f0                _bn_audio_soundbank_bin_end
 .rodata.str1.4
                0x080225f0      0xf14 C:\Users\Sergio\AppData\Local\Temp\ccBjUt0S.ltrans0.ltrans.o
 .rodata.str1.4
                0x080225f0      0xc65 C:\Users\Sergio\AppData\Local\Temp\ccBjUt0S.ltrans1.ltrans.o
 .rodata.str1.4
                0x080225f0      0x8e2 C:\Users\Sergio\AppData\Local\Temp\ccBjUt0S.ltrans2.ltrans.o
 .rodata.__cxa_pure_virtual.str1.4
                0x080225f0     0x1bac bn_hw_common.bn_noflto.o
                                 0x4f (size before relaxing)
 .rodata.__aeabi_idiv0.str1.4
                0x0802419c       0x38 bn_hw_common.bn_noflto.o
 .rodata._ZN2bn2hw8game_pak12_GLOBAL__N_1L8rom_dataE
                0x0802419c        0xc bn_hw_game_pak.bn_ewram.o
 *(.gnu.linkonce.r*)
                0x080241d4                        . = ALIGN (0x4)

.ARM.extab
 *(.ARM.extab* .gnu.linkonce.armextab.*)
                0x080241a8                        __exidx_start = .

.ARM.exidx
 *(.ARM.exidx* .gnu.linkonce.armexidx.*)
                0x080241a8                        __exidx_end = .

.ctors          0x080241a8        0x0
 *crtbegin.o(.ctors)
 *(EXCLUDE_FILE(*crtend.o) .ctors)
 *(SORT_BY_NAME(.ctors.*))
 *(.ctors)
                0x080241a8                        . = ALIGN (0x4)

.dtors          0x080241a8        0x0
 *crtbegin.o(.dtors)
 *(EXCLUDE_FILE(*crtend.o) .dtors)
 *(SORT_BY_NAME(.dtors.*))
 *(.dtors)
                0x080241a8                        . = ALIGN (0x4)

.eh_frame       0x080241a8        0x4
 *(.eh_frame)
 .eh_frame      0x080241a8        0x0 C:/devkitPro/devkitARM/bin/../lib/gcc/arm-none-eabi/14.1.0/thumb/crtbegin.o
 .eh_frame      0x080241a8        0x4 C:/devkitPro/devkitARM/bin/../lib/gcc/arm-none-eabi/14.1.0/thumb/crtend.o
                0x080241ac                        . = ALIGN (0x4)

.gcc_except_table
                0x080241ac        0x0
 *(.gcc_except_table)
                0x080241ac                        . = ALIGN (0x4)
                0x080241ac                        __iwram_lma = .

.iwram          0x03000000     0x23c8 load address 0x080241ac
                0x03000000                        __iwram_start__ = ABSOLUTE (.)
 *(.iwram .iwram*)
 .iwram         0x03000000      0x290 bn_sprites_manager.bn_iwram.o
                0x03000000                bn::sprites_manager::_check_items_on_screen(bn::intrusive_list<bn::sorted_sprites::layer>&)
                0x03000104                bn::sprites_manager::_rebuild_handles_impl(int, void*, bn::intrusive_list<bn::sorted_sprites::layer>&)
                0x0300019c                bn::sprites_manager::_update_cameras_impl(bn::intrusive_list<bn::sorted_sprites::layer>&)
 .iwram         0x03000290       0xc4 bn_hw_palettes.bn_iwram.o
                0x03000290                bn::hw::palettes::brightness(bn::color const*, int, int, bn::color*)
                0x030002f8                bn::hw::palettes::_lut_effect(bn::color const*, unsigned char const*, int, bn::color*)
 .iwram         0x03000354       0xa8 bn_hw_sprite_tiles.bn_iwram.o
                0x03000354                bn::hw::sprite_tiles::_plot_hideous_tiles(int, unsigned int const*, int, unsigned int*)
 .iwram         0x030003fc       0x6c bn_hw_bg_blocks.o
                0x030003fc                bn_hw_bg_blocks_commit_half_words
                0x03000414                bn_hw_bg_blocks_commit_words
                0x0300042c                bn_hw_bg_blocks_commit_blocks
 .iwram         0x03000468       0xd0 bn_hw_hblank_effects.o
                0x03000468                bn::hw::hblank_effects::_intr()
                0x03000534                bn::hw::hblank_effects::data
 .iwram         0x03000538       0x30 bn_hw_palettes_asm.o
                0x03000538                bn_hw_palettes_different_words
 .iwram.clr_blend_fast
                0x03000568       0x70 clr_blend_fast.o
                0x03000568                clr_blend_fast
 .iwram         0x030005d8       0x70 clr_fade_fast.o
                0x030005d8                clr_fade_fast
 .iwram.memset32
                0x03000648       0x4c tonc_memset.o
                0x03000648                memset32
 .iwram         0x03000694      0x134 irq_handler.o
                0x03000694                IRQ_GlobalInterruptHandler
 .iwram.__aeabi_lmul
                0x030007c8       0x14 lmul.o
                0x030007c8                __aeabi_lmul
 .iwram.__aeabi_memcpy
                0x030007dc       0xc8 memcpy.o
                0x030007dc                __aeabi_memcpy
                0x03000814                __aeabi_memcpy8
                0x03000814                __aeabi_memcpy4
                0x03000880                __agbabi_memcpy2
 .iwram.__agbabi_memcpy1
                0x030008a4       0x14 memcpy.o
                0x030008a4                __agbabi_memcpy1
 .iwram.memcpy  0x030008b8       0x10 memcpy.o
                0x030008b8                memcpy
 .iwram.__aeabi_memmove
                0x030008c8        0xc memmove.o
                0x030008c8                __aeabi_memmove
 .iwram.memmove
                0x030008d4       0x10 memmove.o
                0x030008d4                memmove
 .iwram.__aeabi_memset
                0x030008e4       0x9c memset.o
                0x030008e4                __aeabi_memset
                0x03000908                __aeabi_memset8
                0x03000908                __aeabi_memset4
                0x03000914                __agbabi_wordset4
                0x03000918                __agbabi_lwordset4
 .iwram.__agbabi_memset1
                0x03000980       0x10 memset.o
                0x03000980                __agbabi_memset1
 .iwram.memset  0x03000990       0x1c memset.o
                0x03000990                memset
 .iwram.__agbabi_rmemcpy
                0x030009ac       0xcc rmemcpy.o
                0x030009ac                __agbabi_rmemcpy
 .iwram.__agbabi_rmemcpy1
                0x03000a78       0x14 rmemcpy.o
                0x03000a78                __agbabi_rmemcpy1
 .iwram         0x03000a8c       0x3c sdiv32.o
                0x03000a8c                __aeabi_idiv
                0x03000a8c                __aeabi_idivmod
 .iwram         0x03000ac8      0x1e0 udiv32.o
                0x03000ac8                __aeabi_uidivmod
                0x03000ac8                __aeabi_uidiv
                0x03000ad0                udiv32pastzero
                0x03000b24                div32Iteration
 .iwram         0x03000ca8       0x98 huffman.o
                0x03000ca8                swi_HuffUnCompReadNormal
 .iwram         0x03000d40      0x1ac lz77.o
                0x03000d40                swi_LZ77UnCompWrite16bit
                0x03000d40                swi_LZ77UnCompWrite8bit
 .iwram         0x03000eec       0xec running_length.o
                0x03000eec                swi_RLUnCompReadNormalWrite8bit
                0x03000f4c                swi_RLUnCompReadNormalWrite16bit
 .iwram         0x03000fd8      0x554 mm_mas.o
                0x03000fd8                mppProcessTick
                0x030010bc                mpp_Channel_NewNote
                0x0300119c                mpp_Update_ACHN_notest
 .iwram         0x0300152c      0x648 mm_mas_arm.o
                0x0300152c                mmAllocChannel
                0x030015a0                mmReadPattern
                0x0300168c                mmUpdateChannel_T0
                0x030018cc                mmUpdateChannel_TN
                0x03001a6c                mmGetPeriod
                0x03001ab0                note_table_oct
                0x03001ace                note_table_mod
 .iwram         0x03001b74        0x8 mm_main_gba.o
                0x03001b74                mpp_call_r7i
                0x03001b76                mpp_call_r2i
                0x03001b78                mpp_call_r1i
 .iwram         0x03001b7c      0x838 mm_mixer_gba.o
                0x03001b80                mmVBlank
                0x03001c04                mmMixerMix
 *fill*         0x030023b4        0x4 ff
 .iwram.__stub  0x030023b8        0xc linker stubs
 *iwram.*(.text* .data*)
                0x030023c4                        . = ALIGN (0x4)
                0x030023c8                        __iwram_end__ = ABSOLUTE (.)
                0x08026574                        __data_lma = (__iwram_lma + SIZEOF (.iwram))

.bss            0x030023c8      0x874
                0x030023c8                        __bss_start = ABSOLUTE (.)
                0x030023c8                        __bss_start__ = ABSOLUTE (.)
 *(.dynbss)
 *(.gnu.linkonce.b*)
 *(.bss*)
 .bss.completed.1
                0x030023c8        0x1 C:/devkitPro/devkitARM/bin/../lib/gcc/arm-none-eabi/14.1.0/thumb/crtbegin.o
 *fill*         0x030023c9        0x3 
 .bss.object.0  0x030023cc       0x18 C:/devkitPro/devkitARM/bin/../lib/gcc/arm-none-eabi/14.1.0/thumb/crtbegin.o
 .bss           0x030023e4       0xb8 C:\Users\Sergio\AppData\Local\Temp\ccBjUt0S.ltrans0.ltrans.o
                0x030023ec                _ZN2bn22hblank_effects_manager12_GLOBAL__N_113internal_dataE.lto_priv.0
 .bss           0x0300249c      0x458 C:\Users\Sergio\AppData\Local\Temp\ccBjUt0S.ltrans1.ltrans.o
                0x0300249c                IRQ_VectorTable
 .bss           0x030028f4        0x4 C:\Users\Sergio\AppData\Local\Temp\ccBjUt0S.ltrans2.ltrans.o
                0x030028f4                fake_heap_end
 .bss           0x030028f8       0x2d mm_effect.o
                0x0300291c                mm_sfx_bitmask
                0x03002920                mm_sfx_clearmask
 *fill*         0x03002925        0x3 
 .bss           0x03002928        0x8 mm_main.o
                0x03002928                mmCallback
                0x0300292c                mm_ch_mask
 .bss           0x03002930      0x148 mm_mas.o
                0x03002930                mmLayerMain
                0x03002968                mmLayerSub
                0x030029a0                mpp_vars
                0x030029b0                mpp_layerp
                0x030029b4                mpp_channels
                0x030029c4                mpp_nchannels
                0x030029c5                mpp_clayer
                0x030029c8                mm_achannels
                0x030029cc                mm_pchannels
                0x030029d0                mm_num_mch
                0x030029d4                mm_num_ach
                0x030029d8                mm_schannels
 .bss           0x03002a78        0x8 mm_main_gba.o
                0x03002a78                mm_vblank_function
                0x03002a7c                mp_solution
 .bss           0x03002a80      0x1bc mm_mixer_gba.o
                0x03002a80                mp_writepos
                0x03002a88                mm_mixchannels
                0x03002a90                mm_mixlen
                0x03002aa4                mm_bpmdv
                0x03002aa8                mp_mix_seg
 *(COMMON)
                0x03002c3c                        . = ALIGN (0x4)
                0x03002c3c                        __bss_end__ = ABSOLUTE (.)

.data           0x03002c3c        0x4 load address 0x08026574
                0x03002c3c                        __data_start__ = ABSOLUTE (.)
 *(.data*)
 .data.__dso_handle
                0x03002c3c        0x4 C:/devkitPro/devkitARM/bin/../lib/gcc/arm-none-eabi/14.1.0/thumb/crtbegin.o
                0x03002c3c                __dso_handle
 *(.gnu.linkonce.d*)
                0x03002c40                        . = ALIGN (0x4)
                0x08026578                        __preinit_lma = (__data_lma + SIZEOF (.data))

.igot.plt       0x03002c40        0x0 load address 0x08026578
 .igot.plt      0x03002c40        0x0 C:/devkitPro/devkitARM/bin/../lib/gcc/arm-none-eabi/14.1.0/../../../../arm-none-eabi/lib/thumb/gba_crt0.o

.preinit_array  0x03002c40        0x0 load address 0x08026578
                0x03002c40                        __preinit_array_start = ABSOLUTE (.)
 *(.preinit_array)
                0x03002c40                        __preinit_array_end = ABSOLUTE (.)
                0x08026578                        __init_lma = (__preinit_lma + SIZEOF (.preinit_array))

.init_array     0x03002c40        0x8 load address 0x08026578
                0x03002c40                        __init_array_start = ABSOLUTE (.)
 *(SORT_BY_NAME(.init_array.*))
 *(.init_array)
 .init_array    0x03002c40        0x4 C:/devkitPro/devkitARM/bin/../lib/gcc/arm-none-eabi/14.1.0/thumb/crtbegin.o
 .init_array    0x03002c44        0x4 C:\Users\Sergio\AppData\Local\Temp\ccBjUt0S.ltrans2.ltrans.o
                0x03002c48                        __init_array_end = ABSOLUTE (.)
                0x08026580                        __fini_lma = (__init_lma + SIZEOF (.init_array))

.fini_array     0x03002c48        0x4 load address 0x08026580
                0x03002c48                        __fini_array_start = ABSOLUTE (.)
 *(SORT_BY_NAME(.fini_array.*))
 *(.fini_array)
 .fini_array    0x03002c48        0x4 C:/devkitPro/devkitARM/bin/../lib/gcc/arm-none-eabi/14.1.0/thumb/crtbegin.o
                0x03002c4c                        __fini_array_end = ABSOLUTE (.)
                0x08026584                        __jcr_lma = (__fini_lma + SIZEOF (.fini_array))

.jcr
 *(.jcr)
                0x03002c4c                        __data_end__ = ABSOLUTE (.)
                0x08026584                        __iwram_overlay_lma = (__jcr_lma + SIZEOF (.jcr))
                0x03002c4c                        __iwram_overlay_start = .

.iwram0         0x03002c4c        0x0 load address 0x08026584
 *(.iwram0)
                0x03002c4c                        . = ALIGN (0x4)
                0x08026584                        PROVIDE (__load_start_iwram0 = LOADADDR (.iwram0))
                0x08026584                        PROVIDE (__load_stop_iwram0 = (LOADADDR (.iwram0) + SIZEOF (.iwram0)))

.iwram1         0x03002c4c        0x0
 *(.iwram1)
                0x03002c4c                        . = ALIGN (0x4)
                [!provide]                        PROVIDE (__load_start_iwram1 = LOADADDR (.iwram1))
                [!provide]                        PROVIDE (__load_stop_iwram1 = (LOADADDR (.iwram1) + SIZEOF (.iwram1)))

.iwram2         0x03002c4c        0x0
 *(.iwram2)
                0x03002c4c                        . = ALIGN (0x4)
                [!provide]                        PROVIDE (__load_start_iwram2 = LOADADDR (.iwram2))
                [!provide]                        PROVIDE (__load_stop_iwram2 = (LOADADDR (.iwram2) + SIZEOF (.iwram2)))

.iwram3         0x03002c4c        0x0
 *(.iwram3)
                0x03002c4c                        . = ALIGN (0x4)
                [!provide]                        PROVIDE (__load_start_iwram3 = LOADADDR (.iwram3))
                [!provide]                        PROVIDE (__load_stop_iwram3 = (LOADADDR (.iwram3) + SIZEOF (.iwram3)))

.iwram4         0x03002c4c        0x0
 *(.iwram4)
                0x03002c4c                        . = ALIGN (0x4)
                [!provide]                        PROVIDE (__load_start_iwram4 = LOADADDR (.iwram4))
                [!provide]                        PROVIDE (__load_stop_iwram4 = (LOADADDR (.iwram4) + SIZEOF (.iwram4)))

.iwram5         0x03002c4c        0x0
 *(.iwram5)
                0x03002c4c                        . = ALIGN (0x4)
                [!provide]                        PROVIDE (__load_start_iwram5 = LOADADDR (.iwram5))
                [!provide]                        PROVIDE (__load_stop_iwram5 = (LOADADDR (.iwram5) + SIZEOF (.iwram5)))

.iwram6         0x03002c4c        0x0
 *(.iwram6)
                0x03002c4c                        . = ALIGN (0x4)
                [!provide]                        PROVIDE (__load_start_iwram6 = LOADADDR (.iwram6))
                [!provide]                        PROVIDE (__load_stop_iwram6 = (LOADADDR (.iwram6) + SIZEOF (.iwram6)))

.iwram7         0x03002c4c        0x0
 *(.iwram7)
                0x03002c4c                        . = ALIGN (0x4)
                [!provide]                        PROVIDE (__load_start_iwram7 = LOADADDR (.iwram7))
                [!provide]                        PROVIDE (__load_stop_iwram7 = (LOADADDR (.iwram7) + SIZEOF (.iwram7)))

.iwram8         0x03002c4c        0x0
 *(.iwram8)
                0x03002c4c                        . = ALIGN (0x4)
                [!provide]                        PROVIDE (__load_start_iwram8 = LOADADDR (.iwram8))
                [!provide]                        PROVIDE (__load_stop_iwram8 = (LOADADDR (.iwram8) + SIZEOF (.iwram8)))

.iwram9         0x03002c4c        0x0
 *(.iwram9)
                0x03002c4c                        . = ALIGN (0x4)
                [!provide]                        PROVIDE (__load_start_iwram9 = LOADADDR (.iwram9))
                [!provide]                        PROVIDE (__load_stop_iwram9 = (LOADADDR (.iwram9) + SIZEOF (.iwram9)))
                0x03002c4c                        __iwram_overlay_end = .
                0x08026584                        __ewram_lma = (__iwram_overlay_lma + (__iwram_overlay_end - __iwram_overlay_start))
                0x03002c4c                        __iheap_start = .
                0x02000000                        __ewram_start = ORIGIN (ewram)

.ewram          0x02000000       0xf4 load address 0x08026584
 *(.ewram*)
 .ewram         0x02000000        0xe C:\Users\Sergio\AppData\Local\Temp\ccBjUt0S.ltrans0.ltrans.o
                0x02000000                Vgm
 *fill*         0x0200000e        0x2 ff
 .ewram         0x02000010       0x48 C:\Users\Sergio\AppData\Local\Temp\ccBjUt0S.ltrans1.ltrans.o
                0x02000010                __tte_main_context
 .ewram         0x02000058       0x9c bn_hw_game_pak.bn_ewram.o
                0x02000058                bn::hw::game_pak::_slow_game_pak()
                0x020000f4                        . = ALIGN (0x4)
                0x020000f4                        __ewram_end = ABSOLUTE (.)
                0x08026678                        __pad_lma = (__ewram_lma + SIZEOF (.ewram))

.sbss           0x020000f4     0x8204
                0x020000f4                        __sbss_start__ = ABSOLUTE (.)
 *(.sbss*)
 .sbss          0x020000f4     0x76a4 C:\Users\Sergio\AppData\Local\Temp\ccBjUt0S.ltrans0.ltrans.o
                0x020000f4                _ZN2bn15cameras_manager12_GLOBAL__N_14dataE.lto_priv.0
                0x0200012c                _ZN2bn2hw5audio12_GLOBAL__N_14dataE.lto_priv.0
                0x02000178                _ZN2bn4core12_GLOBAL__N_14dataE.lto_priv.0
                0x020001c0                _ZN2bn12hdma_manager12_GLOBAL__N_14dataE.lto_priv.0
                0x020001f8                _ZN2bn14keypad_manager12_GLOBAL__N_14dataE.lto_priv.0
                0x02000210                _ZN2bn2hw4link12_GLOBAL__N_14dataE.lto_priv.0
                0x02000340                _ZN2bn26sprite_affine_mats_manager12_GLOBAL__N_14dataE.lto_priv.0
                0x02000c08                _ZN2bn22hblank_effects_manager12_GLOBAL__N_113external_dataE.lto_priv.0
                0x0200264c                _ZN2bn20sprite_tiles_manager12_GLOBAL__N_14dataE.lto_priv.0
                0x02003cc0                _ZN2bn16palettes_manager12_GLOBAL__N_14dataE.lto_priv.0
                0x02004a08                _ZN2bn17bg_blocks_manager12_GLOBAL__N_14dataE.lto_priv.0
                0x02004bec                gbt.lto_priv.0
                0x02004c84                _ZN2bn13audio_manager12_GLOBAL__N_14dataE.lto_priv.0
                0x02004df8                _ZN2bn15display_manager12_GLOBAL__N_14dataE.lto_priv.0
                0x02004e9c                _ZN2bn11bgs_manager12_GLOBAL__N_14dataE.lto_priv.0
                0x02005148                _ZN2bn15sprites_manager12_GLOBAL__N_14dataE.lto_priv.0
 .sbss          0x02007798      0xb60 C:\Users\Sergio\AppData\Local\Temp\ccBjUt0S.ltrans1.ltrans.o
                0x02007798                _ZN2bn14memory_manager12_GLOBAL__N_14dataE.lto_priv.0
                0x020082f8                        . = ALIGN (0x4)
                0x020082f8                        __sbss_end__ = ABSOLUTE (.)
                0x020082f8                        __end__ = ABSOLUTE (.)
                0x020082f8                        __eheap_start = ABSOLUTE (.)

.pad            0x020082f8        0x8 load address 0x08026678
                0x020082f8        0x4 LONG 0x52416b64
                0x020082fc        0x4 LONG 0x4d
                0x02008300                        . = ALIGN (0x4)
                0x08026680                        __rom_end__ = (__pad_lma + SIZEOF (.pad))

.rel.dyn        0x02008300        0x0 load address 0x08026680
 .rel.iplt      0x02008300        0x0 C:/devkitPro/devkitARM/bin/../lib/gcc/arm-none-eabi/14.1.0/../../../../arm-none-eabi/lib/thumb/gba_crt0.o

.stab
 *(.stab)

.stabstr
 *(.stabstr)

.stab.excl
 *(.stab.excl)

.stab.exclstr
 *(.stab.exclstr)

.stab.index
 *(.stab.index)

.stab.indexstr
 *(.stab.indexstr)

.comment        0x00000000       0x23
 *(.comment)
 .comment       0x00000000       0x23 C:/devkitPro/devkitARM/bin/../lib/gcc/arm-none-eabi/14.1.0/thumb/crtbegin.o
                                 0x24 (size before relaxing)
 .comment       0x00000023       0x24 C:\Users\Sergio\AppData\Local\Temp\ccBjUt0S.ltrans0.ltrans.o
 .comment       0x00000023       0x24 C:\Users\Sergio\AppData\Local\Temp\ccBjUt0S.ltrans1.ltrans.o
 .comment       0x00000023       0x24 C:\Users\Sergio\AppData\Local\Temp\ccBjUt0S.ltrans2.ltrans.o
 .comment       0x00000023       0x24 bn_sprites_manager.bn_iwram.o
 .comment       0x00000023       0x24 bn_hw_common.bn_noflto.o
 .comment       0x00000023       0x24 bn_hw_game_pak.bn_ewram.o
 .comment       0x00000023       0x24 bn_hw_palettes.bn_iwram.o
 .comment       0x00000023       0x24 bn_hw_sprite_tiles.bn_iwram.o
 .comment       0x00000023       0x24 C:/devkitPro/devkitARM/bin/../lib/gcc/arm-none-eabi/14.1.0/thumb/crtend.o

.debug
 *(.debug)

.line
 *(.line)

.debug_srcinfo
 *(.debug_srcinfo)

.debug_sfnames
 *(.debug_sfnames)

.debug_aranges  0x00000000      0x608
 *(.debug_aranges)
 .debug_aranges
                0x00000000       0x28 C:\Users\Sergio\AppData\Local\Temp\ccBjUt0S.ltrans0.ltrans.o
 .debug_aranges
                0x00000028       0x20 C:\Users\Sergio\AppData\Local\Temp\ccBjUt0S.ltrans1.ltrans.o
 .debug_aranges
                0x00000048       0x20 C:\Users\Sergio\AppData\Local\Temp\ccBjUt0S.ltrans2.ltrans.o
 .debug_aranges
                0x00000068       0x30 bn_sprites_manager.bn_iwram.o
 .debug_aranges
                0x00000098       0x58 bn_hw_common.bn_noflto.o
 .debug_aranges
                0x000000f0       0x20 bn_hw_game_pak.bn_ewram.o
 .debug_aranges
                0x00000110       0x28 bn_hw_palettes.bn_iwram.o
 .debug_aranges
                0x00000138       0x20 bn_hw_sprite_tiles.bn_iwram.o
 .debug_aranges
                0x00000158       0x20 bn_hw_bg_blocks.o
 .debug_aranges
                0x00000178       0x20 bn_hw_hblank_effects.o
 .debug_aranges
                0x00000198       0x20 bn_hw_palettes_asm.o
 .debug_aranges
                0x000001b8       0x20 clr_blend_fast.o
 .debug_aranges
                0x000001d8       0x20 clr_fade_fast.o
 .debug_aranges
                0x000001f8      0x130 tonc_bios.o
 .debug_aranges
                0x00000328       0x28 tonc_memset.o
 .debug_aranges
                0x00000350       0x20 irq_handler.o
 .debug_aranges
                0x00000370       0x20 posprintf.o
 .debug_aranges
                0x00000390       0x38 lmul.o
 .debug_aranges
                0x000003c8       0x30 memcpy.o
 .debug_aranges
                0x000003f8       0x38 memmove.o
 .debug_aranges
                0x00000430       0x38 memset.o
 .debug_aranges
                0x00000468       0x28 rmemcpy.o
 .debug_aranges
                0x00000490       0x20 sdiv32.o
 .debug_aranges
                0x000004b0       0x20 udiv32.o
 .debug_aranges
                0x000004d0       0x20 huffman.o
 .debug_aranges
                0x000004f0       0x20 lz77.o
 .debug_aranges
                0x00000510       0x20 running_length.o
 .debug_aranges
                0x00000530       0x20 mm_effect.o
 .debug_aranges
                0x00000550       0x20 mm_main.o
 .debug_aranges
                0x00000570       0x28 mm_mas.o
 .debug_aranges
                0x00000598       0x20 mm_mas_arm.o
 .debug_aranges
                0x000005b8       0x28 mm_main_gba.o
 .debug_aranges
                0x000005e0       0x28 mm_mixer_gba.o

.debug_pubnames
 *(.debug_pubnames)

.debug_info     0x00000000   0x1db0c0
 *(.debug_info)
 .debug_info    0x00000000    0x2e7e4 C:\Users\Sergio\AppData\Local\Temp\ccBjUt0S.ltrans0.ltrans.o
 .debug_info    0x0002e7e4    0x189e2 C:\Users\Sergio\AppData\Local\Temp\ccBjUt0S.ltrans1.ltrans.o
 .debug_info    0x000471c6     0xcf09 C:\Users\Sergio\AppData\Local\Temp\ccBjUt0S.ltrans2.ltrans.o
 .debug_info    0x000540cf     0x8d2b C:\Users\Sergio\AppData\Local\Temp\ccwfgTym.debug.temp.o
                0x000540cf                common_info.cpp.a0c3e114
 .debug_info    0x0005cdfa    0x12174 C:\Users\Sergio\AppData\Local\Temp\cckAYPl7.debug.temp.o
                0x0005cdfa                main.cpp.25160fb8
 .debug_info    0x0006ef6e     0x96a3 C:\Users\Sergio\AppData\Local\Temp\ccA7HzfR.debug.temp.o
                0x0006ef6e                bn_affine_bg_animate_actions.cpp.e74739b4
 .debug_info    0x00078611     0xdb21 C:\Users\Sergio\AppData\Local\Temp\ccQemjvB.debug.temp.o
                0x00078611                bn_audio_manager.cpp.c7a52476
 .debug_info    0x00086132     0x45a8 C:\Users\Sergio\AppData\Local\Temp\ccyy1PRk.debug.temp.o
                0x00086132                bn_best_fit_allocator.cpp.54a39eb5
 .debug_info    0x0008a6da    0x1c99a C:\Users\Sergio\AppData\Local\Temp\ccCt4dj4.debug.temp.o
                0x0008a6da                bn_bg_blocks_manager.cpp.8bbb75f2
 .debug_info    0x000a7074    0x1e88a C:\Users\Sergio\AppData\Local\Temp\cc00t84M.debug.temp.o
                0x000a7074                bn_bgs_manager.cpp.b2a48d40
 .debug_info    0x000c58fe     0x4d11 C:\Users\Sergio\AppData\Local\Temp\ccyvNNNz.debug.temp.o
                0x000c58fe                bn_cameras_manager.cpp.f0cc3966
 .debug_info    0x000ca60f     0x64a7 C:\Users\Sergio\AppData\Local\Temp\cc2ttsSm.debug.temp.o
                0x000ca60f                bn_core.cpp.12fe1f41
 .debug_info    0x000d0ab6    0x13e13 C:\Users\Sergio\AppData\Local\Temp\ccCx8P09.debug.temp.o
                0x000d0ab6                bn_display_manager.cpp.8f39e9b5
 .debug_info    0x000e48c9     0x4c6f C:\Users\Sergio\AppData\Local\Temp\ccwdaKtW.debug.temp.o
                0x000e48c9                bn_gpio_manager.cpp.9108806b
 .debug_info    0x000e9538    0x39136 C:\Users\Sergio\AppData\Local\Temp\ccQw91YH.debug.temp.o
                0x000e9538                bn_hblank_effects_manager.cpp.c1342847
 .debug_info    0x0012266e     0x1d27 C:\Users\Sergio\AppData\Local\Temp\ccw1qbVt.debug.temp.o
                0x0012266e                bn_hdma_manager.cpp.967aafa5
 .debug_info    0x00124395     0x4a03 C:\Users\Sergio\AppData\Local\Temp\cca96G3e.debug.temp.o
                0x00124395                bn_keypad_manager.cpp.b3f703fa
 .debug_info    0x00128d98     0x4dbc C:\Users\Sergio\AppData\Local\Temp\ccSivVf0.debug.temp.o
                0x00128d98                bn_link_manager.cpp.9128f562
 .debug_info    0x0012db54     0x4cb7 C:\Users\Sergio\AppData\Local\Temp\cc6Q9BfP.debug.temp.o
                0x0012db54                bn_memory_manager.cpp.4c15fab7
 .debug_info    0x0013280b     0xf0a6 C:\Users\Sergio\AppData\Local\Temp\ccwngTxE.debug.temp.o
                0x0013280b                bn_palettes_manager.cpp.3b5670f4
 .debug_info    0x001418b1     0xf973 C:\Users\Sergio\AppData\Local\Temp\ccE01Sz5.debug.temp.o
                0x001418b1                bn_sprite_affine_mats_manager.cpp.ff108f1c
 .debug_info    0x00151224     0x8e56 C:\Users\Sergio\AppData\Local\Temp\cccxOkKT.debug.temp.o
                0x00151224                bn_sprite_animate_actions.cpp.033832e0
 .debug_info    0x0015a07a    0x145e9 C:\Users\Sergio\AppData\Local\Temp\cccgCz1G.debug.temp.o
                0x0015a07a                bn_sprite_text_generator.cpp.3bce1910
 .debug_info    0x0016e663     0xde85 C:\Users\Sergio\AppData\Local\Temp\ccauKgAu.debug.temp.o
                0x0016e663                bn_sprite_tiles_manager.cpp.eed3e239
 .debug_info    0x0017c4e8    0x1a647 C:\Users\Sergio\AppData\Local\Temp\ccCzoyWl.debug.temp.o
                0x0017c4e8                bn_sprites_manager.cpp.153ebd4b
 .debug_info    0x00196b2f     0x5df9 C:\Users\Sergio\AppData\Local\Temp\ccEFJAJd.debug.temp.o
                0x00196b2f                bn_sstream.cpp.ac2deeae
 .debug_info    0x0019c928    0x10961 C:\Users\Sergio\AppData\Local\Temp\ccoS4QH4.debug.temp.o
                0x0019c928                bn_translation_unit.cpp.56a57108
 .debug_info    0x001ad289     0x59a1 C:\Users\Sergio\AppData\Local\Temp\ccQFL8SV.debug.temp.o
                0x001ad289                bn_hw_audio.cpp.fc2e12ad
 .debug_info    0x001b2c2a     0x155e C:\Users\Sergio\AppData\Local\Temp\cc2KVKgM.debug.temp.o
                0x001b2c2a                bn_hw_cstdlib.cpp.a93f252e
 .debug_info    0x001b4188     0x5b63 C:\Users\Sergio\AppData\Local\Temp\ccM6HXHs.debug.temp.o
                0x001b4188                bn_hw_link.cpp.001f7bf3
 .debug_info    0x001b9ceb     0x49b3 C:\Users\Sergio\AppData\Local\Temp\ccyrzJzc.debug.temp.o
                0x001b9ceb                bn_hw_palettes.cpp.60216126
 .debug_info    0x001be69e     0x5f99 C:\Users\Sergio\AppData\Local\Temp\cce6hWz6.debug.temp.o
                0x001be69e                bn_hw_show.cpp.75ca1e2d
 .debug_info    0x001c4637      0x549 C:\Users\Sergio\AppData\Local\Temp\ccQk8uMZ.debug.temp.o
                0x001c4637                bn_hw_sram.cpp.85cb9265
 .debug_info    0x001c4b80      0x6c7 C:\Users\Sergio\AppData\Local\Temp\ccmSPT2S.debug.temp.o
                0x001c4b80                bn_hw_system_font.cpp.91e85e7c
 .debug_info    0x001c5247     0x41c0 C:\Users\Sergio\AppData\Local\Temp\ccQURKAM.debug.temp.o
                0x001c5247                bn_hw_text.cpp.50d88a6f
 .debug_info    0x001c9407      0x64e C:\Users\Sergio\AppData\Local\Temp\ccgx1XkF.debug.temp.o
                0x001c9407                vgm.cpp.6a9eb84b
 .debug_info    0x001c9a55      0x594 C:\Users\Sergio\AppData\Local\Temp\ccYwOV8x.debug.temp.o
                0x001c9a55                tonc_color.c.cad8444b
 .debug_info    0x001c9fe9      0x5e1 C:\Users\Sergio\AppData\Local\Temp\ccUnHE3p.debug.temp.o
                0x001c9fe9                tonc_sbmp16.c.a3e3e1c0
 .debug_info    0x001ca5ca      0x596 C:\Users\Sergio\AppData\Local\Temp\ccWoRsz3.debug.temp.o
                0x001ca5ca                bmp16_drawg_b1cs.c.d3c62f5b
 .debug_info    0x001cab60      0x4cf C:\Users\Sergio\AppData\Local\Temp\ccgKj32Y.debug.temp.o
                0x001cab60                tte_init_bmp.c.f471ffd0
 .debug_info    0x001cb02f      0x9be C:\Users\Sergio\AppData\Local\Temp\ccCOQcPU.debug.temp.o
                0x001cb02f                tte_main.c.cc86772d
 .debug_info    0x001cb9ed      0x1b3 C:\Users\Sergio\AppData\Local\Temp\ccUkjCMP.debug.temp.o
                0x001cb9ed                interrupts_gba.c.4abbfea2
 .debug_info    0x001cbba0     0x119b C:\Users\Sergio\AppData\Local\Temp\ccwBBAoA.debug.temp.o
                0x001cbba0                gbt_player.c.e1b0f848
 .debug_info    0x001ccd3b     0xa5b1 bn_sprites_manager.bn_iwram.o
 .debug_info    0x001d72ec     0x19e4 bn_hw_common.bn_noflto.o
 .debug_info    0x001d8cd0      0x614 bn_hw_game_pak.bn_ewram.o
 .debug_info    0x001d92e4     0x1104 bn_hw_palettes.bn_iwram.o
 .debug_info    0x001da3e8      0x7a3 bn_hw_sprite_tiles.bn_iwram.o
 .debug_info    0x001dab8b       0x23 bn_hw_bg_blocks.o
 .debug_info    0x001dabae       0x24 bn_hw_hblank_effects.o
 .debug_info    0x001dabd2       0x23 bn_hw_palettes_asm.o
 .debug_info    0x001dabf5       0x30 clr_blend_fast.o
 .debug_info    0x001dac25       0x23 clr_fade_fast.o
 .debug_info    0x001dac48      0x1c8 tonc_bios.o
 .debug_info    0x001dae10       0x3a tonc_memset.o
 .debug_info    0x001dae4a       0x24 irq_handler.o
 .debug_info    0x001dae6e       0x24 posprintf.o
 .debug_info    0x001dae92       0x22 lmul.o
 .debug_info    0x001daeb4       0x22 memcpy.o
 .debug_info    0x001daed6       0x22 memmove.o
 .debug_info    0x001daef8       0x22 memset.o
 .debug_info    0x001daf1a       0x22 rmemcpy.o
 .debug_info    0x001daf3c       0x23 sdiv32.o
 .debug_info    0x001daf5f       0x24 udiv32.o
 .debug_info    0x001daf83       0x24 huffman.o
 .debug_info    0x001dafa7       0x24 lz77.o
 .debug_info    0x001dafcb       0x24 running_length.o
 .debug_info    0x001dafef       0x24 mm_effect.o
 .debug_info    0x001db013       0x23 mm_main.o
 .debug_info    0x001db036       0x22 mm_mas.o
 .debug_info    0x001db058       0x24 mm_mas_arm.o
 .debug_info    0x001db07c       0x22 mm_main_gba.o
 .debug_info    0x001db09e       0x22 mm_mixer_gba.o

.debug_abbrev   0x00000000    0x17f5a
 *(.debug_abbrev)
 .debug_abbrev  0x00000000      0x32b C:\Users\Sergio\AppData\Local\Temp\ccBjUt0S.ltrans0.ltrans.o
 .debug_abbrev  0x0000032b      0x3b3 C:\Users\Sergio\AppData\Local\Temp\ccBjUt0S.ltrans1.ltrans.o
 .debug_abbrev  0x000006de      0x1ff C:\Users\Sergio\AppData\Local\Temp\ccBjUt0S.ltrans2.ltrans.o
 .debug_abbrev  0x000008dd      0xa1e C:\Users\Sergio\AppData\Local\Temp\ccwfgTym.debug.temp.o
 .debug_abbrev  0x000012fb      0xcf4 C:\Users\Sergio\AppData\Local\Temp\cckAYPl7.debug.temp.o
 .debug_abbrev  0x00001fef      0xa09 C:\Users\Sergio\AppData\Local\Temp\ccA7HzfR.debug.temp.o
 .debug_abbrev  0x000029f8      0xde4 C:\Users\Sergio\AppData\Local\Temp\ccQemjvB.debug.temp.o
 .debug_abbrev  0x000037dc      0x882 C:\Users\Sergio\AppData\Local\Temp\ccyy1PRk.debug.temp.o
 .debug_abbrev  0x0000405e      0xdd0 C:\Users\Sergio\AppData\Local\Temp\ccCt4dj4.debug.temp.o
 .debug_abbrev  0x00004e2e     0x10f6 C:\Users\Sergio\AppData\Local\Temp\cc00t84M.debug.temp.o
 .debug_abbrev  0x00005f24      0x9f8 C:\Users\Sergio\AppData\Local\Temp\ccyvNNNz.debug.temp.o
 .debug_abbrev  0x0000691c      0xb46 C:\Users\Sergio\AppData\Local\Temp\cc2ttsSm.debug.temp.o
 .debug_abbrev  0x00007462      0xcb1 C:\Users\Sergio\AppData\Local\Temp\ccCx8P09.debug.temp.o
 .debug_abbrev  0x00008113      0x921 C:\Users\Sergio\AppData\Local\Temp\ccwdaKtW.debug.temp.o
 .debug_abbrev  0x00008a34     0x1054 C:\Users\Sergio\AppData\Local\Temp\ccQw91YH.debug.temp.o
 .debug_abbrev  0x00009a88      0x606 C:\Users\Sergio\AppData\Local\Temp\ccw1qbVt.debug.temp.o
 .debug_abbrev  0x0000a08e      0x8b3 C:\Users\Sergio\AppData\Local\Temp\cca96G3e.debug.temp.o
 .debug_abbrev  0x0000a941      0x991 C:\Users\Sergio\AppData\Local\Temp\ccSivVf0.debug.temp.o
 .debug_abbrev  0x0000b2d2      0x910 C:\Users\Sergio\AppData\Local\Temp\cc6Q9BfP.debug.temp.o
 .debug_abbrev  0x0000bbe2      0xdc2 C:\Users\Sergio\AppData\Local\Temp\ccwngTxE.debug.temp.o
 .debug_abbrev  0x0000c9a4      0xead C:\Users\Sergio\AppData\Local\Temp\ccE01Sz5.debug.temp.o
 .debug_abbrev  0x0000d851      0x9c1 C:\Users\Sergio\AppData\Local\Temp\cccxOkKT.debug.temp.o
 .debug_abbrev  0x0000e212      0xcab C:\Users\Sergio\AppData\Local\Temp\cccgCz1G.debug.temp.o
 .debug_abbrev  0x0000eebd      0xdee C:\Users\Sergio\AppData\Local\Temp\ccauKgAu.debug.temp.o
 .debug_abbrev  0x0000fcab      0xeea C:\Users\Sergio\AppData\Local\Temp\ccCzoyWl.debug.temp.o
 .debug_abbrev  0x00010b95      0x79e C:\Users\Sergio\AppData\Local\Temp\ccEFJAJd.debug.temp.o
 .debug_abbrev  0x00011333      0xcbf C:\Users\Sergio\AppData\Local\Temp\ccoS4QH4.debug.temp.o
 .debug_abbrev  0x00011ff2      0xb98 C:\Users\Sergio\AppData\Local\Temp\ccQFL8SV.debug.temp.o
 .debug_abbrev  0x00012b8a      0x519 C:\Users\Sergio\AppData\Local\Temp\cc2KVKgM.debug.temp.o
 .debug_abbrev  0x000130a3      0x9dc C:\Users\Sergio\AppData\Local\Temp\ccM6HXHs.debug.temp.o
 .debug_abbrev  0x00013a7f      0x7d4 C:\Users\Sergio\AppData\Local\Temp\ccyrzJzc.debug.temp.o
 .debug_abbrev  0x00014253      0x9c8 C:\Users\Sergio\AppData\Local\Temp\cce6hWz6.debug.temp.o
 .debug_abbrev  0x00014c1b      0x192 C:\Users\Sergio\AppData\Local\Temp\ccQk8uMZ.debug.temp.o
 .debug_abbrev  0x00014dad      0x228 C:\Users\Sergio\AppData\Local\Temp\ccmSPT2S.debug.temp.o
 .debug_abbrev  0x00014fd5      0x70d C:\Users\Sergio\AppData\Local\Temp\ccQURKAM.debug.temp.o
 .debug_abbrev  0x000156e2      0x1a4 C:\Users\Sergio\AppData\Local\Temp\ccgx1XkF.debug.temp.o
 .debug_abbrev  0x00015886       0xf4 C:\Users\Sergio\AppData\Local\Temp\ccYwOV8x.debug.temp.o
 .debug_abbrev  0x0001597a      0x1c6 C:\Users\Sergio\AppData\Local\Temp\ccUnHE3p.debug.temp.o
 .debug_abbrev  0x00015b40      0x174 C:\Users\Sergio\AppData\Local\Temp\ccWoRsz3.debug.temp.o
 .debug_abbrev  0x00015cb4      0x1b1 C:\Users\Sergio\AppData\Local\Temp\ccgKj32Y.debug.temp.o
 .debug_abbrev  0x00015e65      0x266 C:\Users\Sergio\AppData\Local\Temp\ccCOQcPU.debug.temp.o
 .debug_abbrev  0x000160cb       0xed C:\Users\Sergio\AppData\Local\Temp\ccUkjCMP.debug.temp.o
 .debug_abbrev  0x000161b8      0x187 C:\Users\Sergio\AppData\Local\Temp\ccwBBAoA.debug.temp.o
 .debug_abbrev  0x0001633f      0xabc bn_sprites_manager.bn_iwram.o
 .debug_abbrev  0x00016dfb      0x606 bn_hw_common.bn_noflto.o
 .debug_abbrev  0x00017401      0x1e0 bn_hw_game_pak.bn_ewram.o
 .debug_abbrev  0x000175e1      0x4db bn_hw_palettes.bn_iwram.o
 .debug_abbrev  0x00017abc      0x282 bn_hw_sprite_tiles.bn_iwram.o
 .debug_abbrev  0x00017d3e       0x14 bn_hw_bg_blocks.o
 .debug_abbrev  0x00017d52       0x14 bn_hw_hblank_effects.o
 .debug_abbrev  0x00017d66       0x14 bn_hw_palettes_asm.o
 .debug_abbrev  0x00017d7a       0x28 clr_blend_fast.o
 .debug_abbrev  0x00017da2       0x14 clr_fade_fast.o
 .debug_abbrev  0x00017db6       0x26 tonc_bios.o
 .debug_abbrev  0x00017ddc       0x26 tonc_memset.o
 .debug_abbrev  0x00017e02       0x14 irq_handler.o
 .debug_abbrev  0x00017e16       0x14 posprintf.o
 .debug_abbrev  0x00017e2a       0x12 lmul.o
 .debug_abbrev  0x00017e3c       0x12 memcpy.o
 .debug_abbrev  0x00017e4e       0x12 memmove.o
 .debug_abbrev  0x00017e60       0x12 memset.o
 .debug_abbrev  0x00017e72       0x12 rmemcpy.o
 .debug_abbrev  0x00017e84       0x14 sdiv32.o
 .debug_abbrev  0x00017e98       0x14 udiv32.o
 .debug_abbrev  0x00017eac       0x14 huffman.o
 .debug_abbrev  0x00017ec0       0x14 lz77.o
 .debug_abbrev  0x00017ed4       0x14 running_length.o
 .debug_abbrev  0x00017ee8       0x14 mm_effect.o
 .debug_abbrev  0x00017efc       0x14 mm_main.o
 .debug_abbrev  0x00017f10       0x12 mm_mas.o
 .debug_abbrev  0x00017f22       0x14 mm_mas_arm.o
 .debug_abbrev  0x00017f36       0x12 mm_main_gba.o
 .debug_abbrev  0x00017f48       0x12 mm_mixer_gba.o

.debug_line     0x00000000    0x41c2d
 *(.debug_line)
 .debug_line    0x00000000    0x190eb C:\Users\Sergio\AppData\Local\Temp\ccBjUt0S.ltrans0.ltrans.o
 .debug_line    0x000190eb     0xcfc9 C:\Users\Sergio\AppData\Local\Temp\ccBjUt0S.ltrans1.ltrans.o
 .debug_line    0x000260b4     0x56ab C:\Users\Sergio\AppData\Local\Temp\ccBjUt0S.ltrans2.ltrans.o
 .debug_line    0x0002b75f      0x799 C:\Users\Sergio\AppData\Local\Temp\ccwfgTym.debug.temp.o
 .debug_line    0x0002bef8      0xb5c C:\Users\Sergio\AppData\Local\Temp\cckAYPl7.debug.temp.o
 .debug_line    0x0002ca54      0x704 C:\Users\Sergio\AppData\Local\Temp\ccA7HzfR.debug.temp.o
 .debug_line    0x0002d158      0x926 C:\Users\Sergio\AppData\Local\Temp\ccQemjvB.debug.temp.o
 .debug_line    0x0002da7e      0x5db C:\Users\Sergio\AppData\Local\Temp\ccyy1PRk.debug.temp.o
 .debug_line    0x0002e059      0xaf8 C:\Users\Sergio\AppData\Local\Temp\ccCt4dj4.debug.temp.o
 .debug_line    0x0002eb51      0xcc6 C:\Users\Sergio\AppData\Local\Temp\cc00t84M.debug.temp.o
 .debug_line    0x0002f817      0x6c7 C:\Users\Sergio\AppData\Local\Temp\ccyvNNNz.debug.temp.o
 .debug_line    0x0002fede      0x9d0 C:\Users\Sergio\AppData\Local\Temp\cc2ttsSm.debug.temp.o
 .debug_line    0x000308ae      0xc22 C:\Users\Sergio\AppData\Local\Temp\ccCx8P09.debug.temp.o
 .debug_line    0x000314d0      0x6ae C:\Users\Sergio\AppData\Local\Temp\ccwdaKtW.debug.temp.o
 .debug_line    0x00031b7e     0x1e86 C:\Users\Sergio\AppData\Local\Temp\ccQw91YH.debug.temp.o
 .debug_line    0x00033a04      0x516 C:\Users\Sergio\AppData\Local\Temp\ccw1qbVt.debug.temp.o
 .debug_line    0x00033f1a      0x64f C:\Users\Sergio\AppData\Local\Temp\cca96G3e.debug.temp.o
 .debug_line    0x00034569      0x73d C:\Users\Sergio\AppData\Local\Temp\ccSivVf0.debug.temp.o
 .debug_line    0x00034ca6      0x7ad C:\Users\Sergio\AppData\Local\Temp\cc6Q9BfP.debug.temp.o
 .debug_line    0x00035453      0xa1d C:\Users\Sergio\AppData\Local\Temp\ccwngTxE.debug.temp.o
 .debug_line    0x00035e70      0xa1c C:\Users\Sergio\AppData\Local\Temp\ccE01Sz5.debug.temp.o
 .debug_line    0x0003688c      0x69d C:\Users\Sergio\AppData\Local\Temp\cccxOkKT.debug.temp.o
 .debug_line    0x00036f29      0x91e C:\Users\Sergio\AppData\Local\Temp\cccgCz1G.debug.temp.o
 .debug_line    0x00037847      0x8a6 C:\Users\Sergio\AppData\Local\Temp\ccauKgAu.debug.temp.o
 .debug_line    0x000380ed      0xbad C:\Users\Sergio\AppData\Local\Temp\ccCzoyWl.debug.temp.o
 .debug_line    0x00038c9a      0x5e3 C:\Users\Sergio\AppData\Local\Temp\ccEFJAJd.debug.temp.o
 .debug_line    0x0003927d      0xa2b C:\Users\Sergio\AppData\Local\Temp\ccoS4QH4.debug.temp.o
 .debug_line    0x00039ca8      0x809 C:\Users\Sergio\AppData\Local\Temp\ccQFL8SV.debug.temp.o
 .debug_line    0x0003a4b1      0x42a C:\Users\Sergio\AppData\Local\Temp\cc2KVKgM.debug.temp.o
 .debug_line    0x0003a8db      0x6ad C:\Users\Sergio\AppData\Local\Temp\ccM6HXHs.debug.temp.o
 .debug_line    0x0003af88      0x660 C:\Users\Sergio\AppData\Local\Temp\ccyrzJzc.debug.temp.o
 .debug_line    0x0003b5e8      0x7a6 C:\Users\Sergio\AppData\Local\Temp\cce6hWz6.debug.temp.o
 .debug_line    0x0003bd8e      0x2fe C:\Users\Sergio\AppData\Local\Temp\ccQk8uMZ.debug.temp.o
 .debug_line    0x0003c08c      0x2d5 C:\Users\Sergio\AppData\Local\Temp\ccmSPT2S.debug.temp.o
 .debug_line    0x0003c361      0x622 C:\Users\Sergio\AppData\Local\Temp\ccQURKAM.debug.temp.o
 .debug_line    0x0003c983      0x230 C:\Users\Sergio\AppData\Local\Temp\ccgx1XkF.debug.temp.o
 .debug_line    0x0003cbb3       0xe5 C:\Users\Sergio\AppData\Local\Temp\ccYwOV8x.debug.temp.o
 .debug_line    0x0003cc98       0xe8 C:\Users\Sergio\AppData\Local\Temp\ccUnHE3p.debug.temp.o
 .debug_line    0x0003cd80       0xf0 C:\Users\Sergio\AppData\Local\Temp\ccWoRsz3.debug.temp.o
 .debug_line    0x0003ce70       0xec C:\Users\Sergio\AppData\Local\Temp\ccgKj32Y.debug.temp.o
 .debug_line    0x0003cf5c      0x12f C:\Users\Sergio\AppData\Local\Temp\ccCOQcPU.debug.temp.o
 .debug_line    0x0003d08b      0x156 C:\Users\Sergio\AppData\Local\Temp\ccUkjCMP.debug.temp.o
 .debug_line    0x0003d1e1      0x153 C:\Users\Sergio\AppData\Local\Temp\ccwBBAoA.debug.temp.o
 .debug_line    0x0003d334      0xf47 bn_sprites_manager.bn_iwram.o
 .debug_line    0x0003e27b      0x651 bn_hw_common.bn_noflto.o
 .debug_line    0x0003e8cc      0x4a8 bn_hw_game_pak.bn_ewram.o
 .debug_line    0x0003ed74      0x6e3 bn_hw_palettes.bn_iwram.o
 .debug_line    0x0003f457      0x3d5 bn_hw_sprite_tiles.bn_iwram.o
 .debug_line    0x0003f82c       0x90 bn_hw_bg_blocks.o
 .debug_line    0x0003f8bc       0xa9 bn_hw_hblank_effects.o
 .debug_line    0x0003f965       0x80 bn_hw_palettes_asm.o
 .debug_line    0x0003f9e5       0xa0 clr_blend_fast.o
 .debug_line    0x0003fa85       0x9f clr_fade_fast.o
 .debug_line    0x0003fb24      0x2bb tonc_bios.o
 .debug_line    0x0003fddf       0xbe tonc_memset.o
 .debug_line    0x0003fe9d       0xdb irq_handler.o
 .debug_line    0x0003ff78      0x1b5 posprintf.o
 .debug_line    0x0004012d       0xbb lmul.o
 .debug_line    0x000401e8       0xd1 memcpy.o
 .debug_line    0x000402b9       0xb1 memmove.o
 .debug_line    0x0004036a       0xdb memset.o
 .debug_line    0x00040445       0xbe rmemcpy.o
 .debug_line    0x00040503       0x8c sdiv32.o
 .debug_line    0x0004058f       0xf5 udiv32.o
 .debug_line    0x00040684       0xa8 huffman.o
 .debug_line    0x0004072c       0xee lz77.o
 .debug_line    0x0004081a       0xc6 running_length.o
 .debug_line    0x000408e0      0x217 mm_effect.o
 .debug_line    0x00040af7       0x88 mm_main.o
 .debug_line    0x00040b7f      0xa77 mm_mas.o
 .debug_line    0x000415f6      0x1fd mm_mas_arm.o
 .debug_line    0x000417f3      0x11b mm_main_gba.o
 .debug_line    0x0004190e      0x31f mm_mixer_gba.o

.debug_frame    0x00000000     0x1a70
 *(.debug_frame)
 .debug_frame   0x00000000      0x5a0 C:\Users\Sergio\AppData\Local\Temp\ccBjUt0S.ltrans0.ltrans.o
 .debug_frame   0x000005a0      0xd14 C:\Users\Sergio\AppData\Local\Temp\ccBjUt0S.ltrans1.ltrans.o
 .debug_frame   0x000012b4      0x57c C:\Users\Sergio\AppData\Local\Temp\ccBjUt0S.ltrans2.ltrans.o
 .debug_frame   0x00001830       0x94 bn_sprites_manager.bn_iwram.o
 .debug_frame   0x000018c4       0xec bn_hw_common.bn_noflto.o
 .debug_frame   0x000019b0       0x34 bn_hw_game_pak.bn_ewram.o
 .debug_frame   0x000019e4       0x48 bn_hw_palettes.bn_iwram.o
 .debug_frame   0x00001a2c       0x44 bn_hw_sprite_tiles.bn_iwram.o

.debug_str      0x00000000    0x93e4c
 *(.debug_str)
 .debug_str     0x00000000      0x7be C:\Users\Sergio\AppData\Local\Temp\ccBjUt0S.ltrans0.ltrans.o
 .debug_str     0x00000000      0x9d6 C:\Users\Sergio\AppData\Local\Temp\ccBjUt0S.ltrans1.ltrans.o
 .debug_str     0x00000000      0xc7e C:\Users\Sergio\AppData\Local\Temp\ccBjUt0S.ltrans2.ltrans.o
 .debug_str     0x00000000     0x8f05 C:\Users\Sergio\AppData\Local\Temp\ccwfgTym.debug.temp.o
 .debug_str     0x00000000    0x14952 C:\Users\Sergio\AppData\Local\Temp\cckAYPl7.debug.temp.o
 .debug_str     0x00000000     0x93fa C:\Users\Sergio\AppData\Local\Temp\ccA7HzfR.debug.temp.o
 .debug_str     0x00000000     0xbc93 C:\Users\Sergio\AppData\Local\Temp\ccQemjvB.debug.temp.o
 .debug_str     0x00000000     0x29ff C:\Users\Sergio\AppData\Local\Temp\ccyy1PRk.debug.temp.o
 .debug_str     0x00000000    0x163e3 C:\Users\Sergio\AppData\Local\Temp\ccCt4dj4.debug.temp.o
 .debug_str     0x00000000    0x1b54d C:\Users\Sergio\AppData\Local\Temp\cc00t84M.debug.temp.o
 .debug_str     0x00000000     0x3cea C:\Users\Sergio\AppData\Local\Temp\ccyvNNNz.debug.temp.o
 .debug_str     0x00000000     0x54c1 C:\Users\Sergio\AppData\Local\Temp\cc2ttsSm.debug.temp.o
 .debug_str     0x00000000    0x16ba1 C:\Users\Sergio\AppData\Local\Temp\ccCx8P09.debug.temp.o
 .debug_str     0x00000000     0x3266 C:\Users\Sergio\AppData\Local\Temp\ccwdaKtW.debug.temp.o
 .debug_str     0x00000000    0x4a094 C:\Users\Sergio\AppData\Local\Temp\ccQw91YH.debug.temp.o
 .debug_str     0x00000000     0x1616 C:\Users\Sergio\AppData\Local\Temp\ccw1qbVt.debug.temp.o
 .debug_str     0x00000000     0x37c5 C:\Users\Sergio\AppData\Local\Temp\cca96G3e.debug.temp.o
 .debug_str     0x00000000     0x3aea C:\Users\Sergio\AppData\Local\Temp\ccSivVf0.debug.temp.o
 .debug_str     0x00000000     0x31be C:\Users\Sergio\AppData\Local\Temp\cc6Q9BfP.debug.temp.o
 .debug_str     0x00000000     0xc432 C:\Users\Sergio\AppData\Local\Temp\ccwngTxE.debug.temp.o
 .debug_str     0x00000000     0xf4d7 C:\Users\Sergio\AppData\Local\Temp\ccE01Sz5.debug.temp.o
 .debug_str     0x00000000     0x8286 C:\Users\Sergio\AppData\Local\Temp\cccxOkKT.debug.temp.o
 .debug_str     0x00000000    0x10267 C:\Users\Sergio\AppData\Local\Temp\cccgCz1G.debug.temp.o
 .debug_str     0x00000000     0xb4db C:\Users\Sergio\AppData\Local\Temp\ccauKgAu.debug.temp.o
 .debug_str     0x00000000    0x184ca C:\Users\Sergio\AppData\Local\Temp\ccCzoyWl.debug.temp.o
 .debug_str     0x00000000     0x3d93 C:\Users\Sergio\AppData\Local\Temp\ccEFJAJd.debug.temp.o
 .debug_str     0x00000000     0xbfd0 C:\Users\Sergio\AppData\Local\Temp\ccoS4QH4.debug.temp.o
 .debug_str     0x00000000     0x33f2 C:\Users\Sergio\AppData\Local\Temp\ccQFL8SV.debug.temp.o
 .debug_str     0x00000000     0x10bb C:\Users\Sergio\AppData\Local\Temp\cc2KVKgM.debug.temp.o
 .debug_str     0x00000000     0x45a6 C:\Users\Sergio\AppData\Local\Temp\ccM6HXHs.debug.temp.o
 .debug_str     0x00000000     0x2bc6 C:\Users\Sergio\AppData\Local\Temp\ccyrzJzc.debug.temp.o
 .debug_str     0x00000000     0x3ffe C:\Users\Sergio\AppData\Local\Temp\cce6hWz6.debug.temp.o
 .debug_str     0x00000000      0x56b C:\Users\Sergio\AppData\Local\Temp\ccQk8uMZ.debug.temp.o
 .debug_str     0x00000000      0x5d1 C:\Users\Sergio\AppData\Local\Temp\ccmSPT2S.debug.temp.o
 .debug_str     0x00000000     0x29c1 C:\Users\Sergio\AppData\Local\Temp\ccQURKAM.debug.temp.o
 .debug_str     0x00000000      0x5bf C:\Users\Sergio\AppData\Local\Temp\ccgx1XkF.debug.temp.o
 .debug_str     0x00000000      0x2af C:\Users\Sergio\AppData\Local\Temp\ccYwOV8x.debug.temp.o
 .debug_str     0x00000000      0x2f5 C:\Users\Sergio\AppData\Local\Temp\ccUnHE3p.debug.temp.o
 .debug_str     0x00000000      0x33e C:\Users\Sergio\AppData\Local\Temp\ccWoRsz3.debug.temp.o
 .debug_str     0x00000000      0x36c C:\Users\Sergio\AppData\Local\Temp\ccgKj32Y.debug.temp.o
 .debug_str     0x00000000      0x56f C:\Users\Sergio\AppData\Local\Temp\ccCOQcPU.debug.temp.o
 .debug_str     0x00000000      0x31a C:\Users\Sergio\AppData\Local\Temp\ccUkjCMP.debug.temp.o
 .debug_str     0x00000000      0xaaa C:\Users\Sergio\AppData\Local\Temp\ccwBBAoA.debug.temp.o
 .debug_str     0x00000000    0x93e4c bn_sprites_manager.bn_iwram.o
                               0xb57f (size before relaxing)
 .debug_str     0x00093e4c     0x117e bn_hw_common.bn_noflto.o
 .debug_str     0x00093e4c      0x5b3 bn_hw_game_pak.bn_ewram.o
 .debug_str     0x00093e4c      0x93d bn_hw_palettes.bn_iwram.o
 .debug_str     0x00093e4c      0x5a5 bn_hw_sprite_tiles.bn_iwram.o
 .debug_str     0x00093e4c       0x68 bn_hw_bg_blocks.o
 .debug_str     0x00093e4c       0x6d bn_hw_hblank_effects.o
 .debug_str     0x00093e4c       0x6b bn_hw_palettes_asm.o
 .debug_str     0x00093e4c       0x88 clr_blend_fast.o
 .debug_str     0x00093e4c       0x78 clr_fade_fast.o
 .debug_str     0x00093e4c      0x22c tonc_bios.o
 .debug_str     0x00093e4c       0x88 tonc_memset.o
 .debug_str     0x00093e4c       0x76 irq_handler.o
 .debug_str     0x00093e4c       0x76 posprintf.o
 .debug_str     0x00093e4c       0x6e lmul.o
 .debug_str     0x00093e4c       0x70 memcpy.o
 .debug_str     0x00093e4c       0x71 memmove.o
 .debug_str     0x00093e4c       0x70 memset.o
 .debug_str     0x00093e4c       0x71 rmemcpy.o
 .debug_str     0x00093e4c       0x74 sdiv32.o
 .debug_str     0x00093e4c       0x74 udiv32.o
 .debug_str     0x00093e4c       0x7b huffman.o
 .debug_str     0x00093e4c       0x78 lz77.o
 .debug_str     0x00093e4c       0x82 running_length.o
 .debug_str     0x00093e4c       0x76 mm_effect.o
 .debug_str     0x00093e4c       0x74 mm_main.o
 .debug_str     0x00093e4c       0x73 mm_mas.o
 .debug_str     0x00093e4c       0x77 mm_mas_arm.o
 .debug_str     0x00093e4c       0x7c mm_main_gba.o
 .debug_str     0x00093e4c       0x7d mm_mixer_gba.o

.debug_loc      0x00000000    0x760a0
 *(.debug_loc)
 .debug_loc     0x00000000    0x46f95 C:\Users\Sergio\AppData\Local\Temp\ccBjUt0S.ltrans0.ltrans.o
 .debug_loc     0x00046f95    0x1dbb6 C:\Users\Sergio\AppData\Local\Temp\ccBjUt0S.ltrans1.ltrans.o
 .debug_loc     0x00064b4b     0xffdf C:\Users\Sergio\AppData\Local\Temp\ccBjUt0S.ltrans2.ltrans.o
 .debug_loc     0x00074b2a      0xbc1 bn_sprites_manager.bn_iwram.o
 .debug_loc     0x000756eb      0x309 bn_hw_common.bn_noflto.o
 .debug_loc     0x000759f4      0x102 bn_hw_game_pak.bn_ewram.o
 .debug_loc     0x00075af6      0x371 bn_hw_palettes.bn_iwram.o
 .debug_loc     0x00075e67      0x239 bn_hw_sprite_tiles.bn_iwram.o

.debug_macinfo
 *(.debug_macinfo)

.debug_weaknames
 *(.debug_weaknames)

.debug_funcnames
 *(.debug_funcnames)

.debug_typenames
 *(.debug_typenames)

.debug_varnames
 *(.debug_varnames)

.stack          0x00080000        0x0
                0x00080000                        _stack = .
 *(.stack)

.note.gnu.arm.ident
 *(.note.gnu.arm.ident)

.ARM.attributes
                0x00000000       0x2c
 *(.ARM.attributes)
 .ARM.attributes
                0x00000000       0x20 C:/devkitPro/devkitARM/bin/../lib/gcc/arm-none-eabi/14.1.0/../../../../arm-none-eabi/lib/thumb/gba_crt0.o
 .ARM.attributes
                0x00000020       0x1c C:/devkitPro/devkitARM/bin/../lib/gcc/arm-none-eabi/14.1.0/thumb/crti.o
 .ARM.attributes
                0x0000003c       0x2a C:/devkitPro/devkitARM/bin/../lib/gcc/arm-none-eabi/14.1.0/thumb/crtbegin.o
 .ARM.attributes
                0x00000066       0x1a _bn_audio_soundbank.bin.o
 .ARM.attributes
                0x00000080       0x1a big_font_bn_gfx.o
 .ARM.attributes
                0x0000009a       0x1a cat_bn_gfx.o
 .ARM.attributes
                0x000000b4       0x1a cats_intro_bn_gfx.o
 .ARM.attributes
                0x000000ce       0x1a clouds_bn_gfx.o
 .ARM.attributes
                0x000000e8       0x1a common_variable_8x16_font_bn_gfx.o
 .ARM.attributes
                0x00000102       0x1a dino_bn_gfx.o
 .ARM.attributes
                0x0000011c       0x1a jam2024_bn_gfx.o
 .ARM.attributes
                0x00000136       0x1a ninja_bn_gfx.o
 .ARM.attributes
                0x00000150       0x1a simple_bg_bn_gfx.o
 .ARM.attributes
                0x0000016a       0x28 C:\Users\Sergio\AppData\Local\Temp\ccBjUt0S.ltrans0.ltrans.o
 .ARM.attributes
                0x00000192       0x28 C:\Users\Sergio\AppData\Local\Temp\ccBjUt0S.ltrans1.ltrans.o
 .ARM.attributes
                0x000001ba       0x28 C:\Users\Sergio\AppData\Local\Temp\ccBjUt0S.ltrans2.ltrans.o
 .ARM.attributes
                0x000001e2       0x26 bn_sprites_manager.bn_iwram.o
 .ARM.attributes
                0x00000208       0x26 bn_hw_common.bn_noflto.o
 .ARM.attributes
                0x0000022e       0x26 bn_hw_game_pak.bn_ewram.o
 .ARM.attributes
                0x00000254       0x26 bn_hw_palettes.bn_iwram.o
 .ARM.attributes
                0x0000027a       0x26 bn_hw_sprite_tiles.bn_iwram.o
 .ARM.attributes
                0x000002a0       0x26 bn_hw_sram.bn_ewram.o
 .ARM.attributes
                0x000002c6       0x1a bn_hw_bg_blocks.o
 .ARM.attributes
                0x000002e0       0x1a bn_hw_core.o
 .ARM.attributes
                0x000002fa       0x1a bn_hw_hblank_effects.o
 .ARM.attributes
                0x00000314       0x1a bn_hw_palettes_asm.o
 .ARM.attributes
                0x0000032e       0x1a clr_blend_fast.o
 .ARM.attributes
                0x00000348       0x1a clr_fade_fast.o
 .ARM.attributes
                0x00000362       0x1a tonc_bios.o
 .ARM.attributes
                0x0000037c       0x1a tonc_memset.o
 .ARM.attributes
                0x00000396       0x1a tonc_nocash.o
 .ARM.attributes
                0x000003b0       0x1a verdana9.o
 .ARM.attributes
                0x000003ca       0x1a irq_handler.o
 .ARM.attributes
                0x000003e4       0x1a posprintf.o
 .ARM.attributes
                0x000003fe       0x1a atan2.o
 .ARM.attributes
                0x00000418       0x1a coroutine_asm.o
 .ARM.attributes
                0x00000432       0x1a fiq_memcpy.o
 .ARM.attributes
                0x0000044c       0x1a lmul.o
 .ARM.attributes
                0x00000466       0x1a memcpy.o
 .ARM.attributes
                0x00000480       0x1a memmove.o
 .ARM.attributes
                0x0000049a       0x1a memset.o
 .ARM.attributes
                0x000004b4       0x1a rmemcpy.o
 .ARM.attributes
                0x000004ce       0x1a clz.o
 .ARM.attributes
                0x000004e8       0x1a sdiv32.o
 .ARM.attributes
                0x00000502       0x1a sqrt32.o
 .ARM.attributes
                0x0000051c       0x1a udiv32.o
 .ARM.attributes
                0x00000536       0x1a huffman.o
 .ARM.attributes
                0x00000550       0x1a lz77.o
 .ARM.attributes
                0x0000056a       0x1a running_length.o
 .ARM.attributes
                0x00000584       0x1a mm_effect.o
 .ARM.attributes
                0x0000059e       0x1a mm_main.o
 .ARM.attributes
                0x000005b8       0x1a mm_mas.o
 .ARM.attributes
                0x000005d2       0x1a mm_mas_arm.o
 .ARM.attributes
                0x000005ec       0x1a mm_init_default.o
 .ARM.attributes
                0x00000606       0x1a mm_main_gba.o
 .ARM.attributes
                0x00000620       0x1a mm_mixer_gba.o
 .ARM.attributes
                0x0000063a       0x1c C:/devkitPro/devkitARM/bin/../lib/gcc/arm-none-eabi/14.1.0/thumb\libgcc.a(_call_via_rX.o)
 .ARM.attributes
                0x00000656       0x1c C:/devkitPro/devkitARM/bin/../lib/gcc/arm-none-eabi/14.1.0/thumb\libgcc.a(_sync_none.o)
 .ARM.attributes
                0x00000672       0x2a C:/devkitPro/devkitARM/bin/../lib/gcc/arm-none-eabi/14.1.0/thumb/crtend.o
 .ARM.attributes
                0x0000069c       0x1c C:/devkitPro/devkitARM/bin/../lib/gcc/arm-none-eabi/14.1.0/thumb/crtn.o

/DISCARD/
 *(.note.GNU-stack)
LOAD C:/devkitPro/devkitARM/bin/../lib/gcc/arm-none-eabi/14.1.0/../../../../arm-none-eabi/lib/thumb/gba_crt0.o
LOAD C:/devkitPro/devkitARM/bin/../lib/gcc/arm-none-eabi/14.1.0/thumb/crti.o
LOAD C:/devkitPro/devkitARM/bin/../lib/gcc/arm-none-eabi/14.1.0/thumb/crtbegin.o
LOAD _bn_audio_soundbank.bin.o
LOAD big_font_bn_gfx.o
LOAD cat_bn_gfx.o
LOAD cats_intro_bn_gfx.o
LOAD clouds_bn_gfx.o
LOAD common_variable_8x16_font_bn_gfx.o
LOAD dino_bn_gfx.o
LOAD jam2024_bn_gfx.o
LOAD ninja_bn_gfx.o
LOAD simple_bg_bn_gfx.o
LOAD common_info.o
LOAD C:\Users\Sergio\AppData\Local\Temp\ccBjUt0S.ltrans0.ltrans.o
LOAD C:\Users\Sergio\AppData\Local\Temp\ccBjUt0S.ltrans1.ltrans.o
LOAD C:\Users\Sergio\AppData\Local\Temp\ccBjUt0S.ltrans2.ltrans.o
LOAD C:\Users\Sergio\AppData\Local\Temp\ccwfgTym.debug.temp.o
LOAD C:\Users\Sergio\AppData\Local\Temp\cckAYPl7.debug.temp.o
LOAD C:\Users\Sergio\AppData\Local\Temp\ccA7HzfR.debug.temp.o
LOAD C:\Users\Sergio\AppData\Local\Temp\ccQemjvB.debug.temp.o
LOAD C:\Users\Sergio\AppData\Local\Temp\ccyy1PRk.debug.temp.o
LOAD C:\Users\Sergio\AppData\Local\Temp\ccCt4dj4.debug.temp.o
LOAD C:\Users\Sergio\AppData\Local\Temp\cc00t84M.debug.temp.o
LOAD C:\Users\Sergio\AppData\Local\Temp\ccyvNNNz.debug.temp.o
LOAD C:\Users\Sergio\AppData\Local\Temp\cc2ttsSm.debug.temp.o
LOAD C:\Users\Sergio\AppData\Local\Temp\ccCx8P09.debug.temp.o
LOAD C:\Users\Sergio\AppData\Local\Temp\ccwdaKtW.debug.temp.o
LOAD C:\Users\Sergio\AppData\Local\Temp\ccQw91YH.debug.temp.o
LOAD C:\Users\Sergio\AppData\Local\Temp\ccw1qbVt.debug.temp.o
LOAD C:\Users\Sergio\AppData\Local\Temp\cca96G3e.debug.temp.o
LOAD C:\Users\Sergio\AppData\Local\Temp\ccSivVf0.debug.temp.o
LOAD C:\Users\Sergio\AppData\Local\Temp\cc6Q9BfP.debug.temp.o
LOAD C:\Users\Sergio\AppData\Local\Temp\ccwngTxE.debug.temp.o
LOAD C:\Users\Sergio\AppData\Local\Temp\ccq9EXWs.debug.temp.o
LOAD C:\Users\Sergio\AppData\Local\Temp\ccisH1Hh.debug.temp.o
LOAD C:\Users\Sergio\AppData\Local\Temp\ccE01Sz5.debug.temp.o
LOAD C:\Users\Sergio\AppData\Local\Temp\cccxOkKT.debug.temp.o
LOAD C:\Users\Sergio\AppData\Local\Temp\cccgCz1G.debug.temp.o
LOAD C:\Users\Sergio\AppData\Local\Temp\ccauKgAu.debug.temp.o
LOAD C:\Users\Sergio\AppData\Local\Temp\ccCzoyWl.debug.temp.o
LOAD C:\Users\Sergio\AppData\Local\Temp\ccEFJAJd.debug.temp.o
LOAD C:\Users\Sergio\AppData\Local\Temp\ccoS4QH4.debug.temp.o
LOAD C:\Users\Sergio\AppData\Local\Temp\ccQFL8SV.debug.temp.o
LOAD C:\Users\Sergio\AppData\Local\Temp\cc2KVKgM.debug.temp.o
LOAD C:\Users\Sergio\AppData\Local\Temp\cccRWXVC.debug.temp.o
LOAD C:\Users\Sergio\AppData\Local\Temp\ccM6HXHs.debug.temp.o
LOAD C:\Users\Sergio\AppData\Local\Temp\ccQhbZQi.debug.temp.o
LOAD C:\Users\Sergio\AppData\Local\Temp\ccyrzJzc.debug.temp.o
LOAD C:\Users\Sergio\AppData\Local\Temp\cce6hWz6.debug.temp.o
LOAD C:\Users\Sergio\AppData\Local\Temp\ccQk8uMZ.debug.temp.o
LOAD C:\Users\Sergio\AppData\Local\Temp\ccmSPT2S.debug.temp.o
LOAD C:\Users\Sergio\AppData\Local\Temp\ccQURKAM.debug.temp.o
LOAD C:\Users\Sergio\AppData\Local\Temp\ccgx1XkF.debug.temp.o
LOAD C:\Users\Sergio\AppData\Local\Temp\ccYwOV8x.debug.temp.o
LOAD C:\Users\Sergio\AppData\Local\Temp\ccUnHE3p.debug.temp.o
LOAD C:\Users\Sergio\AppData\Local\Temp\cckaipli.debug.temp.o
LOAD C:\Users\Sergio\AppData\Local\Temp\ccS6rqLa.debug.temp.o
LOAD C:\Users\Sergio\AppData\Local\Temp\ccaNNVY6.debug.temp.o
LOAD C:\Users\Sergio\AppData\Local\Temp\ccWoRsz3.debug.temp.o
LOAD C:\Users\Sergio\AppData\Local\Temp\ccgKj32Y.debug.temp.o
LOAD C:\Users\Sergio\AppData\Local\Temp\ccCOQcPU.debug.temp.o
LOAD C:\Users\Sergio\AppData\Local\Temp\ccUkjCMP.debug.temp.o
LOAD C:\Users\Sergio\AppData\Local\Temp\cck1kiSK.debug.temp.o
LOAD C:\Users\Sergio\AppData\Local\Temp\cc4ftP2F.debug.temp.o
LOAD C:\Users\Sergio\AppData\Local\Temp\ccwBBAoA.debug.temp.o
LOAD main.o
LOAD bn_affine_bg_animate_actions.o
LOAD bn_audio_manager.o
LOAD bn_best_fit_allocator.o
LOAD bn_bg_blocks_manager.o
LOAD bn_bgs_manager.o
LOAD bn_cameras_manager.o
LOAD bn_core.o
LOAD bn_display_manager.o
LOAD bn_gpio_manager.o
LOAD bn_hblank_effects_manager.o
LOAD bn_hdma_manager.o
LOAD bn_keypad_manager.o
LOAD bn_link_manager.o
LOAD bn_memory_manager.o
LOAD bn_palettes_manager.o
LOAD bn_profiler.o
LOAD bn_regular_bg_animate_actions.o
LOAD bn_sprite_affine_mats_manager.o
LOAD bn_sprite_animate_actions.o
LOAD bn_sprite_text_generator.o
LOAD bn_sprite_tiles_manager.o
LOAD bn_sprites_manager.bn_iwram.o
LOAD bn_sprites_manager.o
LOAD bn_sstream.o
LOAD bn_translation_unit.o
LOAD bn_hw_audio.o
LOAD bn_hw_common.bn_noflto.o
LOAD bn_hw_cstdlib.o
LOAD bn_hw_cstring.o
LOAD bn_hw_game_pak.bn_ewram.o
LOAD bn_hw_link.o
LOAD bn_hw_memory.o
LOAD bn_hw_palettes.bn_iwram.o
LOAD bn_hw_palettes.o
LOAD bn_hw_show.o
LOAD bn_hw_sprite_tiles.bn_iwram.o