Archive member included to satisfy reference by file (symbol)

C:/devkitPro/devkitARM/bin/../lib/gcc/arm-none-eabi/14.1.0/thumb\libgcc.a(_call_via_rX.o)
                              mm_main_gba.o (_call_via_r1)
C:/devkitPro/devkitARM/bin/../lib/gcc/arm-none-eabi/14.1.0/thumb\libgcc.a(_sync_none.o)
                              (__sync_synchronize_none)

Discarded input sections

 .text          0x00000000        0x0 C:/devkitPro/devkitARM/bin/../lib/gcc/arm-none-eabi/14.1.0/../../../../arm-none-eabi/lib/thumb/gba_crt0.o
 .data          0x00000000        0x0 C:/devkitPro/devkitARM/bin/../lib/gcc/arm-none-eabi/14.1.0/../../../../arm-none-eabi/lib/thumb/gba_crt0.o
 .bss           0x00000000        0x0 C:/devkitPro/devkitARM/bin/../lib/gcc/arm-none-eabi/14.1.0/../../../../arm-none-eabi/lib/thumb/gba_crt0.o
 .text          0x00000000        0x0 C:/devkitPro/devkitARM/bin/../lib/gcc/arm-none-eabi/14.1.0/thumb/crti.o
 .data          0x00000000        0x0 C:/devkitPro/devkitARM/bin/../lib/gcc/arm-none-eabi/14.1.0/thumb/crti.o
 .bss           0x00000000        0x0 C:/devkitPro/devkitARM/bin/../lib/gcc/arm-none-eabi/14.1.0/thumb/crti.o
 .text          0x00000000        0x0 C:/devkitPro/devkitARM/bin/../lib/gcc/arm-none-eabi/14.1.0/thumb/crtbegin.o
 .data          0x00000000        0x0 C:/devkitPro/devkitARM/bin/../lib/gcc/arm-none-eabi/14.1.0/thumb/crtbegin.o
 .bss           0x00000000        0x0 C:/devkitPro/devkitARM/bin/../lib/gcc/arm-none-eabi/14.1.0/thumb/crtbegin.o
 .rodata.all_implied_fbits
                0x00000000       0x24 C:/devkitPro/devkitARM/bin/../lib/gcc/arm-none-eabi/14.1.0/thumb/crtbegin.o
 .text          0x00000000        0x0 _bn_audio_soundbank.bin.o
 .data          0x00000000        0x0 _bn_audio_soundbank.bin.o
 .bss           0x00000000        0x0 _bn_audio_soundbank.bin.o
 .text          0x00000000        0x0 big_font_bn_gfx.o
 .data          0x00000000        0x0 big_font_bn_gfx.o
 .bss           0x00000000        0x0 big_font_bn_gfx.o
 .rodata        0x00000000     0x1ba0 big_font_bn_gfx.o
 .text          0x00000000        0x0 cat_bn_gfx.o
 .data          0x00000000        0x0 cat_bn_gfx.o
 .bss           0x00000000        0x0 cat_bn_gfx.o
 .text          0x00000000        0x0 cats_intro_bn_gfx.o
 .data          0x00000000        0x0 cats_intro_bn_gfx.o
 .bss           0x00000000        0x0 cats_intro_bn_gfx.o
 .text          0x00000000        0x0 clouds_bn_gfx.o
 .data          0x00000000        0x0 clouds_bn_gfx.o
 .bss           0x00000000        0x0 clouds_bn_gfx.o
 .text          0x00000000        0x0 collider_bn_gfx.o
 .data          0x00000000        0x0 collider_bn_gfx.o
 .bss           0x00000000        0x0 collider_bn_gfx.o
 .rodata        0x00000000       0x40 collider_bn_gfx.o
 .text          0x00000000        0x0 common_variable_8x16_font_bn_gfx.o
 .data          0x00000000        0x0 common_variable_8x16_font_bn_gfx.o
 .bss           0x00000000        0x0 common_variable_8x16_font_bn_gfx.o
 .text          0x00000000        0x0 dino_bn_gfx.o
 .data          0x00000000        0x0 dino_bn_gfx.o
 .bss           0x00000000        0x0 dino_bn_gfx.o
 .text          0x00000000        0x0 jam2024_bn_gfx.o
 .data          0x00000000        0x0 jam2024_bn_gfx.o
 .bss           0x00000000        0x0 jam2024_bn_gfx.o
 .text          0x00000000        0x0 limit_bn_gfx.o
 .data          0x00000000        0x0 limit_bn_gfx.o
 .bss           0x00000000        0x0 limit_bn_gfx.o
 .text          0x00000000        0x0 ninja_bn_gfx.o
 .data          0x00000000        0x0 ninja_bn_gfx.o
 .bss           0x00000000        0x0 ninja_bn_gfx.o
 .text          0x00000000        0x0 simple_bg_bn_gfx.o
 .data          0x00000000        0x0 simple_bg_bn_gfx.o
 .bss           0x00000000        0x0 simple_bg_bn_gfx.o
 .data          0x00000000        0x0 C:\Users\Sergio\AppData\Local\Temp\ccptsk6K.ltrans0.ltrans.o
 .data          0x00000000        0x0 C:\Users\Sergio\AppData\Local\Temp\ccptsk6K.ltrans1.ltrans.o
 .bss           0x00000000        0x0 C:\Users\Sergio\AppData\Local\Temp\ccptsk6K.ltrans1.ltrans.o
 .comment       0x00000000       0x24 C:\Users\Sergio\AppData\Local\Temp\ccopzII5.debug.temp.o
 .comment       0x00000000       0x24 C:\Users\Sergio\AppData\Local\Temp\cc8x28mO.debug.temp.o
 .comment       0x00000000       0x24 C:\Users\Sergio\AppData\Local\Temp\cc6Jhrkx.debug.temp.o
 .comment       0x00000000       0x24 C:\Users\Sergio\AppData\Local\Temp\ccEsot5j.debug.temp.o
 .comment       0x00000000       0x24 C:\Users\Sergio\AppData\Local\Temp\ccU5yuT6.debug.temp.o
 .comment       0x00000000       0x24 C:\Users\Sergio\AppData\Local\Temp\ccMUD64T.debug.temp.o
 .comment       0x00000000       0x24 C:\Users\Sergio\AppData\Local\Temp\ccmg4caG.debug.temp.o
 .comment       0x00000000       0x24 C:\Users\Sergio\AppData\Local\Temp\ccII1Uvs.debug.temp.o
 .comment       0x00000000       0x24 C:\Users\Sergio\AppData\Local\Temp\ccc7Qy4d.debug.temp.o
[...]
Memory Configuration

Name             Origin             Length             Attributes
rom              0x08000000         0x02000000
iwram            0x03000000         0x00008000
ewram            0x02000000         0x00040000
*default*        0x00000000         0xffffffff

Linker script and memory map

                0x00000000                        __sync_synchronize = __sync_synchronize_none
                0x08000000                        __text_start = ORIGIN (rom)
                0x02040000                        __eheap_end = (ORIGIN (ewram) + LENGTH (ewram))
                0x03000000                        __iwram_start = ORIGIN (iwram)
                0x03008000                        __iwram_top = (ORIGIN (iwram) + LENGTH (iwram))
                0x03007fa0                        __sp_irq = (__iwram_top - 0x60)
                0x03007f00                        __sp_usr = (__sp_irq - 0xa0)
                0x03007ff8                        __irq_flags = 0x3007ff8
                0x08000000                        . = __text_start

.crt0           0x08000000      0x210
 *(.crt0)
 .crt0          0x08000000      0x210 C:/devkitPro/devkitARM/bin/../lib/gcc/arm-none-eabi/14.1.0/../../../../arm-none-eabi/lib/thumb/gba_crt0.o
                0x08000000                _start
                0x080000c4                __boot_method
                0x080000c5                __slave_number
                0x080000e0                start_vector
                0x08000210                        . = ALIGN (0x4)

.init           0x08000210        0xc
 *(SORT_NONE(.init))
 .init          0x08000210        0x4 C:/devkitPro/devkitARM/bin/../lib/gcc/arm-none-eabi/14.1.0/thumb/crti.o
                0x08000210                _init
 .init          0x08000214        0x8 C:/devkitPro/devkitARM/bin/../lib/gcc/arm-none-eabi/14.1.0/thumb/crtn.o

.plt            0x0800021c        0x0
 *(.plt)
                0x0800021c                        . = ALIGN (0x4)

.text           0x08000220    0x171d0
 *(EXCLUDE_FILE(*.iwram*) .text*)
 .text.__do_global_dtors_aux
                0x08000220       0x2c C:/devkitPro/devkitARM/bin/../lib/gcc/arm-none-eabi/14.1.0/thumb/crtbegin.o
 .text.frame_dummy
                0x0800024c       0x24 C:/devkitPro/devkitARM/bin/../lib/gcc/arm-none-eabi/14.1.0/thumb/crtbegin.o
 .text          0x08000270     0x6a7c C:\Users\Sergio\AppData\Local\Temp\ccptsk6K.ltrans0.ltrans.o
                0x080006e0                catgame::lvl1::~lvl1()
                0x08000768                catgame::lvl1::~lvl1() [clone .lto_priv.0]
                0x08000768                catgame::lvl1::~lvl1() [clone .lto_priv.0]
                0x0800076c                bn::camera_ptr::position() const
                0x08000780                bn::optional<catgame::game_phases>::~optional() [clone .lto_priv.0]
                0x08000780                bn::optional<catgame::game_phases>::~optional()
                0x08000784                bn::audio_manager::(anonymous namespace)::static_data::~static_data() [clone .lto_priv.0]
                0x08000784                bn::audio_manager::(anonymous namespace)::static_data::~static_data() [clone .lto_priv.0]
                0x08000788                bn::bg_blocks_manager::decrease_usages(int)
                0x08000830                bn::bg_blocks_manager::(anonymous namespace)::static_data::~static_data() [clone .lto_priv.0]
                0x08000830                bn::bg_blocks_manager::(anonymous namespace)::static_data::~static_data() [clone .lto_priv.0]
                0x08000890                bn::bgs_manager::fill_hblank_effect_regular_positions(int, bn::fixed_t<12> const*, unsigned short*)
                0x080008c8                void _bn::assert::show_args<char [20], int>(char const*, char const*, char const*, int, char const (&) [20], int const&)
                0x080008c8                void _bn::assert::show_args<char [22], int>(char const*, char const*, char const*, int, char const (&) [22], int const&)
                0x080008c8                void _bn::assert::show_args<char [26], int>(char const*, char const*, char const*, int, char const (&) [26], int const&)
                0x080008c8                void _bn::assert::show_args<char [16], int>(char const*, char const*, char const*, int, char const (&) [16], int const&)
                0x080008c8                void _bn::assert::show_args<char [33], int>(char const*, char const*, char const*, int, char const (&) [33], int const&)
                0x080008c8                void _bn::assert::show_args<char [28], int>(char const*, char const*, char const*, int, char const (&) [28], int const&)
                0x080008c8                void _bn::assert::show_args<char [15], int>(char const*, char const*, char const*, int, char const (&) [15], int const&)
                0x080008c8                void _bn::assert::show_args<char [27], int>(char const*, char const*, char const*, int, char const (&) [27], int const&)
                0x080008c8                void _bn::assert::show_args<char [17], int>(char const*, char const*, char const*, int, char const (&) [17], int const&)
                0x080008c8                void _bn::assert::show_args<char [25], int>(char const*, char const*, char const*, int, char const (&) [25], int const&)
                0x080008c8                void _bn::assert::show_args<char [18], int>(char const*, char const*, char const*, int, char const (&) [18], int const&)
                0x080008c8                void _bn::assert::show_args<char [39], int>(char const*, char const*, char const*, int, char const (&) [39], int const&)
                0x08000980                void _bn::assert::show_args<char [14]>(char const*, char const*, char const*, int, char const (&) [14])
                0x08000980                void _bn::assert::show_args<char [27]>(char const*, char const*, char const*, int, char const (&) [27])
                0x08000980                void _bn::assert::show_args<char [22]>(char const*, char const*, char const*, int, char const (&) [22])
                0x08000980                void _bn::assert::show_args<char [54]>(char const*, char const*, char const*, int, char const (&) [54])
                0x08000980                void _bn::assert::show_args<char [24]>(char const*, char const*, char const*, int, char const (&) [24])
                0x08000980                void _bn::assert::show_args<char [35]>(char const*, char const*, char const*, int, char const (&) [35])
                0x08000980                void _bn::assert::show_args<char [55]>(char const*, char const*, char const*, int, char const (&) [55])
                0x08000980                void _bn::assert::show_args<char [21]>(char const*, char const*, char const*, int, char const (&) [21])
                0x08000980                void _bn::assert::show_args<char [19]>(char const*, char const*, char const*, int, char const (&) [19])
                0x08000980                void _bn::assert::show_args<char [15]>(char const*, char const*, char const*, int, char const (&) [15])
                0x08000980                void _bn::assert::show_args<char [26]>(char const*, char const*, char const*, int, char const (&) [26])
                0x08000980                void _bn::assert::show_args<char [37]>(char const*, char const*, char const*, int, char const (&) [37])
                0x08000980                void _bn::assert::show_args<char [13]>(char const*, char const*, char const*, int, char const (&) [13])
                0x08000980                void _bn::assert::show_args<char [16]>(char const*, char const*, char const*, int, char const (&) [16])
                0x08000980                void _bn::assert::show_args<char [18]>(char const*, char const*, char const*, int, char const (&) [18])
                0x08000980                void _bn::assert::show_args<char [23]>(char const*, char const*, char const*, int, char const (&) [23])
                0x08000980                void _bn::assert::show_args<char [31]>(char const*, char const*, char const*, int, char const (&) [31])
                0x08000980                void _bn::assert::show_args<char [17]>(char const*, char const*, char const*, int, char const (&) [17])
                0x08000980                void _bn::assert::show_args<char [33]>(char const*, char const*, char const*, int, char const (&) [33])
                0x08000980                void _bn::assert::show_args<char [66]>(char const*, char const*, char const*, int, char const (&) [66])
                0x08000980                void _bn::assert::show_args<char [30]>(char const*, char const*, char const*, int, char const (&) [30])
                0x080009c0                bn::bgs_manager::(anonymous namespace)::static_data::~static_data() [clone .lto_priv.0]
                0x080009c0                bn::bgs_manager::(anonymous namespace)::static_data::~static_data() [clone .lto_priv.0]
                0x080013ac                bn::bgs_manager::fill_hblank_effect_regular_attributes(void*, bn::regular_bg_attributes const*, unsigned short*)
                0x080028e0                bn::bgs_manager::decrease_usages(void*)
                0x080029c4                void bn::ostringstream::append<12>(bn::fixed_t<12>)
                0x08003800                bn::bgs_manager::(anonymous namespace)::_insert_item(bn::bgs_manager::(anonymous namespace)::item_type&) [clone .lto_priv.0]
                0x080049cc                bn::regular_bg_ptr::create(bn::fixed_t<12>, bn::fixed_t<12>, bn::regular_bg_item const&)
                0x08006c70                bn::core::update()
 .text.startup  0x08006cec      0xe40 C:\Users\Sergio\AppData\Local\Temp\ccptsk6K.ltrans0.ltrans.o
                0x08006cec                main
 .text          0x08007b2c     0x8398 C:\Users\Sergio\AppData\Local\Temp\ccptsk6K.ltrans1.ltrans.o
                0x08007b6c                bn::hw::link::(anonymous namespace)::_resetStateCallback() [clone .lto_priv.0]
                0x08007d78                bmp16_drawg_b1cts
                0x08007e38                dummy_drawg
                0x08007e3c                dummy_erase
                0x08008450                bmp16_erase
                0x08008838                bn::display_manager::(anonymous namespace)::_update_rect_windows_hw_boundaries(int) [clone .lto_priv.0]
                0x080088bc                bn::display_manager::(anonymous namespace)::static_data::~static_data() [clone .lto_priv.0]
                0x080088bc                bn::display_manager::(anonymous namespace)::static_data::~static_data() [clone .lto_priv.0]
                0x08008908                bn::keypad_manager::update()
                0x080089a8                operator delete(void*)
                0x080089b4                operator delete(void*, unsigned int)
                0x080089c0                operator delete[](void*)
                0x080089cc                operator delete[](void*, unsigned int)
                0x080089d8                bn::ostringstream::ostringstream(bn::istring_base&)
                0x080089d8                bn::ostringstream::ostringstream(bn::istring_base&)
                0x080089e0                bn::ostringstream::append(char const*)
                0x08008a6c                bn::palettes_bank::find_bpp_4(bn::span<bn::color const> const&, unsigned short)
                0x08008c00                bn::palettes_bank::update()
                0x08008d34                bn::palettes_manager::(anonymous namespace)::static_data::~static_data() [clone .lto_priv.0]
                0x08008d34                bn::palettes_manager::(anonymous namespace)::static_data::~static_data() [clone .lto_priv.0]
                0x08008d38                bool bn::sprite_affine_mats_manager::(anonymous namespace)::_sprite_double_size<32, 16>(int, int, int, int, int) [clone .lto_priv.0]
                0x08008dbc                bool bn::sprite_affine_mats_manager::(anonymous namespace)::_sprite_double_size<16, 32>(int, int, int, int, int) [clone .lto_priv.0]
                0x08008e40                bn::sprite_affine_mats_manager::(anonymous namespace)::static_data::~static_data() [clone .lto_priv.0]
                0x08008e40                bn::sprite_affine_mats_manager::(anonymous namespace)::static_data::~static_data() [clone .lto_priv.0]
                0x08008e7c                bn::sprites_manager::(anonymous namespace)::_always_update_indexes_to_commit(bn::sprites_manager_item const&) [clone .lto_priv.0]
                0x08008ec4                bn::sprites_manager::set_horizontal_flip(void*, bool)
                0x08008f8c                bn::sprites_manager::update_auto_double_size(void*)
                0x0800908c                VgmStop()
                0x0800914c                gbt_refresh_pattern_ptr.lto_priv.0
                0x080091d0                gbt_run_startup_commands.part.0.lto_priv.0
                0x08009264                bn::hw::audio::(anonymous namespace)::_commit() [clone .lto_priv.0]
                0x080099c4                bn::hw::audio::(anonymous namespace)::_vblank_handler() [clone .lto_priv.0]
                0x08009c78                operator new(unsigned int)
                0x08009ca8                operator new[](unsigned int)
                0x08009cd8                malloc
                0x08009d30                bn::ostringstream::append(int)
                0x08009ebc                bn::ostringstream::append(unsigned int)
                0x08009f64                bn::ostringstream::append(void const*)
                0x0800a084                bn::sprite_tiles_manager::(anonymous namespace)::_hw_commit(bn::tile const*, bn::compression_type, int, int) [clone .lto_priv.0]
                0x0800a404                _bn::assert::show(char const*, char const*, char const*, int)
                0x0800a41c                _bn::assert::show(char const*, char const*, char const*, int, bn::istring_base const&)
                0x0800a56c                void _bn::assert::show_args<char [28], char [15], bn::tile const*, char [16], int, char [34], bn::string_view>(char const*, char const*, char const*, int, char const (&) [28], char const (&) [15], bn::tile const* const&, char const (&) [16], int const&, char const (&) [34], bn::string_view const&) [clone .constprop.0]
                0x0800a640                bn::sprites_manager::set_tiles(void*, bn::sprite_tiles_ptr&&)
                0x0800a894                bn::(anonymous namespace)::_graphics_index(char, bn::utf8_characters_map_ref const&, char const*, int&) [clone .part.0] [clone .lto_priv.0]
                0x0800aa38                bn::sprite_text_generator::width(bn::string_view const&) const
                0x0800ac48                bn::hblank_effects_manager::(anonymous namespace)::item_type::check_update() [clone .lto_priv.0]
                0x0800ce3c                bn::memory_manager::(anonymous namespace)::static_data::~static_data() [clone .lto_priv.0]
                0x0800ce3c                bn::memory_manager::(anonymous namespace)::static_data::~static_data() [clone .lto_priv.0]
                0x0800ce70                bn::bg_palette_ptr::create(bn::bg_palette_item const&)
                0x0800cfa4                bn::sprite_palette_ptr::create(bn::sprite_palette_item const&)
                0x0800d0cc                bn::palettes_bank::log_status() const
                0x0800d4c4                bn::sprite_tiles_manager::log_status()
                0x0800daa4                bn::ostringstream::_append_fraction(unsigned int, int)
                0x0800dbb4                bn::hw::link::_timer_intr()
                0x0800dca8                bn::hw::link::_serial_intr()
                0x0800de60                bn::palettes_bank::decrease_usages(int)
                0x0800e29c                bn::sprite_tiles_manager::update()
                0x0800e4cc                bn::sprite_tiles_manager::(anonymous namespace)::_find_impl(bn::tile const*, bn::compression_type, int) [clone .lto_priv.0]
                0x0800ea18                bn::sprite_tiles_manager::(anonymous namespace)::_create_impl(bn::tile const*, bn::compression_type, int) [clone .lto_priv.0]
                0x0800ed68                bn::hw::audio::(anonymous namespace)::_add_sound_to_queue(int, unsigned short) [clone .lto_priv.0]
                0x0800ee34                bn::sprite_ptr::create(bn::fixed_t<12>, bn::fixed_t<12>, bn::sprite_item const&)
                0x0800f074                bn::sprites_manager::create(bn::sprite_builder&&)
                0x0800f714                bn::tile* bn::(anonymous namespace)::_build_sprite_assert<(bn::sprite_size)1>(bn::sprite_text_generator const&, bn::sprite_palette_ptr const&, bn::fixed_point_t<12> const&, bn::ivector<bn::sprite_ptr>&) [clone .lto_priv.0]
                0x0800f8f8                bn::tile* bn::(anonymous namespace)::_build_sprite_assert<(bn::sprite_size)2>(bn::sprite_text_generator const&, bn::sprite_palette_ptr const&, bn::fixed_point_t<12> const&, bn::ivector<bn::sprite_ptr>&) [clone .lto_priv.0]
                0x0800fae0                bn::sprites_manager::(anonymous namespace)::static_data::~static_data() [clone .lto_priv.0]
                0x0800fae0                bn::sprites_manager::(anonymous namespace)::static_data::~static_data() [clone .lto_priv.0]
                0x0800fb44                bn::hw::audio::(anonymous namespace)::static_data::~static_data() [clone .lto_priv.0]
                0x0800fb44                bn::hw::audio::(anonymous namespace)::static_data::~static_data() [clone .lto_priv.0]
                0x0800fb48                bn::hw::audio::(anonymous namespace)::_erase_sound_from_queue(unsigned short) [clone .lto_priv.0]
                0x0800fbe0                bn::hw::audio::(anonymous namespace)::_check_sounds_queue() [clone .part.0] [clone .lto_priv.0]
                0x0800fc80                bn::hw::link::(anonymous namespace)::_sendDataCallback() [clone .lto_priv.0]
                0x0800fd64                bn::hw::link::(anonymous namespace)::_receiveResponseCallback(bn::lc::LinkResponse const&) [clone .lto_priv.0]
 .text          0x0800fec4     0x5148 C:\Users\Sergio\AppData\Local\Temp\ccptsk6K.ltrans2.ltrans.o
                0x08010108                bn::bg_blocks_manager::(anonymous namespace)::items_list::insert_after(int, bn::bg_blocks_manager::(anonymous namespace)::item_type const&) [clone .constprop.0]
                0x080103c4                bn::lc::LinkConnection::stop() [clone .constprop.0]
                0x080103f0                bn::best_fit_allocator::free(void*) [clone .constprop.0]
                0x0801050c                bn::hw::bgs::commit_data::commit_data() [clone .constprop.0] [clone .isra.0]
                0x08010568                bn::bg_blocks_manager::(anonymous namespace)::items_list::items_list() [clone .constprop.0] [clone .isra.0]
                0x080105b4                bn::sprite_affine_mats_manager::(anonymous namespace)::static_data::static_data() [clone .constprop.0] [clone .isra.0]
                0x08010658                bn::sprite_tiles_manager::(anonymous namespace)::static_data::static_data() [clone .constprop.0] [clone .isra.0]
                0x08010784                bn::display_manager::(anonymous namespace)::static_data::static_data() [clone .constprop.0] [clone .isra.0]
                0x08010814                bn::hdma_manager::(anonymous namespace)::static_data::static_data() [clone .constprop.0] [clone .isra.0]
                0x08010848                bn::hblank_effects_manager::(anonymous namespace)::static_external_data::static_external_data() [clone .constprop.0] [clone .isra.0]
                0x08010920                bn::string_view::string_view(char const*) [clone .isra.0]
                0x0801093c                bn::core::(anonymous namespace)::static_data::static_data() [clone .constprop.0] [clone .isra.0]
                0x080109a4                bn::sprite_affine_mats_manager::(anonymous namespace)::item_type::sprite_double_size(int, bn::sprite_shape_size const&) const [clone .isra.0]
                0x08010b50                bn::palettes_bank::palettes_bank() [clone .isra.0]
                0x08010c24                bn::regular_bg_ptr::set_camera(bn::camera_ptr const&) [clone .isra.0]
                0x08010dc8                void _bn::assert::show_args<char [16], int, char [4], int>(char const*, char const*, char const*, int, char const (&) [16], int const&, char const (&) [4], int const&) [clone .constprop.0]
                0x08010e30                bn::istring::append(char const*) [clone .isra.0]
                0x08010eb0                void _bn::assert::show_args<char [52], unsigned short>(char const*, char const*, char const*, int, char const (&) [52], unsigned short const&) [clone .constprop.0]
                0x08010f04                void _bn::assert::show_args<char [20], int, char [4], unsigned short>(char const*, char const*, char const*, int, char const (&) [20], int const&, char const (&) [4], unsigned short const&) [clone .constprop.0]
                0x08010fd4                void _bn::assert::show_args<char [35], unsigned int>(char const*, char const*, char const*, int, char const (&) [35], unsigned int const&) [clone .constprop.0]
                0x08011024                bn::istring::append(char const*, int) [clone .isra.0]
                0x080110b4                bn::hw::show::error(bn::system_font const&, bn::string_view const&, bn::string_view const&, bn::string_view const&, int, bn::string_view const&, bn::string_view const&) [clone .constprop.0]
                0x080113d8                void bn::ostringstream::append_args<int, char [34], bn::string_view>(int const&, char const (&) [34], bn::string_view const&) [clone .constprop.0] [clone .isra.0]
                0x08011400                void _bn::assert::show_args<char [30], char [13], unsigned short const*, char [14], int, char [15], int, char [17], int, char [34], bn::string_view>(char const*, char const*, char const*, int, char const (&) [30], char const (&) [13], unsigned short const* const&, char const (&) [14], int const&, char const (&) [15], int const&, char const (&) [17], int const&, char const (&) [34], bn::string_view const&) [clone .constprop.0]
                0x080114b4                void _bn::assert::show_args<char [32], char [15], unsigned short const*, char [16], int, char [17], int, char [34], bn::string_view>(char const*, char const*, char const*, int, char const (&) [32], char const (&) [15], unsigned short const* const&, char const (&) [16], int const&, char const (&) [17], int const&, char const (&) [34], bn::string_view const&) [clone .constprop.0]
                0x080115ac                void _bn::assert::show_args<char [20], char, char [9], bn::string_view, char [2]>(char const*, char const*, char const*, int, char const (&) [20], char const&, char const (&) [9], bn::string_view const&, char const (&) [2]) [clone .constprop.0]
                0x08011650                bn::sprite_affine_mat_ptr::~sprite_affine_mat_ptr() [clone .isra.0]
                0x080116c8                bn::sorted_sprites::sorter::insert(bn::sprites_manager_item&) [clone .constprop.0]
                0x080118d0                bn::sprite_tiles_manager::create(bn::span<bn::tile const> const&, bn::compression_type) [clone .isra.0]
                0x080119cc                bn::iunordered_map<bn::tile const*, int, bn::hash<bn::tile const*>, bn::equal_to<bn::tile const*> >::erase(bn::iunordered_map<bn::tile const*, int, bn::hash<bn::tile const*>, bn::equal_to<bn::tile const*> >::const_iterator const&) [clone .constprop.0] [clone .isra.0]
                0x08011bd8                bn::palettes_bank::create_bpp_4(bn::span<bn::color const> const&, unsigned short, bool) [clone .constprop.0]
                0x08011e34                bn::palettes_bank::create_bpp_8(bn::span<bn::color const> const&, bn::compression_type, bool) [clone .constprop.0]
                0x0801203c                bn::palettes_bank::colors_hash(bn::span<bn::color const> const&) [clone .isra.0]
                0x08012080                bn::(anonymous namespace)::_create_impl(bn::bg_palette_item const&, bool) [clone .constprop.0]
                0x08012110                bn::ivector<bn::bgs_manager::(anonymous namespace)::item_type*>::size_type bn::erase<bn::bgs_manager::(anonymous namespace)::item_type*>(bn::ivector<bn::bgs_manager::(anonymous namespace)::item_type*>&, bn::bgs_manager::(anonymous namespace)::item_type* const&) [clone .constprop.0] [clone .isra.0]
                0x08012244                bn::sprite_builder::sprite_builder(bn::sprite_shape_size const&, bn::sprite_tiles_ptr, bn::sprite_palette_ptr) [clone .isra.0]
                0x0801245c                bn::sprite_tiles_ptr::~sprite_tiles_ptr() [clone .isra.0]
                0x0801269c                bn::sprite_ptr::~sprite_ptr() [clone .isra.0]
                0x08013ab8                catgame::lvl1::lvl1(bn::camera_ptr&, bn::sprite_text_generator&) [clone .isra.0]
 .text.startup  0x0801500c      0x328 C:\Users\Sergio\AppData\Local\Temp\ccptsk6K.ltrans2.ltrans.o
 .text.__libc_init_array
                0x08015334       0x50 bn_hw_common.bn_noflto.o
                0x08015334                __libc_init_array
 .text.__aeabi_atexit
                0x08015384        0x4 bn_hw_common.bn_noflto.o
                0x08015384                __aeabi_atexit
 .text._ZN3_bn6assert9show_argsIA40_cEEvPKcS4_S4_iRKT_
                0x08015388       0x48 bn_hw_common.bn_noflto.o
                0x08015388                void _bn::assert::show_args<char [40]>(char const*, char const*, char const*, int, char const (&) [40])
 .text.__aeabi_idiv0
                0x080153d0       0x24 bn_hw_common.bn_noflto.o
                0x080153d0                __aeabi_idiv0
 .text.VBlankIntrWait
                0x080153f4        0x4 tonc_bios.o
                0x080153f4                VBlankIntrWait
 .text.memset16
                0x080153f8       0x3c tonc_memset.o
                0x080153f8                memset16
 .text          0x08015434      0x26c posprintf.o
                0x08015438                posprintf
 .text          0x080156a0      0x314 mm_effect.o
                0x080156a0                mmResetEffects
                0x080156cc                mmEffect
                0x080156e2                mmEffectEx
                0x080157e2                mmEffectActive
                0x08015816                mmEffectVolume
                0x08015832                mmEffectPanning
                0x08015846                mmEffectRate
                0x0801585a                mmEffectCancel
                0x08015894                mmEffectRelease
                0x080158ba                mmEffectScaleRate
                0x080158ce                mmSetEffectsVolume
                0x080158dc                mmEffectCancelAll
                0x0801591c                mmUpdateEffects
 .text          0x080159b4       0x14 mm_main.o
                0x080159b4                mpp_call_r7
                0x080159b6                mpp_call_r1
                0x080159b8                mpp_call_r2
                0x080159ba                mpp_call_r3
                0x080159bc                mmSetEventHandler
 .text          0x080159c8     0x1570 mm_mas.o
                0x08015a3c                mmStart
                0x08015a5c                mmJingle
                0x08015a62                mmPlayModule
                0x08015b2c                mmPause
                0x08015b48                mmResume
                0x08015b58                mmActive
                0x08015b5e                mmActiveSub
                0x08015b64                mmSetModuleVolume
                0x08015b74                mmSetJingleVolume
                0x08015bb0                mmGetPositionTick
                0x08015bb6                mmGetPositionRow
                0x08015bbc                mmGetPosition
                0x08015bc2                mmPosition
                0x08015bdc                mmSetModuleTempo
                0x08015c0e                mmSetModulePitch
                0x08015c50                mmStop
                0x08015d16                mppUpdateSub
                0x08015e72                mpp_Process_VolumeCommand
                0x080160aa                mpp_Process_Effect
                0x080167f8                ST3_FREQTABLE
                0x08016c18                IT_PitchTable
 .text          0x08016f38      0x12c mm_main_gba.o
                0x08016f38                mmInit
                0x08016f8c                mmSetVBlankHandler
                0x08016f92                mmFrame
 .text          0x08017064      0x1e0 mm_mixer_gba.o
                0x08017064                mmMixerSetSource
                0x08017078                mmMixerSetRead
                0x08017086                mmMixerSetFreq
                0x08017096                mmMixerMulFreq
                0x080170aa                mmMixerStopChannel
                0x080170bc                mmMixerChannelActive
                0x080170ce                mmMixerSetVolume
                0x080170dc                mmMixerSetPan
                0x080170ea                mmMixerInit
 .text          0x08017244       0x3c C:/devkitPro/devkitARM/bin/../lib/gcc/arm-none-eabi/14.1.0/thumb\libgcc.a(_call_via_rX.o)
                0x08017244                _call_via_r0
                0x08017248                _call_via_r1
                0x0801724c                _call_via_r2
                0x08017250                _call_via_r3
                0x08017254                _call_via_r4
                0x08017258                _call_via_r5
                0x0801725c                _call_via_r6
                0x08017260                _call_via_r7
                0x08017264                _call_via_r8
                0x08017268                _call_via_r9
                0x0801726c                _call_via_sl
                0x08017270                _call_via_fp
                0x08017274                _call_via_ip
                0x08017278                _call_via_sp
                0x0801727c                _call_via_lr
 .text.__stub   0x08017280      0x118 linker stubs
 *(.gnu.linkonce.t.*)
 *(.text.*personality*)
 *(.gnu.warning)
 *(.glue_7t)
 .glue_7t       0x080173f0        0x0 linker stubs
 *(.glue_7)
 .glue_7        0x080173f0        0x0 linker stubs
 *(.vfp11_veneer)
 .vfp11_veneer  0x080173f0        0x0 linker stubs
                0x080173f0                        . = ALIGN (0x4)
                0x080173f0                        __text_end = .

.v4_bx          0x080173f0        0x0
 .v4_bx         0x080173f0        0x0 linker stubs

.iplt           0x080173f0        0x0
 .iplt          0x080173f0        0x0 C:/devkitPro/devkitARM/bin/../lib/gcc/arm-none-eabi/14.1.0/../../../../arm-none-eabi/lib/thumb/gba_crt0.o

.fini           0x080173f0        0xc
 *(.fini)
 .fini          0x080173f0        0x4 C:/devkitPro/devkitARM/bin/../lib/gcc/arm-none-eabi/14.1.0/thumb/crti.o
                0x080173f0                _fini
 .fini          0x080173f4        0x8 C:/devkitPro/devkitARM/bin/../lib/gcc/arm-none-eabi/14.1.0/thumb/crtn.o
                0x080173fc                        . = ALIGN (0x4)

.rodata         0x080173fc     0xcd60
 *(.rodata)
 .rodata        0x080173fc      0x220 cat_bn_gfx.o
                0x080173fc                cat_bn_gfxTiles
                0x080175fc                cat_bn_gfxPal
 .rodata        0x0801761c     0x16e8 cats_intro_bn_gfx.o
                0x0801761c                cats_intro_bn_gfxTiles
                0x080184e4                cats_intro_bn_gfxMap
                0x08018ce4                cats_intro_bn_gfxPal
 .rodata        0x08018d04     0x1600 clouds_bn_gfx.o
                0x08018d04                clouds_bn_gfxTiles
                0x08019ae4                clouds_bn_gfxMap
                0x0801a2e4                clouds_bn_gfxPal
 .rodata        0x0801a304     0x1ba0 common_variable_8x16_font_bn_gfx.o
                0x0801a304                common_variable_8x16_font_bn_gfxTiles
                0x0801be84                common_variable_8x16_font_bn_gfxPal
 .rodata        0x0801bea4      0x820 dino_bn_gfx.o
                0x0801bea4                dino_bn_gfxTiles
                0x0801c6a4                dino_bn_gfxPal
 .rodata        0x0801c6c4     0x271c jam2024_bn_gfx.o
                0x0801c6c4                jam2024_bn_gfxTiles
                0x0801e400                jam2024_bn_gfxMap
                0x0801ec00                jam2024_bn_gfxPal
 .rodata        0x0801ede0       0x40 limit_bn_gfx.o
                0x0801ede0                limit_bn_gfxTiles
                0x0801ee00                limit_bn_gfxPal
 .rodata        0x0801ee20      0x820 ninja_bn_gfx.o
                0x0801ee20                ninja_bn_gfxTiles
                0x0801f620                ninja_bn_gfxPal
 .rodata        0x0801f640      0xc60 simple_bg_bn_gfx.o
                0x0801f640                simple_bg_bn_gfxTiles
                0x0801fa80                simple_bg_bn_gfxMap
                0x08020280                simple_bg_bn_gfxPal
 .rodata        0x080202a0      0x332 C:\Users\Sergio\AppData\Local\Temp\ccptsk6K.ltrans0.ltrans.o
                0x08020384                _ZN2bn2hw7sprites12_GLOBAL__N_1L10_obj_sizesE.lto_priv.0
                0x08020428                bn::regular_bg_items::cats_intro
                0x080205c0                _ZN2bn17bg_blocks_manager12_GLOBAL__N_1L19_status_log_messageE.lto_priv.0
 *fill*         0x080205d2        0x2 ff
 .rodata        0x080205d4      0xfc0 C:\Users\Sergio\AppData\Local\Temp\ccptsk6K.ltrans1.ltrans.o
                0x08020818                _ZN2bn20sprite_tiles_manager12_GLOBAL__N_1L19_status_log_messageE.lto_priv.0
 .rodata        0x08021594       0xe4 C:\Users\Sergio\AppData\Local\Temp\ccptsk6K.ltrans2.ltrans.o
 .rodata        0x08021678      0xef8 verdana9.o
                0x08021678                verdana9Font
                0x08021690                verdana9Glyphs
                0x08022490                verdana9Widths
 *all.rodata*(*)
 *(.roda)
 *(.rodata.*)
 .rodata._bn_audio_soundbank_bin
                0x08022570        0xc _bn_audio_soundbank.bin.o
                0x08022570                _bn_audio_soundbank_bin
                0x0802257c                _bn_audio_soundbank_bin_end
 .rodata.str1.4
                0x0802257c      0xb59 C:\Users\Sergio\AppData\Local\Temp\ccptsk6K.ltrans0.ltrans.o
 .rodata.str1.4
                0x0802257c      0xdd9 C:\Users\Sergio\AppData\Local\Temp\ccptsk6K.ltrans1.ltrans.o
 .rodata.str1.4
                0x0802257c      0xaf0 C:\Users\Sergio\AppData\Local\Temp\ccptsk6K.ltrans2.ltrans.o
 .rodata.__cxa_pure_virtual.str1.4
                0x0802257c     0x1bd4 bn_hw_common.bn_noflto.o
                                 0x4f (size before relaxing)
 .rodata.__aeabi_idiv0.str1.4
                0x08024150       0x38 bn_hw_common.bn_noflto.o
 .rodata._ZN2bn2hw8game_pak12_GLOBAL__N_1L8rom_dataE
                0x08024150        0xc bn_hw_game_pak.bn_ewram.o
 *(.gnu.linkonce.r*)
                0x08024188                        . = ALIGN (0x4)

.ARM.extab
 *(.ARM.extab* .gnu.linkonce.armextab.*)
                0x0802415c                        __exidx_start = .

.ARM.exidx
 *(.ARM.exidx* .gnu.linkonce.armexidx.*)
                0x0802415c                        __exidx_end = .

.ctors          0x0802415c        0x0
 *crtbegin.o(.ctors)
 *(EXCLUDE_FILE(*crtend.o) .ctors)
 *(SORT_BY_NAME(.ctors.*))
 *(.ctors)
                0x0802415c                        . = ALIGN (0x4)

.dtors          0x0802415c        0x0
 *crtbegin.o(.dtors)
 *(EXCLUDE_FILE(*crtend.o) .dtors)
 *(SORT_BY_NAME(.dtors.*))
 *(.dtors)
                0x0802415c                        . = ALIGN (0x4)

.eh_frame       0x0802415c        0x4
 *(.eh_frame)
 .eh_frame      0x0802415c        0x0 C:/devkitPro/devkitARM/bin/../lib/gcc/arm-none-eabi/14.1.0/thumb/crtbegin.o
 .eh_frame      0x0802415c        0x4 C:/devkitPro/devkitARM/bin/../lib/gcc/arm-none-eabi/14.1.0/thumb/crtend.o
                0x08024160                        . = ALIGN (0x4)

.gcc_except_table
                0x08024160        0x0
 *(.gcc_except_table)
                0x08024160                        . = ALIGN (0x4)
                0x08024160                        __iwram_lma = .

.iwram          0x03000000     0x23c8 load address 0x08024160
                0x03000000                        __iwram_start__ = ABSOLUTE (.)
 *(.iwram .iwram*)
 .iwram         0x03000000      0x290 bn_sprites_manager.bn_iwram.o
                0x03000000                bn::sprites_manager::_check_items_on_screen(bn::intrusive_list<bn::sorted_sprites::layer>&)
                0x03000104                bn::sprites_manager::_rebuild_handles_impl(int, void*, bn::intrusive_list<bn::sorted_sprites::layer>&)
                0x0300019c                bn::sprites_manager::_update_cameras_impl(bn::intrusive_list<bn::sorted_sprites::layer>&)
 .iwram         0x03000290       0xc4 bn_hw_palettes.bn_iwram.o
                0x03000290                bn::hw::palettes::brightness(bn::color const*, int, int, bn::color*)
                0x030002f8                bn::hw::palettes::_lut_effect(bn::color const*, unsigned char const*, int, bn::color*)
 .iwram         0x03000354       0xa8 bn_hw_sprite_tiles.bn_iwram.o
                0x03000354                bn::hw::sprite_tiles::_plot_hideous_tiles(int, unsigned int const*, int, unsigned int*)
 .iwram         0x030003fc       0x6c bn_hw_bg_blocks.o
                0x030003fc                bn_hw_bg_blocks_commit_half_words
                0x03000414                bn_hw_bg_blocks_commit_words
                0x0300042c                bn_hw_bg_blocks_commit_blocks
 .iwram         0x03000468       0xd0 bn_hw_hblank_effects.o
                0x03000468                bn::hw::hblank_effects::_intr()
                0x03000534                bn::hw::hblank_effects::data
 .iwram         0x03000538       0x30 bn_hw_palettes_asm.o
                0x03000538                bn_hw_palettes_different_words
 .iwram.clr_blend_fast
                0x03000568       0x70 clr_blend_fast.o
                0x03000568                clr_blend_fast
 .iwram         0x030005d8       0x70 clr_fade_fast.o
                0x030005d8                clr_fade_fast
 .iwram.memset32
                0x03000648       0x4c tonc_memset.o
                0x03000648                memset32
 .iwram         0x03000694      0x134 irq_handler.o
                0x03000694                IRQ_GlobalInterruptHandler
 .iwram.__aeabi_lmul
                0x030007c8       0x14 lmul.o
                0x030007c8                __aeabi_lmul
 .iwram.__aeabi_memcpy
                0x030007dc       0xc8 memcpy.o
                0x030007dc                __aeabi_memcpy
                0x03000814                __aeabi_memcpy8
                0x03000814                __aeabi_memcpy4
                0x03000880                __agbabi_memcpy2
 .iwram.__agbabi_memcpy1
                0x030008a4       0x14 memcpy.o
                0x030008a4                __agbabi_memcpy1
 .iwram.memcpy  0x030008b8       0x10 memcpy.o
                0x030008b8                memcpy
 .iwram.__aeabi_memmove
                0x030008c8        0xc memmove.o
                0x030008c8                __aeabi_memmove
 .iwram.memmove
                0x030008d4       0x10 memmove.o
                0x030008d4                memmove
 .iwram.__aeabi_memset
                0x030008e4       0x9c memset.o
                0x030008e4                __aeabi_memset
                0x03000908                __aeabi_memset8
                0x03000908                __aeabi_memset4
                0x03000914                __agbabi_wordset4
                0x03000918                __agbabi_lwordset4
 .iwram.__agbabi_memset1
                0x03000980       0x10 memset.o
                0x03000980                __agbabi_memset1
 .iwram.memset  0x03000990       0x1c memset.o
                0x03000990                memset
 .iwram.__agbabi_rmemcpy
                0x030009ac       0xcc rmemcpy.o
                0x030009ac                __agbabi_rmemcpy
 .iwram.__agbabi_rmemcpy1
                0x03000a78       0x14 rmemcpy.o
                0x03000a78                __agbabi_rmemcpy1
 .iwram         0x03000a8c       0x3c sdiv32.o
                0x03000a8c                __aeabi_idiv
                0x03000a8c                __aeabi_idivmod
 .iwram         0x03000ac8      0x1e0 udiv32.o
                0x03000ac8                __aeabi_uidivmod
                0x03000ac8                __aeabi_uidiv
                0x03000ad0                udiv32pastzero
                0x03000b24                div32Iteration
 .iwram         0x03000ca8       0x98 huffman.o
                0x03000ca8                swi_HuffUnCompReadNormal
 .iwram         0x03000d40      0x1ac lz77.o
                0x03000d40                swi_LZ77UnCompWrite16bit
                0x03000d40                swi_LZ77UnCompWrite8bit
 .iwram         0x03000eec       0xec running_length.o
                0x03000eec                swi_RLUnCompReadNormalWrite8bit
                0x03000f4c                swi_RLUnCompReadNormalWrite16bit
 .iwram         0x03000fd8      0x554 mm_mas.o
                0x03000fd8                mppProcessTick
                0x030010bc                mpp_Channel_NewNote
                0x0300119c                mpp_Update_ACHN_notest
 .iwram         0x0300152c      0x648 mm_mas_arm.o
                0x0300152c                mmAllocChannel
                0x030015a0                mmReadPattern
                0x0300168c                mmUpdateChannel_T0
                0x030018cc                mmUpdateChannel_TN
                0x03001a6c                mmGetPeriod
                0x03001ab0                note_table_oct
                0x03001ace                note_table_mod
 .iwram         0x03001b74        0x8 mm_main_gba.o
                0x03001b74                mpp_call_r7i
                0x03001b76                mpp_call_r2i
                0x03001b78                mpp_call_r1i
 .iwram         0x03001b7c      0x838 mm_mixer_gba.o
                0x03001b80                mmVBlank
                0x03001c04                mmMixerMix
 *fill*         0x030023b4        0x4 ff
 .iwram.__stub  0x030023b8        0xc linker stubs
 *iwram.*(.text* .data*)
                0x030023c4                        . = ALIGN (0x4)
                0x030023c8                        __iwram_end__ = ABSOLUTE (.)
                0x08026528                        __data_lma = (__iwram_lma + SIZEOF (.iwram))

.bss            0x030023c8      0x870
                0x030023c8                        __bss_start = ABSOLUTE (.)
                0x030023c8                        __bss_start__ = ABSOLUTE (.)
 *(.dynbss)
 *(.gnu.linkonce.b*)
 *(.bss*)
 .bss.completed.1
                0x030023c8        0x1 C:/devkitPro/devkitARM/bin/../lib/gcc/arm-none-eabi/14.1.0/thumb/crtbegin.o
 *fill*         0x030023c9        0x3 
 .bss.object.0  0x030023cc       0x18 C:/devkitPro/devkitARM/bin/../lib/gcc/arm-none-eabi/14.1.0/thumb/crtbegin.o
 .bss           0x030023e4      0x50c C:\Users\Sergio\AppData\Local\Temp\ccptsk6K.ltrans0.ltrans.o
                0x030023e4                IRQ_VectorTable
                0x03002840                _ZN2bn22hblank_effects_manager12_GLOBAL__N_113internal_dataE.lto_priv.0
 .bss           0x030028f0        0x4 C:\Users\Sergio\AppData\Local\Temp\ccptsk6K.ltrans2.ltrans.o
                0x030028f0                fake_heap_end
 .bss           0x030028f4       0x2d mm_effect.o
                0x03002918                mm_sfx_bitmask
                0x0300291c                mm_sfx_clearmask
 *fill*         0x03002921        0x3 
 .bss           0x03002924        0x8 mm_main.o
                0x03002924                mmCallback
                0x03002928                mm_ch_mask
 .bss           0x0300292c      0x148 mm_mas.o
                0x0300292c                mmLayerMain
                0x03002964                mmLayerSub
                0x0300299c                mpp_vars
                0x030029ac                mpp_layerp
                0x030029b0                mpp_channels
                0x030029c0                mpp_nchannels
                0x030029c1                mpp_clayer
                0x030029c4                mm_achannels
                0x030029c8                mm_pchannels
                0x030029cc                mm_num_mch
                0x030029d0                mm_num_ach
                0x030029d4                mm_schannels
 .bss           0x03002a74        0x8 mm_main_gba.o
                0x03002a74                mm_vblank_function
                0x03002a78                mp_solution
 .bss           0x03002a7c      0x1bc mm_mixer_gba.o
                0x03002a7c                mp_writepos
                0x03002a84                mm_mixchannels
                0x03002a8c                mm_mixlen
                0x03002aa0                mm_bpmdv
                0x03002aa4                mp_mix_seg
 *(COMMON)
                0x03002c38                        . = ALIGN (0x4)
                0x03002c38                        __bss_end__ = ABSOLUTE (.)

.data           0x03002c38        0xc load address 0x08026528
                0x03002c38                        __data_start__ = ABSOLUTE (.)
 *(.data*)
 .data.__dso_handle
                0x03002c38        0x4 C:/devkitPro/devkitARM/bin/../lib/gcc/arm-none-eabi/14.1.0/thumb/crtbegin.o
                0x03002c38                __dso_handle
 .data          0x03002c3c        0x8 C:\Users\Sergio\AppData\Local\Temp\ccptsk6K.ltrans2.ltrans.o
 *(.gnu.linkonce.d*)
                0x03002c44                        . = ALIGN (0x4)
                0x08026534                        __preinit_lma = (__data_lma + SIZEOF (.data))

.igot.plt       0x03002c44        0x0 load address 0x08026534
 .igot.plt      0x03002c44        0x0 C:/devkitPro/devkitARM/bin/../lib/gcc/arm-none-eabi/14.1.0/../../../../arm-none-eabi/lib/thumb/gba_crt0.o

.preinit_array  0x03002c44        0x0 load address 0x08026534
                0x03002c44                        __preinit_array_start = ABSOLUTE (.)
 *(.preinit_array)
                0x03002c44                        __preinit_array_end = ABSOLUTE (.)
                0x08026534                        __init_lma = (__preinit_lma + SIZEOF (.preinit_array))

.init_array     0x03002c44        0x8 load address 0x08026534
                0x03002c44                        __init_array_start = ABSOLUTE (.)
 *(SORT_BY_NAME(.init_array.*))
 *(.init_array)
 .init_array    0x03002c44        0x4 C:/devkitPro/devkitARM/bin/../lib/gcc/arm-none-eabi/14.1.0/thumb/crtbegin.o
 .init_array    0x03002c48        0x4 C:\Users\Sergio\AppData\Local\Temp\ccptsk6K.ltrans2.ltrans.o
                0x03002c4c                        __init_array_end = ABSOLUTE (.)
                0x0802653c                        __fini_lma = (__init_lma + SIZEOF (.init_array))

.fini_array     0x03002c4c        0x4 load address 0x0802653c
                0x03002c4c                        __fini_array_start = ABSOLUTE (.)
 *(SORT_BY_NAME(.fini_array.*))
 *(.fini_array)
 .fini_array    0x03002c4c        0x4 C:/devkitPro/devkitARM/bin/../lib/gcc/arm-none-eabi/14.1.0/thumb/crtbegin.o
                0x03002c50                        __fini_array_end = ABSOLUTE (.)
                0x08026540                        __jcr_lma = (__fini_lma + SIZEOF (.fini_array))

.jcr
 *(.jcr)
                0x03002c50                        __data_end__ = ABSOLUTE (.)
                0x08026540                        __iwram_overlay_lma = (__jcr_lma + SIZEOF (.jcr))
                0x03002c50                        __iwram_overlay_start = .

.iwram0         0x03002c50        0x0 load address 0x08026540
 *(.iwram0)
                0x03002c50                        . = ALIGN (0x4)
                0x08026540                        PROVIDE (__load_start_iwram0 = LOADADDR (.iwram0))
                0x08026540                        PROVIDE (__load_stop_iwram0 = (LOADADDR (.iwram0) + SIZEOF (.iwram0)))

.iwram1         0x03002c50        0x0
 *(.iwram1)
                0x03002c50                        . = ALIGN (0x4)
                [!provide]                        PROVIDE (__load_start_iwram1 = LOADADDR (.iwram1))
                [!provide]                        PROVIDE (__load_stop_iwram1 = (LOADADDR (.iwram1) + SIZEOF (.iwram1)))

.iwram2         0x03002c50        0x0
 *(.iwram2)
                0x03002c50                        . = ALIGN (0x4)
                [!provide]                        PROVIDE (__load_start_iwram2 = LOADADDR (.iwram2))
                [!provide]                        PROVIDE (__load_stop_iwram2 = (LOADADDR (.iwram2) + SIZEOF (.iwram2)))

.iwram3         0x03002c50        0x0
 *(.iwram3)
                0x03002c50                        . = ALIGN (0x4)
                [!provide]                        PROVIDE (__load_start_iwram3 = LOADADDR (.iwram3))
                [!provide]                        PROVIDE (__load_stop_iwram3 = (LOADADDR (.iwram3) + SIZEOF (.iwram3)))

.iwram4         0x03002c50        0x0
 *(.iwram4)
                0x03002c50                        . = ALIGN (0x4)
                [!provide]                        PROVIDE (__load_start_iwram4 = LOADADDR (.iwram4))
                [!provide]                        PROVIDE (__load_stop_iwram4 = (LOADADDR (.iwram4) + SIZEOF (.iwram4)))

.iwram5         0x03002c50        0x0
 *(.iwram5)
                0x03002c50                        . = ALIGN (0x4)
                [!provide]                        PROVIDE (__load_start_iwram5 = LOADADDR (.iwram5))
                [!provide]                        PROVIDE (__load_stop_iwram5 = (LOADADDR (.iwram5) + SIZEOF (.iwram5)))

.iwram6         0x03002c50        0x0
 *(.iwram6)
                0x03002c50                        . = ALIGN (0x4)
                [!provide]                        PROVIDE (__load_start_iwram6 = LOADADDR (.iwram6))
                [!provide]                        PROVIDE (__load_stop_iwram6 = (LOADADDR (.iwram6) + SIZEOF (.iwram6)))

.iwram7         0x03002c50        0x0
 *(.iwram7)
                0x03002c50                        . = ALIGN (0x4)
                [!provide]                        PROVIDE (__load_start_iwram7 = LOADADDR (.iwram7))
                [!provide]                        PROVIDE (__load_stop_iwram7 = (LOADADDR (.iwram7) + SIZEOF (.iwram7)))

.iwram8         0x03002c50        0x0
 *(.iwram8)
                0x03002c50                        . = ALIGN (0x4)
                [!provide]                        PROVIDE (__load_start_iwram8 = LOADADDR (.iwram8))
                [!provide]                        PROVIDE (__load_stop_iwram8 = (LOADADDR (.iwram8) + SIZEOF (.iwram8)))

.iwram9         0x03002c50        0x0
 *(.iwram9)
                0x03002c50                        . = ALIGN (0x4)
                [!provide]                        PROVIDE (__load_start_iwram9 = LOADADDR (.iwram9))
                [!provide]                        PROVIDE (__load_stop_iwram9 = (LOADADDR (.iwram9) + SIZEOF (.iwram9)))
                0x03002c50                        __iwram_overlay_end = .
                0x08026540                        __ewram_lma = (__iwram_overlay_lma + (__iwram_overlay_end - __iwram_overlay_start))
                0x03002c50                        __iheap_start = .
                0x02000000                        __ewram_start = ORIGIN (ewram)

.ewram          0x02000000       0xf4 load address 0x08026540
 *(.ewram*)
 .ewram         0x02000000        0xc C:\Users\Sergio\AppData\Local\Temp\ccptsk6K.ltrans0.ltrans.o
                0x02000000                Vgm
 .ewram         0x0200000c       0x4a C:\Users\Sergio\AppData\Local\Temp\ccptsk6K.ltrans1.ltrans.o
                0x0200000c                __tte_main_context
 *fill*         0x02000056        0x2 ff
 .ewram         0x02000058       0x9c bn_hw_game_pak.bn_ewram.o
                0x02000058                bn::hw::game_pak::_slow_game_pak()
                0x020000f4                        . = ALIGN (0x4)
                0x020000f4                        __ewram_end = ABSOLUTE (.)
                0x08026634                        __pad_lma = (__ewram_lma + SIZEOF (.ewram))

.sbss           0x020000f4     0x8204
                0x020000f4                        __sbss_start__ = ABSOLUTE (.)
 *(.sbss*)
 .sbss          0x020000f4     0x8204 C:\Users\Sergio\AppData\Local\Temp\ccptsk6K.ltrans0.ltrans.o
                0x020000f4                _ZN2bn15cameras_manager12_GLOBAL__N_14dataE.lto_priv.0
                0x0200012c                _ZN2bn2hw5audio12_GLOBAL__N_14dataE.lto_priv.0
                0x02000178                _ZN2bn4core12_GLOBAL__N_14dataE.lto_priv.0
                0x020001c0                _ZN2bn12hdma_manager12_GLOBAL__N_14dataE.lto_priv.0
                0x020001f8                _ZN2bn14memory_manager12_GLOBAL__N_14dataE.lto_priv.0
                0x02000208                _ZN2bn14keypad_manager12_GLOBAL__N_14dataE.lto_priv.0
                0x02000220                gbt.lto_priv.0
                0x020002b8                _ZN2bn11bgs_manager12_GLOBAL__N_14dataE.lto_priv.0
                0x02000564                _ZN2bn17bg_blocks_manager12_GLOBAL__N_14dataE.lto_priv.0
                0x02000748                _ZN2bn26sprite_affine_mats_manager12_GLOBAL__N_14dataE.lto_priv.0
                0x02001010                _ZN2bn15sprites_manager12_GLOBAL__N_14dataE.lto_priv.0
                0x02003660                _ZN2bn20sprite_tiles_manager12_GLOBAL__N_14dataE.lto_priv.0
                0x02004cd4                _ZN2bn16palettes_manager12_GLOBAL__N_14dataE.lto_priv.0
                0x02005a1c                _ZN2bn15display_manager12_GLOBAL__N_14dataE.lto_priv.0
                0x02006610                _ZN2bn13audio_manager12_GLOBAL__N_14dataE.lto_priv.0
                0x02006784                _ZN2bn2hw4link12_GLOBAL__N_14dataE.lto_priv.0
                0x020068b4                _ZN2bn22hblank_effects_manager12_GLOBAL__N_113external_dataE.lto_priv.0
                0x020082f8                        . = ALIGN (0x4)
                0x020082f8                        __sbss_end__ = ABSOLUTE (.)
                0x020082f8                        __end__ = ABSOLUTE (.)
                0x020082f8                        __eheap_start = ABSOLUTE (.)

.pad            0x020082f8        0x8 load address 0x08026634
                0x020082f8        0x4 LONG 0x52416b64
                0x020082fc        0x4 LONG 0x4d
                0x02008300                        . = ALIGN (0x4)
                0x0802663c                        __rom_end__ = (__pad_lma + SIZEOF (.pad))

.rel.dyn        0x02008300        0x0 load address 0x0802663c
 .rel.iplt      0x02008300        0x0 C:/devkitPro/devkitARM/bin/../lib/gcc/arm-none-eabi/14.1.0/../../../../arm-none-eabi/lib/thumb/gba_crt0.o

.stab
 *(.stab)

.stabstr
 *(.stabstr)

.stab.excl
 *(.stab.excl)

.stab.exclstr
 *(.stab.exclstr)

.stab.index
 *(.stab.index)

.stab.indexstr
 *(.stab.indexstr)

.comment        0x00000000       0x23
 *(.comment)
 .comment       0x00000000       0x23 C:/devkitPro/devkitARM/bin/../lib/gcc/arm-none-eabi/14.1.0/thumb/crtbegin.o
                                 0x24 (size before relaxing)
 .comment       0x00000023       0x24 C:\Users\Sergio\AppData\Local\Temp\ccptsk6K.ltrans0.ltrans.o
 .comment       0x00000023       0x24 C:\Users\Sergio\AppData\Local\Temp\ccptsk6K.ltrans1.ltrans.o
 .comment       0x00000023       0x24 C:\Users\Sergio\AppData\Local\Temp\ccptsk6K.ltrans2.ltrans.o
 .comment       0x00000023       0x24 bn_sprites_manager.bn_iwram.o
 .comment       0x00000023       0x24 bn_hw_common.bn_noflto.o
 .comment       0x00000023       0x24 bn_hw_game_pak.bn_ewram.o
 .comment       0x00000023       0x24 bn_hw_palettes.bn_iwram.o
 .comment       0x00000023       0x24 bn_hw_sprite_tiles.bn_iwram.o
 .comment       0x00000023       0x24 C:/devkitPro/devkitARM/bin/../lib/gcc/arm-none-eabi/14.1.0/thumb/crtend.o

.debug
 *(.debug)

.line
 *(.line)

.debug_srcinfo
 *(.debug_srcinfo)

.debug_sfnames
 *(.debug_sfnames)

.debug_aranges  0x00000000      0x608
 *(.debug_aranges)
 .debug_aranges
                0x00000000       0x28 C:\Users\Sergio\AppData\Local\Temp\ccptsk6K.ltrans0.ltrans.o
 .debug_aranges
                0x00000028       0x20 C:\Users\Sergio\AppData\Local\Temp\ccptsk6K.ltrans1.ltrans.o
 .debug_aranges
                0x00000048       0x20 C:\Users\Sergio\AppData\Local\Temp\ccptsk6K.ltrans2.ltrans.o
 .debug_aranges
                0x00000068       0x30 bn_sprites_manager.bn_iwram.o
 .debug_aranges
                0x00000098       0x58 bn_hw_common.bn_noflto.o
 .debug_aranges
                0x000000f0       0x20 bn_hw_game_pak.bn_ewram.o
 .debug_aranges
                0x00000110       0x28 bn_hw_palettes.bn_iwram.o
 .debug_aranges
                0x00000138       0x20 bn_hw_sprite_tiles.bn_iwram.o
 .debug_aranges
                0x00000158       0x20 bn_hw_bg_blocks.o
 .debug_aranges
                0x00000178       0x20 bn_hw_hblank_effects.o
 .debug_aranges
                0x00000198       0x20 bn_hw_palettes_asm.o
 .debug_aranges
                0x000001b8       0x20 clr_blend_fast.o
 .debug_aranges
                0x000001d8       0x20 clr_fade_fast.o
 .debug_aranges
                0x000001f8      0x130 tonc_bios.o
 .debug_aranges
                0x00000328       0x28 tonc_memset.o
 .debug_aranges
                0x00000350       0x20 irq_handler.o
 .debug_aranges
                0x00000370       0x20 posprintf.o
 .debug_aranges
                0x00000390       0x38 lmul.o
 .debug_aranges
                0x000003c8       0x30 memcpy.o
 .debug_aranges
                0x000003f8       0x38 memmove.o
 .debug_aranges
                0x00000430       0x38 memset.o
 .debug_aranges
                0x00000468       0x28 rmemcpy.o
 .debug_aranges
                0x00000490       0x20 sdiv32.o
 .debug_aranges
                0x000004b0       0x20 udiv32.o
 .debug_aranges
                0x000004d0       0x20 huffman.o
 .debug_aranges
                0x000004f0       0x20 lz77.o
 .debug_aranges
                0x00000510       0x20 running_length.o
 .debug_aranges
                0x00000530       0x20 mm_effect.o
 .debug_aranges
                0x00000550       0x20 mm_main.o
 .debug_aranges
                0x00000570       0x28 mm_mas.o
 .debug_aranges
                0x00000598       0x20 mm_mas_arm.o
 .debug_aranges
                0x000005b8       0x28 mm_main_gba.o
 .debug_aranges
                0x000005e0       0x28 mm_mixer_gba.o

.debug_pubnames
 *(.debug_pubnames)

.debug_info     0x00000000   0x1f1bbc
 *(.debug_info)
 .debug_info    0x00000000    0x1d3d0 C:\Users\Sergio\AppData\Local\Temp\ccptsk6K.ltrans0.ltrans.o
 .debug_info    0x0001d3d0    0x20b6d C:\Users\Sergio\AppData\Local\Temp\ccptsk6K.ltrans1.ltrans.o
 .debug_info    0x0003df3d    0x1491d C:\Users\Sergio\AppData\Local\Temp\ccptsk6K.ltrans2.ltrans.o
 .debug_info    0x0005285a     0x6fa6 C:\Users\Sergio\AppData\Local\Temp\ccopzII5.debug.temp.o
                0x0005285a                catgame_intro.cpp.5690133b
 .debug_info    0x00059800     0x81d7 C:\Users\Sergio\AppData\Local\Temp\cc8x28mO.debug.temp.o
                0x00059800                catgame_logo.cpp.071874fd
 .debug_info    0x000619d7    0x12270 C:\Users\Sergio\AppData\Local\Temp\cc6Jhrkx.debug.temp.o
                0x000619d7                catgame_lvl1.cpp.76d7c24c
 .debug_info    0x00073c47     0x8d2b C:\Users\Sergio\AppData\Local\Temp\ccEsot5j.debug.temp.o
                0x00073c47                common_info.cpp.a0c3e114
 .debug_info    0x0007c972     0x90f8 C:\Users\Sergio\AppData\Local\Temp\ccU5yuT6.debug.temp.o
                0x0007c972                main.cpp.27e47fba
 .debug_info    0x00085a6a     0x96a3 C:\Users\Sergio\AppData\Local\Temp\ccMUD64T.debug.temp.o
                0x00085a6a                bn_affine_bg_animate_actions.cpp.e74739b4
 .debug_info    0x0008f10d     0xdb21 C:\Users\Sergio\AppData\Local\Temp\ccmg4caG.debug.temp.o
                0x0008f10d                bn_audio_manager.cpp.c7a52476
 .debug_info    0x0009cc2e     0x45a8 C:\Users\Sergio\AppData\Local\Temp\ccII1Uvs.debug.temp.o
                0x0009cc2e                bn_best_fit_allocator.cpp.54a39eb5
 .debug_info    0x000a11d6    0x1c99a C:\Users\Sergio\AppData\Local\Temp\ccc7Qy4d.debug.temp.o
                0x000a11d6                bn_bg_blocks_manager.cpp.8bbb75f2
 .debug_info    0x000bdb70    0x1e88a C:\Users\Sergio\AppData\Local\Temp\cc8BWCTZ.debug.temp.o
                0x000bdb70                bn_bgs_manager.cpp.b2a48d40
 .debug_info    0x000dc3fa     0x4d11 C:\Users\Sergio\AppData\Local\Temp\cckvOtxO.debug.temp.o
                0x000dc3fa                bn_cameras_manager.cpp.f0cc3966
 .debug_info    0x000e110b     0x64a7 C:\Users\Sergio\AppData\Local\Temp\ccMM8CfD.debug.temp.o
                0x000e110b                bn_core.cpp.12fe1f41
 .debug_info    0x000e75b2    0x13e13 C:\Users\Sergio\AppData\Local\Temp\cciogzar.debug.temp.o
                0x000e75b2                bn_display_manager.cpp.8f39e9b5
 .debug_info    0x000fb3c5     0x4c6f C:\Users\Sergio\AppData\Local\Temp\ccA6U6lf.debug.temp.o
                0x000fb3c5                bn_gpio_manager.cpp.9108806b
 .debug_info    0x00100034    0x39136 C:\Users\Sergio\AppData\Local\Temp\cco9bJE2.debug.temp.o
                0x00100034                bn_hblank_effects_manager.cpp.c1342847
 .debug_info    0x0013916a     0x1d27 C:\Users\Sergio\AppData\Local\Temp\cc2c25oQ.debug.temp.o
                0x0013916a                bn_hdma_manager.cpp.967aafa5
 .debug_info    0x0013ae91     0x4a03 C:\Users\Sergio\AppData\Local\Temp\cc2lVB0H.debug.temp.o
                0x0013ae91                bn_keypad_manager.cpp.b3f703fa
 .debug_info    0x0013f894     0x4dbc C:\Users\Sergio\AppData\Local\Temp\ccypFyHz.debug.temp.o
                0x0013f894                bn_link_manager.cpp.9128f562
 .debug_info    0x00144650     0x4cb7 C:\Users\Sergio\AppData\Local\Temp\ccEnlLQq.debug.temp.o
                0x00144650                bn_memory_manager.cpp.4c15fab7
 .debug_info    0x00149307     0xf0a6 C:\Users\Sergio\AppData\Local\Temp\ccu9Ka8g.debug.temp.o
                0x00149307                bn_palettes_manager.cpp.3b5670f4
 .debug_info    0x001583ad     0xf973 C:\Users\Sergio\AppData\Local\Temp\ccAXOBvN.debug.temp.o
                0x001583ad                bn_sprite_affine_mats_manager.cpp.ff108f1c
 .debug_info    0x00167d20     0x8e56 C:\Users\Sergio\AppData\Local\Temp\cco8z1yH.debug.temp.o
                0x00167d20                bn_sprite_animate_actions.cpp.033832e0
 .debug_info    0x00170b76    0x145e9 C:\Users\Sergio\AppData\Local\Temp\cccdQcIA.debug.temp.o
                0x00170b76                bn_sprite_text_generator.cpp.3bce1910
 .debug_info    0x0018515f     0xde85 C:\Users\Sergio\AppData\Local\Temp\cc8LrInu.debug.temp.o
                0x0018515f                bn_sprite_tiles_manager.cpp.eed3e239
 .debug_info    0x00192fe4    0x1a647 C:\Users\Sergio\AppData\Local\Temp\cc2FuA4m.debug.temp.o
                0x00192fe4                bn_sprites_manager.cpp.153ebd4b
 .debug_info    0x001ad62b     0x5df9 C:\Users\Sergio\AppData\Local\Temp\ccK3tpbf.debug.temp.o
                0x001ad62b                bn_sstream.cpp.ac2deeae
 .debug_info    0x001b3424    0x10961 C:\Users\Sergio\AppData\Local\Temp\ccsPjNp7.debug.temp.o
                0x001b3424                bn_translation_unit.cpp.56a57108
 .debug_info    0x001c3d85     0x59a1 C:\Users\Sergio\AppData\Local\Temp\ccK70Ur3.debug.temp.o
                0x001c3d85                bn_hw_audio.cpp.fc2e12ad
 .debug_info    0x001c9726     0x155e C:\Users\Sergio\AppData\Local\Temp\ccEBCDRZ.debug.temp.o
                0x001c9726                bn_hw_cstdlib.cpp.a93f252e
 .debug_info    0x001cac84     0x5b63 C:\Users\Sergio\AppData\Local\Temp\cceyyUYR.debug.temp.o
                0x001cac84                bn_hw_link.cpp.001f7bf3
 .debug_info    0x001d07e7     0x49b3 C:\Users\Sergio\AppData\Local\Temp\ccqSIlEI.debug.temp.o
                0x001d07e7                bn_hw_palettes.cpp.60216126
 .debug_info    0x001d519a     0x5f99 C:\Users\Sergio\AppData\Local\Temp\cceTS6UD.debug.temp.o
                0x001d519a                bn_hw_show.cpp.75ca1e2d
 .debug_info    0x001db133      0x549 C:\Users\Sergio\AppData\Local\Temp\ccwf69gz.debug.temp.o
                0x001db133                bn_hw_sram.cpp.85cb9265
 .debug_info    0x001db67c      0x6c7 C:\Users\Sergio\AppData\Local\Temp\ccAev1Rt.debug.temp.o
                0x001db67c                bn_hw_system_font.cpp.91e85e7c
 .debug_info    0x001dbd43     0x41c0 C:\Users\Sergio\AppData\Local\Temp\ccc58KBo.debug.temp.o
                0x001dbd43                bn_hw_text.cpp.50d88a6f
 .debug_info    0x001dff03      0x64e C:\Users\Sergio\AppData\Local\Temp\ccASuman.debug.temp.o
                0x001dff03                vgm.cpp.6a9eb84b
 .debug_info    0x001e0551      0x594 C:\Users\Sergio\AppData\Local\Temp\ccADDQRl.debug.temp.o
                0x001e0551                tonc_color.c.cad8444b
 .debug_info    0x001e0ae5      0x5e1 C:\Users\Sergio\AppData\Local\Temp\ccyfS1Gk.debug.temp.o
                0x001e0ae5                tonc_sbmp16.c.a3e3e1c0
 .debug_info    0x001e10c6      0x596 C:\Users\Sergio\AppData\Local\Temp\ccIY06qb.debug.temp.o
                0x001e10c6                bmp16_drawg_b1cs.c.d3c62f5b
 .debug_info    0x001e165c      0x4cf C:\Users\Sergio\AppData\Local\Temp\cciKE3U8.debug.temp.o
                0x001e165c                tte_init_bmp.c.f471ffd0
 .debug_info    0x001e1b2b      0x9be C:\Users\Sergio\AppData\Local\Temp\ccWP5MB5.debug.temp.o
                0x001e1b2b                tte_main.c.cc86772d
 .debug_info    0x001e24e9      0x1b3 C:\Users\Sergio\AppData\Local\Temp\cc8MLor2.debug.temp.o
                0x001e24e9                interrupts_gba.c.4abbfea2
 .debug_info    0x001e269c     0x119b C:\Users\Sergio\AppData\Local\Temp\cckKyDX3.debug.temp.o
                0x001e269c                gbt_player.c.e1b0f848
 .debug_info    0x001e3837     0xa5b1 bn_sprites_manager.bn_iwram.o
 .debug_info    0x001edde8     0x19e4 bn_hw_common.bn_noflto.o
 .debug_info    0x001ef7cc      0x614 bn_hw_game_pak.bn_ewram.o
 .debug_info    0x001efde0     0x1104 bn_hw_palettes.bn_iwram.o
 .debug_info    0x001f0ee4      0x7a3 bn_hw_sprite_tiles.bn_iwram.o
 .debug_info    0x001f1687       0x23 bn_hw_bg_blocks.o
 .debug_info    0x001f16aa       0x24 bn_hw_hblank_effects.o
 .debug_info    0x001f16ce       0x23 bn_hw_palettes_asm.o
 .debug_info    0x001f16f1       0x30 clr_blend_fast.o
 .debug_info    0x001f1721       0x23 clr_fade_fast.o
 .debug_info    0x001f1744      0x1c8 tonc_bios.o
 .debug_info    0x001f190c       0x3a tonc_memset.o
 .debug_info    0x001f1946       0x24 irq_handler.o
 .debug_info    0x001f196a       0x24 posprintf.o
 .debug_info    0x001f198e       0x22 lmul.o
 .debug_info    0x001f19b0       0x22 memcpy.o
 .debug_info    0x001f19d2       0x22 memmove.o
 .debug_info    0x001f19f4       0x22 memset.o
 .debug_info    0x001f1a16       0x22 rmemcpy.o
 .debug_info    0x001f1a38       0x23 sdiv32.o
 .debug_info    0x001f1a5b       0x24 udiv32.o
 .debug_info    0x001f1a7f       0x24 huffman.o
 .debug_info    0x001f1aa3       0x24 lz77.o
 .debug_info    0x001f1ac7       0x24 running_length.o
 .debug_info    0x001f1aeb       0x24 mm_effect.o
 .debug_info    0x001f1b0f       0x23 mm_main.o
 .debug_info    0x001f1b32       0x22 mm_mas.o
 .debug_info    0x001f1b54       0x24 mm_mas_arm.o
 .debug_info    0x001f1b78       0x22 mm_main_gba.o
 .debug_info    0x001f1b9a       0x22 mm_mixer_gba.o

.debug_abbrev   0x00000000    0x19e31
 *(.debug_abbrev)
 .debug_abbrev  0x00000000      0x324 C:\Users\Sergio\AppData\Local\Temp\ccptsk6K.ltrans0.ltrans.o
 .debug_abbrev  0x00000324      0x38a C:\Users\Sergio\AppData\Local\Temp\ccptsk6K.ltrans1.ltrans.o
 .debug_abbrev  0x000006ae      0x23b C:\Users\Sergio\AppData\Local\Temp\ccptsk6K.ltrans2.ltrans.o
 .debug_abbrev  0x000008e9      0x97c C:\Users\Sergio\AppData\Local\Temp\ccopzII5.debug.temp.o
 .debug_abbrev  0x00001265      0xb06 C:\Users\Sergio\AppData\Local\Temp\cc8x28mO.debug.temp.o
 .debug_abbrev  0x00001d6b      0xce6 C:\Users\Sergio\AppData\Local\Temp\cc6Jhrkx.debug.temp.o
 .debug_abbrev  0x00002a51      0xa1e C:\Users\Sergio\AppData\Local\Temp\ccEsot5j.debug.temp.o
 .debug_abbrev  0x0000346f      0xa57 C:\Users\Sergio\AppData\Local\Temp\ccU5yuT6.debug.temp.o
 .debug_abbrev  0x00003ec6      0xa09 C:\Users\Sergio\AppData\Local\Temp\ccMUD64T.debug.temp.o
 .debug_abbrev  0x000048cf      0xde4 C:\Users\Sergio\AppData\Local\Temp\ccmg4caG.debug.temp.o
 .debug_abbrev  0x000056b3      0x882 C:\Users\Sergio\AppData\Local\Temp\ccII1Uvs.debug.temp.o
 .debug_abbrev  0x00005f35      0xdd0 C:\Users\Sergio\AppData\Local\Temp\ccc7Qy4d.debug.temp.o
 .debug_abbrev  0x00006d05     0x10f6 C:\Users\Sergio\AppData\Local\Temp\cc8BWCTZ.debug.temp.o
 .debug_abbrev  0x00007dfb      0x9f8 C:\Users\Sergio\AppData\Local\Temp\cckvOtxO.debug.temp.o
 .debug_abbrev  0x000087f3      0xb46 C:\Users\Sergio\AppData\Local\Temp\ccMM8CfD.debug.temp.o
 .debug_abbrev  0x00009339      0xcb1 C:\Users\Sergio\AppData\Local\Temp\cciogzar.debug.temp.o
 .debug_abbrev  0x00009fea      0x921 C:\Users\Sergio\AppData\Local\Temp\ccA6U6lf.debug.temp.o
 .debug_abbrev  0x0000a90b     0x1054 C:\Users\Sergio\AppData\Local\Temp\cco9bJE2.debug.temp.o
 .debug_abbrev  0x0000b95f      0x606 C:\Users\Sergio\AppData\Local\Temp\cc2c25oQ.debug.temp.o
 .debug_abbrev  0x0000bf65      0x8b3 C:\Users\Sergio\AppData\Local\Temp\cc2lVB0H.debug.temp.o
 .debug_abbrev  0x0000c818      0x991 C:\Users\Sergio\AppData\Local\Temp\ccypFyHz.debug.temp.o
 .debug_abbrev  0x0000d1a9      0x910 C:\Users\Sergio\AppData\Local\Temp\ccEnlLQq.debug.temp.o
 .debug_abbrev  0x0000dab9      0xdc2 C:\Users\Sergio\AppData\Local\Temp\ccu9Ka8g.debug.temp.o
 .debug_abbrev  0x0000e87b      0xead C:\Users\Sergio\AppData\Local\Temp\ccAXOBvN.debug.temp.o
 .debug_abbrev  0x0000f728      0x9c1 C:\Users\Sergio\AppData\Local\Temp\cco8z1yH.debug.temp.o
 .debug_abbrev  0x000100e9      0xcab C:\Users\Sergio\AppData\Local\Temp\cccdQcIA.debug.temp.o
 .debug_abbrev  0x00010d94      0xdee C:\Users\Sergio\AppData\Local\Temp\cc8LrInu.debug.temp.o
 .debug_abbrev  0x00011b82      0xeea C:\Users\Sergio\AppData\Local\Temp\cc2FuA4m.debug.temp.o
 .debug_abbrev  0x00012a6c      0x79e C:\Users\Sergio\AppData\Local\Temp\ccK3tpbf.debug.temp.o
 .debug_abbrev  0x0001320a      0xcbf C:\Users\Sergio\AppData\Local\Temp\ccsPjNp7.debug.temp.o
 .debug_abbrev  0x00013ec9      0xb98 C:\Users\Sergio\AppData\Local\Temp\ccK70Ur3.debug.temp.o
 .debug_abbrev  0x00014a61      0x519 C:\Users\Sergio\AppData\Local\Temp\ccEBCDRZ.debug.temp.o
 .debug_abbrev  0x00014f7a      0x9dc C:\Users\Sergio\AppData\Local\Temp\cceyyUYR.debug.temp.o
 .debug_abbrev  0x00015956      0x7d4 C:\Users\Sergio\AppData\Local\Temp\ccqSIlEI.debug.temp.o
 .debug_abbrev  0x0001612a      0x9c8 C:\Users\Sergio\AppData\Local\Temp\cceTS6UD.debug.temp.o
 .debug_abbrev  0x00016af2      0x192 C:\Users\Sergio\AppData\Local\Temp\ccwf69gz.debug.temp.o
 .debug_abbrev  0x00016c84      0x228 C:\Users\Sergio\AppData\Local\Temp\ccAev1Rt.debug.temp.o
 .debug_abbrev  0x00016eac      0x70d C:\Users\Sergio\AppData\Local\Temp\ccc58KBo.debug.temp.o
 .debug_abbrev  0x000175b9      0x1a4 C:\Users\Sergio\AppData\Local\Temp\ccASuman.debug.temp.o
 .debug_abbrev  0x0001775d       0xf4 C:\Users\Sergio\AppData\Local\Temp\ccADDQRl.debug.temp.o
 .debug_abbrev  0x00017851      0x1c6 C:\Users\Sergio\AppData\Local\Temp\ccyfS1Gk.debug.temp.o
 .debug_abbrev  0x00017a17      0x174 C:\Users\Sergio\AppData\Local\Temp\ccIY06qb.debug.temp.o
 .debug_abbrev  0x00017b8b      0x1b1 C:\Users\Sergio\AppData\Local\Temp\cciKE3U8.debug.temp.o
 .debug_abbrev  0x00017d3c      0x266 C:\Users\Sergio\AppData\Local\Temp\ccWP5MB5.debug.temp.o
 .debug_abbrev  0x00017fa2       0xed C:\Users\Sergio\AppData\Local\Temp\cc8MLor2.debug.temp.o
 .debug_abbrev  0x0001808f      0x187 C:\Users\Sergio\AppData\Local\Temp\cckKyDX3.debug.temp.o
 .debug_abbrev  0x00018216      0xabc bn_sprites_manager.bn_iwram.o
 .debug_abbrev  0x00018cd2      0x606 bn_hw_common.bn_noflto.o
 .debug_abbrev  0x000192d8      0x1e0 bn_hw_game_pak.bn_ewram.o
 .debug_abbrev  0x000194b8      0x4db bn_hw_palettes.bn_iwram.o
 .debug_abbrev  0x00019993      0x282 bn_hw_sprite_tiles.bn_iwram.o
 .debug_abbrev  0x00019c15       0x14 bn_hw_bg_blocks.o
 .debug_abbrev  0x00019c29       0x14 bn_hw_hblank_effects.o
 .debug_abbrev  0x00019c3d       0x14 bn_hw_palettes_asm.o
 .debug_abbrev  0x00019c51       0x28 clr_blend_fast.o
 .debug_abbrev  0x00019c79       0x14 clr_fade_fast.o
 .debug_abbrev  0x00019c8d       0x26 tonc_bios.o
 .debug_abbrev  0x00019cb3       0x26 tonc_memset.o
 .debug_abbrev  0x00019cd9       0x14 irq_handler.o
 .debug_abbrev  0x00019ced       0x14 posprintf.o
 .debug_abbrev  0x00019d01       0x12 lmul.o
 .debug_abbrev  0x00019d13       0x12 memcpy.o
 .debug_abbrev  0x00019d25       0x12 memmove.o
 .debug_abbrev  0x00019d37       0x12 memset.o
 .debug_abbrev  0x00019d49       0x12 rmemcpy.o
 .debug_abbrev  0x00019d5b       0x14 sdiv32.o
 .debug_abbrev  0x00019d6f       0x14 udiv32.o
 .debug_abbrev  0x00019d83       0x14 huffman.o
 .debug_abbrev  0x00019d97       0x14 lz77.o
 .debug_abbrev  0x00019dab       0x14 running_length.o
 .debug_abbrev  0x00019dbf       0x14 mm_effect.o
 .debug_abbrev  0x00019dd3       0x14 mm_main.o
 .debug_abbrev  0x00019de7       0x12 mm_mas.o
 .debug_abbrev  0x00019df9       0x14 mm_mas_arm.o
 .debug_abbrev  0x00019e0d       0x12 mm_main_gba.o
 .debug_abbrev  0x00019e1f       0x12 mm_mixer_gba.o

.debug_line     0x00000000    0x42324
 *(.debug_line)
 .debug_line    0x00000000    0x109c7 C:\Users\Sergio\AppData\Local\Temp\ccptsk6K.ltrans0.ltrans.o
 .debug_line    0x000109c7    0x11e6d C:\Users\Sergio\AppData\Local\Temp\ccptsk6K.ltrans1.ltrans.o
 .debug_line    0x00022834     0x7d5a C:\Users\Sergio\AppData\Local\Temp\ccptsk6K.ltrans2.ltrans.o
 .debug_line    0x0002a58e      0x7e8 C:\Users\Sergio\AppData\Local\Temp\ccopzII5.debug.temp.o
 .debug_line    0x0002ad76      0x83b C:\Users\Sergio\AppData\Local\Temp\cc8x28mO.debug.temp.o
 .debug_line    0x0002b5b1      0xb67 C:\Users\Sergio\AppData\Local\Temp\cc6Jhrkx.debug.temp.o
 .debug_line    0x0002c118      0x799 C:\Users\Sergio\AppData\Local\Temp\ccEsot5j.debug.temp.o
 .debug_line    0x0002c8b1      0x89a C:\Users\Sergio\AppData\Local\Temp\ccU5yuT6.debug.temp.o
 .debug_line    0x0002d14b      0x704 C:\Users\Sergio\AppData\Local\Temp\ccMUD64T.debug.temp.o
 .debug_line    0x0002d84f      0x926 C:\Users\Sergio\AppData\Local\Temp\ccmg4caG.debug.temp.o
 .debug_line    0x0002e175      0x5db C:\Users\Sergio\AppData\Local\Temp\ccII1Uvs.debug.temp.o
 .debug_line    0x0002e750      0xaf8 C:\Users\Sergio\AppData\Local\Temp\ccc7Qy4d.debug.temp.o
 .debug_line    0x0002f248      0xcc6 C:\Users\Sergio\AppData\Local\Temp\cc8BWCTZ.debug.temp.o
 .debug_line    0x0002ff0e      0x6c7 C:\Users\Sergio\AppData\Local\Temp\cckvOtxO.debug.temp.o
 .debug_line    0x000305d5      0x9d0 C:\Users\Sergio\AppData\Local\Temp\ccMM8CfD.debug.temp.o
 .debug_line    0x00030fa5      0xc22 C:\Users\Sergio\AppData\Local\Temp\cciogzar.debug.temp.o
 .debug_line    0x00031bc7      0x6ae C:\Users\Sergio\AppData\Local\Temp\ccA6U6lf.debug.temp.o
 .debug_line    0x00032275     0x1e86 C:\Users\Sergio\AppData\Local\Temp\cco9bJE2.debug.temp.o
 .debug_line    0x000340fb      0x516 C:\Users\Sergio\AppData\Local\Temp\cc2c25oQ.debug.temp.o
 .debug_line    0x00034611      0x64f C:\Users\Sergio\AppData\Local\Temp\cc2lVB0H.debug.temp.o
 .debug_line    0x00034c60      0x73d C:\Users\Sergio\AppData\Local\Temp\ccypFyHz.debug.temp.o
 .debug_line    0x0003539d      0x7ad C:\Users\Sergio\AppData\Local\Temp\ccEnlLQq.debug.temp.o
 .debug_line    0x00035b4a      0xa1d C:\Users\Sergio\AppData\Local\Temp\ccu9Ka8g.debug.temp.o
 .debug_line    0x00036567      0xa1c C:\Users\Sergio\AppData\Local\Temp\ccAXOBvN.debug.temp.o
 .debug_line    0x00036f83      0x69d C:\Users\Sergio\AppData\Local\Temp\cco8z1yH.debug.temp.o
 .debug_line    0x00037620      0x91e C:\Users\Sergio\AppData\Local\Temp\cccdQcIA.debug.temp.o
 .debug_line    0x00037f3e      0x8a6 C:\Users\Sergio\AppData\Local\Temp\cc8LrInu.debug.temp.o
 .debug_line    0x000387e4      0xbad C:\Users\Sergio\AppData\Local\Temp\cc2FuA4m.debug.temp.o
 .debug_line    0x00039391      0x5e3 C:\Users\Sergio\AppData\Local\Temp\ccK3tpbf.debug.temp.o
 .debug_line    0x00039974      0xa2b C:\Users\Sergio\AppData\Local\Temp\ccsPjNp7.debug.temp.o
 .debug_line    0x0003a39f      0x809 C:\Users\Sergio\AppData\Local\Temp\ccK70Ur3.debug.temp.o
 .debug_line    0x0003aba8      0x42a C:\Users\Sergio\AppData\Local\Temp\ccEBCDRZ.debug.temp.o
 .debug_line    0x0003afd2      0x6ad C:\Users\Sergio\AppData\Local\Temp\cceyyUYR.debug.temp.o
 .debug_line    0x0003b67f      0x660 C:\Users\Sergio\AppData\Local\Temp\ccqSIlEI.debug.temp.o
 .debug_line    0x0003bcdf      0x7a6 C:\Users\Sergio\AppData\Local\Temp\cceTS6UD.debug.temp.o
 .debug_line    0x0003c485      0x2fe C:\Users\Sergio\AppData\Local\Temp\ccwf69gz.debug.temp.o
 .debug_line    0x0003c783      0x2d5 C:\Users\Sergio\AppData\Local\Temp\ccAev1Rt.debug.temp.o
 .debug_line    0x0003ca58      0x622 C:\Users\Sergio\AppData\Local\Temp\ccc58KBo.debug.temp.o
 .debug_line    0x0003d07a      0x230 C:\Users\Sergio\AppData\Local\Temp\ccASuman.debug.temp.o
 .debug_line    0x0003d2aa       0xe5 C:\Users\Sergio\AppData\Local\Temp\ccADDQRl.debug.temp.o
 .debug_line    0x0003d38f       0xe8 C:\Users\Sergio\AppData\Local\Temp\ccyfS1Gk.debug.temp.o
 .debug_line    0x0003d477       0xf0 C:\Users\Sergio\AppData\Local\Temp\ccIY06qb.debug.temp.o
 .debug_line    0x0003d567       0xec C:\Users\Sergio\AppData\Local\Temp\cciKE3U8.debug.temp.o
 .debug_line    0x0003d653      0x12f C:\Users\Sergio\AppData\Local\Temp\ccWP5MB5.debug.temp.o
 .debug_line    0x0003d782      0x156 C:\Users\Sergio\AppData\Local\Temp\cc8MLor2.debug.temp.o
 .debug_line    0x0003d8d8      0x153 C:\Users\Sergio\AppData\Local\Temp\cckKyDX3.debug.temp.o
 .debug_line    0x0003da2b      0xf47 bn_sprites_manager.bn_iwram.o
 .debug_line    0x0003e972      0x651 bn_hw_common.bn_noflto.o
 .debug_line    0x0003efc3      0x4a8 bn_hw_game_pak.bn_ewram.o
 .debug_line    0x0003f46b      0x6e3 bn_hw_palettes.bn_iwram.o
 .debug_line    0x0003fb4e      0x3d5 bn_hw_sprite_tiles.bn_iwram.o
 .debug_line    0x0003ff23       0x90 bn_hw_bg_blocks.o
 .debug_line    0x0003ffb3       0xa9 bn_hw_hblank_effects.o
 .debug_line    0x0004005c       0x80 bn_hw_palettes_asm.o
 .debug_line    0x000400dc       0xa0 clr_blend_fast.o
 .debug_line    0x0004017c       0x9f clr_fade_fast.o
 .debug_line    0x0004021b      0x2bb tonc_bios.o
 .debug_line    0x000404d6       0xbe tonc_memset.o
 .debug_line    0x00040594       0xdb irq_handler.o
 .debug_line    0x0004066f      0x1b5 posprintf.o
 .debug_line    0x00040824       0xbb lmul.o
 .debug_line    0x000408df       0xd1 memcpy.o
 .debug_line    0x000409b0       0xb1 memmove.o
 .debug_line    0x00040a61       0xdb memset.o
 .debug_line    0x00040b3c       0xbe rmemcpy.o
 .debug_line    0x00040bfa       0x8c sdiv32.o
 .debug_line    0x00040c86       0xf5 udiv32.o
 .debug_line    0x00040d7b       0xa8 huffman.o
 .debug_line    0x00040e23       0xee lz77.o
 .debug_line    0x00040f11       0xc6 running_length.o
 .debug_line    0x00040fd7      0x217 mm_effect.o
 .debug_line    0x000411ee       0x88 mm_main.o
 .debug_line    0x00041276      0xa77 mm_mas.o
 .debug_line    0x00041ced      0x1fd mm_mas_arm.o
 .debug_line    0x00041eea      0x11b mm_main_gba.o
 .debug_line    0x00042005      0x31f mm_mixer_gba.o

.debug_frame    0x00000000     0x1ae4
 *(.debug_frame)
 .debug_frame   0x00000000      0x530 C:\Users\Sergio\AppData\Local\Temp\ccptsk6K.ltrans0.ltrans.o
 .debug_frame   0x00000530      0xd7c C:\Users\Sergio\AppData\Local\Temp\ccptsk6K.ltrans1.ltrans.o
 .debug_frame   0x000012ac      0x5f8 C:\Users\Sergio\AppData\Local\Temp\ccptsk6K.ltrans2.ltrans.o
 .debug_frame   0x000018a4       0x94 bn_sprites_manager.bn_iwram.o
 .debug_frame   0x00001938       0xec bn_hw_common.bn_noflto.o
 .debug_frame   0x00001a24       0x34 bn_hw_game_pak.bn_ewram.o
 .debug_frame   0x00001a58       0x48 bn_hw_palettes.bn_iwram.o
 .debug_frame   0x00001aa0       0x44 bn_hw_sprite_tiles.bn_iwram.o

.debug_str      0x00000000    0x94bb8
 *(.debug_str)
 .debug_str     0x00000000      0x5be C:\Users\Sergio\AppData\Local\Temp\ccptsk6K.ltrans0.ltrans.o
 .debug_str     0x00000000      0x7e5 C:\Users\Sergio\AppData\Local\Temp\ccptsk6K.ltrans1.ltrans.o
 .debug_str     0x00000000      0xd03 C:\Users\Sergio\AppData\Local\Temp\ccptsk6K.ltrans2.ltrans.o
 .debug_str     0x00000000     0x6c58 C:\Users\Sergio\AppData\Local\Temp\ccopzII5.debug.temp.o
 .debug_str     0x00000000     0x82b5 C:\Users\Sergio\AppData\Local\Temp\cc8x28mO.debug.temp.o
 .debug_str     0x00000000    0x1405d C:\Users\Sergio\AppData\Local\Temp\cc6Jhrkx.debug.temp.o
 .debug_str     0x00000000     0x8f05 C:\Users\Sergio\AppData\Local\Temp\ccEsot5j.debug.temp.o
 .debug_str     0x00000000     0x97d4 C:\Users\Sergio\AppData\Local\Temp\ccU5yuT6.debug.temp.o
 .debug_str     0x00000000     0x93fa C:\Users\Sergio\AppData\Local\Temp\ccMUD64T.debug.temp.o
 .debug_str     0x00000000     0xbc93 C:\Users\Sergio\AppData\Local\Temp\ccmg4caG.debug.temp.o
 .debug_str     0x00000000     0x29ff C:\Users\Sergio\AppData\Local\Temp\ccII1Uvs.debug.temp.o
 .debug_str     0x00000000    0x163e3 C:\Users\Sergio\AppData\Local\Temp\ccc7Qy4d.debug.temp.o
 .debug_str     0x00000000    0x1b54d C:\Users\Sergio\AppData\Local\Temp\cc8BWCTZ.debug.temp.o
 .debug_str     0x00000000     0x3cea C:\Users\Sergio\AppData\Local\Temp\cckvOtxO.debug.temp.o
 .debug_str     0x00000000     0x54c1 C:\Users\Sergio\AppData\Local\Temp\ccMM8CfD.debug.temp.o
 .debug_str     0x00000000    0x16ba1 C:\Users\Sergio\AppData\Local\Temp\cciogzar.debug.temp.o
 .debug_str     0x00000000     0x3266 C:\Users\Sergio\AppData\Local\Temp\ccA6U6lf.debug.temp.o
 .debug_str     0x00000000    0x4a094 C:\Users\Sergio\AppData\Local\Temp\cco9bJE2.debug.temp.o
 .debug_str     0x00000000     0x1616 C:\Users\Sergio\AppData\Local\Temp\cc2c25oQ.debug.temp.o
 .debug_str     0x00000000     0x37c5 C:\Users\Sergio\AppData\Local\Temp\cc2lVB0H.debug.temp.o
 .debug_str     0x00000000     0x3aea C:\Users\Sergio\AppData\Local\Temp\ccypFyHz.debug.temp.o
 .debug_str     0x00000000     0x31be C:\Users\Sergio\AppData\Local\Temp\ccEnlLQq.debug.temp.o
 .debug_str     0x00000000     0xc432 C:\Users\Sergio\AppData\Local\Temp\ccu9Ka8g.debug.temp.o
 .debug_str     0x00000000     0xf4d7 C:\Users\Sergio\AppData\Local\Temp\ccAXOBvN.debug.temp.o
 .debug_str     0x00000000     0x8286 C:\Users\Sergio\AppData\Local\Temp\cco8z1yH.debug.temp.o
 .debug_str     0x00000000    0x10267 C:\Users\Sergio\AppData\Local\Temp\cccdQcIA.debug.temp.o
 .debug_str     0x00000000     0xb4db C:\Users\Sergio\AppData\Local\Temp\cc8LrInu.debug.temp.o
 .debug_str     0x00000000    0x184ca C:\Users\Sergio\AppData\Local\Temp\cc2FuA4m.debug.temp.o
 .debug_str     0x00000000     0x3d93 C:\Users\Sergio\AppData\Local\Temp\ccK3tpbf.debug.temp.o
 .debug_str     0x00000000     0xbfd0 C:\Users\Sergio\AppData\Local\Temp\ccsPjNp7.debug.temp.o
 .debug_str     0x00000000     0x33f2 C:\Users\Sergio\AppData\Local\Temp\ccK70Ur3.debug.temp.o
 .debug_str     0x00000000     0x10bb C:\Users\Sergio\AppData\Local\Temp\ccEBCDRZ.debug.temp.o
 .debug_str     0x00000000     0x45a6 C:\Users\Sergio\AppData\Local\Temp\cceyyUYR.debug.temp.o
 .debug_str     0x00000000     0x2bc6 C:\Users\Sergio\AppData\Local\Temp\ccqSIlEI.debug.temp.o
 .debug_str     0x00000000     0x3ffe C:\Users\Sergio\AppData\Local\Temp\cceTS6UD.debug.temp.o
 .debug_str     0x00000000      0x56b C:\Users\Sergio\AppData\Local\Temp\ccwf69gz.debug.temp.o
 .debug_str     0x00000000      0x5d1 C:\Users\Sergio\AppData\Local\Temp\ccAev1Rt.debug.temp.o
 .debug_str     0x00000000     0x29c1 C:\Users\Sergio\AppData\Local\Temp\ccc58KBo.debug.temp.o
 .debug_str     0x00000000      0x5bf C:\Users\Sergio\AppData\Local\Temp\ccASuman.debug.temp.o
 .debug_str     0x00000000      0x2af C:\Users\Sergio\AppData\Local\Temp\ccADDQRl.debug.temp.o
 .debug_str     0x00000000      0x2f5 C:\Users\Sergio\AppData\Local\Temp\ccyfS1Gk.debug.temp.o
 .debug_str     0x00000000      0x33e C:\Users\Sergio\AppData\Local\Temp\ccIY06qb.debug.temp.o
 .debug_str     0x00000000      0x36c C:\Users\Sergio\AppData\Local\Temp\cciKE3U8.debug.temp.o
 .debug_str     0x00000000      0x56f C:\Users\Sergio\AppData\Local\Temp\ccWP5MB5.debug.temp.o
 .debug_str     0x00000000      0x31a C:\Users\Sergio\AppData\Local\Temp\cc8MLor2.debug.temp.o
 .debug_str     0x00000000      0xaaa C:\Users\Sergio\AppData\Local\Temp\cckKyDX3.debug.temp.o
 .debug_str     0x00000000    0x94bb8 bn_sprites_manager.bn_iwram.o
                               0xb57f (size before relaxing)
 .debug_str     0x00094bb8     0x117e bn_hw_common.bn_noflto.o
 .debug_str     0x00094bb8      0x5b3 bn_hw_game_pak.bn_ewram.o
 .debug_str     0x00094bb8      0x93d bn_hw_palettes.bn_iwram.o
 .debug_str     0x00094bb8      0x5a5 bn_hw_sprite_tiles.bn_iwram.o
 .debug_str     0x00094bb8       0x68 bn_hw_bg_blocks.o
 .debug_str     0x00094bb8       0x6d bn_hw_hblank_effects.o
 .debug_str     0x00094bb8       0x6b bn_hw_palettes_asm.o
 .debug_str     0x00094bb8       0x88 clr_blend_fast.o
 .debug_str     0x00094bb8       0x78 clr_fade_fast.o
 .debug_str     0x00094bb8      0x22c tonc_bios.o
 .debug_str     0x00094bb8       0x88 tonc_memset.o
 .debug_str     0x00094bb8       0x76 irq_handler.o
 .debug_str     0x00094bb8       0x76 posprintf.o
 .debug_str     0x00094bb8       0x6e lmul.o
 .debug_str     0x00094bb8       0x70 memcpy.o
 .debug_str     0x00094bb8       0x71 memmove.o
 .debug_str     0x00094bb8       0x70 memset.o
 .debug_str     0x00094bb8       0x71 rmemcpy.o
 .debug_str     0x00094bb8       0x74 sdiv32.o
 .debug_str     0x00094bb8       0x74 udiv32.o
 .debug_str     0x00094bb8       0x7b huffman.o
 .debug_str     0x00094bb8       0x78 lz77.o
 .debug_str     0x00094bb8       0x82 running_length.o
 .debug_str     0x00094bb8       0x76 mm_effect.o
 .debug_str     0x00094bb8       0x74 mm_main.o
 .debug_str     0x00094bb8       0x73 mm_mas.o
 .debug_str     0x00094bb8       0x77 mm_mas_arm.o
 .debug_str     0x00094bb8       0x7c mm_main_gba.o
 .debug_str     0x00094bb8       0x7d mm_mixer_gba.o

.debug_loc      0x00000000    0x717a2
 *(.debug_loc)
 .debug_loc     0x00000000    0x2f617 C:\Users\Sergio\AppData\Local\Temp\ccptsk6K.ltrans0.ltrans.o
 .debug_loc     0x0002f617    0x27ff8 C:\Users\Sergio\AppData\Local\Temp\ccptsk6K.ltrans1.ltrans.o
 .debug_loc     0x0005760f    0x18c1d C:\Users\Sergio\AppData\Local\Temp\ccptsk6K.ltrans2.ltrans.o
 .debug_loc     0x0007022c      0xbc1 bn_sprites_manager.bn_iwram.o
 .debug_loc     0x00070ded      0x309 bn_hw_common.bn_noflto.o
 .debug_loc     0x000710f6      0x102 bn_hw_game_pak.bn_ewram.o
 .debug_loc     0x000711f8      0x371 bn_hw_palettes.bn_iwram.o
 .debug_loc     0x00071569      0x239 bn_hw_sprite_tiles.bn_iwram.o

.debug_macinfo
 *(.debug_macinfo)

.debug_weaknames
 *(.debug_weaknames)

.debug_funcnames
 *(.debug_funcnames)

.debug_typenames
 *(.debug_typenames)

.debug_varnames
 *(.debug_varnames)

.stack          0x00080000        0x0
                0x00080000                        _stack = .
 *(.stack)

.note.gnu.arm.ident
 *(.note.gnu.arm.ident)

.ARM.attributes
                0x00000000       0x2c
 *(.ARM.attributes)
 .ARM.attributes
                0x00000000       0x20 C:/devkitPro/devkitARM/bin/../lib/gcc/arm-none-eabi/14.1.0/../../../../arm-none-eabi/lib/thumb/gba_crt0.o
 .ARM.attributes
                0x00000020       0x1c C:/devkitPro/devkitARM/bin/../lib/gcc/arm-none-eabi/14.1.0/thumb/crti.o
 .ARM.attributes
                0x0000003c       0x2a C:/devkitPro/devkitARM/bin/../lib/gcc/arm-none-eabi/14.1.0/thumb/crtbegin.o
 .ARM.attributes
                0x00000066       0x1a _bn_audio_soundbank.bin.o
 .ARM.attributes
                0x00000080       0x1a big_font_bn_gfx.o
 .ARM.attributes
                0x0000009a       0x1a cat_bn_gfx.o
 .ARM.attributes
                0x000000b4       0x1a cats_intro_bn_gfx.o
 .ARM.attributes
                0x000000ce       0x1a clouds_bn_gfx.o
 .ARM.attributes
                0x000000e8       0x1a collider_bn_gfx.o
 .ARM.attributes
                0x00000102       0x1a common_variable_8x16_font_bn_gfx.o
 .ARM.attributes
                0x0000011c       0x1a dino_bn_gfx.o
 .ARM.attributes
                0x00000136       0x1a jam2024_bn_gfx.o
 .ARM.attributes
                0x00000150       0x1a limit_bn_gfx.o
 .ARM.attributes
                0x0000016a       0x1a ninja_bn_gfx.o
 .ARM.attributes
                0x00000184       0x1a simple_bg_bn_gfx.o
 .ARM.attributes
                0x0000019e       0x28 C:\Users\Sergio\AppData\Local\Temp\ccptsk6K.ltrans0.ltrans.o
 .ARM.attributes
                0x000001c6       0x28 C:\Users\Sergio\AppData\Local\Temp\ccptsk6K.ltrans1.ltrans.o
 .ARM.attributes
                0x000001ee       0x28 C:\Users\Sergio\AppData\Local\Temp\ccptsk6K.ltrans2.ltrans.o
 .ARM.attributes
                0x00000216       0x26 bn_sprites_manager.bn_iwram.o
 .ARM.attributes
                0x0000023c       0x26 bn_hw_common.bn_noflto.o
 .ARM.attributes
                0x00000262       0x26 bn_hw_game_pak.bn_ewram.o
 .ARM.attributes
                0x00000288       0x26 bn_hw_palettes.bn_iwram.o
 .ARM.attributes
                0x000002ae       0x26 bn_hw_sprite_tiles.bn_iwram.o
 .ARM.attributes
                0x000002d4       0x26 bn_hw_sram.bn_ewram.o
 .ARM.attributes
                0x000002fa       0x1a bn_hw_bg_blocks.o
 .ARM.attributes
                0x00000314       0x1a bn_hw_core.o
 .ARM.attributes
                0x0000032e       0x1a bn_hw_hblank_effects.o
 .ARM.attributes
                0x00000348       0x1a bn_hw_palettes_asm.o
 .ARM.attributes
                0x00000362       0x1a clr_blend_fast.o
 .ARM.attributes
                0x0000037c       0x1a clr_fade_fast.o
 .ARM.attributes
                0x00000396       0x1a tonc_bios.o
 .ARM.attributes
                0x000003b0       0x1a tonc_memset.o
 .ARM.attributes
                0x000003ca       0x1a tonc_nocash.o
 .ARM.attributes
                0x000003e4       0x1a verdana9.o
 .ARM.attributes
                0x000003fe       0x1a irq_handler.o
 .ARM.attributes
                0x00000418       0x1a posprintf.o
 .ARM.attributes
                0x00000432       0x1a atan2.o
 .ARM.attributes
                0x0000044c       0x1a coroutine_asm.o
 .ARM.attributes
                0x00000466       0x1a fiq_memcpy.o
 .ARM.attributes
                0x00000480       0x1a lmul.o
 .ARM.attributes
                0x0000049a       0x1a memcpy.o
 .ARM.attributes
                0x000004b4       0x1a memmove.o
 .ARM.attributes
                0x000004ce       0x1a memset.o
 .ARM.attributes
                0x000004e8       0x1a rmemcpy.o
 .ARM.attributes
                0x00000502       0x1a clz.o
 .ARM.attributes
                0x0000051c       0x1a sdiv32.o
 .ARM.attributes
                0x00000536       0x1a sqrt32.o
 .ARM.attributes
                0x00000550       0x1a udiv32.o
 .ARM.attributes
                0x0000056a       0x1a huffman.o
 .ARM.attributes
                0x00000584       0x1a lz77.o
 .ARM.attributes
                0x0000059e       0x1a running_length.o
 .ARM.attributes
                0x000005b8       0x1a mm_effect.o
 .ARM.attributes
                0x000005d2       0x1a mm_main.o
 .ARM.attributes
                0x000005ec       0x1a mm_mas.o
 .ARM.attributes
                0x00000606       0x1a mm_mas_arm.o
 .ARM.attributes
                0x00000620       0x1a mm_init_default.o
 .ARM.attributes
                0x0000063a       0x1a mm_main_gba.o
 .ARM.attributes
                0x00000654       0x1a mm_mixer_gba.o
 .ARM.attributes
                0x0000066e       0x1c C:/devkitPro/devkitARM/bin/../lib/gcc/arm-none-eabi/14.1.0/thumb\libgcc.a(_call_via_rX.o)
 .ARM.attributes
                0x0000068a       0x1c C:/devkitPro/devkitARM/bin/../lib/gcc/arm-none-eabi/14.1.0/thumb\libgcc.a(_sync_none.o)
 .ARM.attributes
                0x000006a6       0x2a C:/devkitPro/devkitARM/bin/../lib/gcc/arm-none-eabi/14.1.0/thumb/crtend.o
 .ARM.attributes
                0x000006d0       0x1c C:/devkitPro/devkitARM/bin/../lib/gcc/arm-none-eabi/14.1.0/thumb/crtn.o

/DISCARD/
 *(.note.GNU-stack)
LOAD C:/devkitPro/devkitARM/bin/../lib/gcc/arm-none-eabi/14.1.0/../../../../arm-none-eabi/lib/thumb/gba_crt0.o
LOAD C:/devkitPro/devkitARM/bin/../lib/gcc/arm-none-eabi/14.1.0/thumb/crti.o
LOAD C:/devkitPro/devkitARM/bin/../lib/gcc/arm-none-eabi/14.1.0/thumb/crtbegin.o
LOAD _bn_audio_soundbank.bin.o
LOAD big_font_bn_gfx.o
LOAD cat_bn_gfx.o
LOAD cats_intro_bn_gfx.o
LOAD clouds_bn_gfx.o
LOAD collider_bn_gfx.o
LOAD common_variable_8x16_font_bn_gfx.o
LOAD dino_bn_gfx.o
LOAD jam2024_bn_gfx.o
LOAD limit_bn_gfx.o
LOAD ninja_bn_gfx.o
LOAD simple_bg_bn_gfx.o
LOAD catgame_intro.o
LOAD C:\Users\Sergio\AppData\Local\Temp\ccptsk6K.ltrans0.ltrans.o
LOAD C:\Users\Sergio\AppData\Local\Temp\ccptsk6K.ltrans1.ltrans.o
LOAD C:\Users\Sergio\AppData\Local\Temp\ccptsk6K.ltrans2.ltrans.o
LOAD C:\Users\Sergio\AppData\Local\Temp\ccopzII5.debug.temp.o
LOAD C:\Users\Sergio\AppData\Local\Temp\cc8x28mO.debug.temp.o
LOAD C:\Users\Sergio\AppData\Local\Temp\cc6Jhrkx.debug.temp.o
LOAD C:\Users\Sergio\AppData\Local\Temp\ccEsot5j.debug.temp.o
LOAD C:\Users\Sergio\AppData\Local\Temp\ccU5yuT6.debug.temp.o
LOAD C:\Users\Sergio\AppData\Local\Temp\ccMUD64T.debug.temp.o
LOAD C:\Users\Sergio\AppData\Local\Temp\ccmg4caG.debug.temp.o
LOAD C:\Users\Sergio\AppData\Local\Temp\ccII1Uvs.debug.temp.o
LOAD C:\Users\Sergio\AppData\Local\Temp\ccc7Qy4d.debug.temp.o
LOAD C:\Users\Sergio\AppData\Local\Temp\cc8BWCTZ.debug.temp.o
LOAD C:\Users\Sergio\AppData\Local\Temp\cckvOtxO.debug.temp.o
LOAD C:\Users\Sergio\AppData\Local\Temp\ccMM8CfD.debug.temp.o
LOAD C:\Users\Sergio\AppData\Local\Temp\cciogzar.debug.temp.o
LOAD C:\Users\Sergio\AppData\Local\Temp\ccA6U6lf.debug.temp.o
LOAD C:\Users\Sergio\AppData\Local\Temp\cco9bJE2.debug.temp.o
LOAD C:\Users\Sergio\AppData\Local\Temp\cc2c25oQ.debug.temp.o