Archive member included to satisfy reference by file (symbol)

C:/devkitPro/devkitARM/bin/../lib/gcc/arm-none-eabi/14.1.0/thumb\libgcc.a(_call_via_rX.o)
                              mm_main_gba.o (_call_via_r1)
C:/devkitPro/devkitARM/bin/../lib/gcc/arm-none-eabi/14.1.0/thumb\libgcc.a(_sync_none.o)
                              (__sync_synchronize_none)

Discarded input sections

 .text          0x00000000        0x0 C:/devkitPro/devkitARM/bin/../lib/gcc/arm-none-eabi/14.1.0/../../../../arm-none-eabi/lib/thumb/gba_crt0.o
 .data          0x00000000        0x0 C:/devkitPro/devkitARM/bin/../lib/gcc/arm-none-eabi/14.1.0/../../../../arm-none-eabi/lib/thumb/gba_crt0.o
 .bss           0x00000000        0x0 C:/devkitPro/devkitARM/bin/../lib/gcc/arm-none-eabi/14.1.0/../../../../arm-none-eabi/lib/thumb/gba_crt0.o
 .text          0x00000000        0x0 C:/devkitPro/devkitARM/bin/../lib/gcc/arm-none-eabi/14.1.0/thumb/crti.o
 .data          0x00000000        0x0 C:/devkitPro/devkitARM/bin/../lib/gcc/arm-none-eabi/14.1.0/thumb/crti.o
 .bss           0x00000000        0x0 C:/devkitPro/devkitARM/bin/../lib/gcc/arm-none-eabi/14.1.0/thumb/crti.o
 .text          0x00000000        0x0 C:/devkitPro/devkitARM/bin/../lib/gcc/arm-none-eabi/14.1.0/thumb/crtbegin.o
 .data          0x00000000        0x0 C:/devkitPro/devkitARM/bin/../lib/gcc/arm-none-eabi/14.1.0/thumb/crtbegin.o
 .bss           0x00000000        0x0 C:/devkitPro/devkitARM/bin/../lib/gcc/arm-none-eabi/14.1.0/thumb/crtbegin.o
 .rodata.all_implied_fbits
                0x00000000       0x24 C:/devkitPro/devkitARM/bin/../lib/gcc/arm-none-eabi/14.1.0/thumb/crtbegin.o
 .text          0x00000000        0x0 _bn_audio_soundbank.bin.o
 .data          0x00000000        0x0 _bn_audio_soundbank.bin.o
 .bss           0x00000000        0x0 _bn_audio_soundbank.bin.o
 .text          0x00000000        0x0 big_font_bn_gfx.o
 .data          0x00000000        0x0 big_font_bn_gfx.o
 .bss           0x00000000        0x0 big_font_bn_gfx.o
 .rodata        0x00000000     0x1ba0 big_font_bn_gfx.o
 .text          0x00000000        0x0 cat_bn_gfx.o
 .data          0x00000000        0x0 cat_bn_gfx.o
 .bss           0x00000000        0x0 cat_bn_gfx.o
 .text          0x00000000        0x0 cats_intro_bn_gfx.o
 .data          0x00000000        0x0 cats_intro_bn_gfx.o
 .bss           0x00000000        0x0 cats_intro_bn_gfx.o
 .text          0x00000000        0x0 cats_intro_hands_bn_gfx.o
 .data          0x00000000        0x0 cats_intro_hands_bn_gfx.o
 .bss           0x00000000        0x0 cats_intro_hands_bn_gfx.o
 .rodata        0x00000000     0x1410 cats_intro_hands_bn_gfx.o
 .text          0x00000000        0x0 clouds_bn_gfx.o
 .data          0x00000000        0x0 clouds_bn_gfx.o
 .bss           0x00000000        0x0 clouds_bn_gfx.o
 .text          0x00000000        0x0 collider_bn_gfx.o
 .data          0x00000000        0x0 collider_bn_gfx.o
 .bss           0x00000000        0x0 collider_bn_gfx.o
 .rodata        0x00000000       0x40 collider_bn_gfx.o
 .text          0x00000000        0x0 common_variable_8x16_font_bn_gfx.o
 .data          0x00000000        0x0 common_variable_8x16_font_bn_gfx.o
 .bss           0x00000000        0x0 common_variable_8x16_font_bn_gfx.o
 .text          0x00000000        0x0 gbajam24_banner_bn_gfx.o
 .data          0x00000000        0x0 gbajam24_banner_bn_gfx.o
 .bss           0x00000000        0x0 gbajam24_banner_bn_gfx.o
 .text          0x00000000        0x0 gbajam24_logo_bn_gfx.o
 .data          0x00000000        0x0 gbajam24_logo_bn_gfx.o
 .bss           0x00000000        0x0 gbajam24_logo_bn_gfx.o
 .text          0x00000000        0x0 limit_bn_gfx.o
 .data          0x00000000        0x0 limit_bn_gfx.o
 .bss           0x00000000        0x0 limit_bn_gfx.o
 .rodata        0x00000000       0x40 limit_bn_gfx.o
 .text          0x00000000        0x0 ninja_bn_gfx.o
 .data          0x00000000        0x0 ninja_bn_gfx.o
 .bss           0x00000000        0x0 ninja_bn_gfx.o
 .text          0x00000000        0x0 simple_bg_bn_gfx.o
 .data          0x00000000        0x0 simple_bg_bn_gfx.o
 .bss           0x00000000        0x0 simple_bg_bn_gfx.o
 .text          0x00000000        0x0 window_frame_bn_gfx.o
 .data          0x00000000        0x0 window_frame_bn_gfx.o
 .bss           0x00000000        0x0 window_frame_bn_gfx.o
 .rodata        0x00000000      0x860 window_frame_bn_gfx.o
 .data          0x00000000        0x0 C:\Users\Sergio\AppData\Local\Temp\ccH355eB.ltrans0.ltrans.o
 .data          0x00000000        0x0 C:\Users\Sergio\AppData\Local\Temp\ccH355eB.ltrans1.ltrans.o
 .bss           0x00000000        0x0 C:\Users\Sergio\AppData\Local\Temp\ccH355eB.ltrans1.ltrans.o
 .data          0x00000000        0x0 C:\Users\Sergio\AppData\Local\Temp\ccH355eB.ltrans2.ltrans.o
 .comment       0x00000000       0x24 C:\Users\Sergio\AppData\Local\Temp\ccevrxSl.debug.temp.o
 .comment       0x00000000       0x24 C:\Users\Sergio\AppData\Local\Temp\cca9QWwF.debug.temp.o
[...]
Memory Configuration

Name             Origin             Length             Attributes
rom              0x08000000         0x02000000
iwram            0x03000000         0x00008000
ewram            0x02000000         0x00040000
*default*        0x00000000         0xffffffff

Linker script and memory map

                0x00000000                        __sync_synchronize = __sync_synchronize_none
                0x08000000                        __text_start = ORIGIN (rom)
                0x02040000                        __eheap_end = (ORIGIN (ewram) + LENGTH (ewram))
                0x03000000                        __iwram_start = ORIGIN (iwram)
                0x03008000                        __iwram_top = (ORIGIN (iwram) + LENGTH (iwram))
                0x03007fa0                        __sp_irq = (__iwram_top - 0x60)
                0x03007f00                        __sp_usr = (__sp_irq - 0xa0)
                0x03007ff8                        __irq_flags = 0x3007ff8
                0x08000000                        . = __text_start

.crt0           0x08000000      0x210
 *(.crt0)
 .crt0          0x08000000      0x210 C:/devkitPro/devkitARM/bin/../lib/gcc/arm-none-eabi/14.1.0/../../../../arm-none-eabi/lib/thumb/gba_crt0.o
                0x08000000                _start
                0x080000c4                __boot_method
                0x080000c5                __slave_number
                0x080000e0                start_vector
                0x08000210                        . = ALIGN (0x4)

.init           0x08000210        0xc
 *(SORT_NONE(.init))
 .init          0x08000210        0x4 C:/devkitPro/devkitARM/bin/../lib/gcc/arm-none-eabi/14.1.0/thumb/crti.o
                0x08000210                _init
 .init          0x08000214        0x8 C:/devkitPro/devkitARM/bin/../lib/gcc/arm-none-eabi/14.1.0/thumb/crtn.o

.plt            0x0800021c        0x0
 *(.plt)
                0x0800021c                        . = ALIGN (0x4)

.text           0x08000220    0x17460
 *(EXCLUDE_FILE(*.iwram*) .text*)
 .text.__do_global_dtors_aux
                0x08000220       0x2c C:/devkitPro/devkitARM/bin/../lib/gcc/arm-none-eabi/14.1.0/thumb/crtbegin.o
 .text.frame_dummy
                0x0800024c       0x24 C:/devkitPro/devkitARM/bin/../lib/gcc/arm-none-eabi/14.1.0/thumb/crtbegin.o
 .text          0x08000270     0xa344 C:\Users\Sergio\AppData\Local\Temp\ccH355eB.ltrans0.ltrans.o
                0x08000824                bn::camera_ptr::position() const
                0x08000838                bn::audio_manager::(anonymous namespace)::static_data::~static_data() [clone .lto_priv.0]
                0x08000838                bn::audio_manager::(anonymous namespace)::static_data::~static_data() [clone .lto_priv.0]
                0x0800083c                bn::bg_blocks_manager::decrease_usages(int)
                0x080008e4                bn::bg_blocks_manager::(anonymous namespace)::static_data::~static_data() [clone .lto_priv.0]
                0x080008e4                bn::bg_blocks_manager::(anonymous namespace)::static_data::~static_data() [clone .lto_priv.0]
                0x08000944                _bn::assert::show(char const*, char const*, char const*, int, bn::istring_base const&)
                0x0800095c                void _bn::assert::show_args<char [16]>(char const*, char const*, char const*, int, char const (&) [16])
                0x0800095c                void _bn::assert::show_args<char [54]>(char const*, char const*, char const*, int, char const (&) [54])
                0x0800095c                void _bn::assert::show_args<char [15]>(char const*, char const*, char const*, int, char const (&) [15])
                0x0800095c                void _bn::assert::show_args<char [31]>(char const*, char const*, char const*, int, char const (&) [31])
                0x0800095c                void _bn::assert::show_args<char [33]>(char const*, char const*, char const*, int, char const (&) [33])
                0x0800095c                void _bn::assert::show_args<char [18]>(char const*, char const*, char const*, int, char const (&) [18])
                0x0800095c                void _bn::assert::show_args<char [17]>(char const*, char const*, char const*, int, char const (&) [17])
                0x0800095c                void _bn::assert::show_args<char [13]>(char const*, char const*, char const*, int, char const (&) [13])
                0x0800095c                void _bn::assert::show_args<char [26]>(char const*, char const*, char const*, int, char const (&) [26])
                0x0800095c                void _bn::assert::show_args<char [23]>(char const*, char const*, char const*, int, char const (&) [23])
                0x0800095c                void _bn::assert::show_args<char [37]>(char const*, char const*, char const*, int, char const (&) [37])
                0x0800095c                void _bn::assert::show_args<char [22]>(char const*, char const*, char const*, int, char const (&) [22])
                0x0800095c                void _bn::assert::show_args<char [27]>(char const*, char const*, char const*, int, char const (&) [27])
                0x0800095c                void _bn::assert::show_args<char [14]>(char const*, char const*, char const*, int, char const (&) [14])
                0x0800095c                void _bn::assert::show_args<char [19]>(char const*, char const*, char const*, int, char const (&) [19])
                0x0800095c                void _bn::assert::show_args<char [24]>(char const*, char const*, char const*, int, char const (&) [24])
                0x0800095c                void _bn::assert::show_args<char [35]>(char const*, char const*, char const*, int, char const (&) [35])
                0x0800095c                void _bn::assert::show_args<char [55]>(char const*, char const*, char const*, int, char const (&) [55])
                0x0800099c                bn::bgs_manager::(anonymous namespace)::static_data::~static_data() [clone .lto_priv.0]
                0x0800099c                bn::bgs_manager::(anonymous namespace)::static_data::~static_data() [clone .lto_priv.0]
                0x08000d88                _bn::assert::show(char const*, char const*, char const*, int)
                0x08000da0                bn::ivector<catgame::enemy>::push_back(catgame::enemy&&) [clone .part.0] [clone .lto_priv.0]
                0x080025ac                void _bn::assert::show_args<char [33], int>(char const*, char const*, char const*, int, char const (&) [33], int const&)
                0x080025ac                void _bn::assert::show_args<char [17], int>(char const*, char const*, char const*, int, char const (&) [17], int const&)
                0x080025ac                void _bn::assert::show_args<char [15], int>(char const*, char const*, char const*, int, char const (&) [15], int const&)
                0x080025ac                void _bn::assert::show_args<char [22], int>(char const*, char const*, char const*, int, char const (&) [22], int const&)
                0x080025ac                void _bn::assert::show_args<char [28], int>(char const*, char const*, char const*, int, char const (&) [28], int const&)
                0x080025ac                void _bn::assert::show_args<char [16], int>(char const*, char const*, char const*, int, char const (&) [16], int const&)
                0x080025ac                void _bn::assert::show_args<char [27], int>(char const*, char const*, char const*, int, char const (&) [27], int const&)
                0x080025ac                void _bn::assert::show_args<char [20], int>(char const*, char const*, char const*, int, char const (&) [20], int const&)
                0x080025ac                void _bn::assert::show_args<char [25], int>(char const*, char const*, char const*, int, char const (&) [25], int const&)
                0x080025ac                void _bn::assert::show_args<char [26], int>(char const*, char const*, char const*, int, char const (&) [26], int const&)
                0x080025ac                void _bn::assert::show_args<char [39], int>(char const*, char const*, char const*, int, char const (&) [39], int const&)
                0x0800a564                bn::display_manager::(anonymous namespace)::static_data::~static_data() [clone .lto_priv.0]
                0x0800a564                bn::display_manager::(anonymous namespace)::static_data::~static_data() [clone .lto_priv.0]
 .text.startup  0x0800a5b4      0xd64 C:\Users\Sergio\AppData\Local\Temp\ccH355eB.ltrans0.ltrans.o
                0x0800a5b4                main
 .text          0x0800b318     0x71b4 C:\Users\Sergio\AppData\Local\Temp\ccH355eB.ltrans1.ltrans.o
                0x0800b318                bn::hw::link::(anonymous namespace)::_resetStateCallback() [clone .lto_priv.0]
                0x0800be64                bn::hblank_effects_manager::(anonymous namespace)::item_type::_output_values_ptr() [clone .lto_priv.0]
                0x0800bea4                bn::ostringstream::ostringstream(bn::istring_base&)
                0x0800bea4                bn::ostringstream::ostringstream(bn::istring_base&)
                0x0800beac                bn::palettes_bank::_apply_global_effects(int, bn::color*) const
                0x0800bff8                bn::palettes_bank::palette::apply_effects(int, bn::color*) const
                0x0800c148                bn::palettes_bank::update()
                0x0800c27c                bn::palettes_manager::(anonymous namespace)::static_data::~static_data() [clone .lto_priv.0]
                0x0800c27c                bn::palettes_manager::(anonymous namespace)::static_data::~static_data() [clone .lto_priv.0]
                0x0800c280                bool bn::sprite_affine_mats_manager::(anonymous namespace)::_sprite_double_size<32, 16>(int, int, int, int, int) [clone .lto_priv.0]
                0x0800c304                bool bn::sprite_affine_mats_manager::(anonymous namespace)::_sprite_double_size<16, 32>(int, int, int, int, int) [clone .lto_priv.0]
                0x0800c388                bn::sprite_affine_mats_manager::(anonymous namespace)::static_data::~static_data() [clone .lto_priv.0]
                0x0800c388                bn::sprite_affine_mats_manager::(anonymous namespace)::static_data::~static_data() [clone .lto_priv.0]
                0x0800c3c4                bn::sprite_affine_mats_manager::set_horizontal_flip(int, bool) [clone .part.0]
                0x0800c42c                bn::sprites_manager::(anonymous namespace)::_always_update_indexes_to_commit(bn::sprites_manager_item const&) [clone .lto_priv.0]
                0x0800c474                bn::sprites_manager::set_position(void*, bn::fixed_point_t<12> const&)
                0x0800c4ec                bn::sprites_manager::set_horizontal_flip(void*, bool)
                0x0800c558                bn::sprites_manager::update_auto_double_size(void*)
                0x0800c658                bn::lc::LinkConnection::stop() [clone .constprop.0]
                0x0800c684                VgmStop()
                0x0800c744                gbt_refresh_pattern_ptr.lto_priv.0
                0x0800c7c8                gbt_run_startup_commands.part.0.lto_priv.0
                0x0800c85c                bn::hw::audio::(anonymous namespace)::_commit() [clone .lto_priv.0]
                0x0800cfbc                bn::hw::audio::(anonymous namespace)::_vblank_handler() [clone .lto_priv.0]
                0x0800d10c                bn::best_fit_allocator::free(void*) [clone .constprop.0]
                0x0800d228                operator delete(void*)
                0x0800d234                operator delete(void*, unsigned int)
                0x0800d240                operator delete[](void*)
                0x0800d24c                operator delete[](void*, unsigned int)
                0x0800d408                malloc
                0x0800d414                bn::sprite_tiles_manager::(anonymous namespace)::_hw_commit(bn::tile const*, bn::compression_type, int, int) [clone .lto_priv.0]
                0x0800d4ac                bn::memory_manager::(anonymous namespace)::static_data::~static_data() [clone .lto_priv.0]
                0x0800d4ac                bn::memory_manager::(anonymous namespace)::static_data::~static_data() [clone .lto_priv.0]
                0x0800d4e0                bn::hw::link::_timer_intr()
                0x0800d5d4                bn::hw::link::_serial_intr()
                0x0800d78c                bn::palettes_bank::decrease_usages(int)
                0x0800da18                bn::bg_blocks_manager::(anonymous namespace)::items_list::insert_after(int, bn::bg_blocks_manager::(anonymous namespace)::item_type const&) [clone .constprop.0]
                0x0800dcd4                bn::camera_ptr::create(bn::fixed_t<12>, bn::fixed_t<12>) [clone .constprop.0]
                0x0800dd30                bn::sprite_tiles_ptr::create(bn::sprite_tiles_item const&)
                0x0800ddac                bn::(anonymous namespace)::_graphics_index(char, bn::utf8_characters_map_ref const&, char const*, int&) [clone .part.0] [clone .lto_priv.0]
                0x0800e100                bn::sprite_tiles_manager::update()
                0x0800e5e4                bn::sprite_tiles_manager::(anonymous namespace)::_create_impl(bn::tile const*, bn::compression_type, int) [clone .lto_priv.0]
                0x0800e7e4                bn::hw::audio::(anonymous namespace)::_add_sound_to_queue(int, unsigned short) [clone .lto_priv.0]
                0x0800e8b0                bn::sorted_sprites::sorter::insert(bn::sprites_manager_item&) [clone .constprop.0]
                0x0800eab8                bn::sprites_manager::create(bn::fixed_point_t<12> const&, bn::sprite_shape_size const&, bn::sprite_tiles_ptr&&, bn::sprite_palette_ptr&&)
                0x0800ec8c                bn::sprites_manager::(anonymous namespace)::static_data::~static_data() [clone .lto_priv.0]
                0x0800ec8c                bn::sprites_manager::(anonymous namespace)::static_data::~static_data() [clone .lto_priv.0]
                0x0800ecf0                bn::hw::audio::(anonymous namespace)::static_data::~static_data() [clone .lto_priv.0]
                0x0800ecf0                bn::hw::audio::(anonymous namespace)::static_data::~static_data() [clone .lto_priv.0]
                0x0800ecf4                bn::hw::link::(anonymous namespace)::_sendDataCallback() [clone .lto_priv.0]
                0x0800edd8                bn::hw::link::(anonymous namespace)::_receiveResponseCallback(bn::lc::LinkResponse const&) [clone .lto_priv.0]
                0x0800ef34                bn::hw::audio::(anonymous namespace)::_erase_sound_from_queue(unsigned short) [clone .lto_priv.0]
                0x0800efcc                bn::hw::audio::(anonymous namespace)::_check_sounds_queue() [clone .part.0] [clone .lto_priv.0]
                0x0800f06c                void _bn::assert::show_args<char [20], char, char [9], bn::string_view, char [2]>(char const*, char const*, char const*, int, char const (&) [20], char const&, char const (&) [9], bn::string_view const&, char const (&) [2]) [clone .constprop.0]
                0x0800f110                bn::sprite_text_generator::width(bn::string_view const&) const
                0x0800f320                void _bn::assert::show_args<char [16], int, char [4], int>(char const*, char const*, char const*, int, char const (&) [16], int const&, char const (&) [4], int const&) [clone .constprop.0]
                0x0800f388                bn::keypad_manager::update()
                0x0800f67c                bn::ostringstream::append(char const*)
                0x0800f708                bn::ostringstream::append(int)
                0x0800fce0                void _bn::assert::show_args<char [52], unsigned short>(char const*, char const*, char const*, int, char const (&) [52], unsigned short const&) [clone .constprop.0]
                0x08010290                bn::bg_palette_ptr::create(bn::bg_palette_item const&)
                0x0801043c                bn::sprite_palette_ptr::create(bn::sprite_palette_item const&)
                0x08010564                void _bn::assert::show_args<char [20], int, char [4], unsigned short>(char const*, char const*, char const*, int, char const (&) [20], int const&, char const (&) [4], unsigned short const&) [clone .constprop.0]
                0x080105cc                bn::sprites_manager::create(bn::sprite_builder&&)
                0x08010cf4                bn::ostringstream::append(unsigned int)
                0x08010e08                void _bn::assert::show_args<char [35], unsigned int>(char const*, char const*, char const*, int, char const (&) [35], unsigned int const&) [clone .constprop.0]
                0x08010e58                operator new(unsigned int)
                0x08010e88                operator new[](unsigned int)
                0x08010eb8                bn::ostringstream::append(void const*)
                0x08010fd8                bn::sprite_tiles_manager::log_status()
                0x080115b8                void _bn::assert::show_args<char [32], char [15], unsigned short const*, char [16], int, char [17], int, char [34], bn::string_view>(char const*, char const*, char const*, int, char const (&) [32], char const (&) [15], unsigned short const* const&, char const (&) [16], int const&, char const (&) [17], int const&, char const (&) [34], bn::string_view const&) [clone .constprop.0]
                0x0801164c                void _bn::assert::show_args<char [30], char [13], unsigned short const*, char [14], int, char [15], int, char [17], int, char [34], bn::string_view>(char const*, char const*, char const*, int, char const (&) [30], char const (&) [13], unsigned short const* const&, char const (&) [14], int const&, char const (&) [15], int const&, char const (&) [17], int const&, char const (&) [34], bn::string_view const&) [clone .constprop.0]
                0x0801176c                bn::sprite_tiles_manager::(anonymous namespace)::_find_impl(bn::tile const*, bn::compression_type, int) [clone .lto_priv.0]
                0x08011a08                bn::isprite_animate_action::update()
                0x08011c0c                void _bn::assert::show_args<char [28], char [15], bn::tile const*, char [16], int, char [34], bn::string_view>(char const*, char const*, char const*, int, char const (&) [28], char const (&) [15], bn::tile const* const&, char const (&) [16], int const&, char const (&) [34], bn::string_view const&) [clone .constprop.0]
                0x08011ddc                bn::tile* bn::(anonymous namespace)::_build_sprite_assert<(bn::sprite_size)2>(bn::sprite_text_generator const&, bn::sprite_palette_ptr const&, bn::fixed_point_t<12> const&, bn::ivector<bn::sprite_ptr>&) [clone .lto_priv.0]
                0x08011fc4                bn::tile* bn::(anonymous namespace)::_build_sprite_assert<(bn::sprite_size)1>(bn::sprite_text_generator const&, bn::sprite_palette_ptr const&, bn::fixed_point_t<12> const&, bn::ivector<bn::sprite_ptr>&) [clone .lto_priv.0]
                0x080121a8                bn::hw::show::error(bn::system_font const&, bn::string_view const&, bn::string_view const&, bn::string_view const&, int, bn::string_view const&, bn::string_view const&) [clone .constprop.0]
 .text          0x080124cc     0x2dec C:\Users\Sergio\AppData\Local\Temp\ccH355eB.ltrans2.ltrans.o
                0x080124cc                bn::hw::bgs::commit_data::commit_data() [clone .constprop.0] [clone .isra.0]
                0x08012528                bn::bg_blocks_manager::(anonymous namespace)::items_list::items_list() [clone .constprop.0] [clone .isra.0]
                0x08012574                bn::sprite_affine_mats_manager::(anonymous namespace)::static_data::static_data() [clone .constprop.0] [clone .isra.0]
                0x08012618                bn::sprite_tiles_manager::(anonymous namespace)::static_data::static_data() [clone .constprop.0] [clone .isra.0]
                0x08012744                bn::display_manager::(anonymous namespace)::static_data::static_data() [clone .constprop.0] [clone .isra.0]
                0x080127d4                bn::hdma_manager::(anonymous namespace)::static_data::static_data() [clone .constprop.0] [clone .isra.0]
                0x08012808                bn::hblank_effects_manager::(anonymous namespace)::static_external_data::static_external_data() [clone .constprop.0] [clone .isra.0]
                0x080128e0                tte_write.isra.0
                0x08012a50                bn::istring::append(char const*) [clone .isra.0]
                0x08012ad0                bn::string_view::string_view(char const*) [clone .isra.0]
                0x08012aec                bn::core::(anonymous namespace)::static_data::static_data() [clone .constprop.0] [clone .isra.0]
                0x08012b54                bn::sprite_ptr::set_camera(bn::camera_ptr const&) [clone .isra.0]
                0x08012c28                bn::sprite_affine_mats_manager::(anonymous namespace)::item_type::sprite_double_size(int, bn::sprite_shape_size const&) const [clone .isra.0]
                0x08012dd4                bn::palettes_bank::palettes_bank() [clone .isra.0]
                0x08012ea8                bn::regular_bg_ptr::set_camera(bn::camera_ptr const&) [clone .isra.0]
                0x0801304c                bn::sprite_tiles_manager::create(bn::span<bn::tile const> const&, bn::compression_type) [clone .isra.0]
                0x08013148                bn::ivector<bn::bgs_manager::(anonymous namespace)::item_type*>::size_type bn::erase<bn::bgs_manager::(anonymous namespace)::item_type*>(bn::ivector<bn::bgs_manager::(anonymous namespace)::item_type*>&, bn::bgs_manager::(anonymous namespace)::item_type* const&) [clone .constprop.0] [clone .isra.0]
                0x0801327c                bn::sprite_affine_mat_ptr::~sprite_affine_mat_ptr() [clone .isra.0]
                0x080132f4                bn::sprite_tiles_ptr::~sprite_tiles_ptr() [clone .isra.0]
                0x08013534                bn::sprite_ptr::~sprite_ptr() [clone .isra.0]
                0x08013728                bn::palettes_bank::colors_hash(bn::span<bn::color const> const&) [clone .isra.0]
                0x0801376c                bn::iunordered_map<bn::tile const*, int, bn::hash<bn::tile const*>, bn::equal_to<bn::tile const*> >::erase(bn::iunordered_map<bn::tile const*, int, bn::hash<bn::tile const*>, bn::equal_to<bn::tile const*> >::const_iterator const&) [clone .constprop.0] [clone .isra.0]
                0x08013978                bn::istring::append(char const*, int) [clone .isra.0]
                0x08013a08                bn::sprite_builder::sprite_builder(bn::sprite_shape_size const&, bn::sprite_tiles_ptr, bn::sprite_palette_ptr) [clone .isra.0]
                0x08013c20                bool bn::(anonymous namespace)::_generate<false>(bn::sprite_text_generator const&, bn::fixed_point_t<12> const&, bn::string_view const&, bn::utf8_characters_map_ref const&, int, int, bool, bn::ivector<bn::sprite_ptr>&) [clone .constprop.0] [clone .isra.0]
                0x08014e48                bn::isprite_animate_action::_assign_graphics_indexes(bn::span<unsigned short const> const&) [clone .isra.0]
                0x08014ec8                bn::regular_bg_ptr::dimensions() const [clone .isra.0]
                0x08014f2c                catgame::enemy::enemy(bn::camera_ptr, bn::point, bn::sprite_ptr) [clone .isra.0]
 .text.startup  0x080152b8      0x318 C:\Users\Sergio\AppData\Local\Temp\ccH355eB.ltrans2.ltrans.o
 .text.__libc_init_array
                0x080155d0       0x50 bn_hw_common.bn_noflto.o
                0x080155d0                __libc_init_array
 .text.__aeabi_atexit
                0x08015620        0x4 bn_hw_common.bn_noflto.o
                0x08015620                __aeabi_atexit
 .text._ZN3_bn6assert9show_argsIA40_cEEvPKcS4_S4_iRKT_
                0x08015624       0x48 bn_hw_common.bn_noflto.o
                0x08015624                void _bn::assert::show_args<char [40]>(char const*, char const*, char const*, int, char const (&) [40])
 .text.__aeabi_idiv0
                0x0801566c       0x24 bn_hw_common.bn_noflto.o
                0x0801566c                __aeabi_idiv0
 .text.VBlankIntrWait
                0x08015690        0x4 tonc_bios.o
                0x08015690                VBlankIntrWait
 .text.memset16
                0x08015694       0x3c tonc_memset.o
                0x08015694                memset16
 .text          0x080156d0      0x26c posprintf.o
                0x080156d4                posprintf
 .text          0x0801593c      0x314 mm_effect.o
                0x0801593c                mmResetEffects
                0x08015968                mmEffect
                0x0801597e                mmEffectEx
                0x08015a7e                mmEffectActive
                0x08015ab2                mmEffectVolume
                0x08015ace                mmEffectPanning
                0x08015ae2                mmEffectRate
                0x08015af6                mmEffectCancel
                0x08015b30                mmEffectRelease
                0x08015b56                mmEffectScaleRate
                0x08015b6a                mmSetEffectsVolume
                0x08015b78                mmEffectCancelAll
                0x08015bb8                mmUpdateEffects
 .text          0x08015c50       0x14 mm_main.o
                0x08015c50                mpp_call_r7
                0x08015c52                mpp_call_r1
                0x08015c54                mpp_call_r2
                0x08015c56                mpp_call_r3
                0x08015c58                mmSetEventHandler
 .text          0x08015c64     0x1570 mm_mas.o
                0x08015cd8                mmStart
                0x08015cf8                mmJingle
                0x08015cfe                mmPlayModule
                0x08015dc8                mmPause
                0x08015de4                mmResume
                0x08015df4                mmActive
                0x08015dfa                mmActiveSub
                0x08015e00                mmSetModuleVolume
                0x08015e10                mmSetJingleVolume
                0x08015e4c                mmGetPositionTick
                0x08015e52                mmGetPositionRow
                0x08015e58                mmGetPosition
                0x08015e5e                mmPosition
                0x08015e78                mmSetModuleTempo
                0x08015eaa                mmSetModulePitch
                0x08015eec                mmStop
                0x08015fb2                mppUpdateSub
                0x0801610e                mpp_Process_VolumeCommand
                0x08016346                mpp_Process_Effect
                0x08016a94                ST3_FREQTABLE
                0x08016eb4                IT_PitchTable
 .text          0x080171d4      0x12c mm_main_gba.o
                0x080171d4                mmInit
                0x08017228                mmSetVBlankHandler
                0x0801722e                mmFrame
 .text          0x08017300      0x1e0 mm_mixer_gba.o
                0x08017300                mmMixerSetSource
                0x08017314                mmMixerSetRead
                0x08017322                mmMixerSetFreq
                0x08017332                mmMixerMulFreq
                0x08017346                mmMixerStopChannel
                0x08017358                mmMixerChannelActive
                0x0801736a                mmMixerSetVolume
                0x08017378                mmMixerSetPan
                0x08017386                mmMixerInit
 .text          0x080174e0       0x3c C:/devkitPro/devkitARM/bin/../lib/gcc/arm-none-eabi/14.1.0/thumb\libgcc.a(_call_via_rX.o)
                0x080174e0                _call_via_r0
                0x080174e4                _call_via_r1
                0x080174e8                _call_via_r2
                0x080174ec                _call_via_r3
                0x080174f0                _call_via_r4
                0x080174f4                _call_via_r5
                0x080174f8                _call_via_r6
                0x080174fc                _call_via_r7
                0x08017500                _call_via_r8
                0x08017504                _call_via_r9
                0x08017508                _call_via_sl
                0x0801750c                _call_via_fp
                0x08017510                _call_via_ip
                0x08017514                _call_via_sp
                0x08017518                _call_via_lr
 *fill*         0x0801751c        0x4 ff
 .text.__stub   0x08017520      0x10c linker stubs
 *(.gnu.linkonce.t.*)
 *(.text.*personality*)
 *(.gnu.warning)
 *(.glue_7t)
 .glue_7t       0x08017680        0x0 linker stubs
 *(.glue_7)
 .glue_7        0x08017680        0x0 linker stubs
 *(.vfp11_veneer)
 .vfp11_veneer  0x08017680        0x0 linker stubs
                0x08017680                        . = ALIGN (0x4)
                0x08017680                        __text_end = .

.v4_bx          0x08017680        0x0
 .v4_bx         0x08017680        0x0 linker stubs

.iplt           0x08017680        0x0
 .iplt          0x08017680        0x0 C:/devkitPro/devkitARM/bin/../lib/gcc/arm-none-eabi/14.1.0/../../../../arm-none-eabi/lib/thumb/gba_crt0.o

.fini           0x08017680        0xc
 *(.fini)
 .fini          0x08017680        0x4 C:/devkitPro/devkitARM/bin/../lib/gcc/arm-none-eabi/14.1.0/thumb/crti.o
                0x08017680                _fini
 .fini          0x08017684        0x8 C:/devkitPro/devkitARM/bin/../lib/gcc/arm-none-eabi/14.1.0/thumb/crtn.o
                0x0801768c                        . = ALIGN (0x4)

.rodata         0x0801768c    0x1a478
 *(.rodata)
 .rodata        0x0801768c      0x420 cat_bn_gfx.o
                0x0801768c                cat_bn_gfxTiles
                0x08017a8c                cat_bn_gfxPal
 .rodata        0x08017aac     0x69e8 cats_intro_bn_gfx.o
                0x08017aac                cats_intro_bn_gfxTiles
                0x0801dc14                cats_intro_bn_gfxMap
                0x0801e414                cats_intro_bn_gfxPal
 .rodata        0x0801e494     0x15e0 clouds_bn_gfx.o
                0x0801e494                clouds_bn_gfxTiles
                0x0801f254                clouds_bn_gfxMap
                0x0801fa54                clouds_bn_gfxPal
 .rodata        0x0801fa74     0x1ba0 common_variable_8x16_font_bn_gfx.o
                0x0801fa74                common_variable_8x16_font_bn_gfxTiles
                0x080215f4                common_variable_8x16_font_bn_gfxPal
 .rodata        0x08021614     0x8200 gbajam24_banner_bn_gfx.o
                0x08021614                gbajam24_banner_bn_gfxTiles
                0x080277f4                gbajam24_banner_bn_gfxMap
                0x080297f4                gbajam24_banner_bn_gfxPal
 .rodata        0x08029814     0x1a40 gbajam24_logo_bn_gfx.o
                0x08029814                gbajam24_logo_bn_gfxTiles
                0x0802aa34                gbajam24_logo_bn_gfxMap
                0x0802b234                gbajam24_logo_bn_gfxPal
 .rodata        0x0802b254      0x820 ninja_bn_gfx.o
                0x0802b254                ninja_bn_gfxTiles
                0x0802ba54                ninja_bn_gfxPal
 .rodata        0x0802ba74     0x2180 simple_bg_bn_gfx.o
                0x0802ba74                simple_bg_bn_gfxTiles
                0x0802bbd4                simple_bg_bn_gfxMap
                0x0802dbd4                simple_bg_bn_gfxPal
 .rodata        0x0802dbf4      0x45a C:\Users\Sergio\AppData\Local\Temp\ccH355eB.ltrans0.ltrans.o
                0x0802dd7c                _ZN2bn2hw7sprites12_GLOBAL__N_1L10_obj_sizesE.lto_priv.0
                0x0802e03c                _ZN2bn17bg_blocks_manager12_GLOBAL__N_1L19_status_log_messageE.lto_priv.0
 *fill*         0x0802e04e        0x2 ff
 .rodata        0x0802e050      0xf30 C:\Users\Sergio\AppData\Local\Temp\ccH355eB.ltrans1.ltrans.o
                0x0802e200                _ZN2bn20sprite_tiles_manager12_GLOBAL__N_1L19_status_log_messageE.lto_priv.0
 .rodata        0x0802ef80       0x1c C:\Users\Sergio\AppData\Local\Temp\ccH355eB.ltrans2.ltrans.o
 .rodata        0x0802ef9c      0xef8 verdana9.o
                0x0802ef9c                verdana9Font
                0x0802efb4                verdana9Glyphs
                0x0802fdb4                verdana9Widths
 *all.rodata*(*)
 *(.roda)
 *(.rodata.*)
 .rodata._bn_audio_soundbank_bin
                0x0802fe94        0xc _bn_audio_soundbank.bin.o
                0x0802fe94                _bn_audio_soundbank_bin
                0x0802fea0                _bn_audio_soundbank_bin_end
 .rodata.str1.4
                0x0802fea0      0xe0d C:\Users\Sergio\AppData\Local\Temp\ccH355eB.ltrans0.ltrans.o
 .rodata.str1.4
                0x0802fea0      0xf51 C:\Users\Sergio\AppData\Local\Temp\ccH355eB.ltrans1.ltrans.o
 .rodata.str1.4
                0x0802fea0      0x6aa C:\Users\Sergio\AppData\Local\Temp\ccH355eB.ltrans2.ltrans.o
 .rodata.__cxa_pure_virtual.str1.4
                0x0802fea0     0x1c55 bn_hw_common.bn_noflto.o
                                 0x4f (size before relaxing)
 .rodata.__aeabi_idiv0.str1.4
                0x08031af5       0x38 bn_hw_common.bn_noflto.o
 *fill*         0x08031af5        0x3 ff
 .rodata._ZN2bn2hw8game_pak12_GLOBAL__N_1L8rom_dataE
                0x08031af8        0xc bn_hw_game_pak.bn_ewram.o
 *(.gnu.linkonce.r*)
                0x08031b04                        . = ALIGN (0x4)

.ARM.extab
 *(.ARM.extab* .gnu.linkonce.armextab.*)
                0x08031b04                        __exidx_start = .

.ARM.exidx
 *(.ARM.exidx* .gnu.linkonce.armexidx.*)
                0x08031b04                        __exidx_end = .

.ctors          0x08031b04        0x0
 *crtbegin.o(.ctors)
 *(EXCLUDE_FILE(*crtend.o) .ctors)
 *(SORT_BY_NAME(.ctors.*))
 *(.ctors)
                0x08031b04                        . = ALIGN (0x4)

.dtors          0x08031b04        0x0
 *crtbegin.o(.dtors)
 *(EXCLUDE_FILE(*crtend.o) .dtors)
 *(SORT_BY_NAME(.dtors.*))
 *(.dtors)
                0x08031b04                        . = ALIGN (0x4)

.eh_frame       0x08031b04        0x4
 *(.eh_frame)
 .eh_frame      0x08031b04        0x0 C:/devkitPro/devkitARM/bin/../lib/gcc/arm-none-eabi/14.1.0/thumb/crtbegin.o
 .eh_frame      0x08031b04        0x4 C:/devkitPro/devkitARM/bin/../lib/gcc/arm-none-eabi/14.1.0/thumb/crtend.o
                0x08031b08                        . = ALIGN (0x4)

.gcc_except_table
                0x08031b08        0x0
 *(.gcc_except_table)
                0x08031b08                        . = ALIGN (0x4)
                0x08031b08                        __iwram_lma = .

.iwram          0x03000000     0x23b0 load address 0x08031b08
                0x03000000                        __iwram_start__ = ABSOLUTE (.)
 *(.iwram .iwram*)
 .iwram         0x03000000      0x290 bn_sprites_manager.bn_iwram.o
                0x03000000                bn::sprites_manager::_check_items_on_screen(bn::intrusive_list<bn::sorted_sprites::layer>&)
                0x03000104                bn::sprites_manager::_rebuild_handles_impl(int, void*, bn::intrusive_list<bn::sorted_sprites::layer>&)
                0x0300019c                bn::sprites_manager::_update_cameras_impl(bn::intrusive_list<bn::sorted_sprites::layer>&)
 .iwram         0x03000290       0xc4 bn_hw_palettes.bn_iwram.o
                0x03000290                bn::hw::palettes::brightness(bn::color const*, int, int, bn::color*)
                0x030002f8                bn::hw::palettes::_lut_effect(bn::color const*, unsigned char const*, int, bn::color*)
 .iwram         0x03000354       0xa8 bn_hw_sprite_tiles.bn_iwram.o
                0x03000354                bn::hw::sprite_tiles::_plot_hideous_tiles(int, unsigned int const*, int, unsigned int*)
 .iwram         0x030003fc       0x6c bn_hw_bg_blocks.o
                0x030003fc                bn_hw_bg_blocks_commit_half_words
                0x03000414                bn_hw_bg_blocks_commit_words
                0x0300042c                bn_hw_bg_blocks_commit_blocks
 .iwram         0x03000468       0xd0 bn_hw_hblank_effects.o
                0x03000468                bn::hw::hblank_effects::_intr()
                0x03000534                bn::hw::hblank_effects::data
 .iwram         0x03000538       0x30 bn_hw_palettes_asm.o
                0x03000538                bn_hw_palettes_different_words
 .iwram.clr_blend_fast
                0x03000568       0x70 clr_blend_fast.o
                0x03000568                clr_blend_fast
 .iwram         0x030005d8       0x70 clr_fade_fast.o
                0x030005d8                clr_fade_fast
 .iwram.memset32
                0x03000648       0x4c tonc_memset.o
                0x03000648                memset32
 .iwram         0x03000694      0x134 irq_handler.o
                0x03000694                IRQ_GlobalInterruptHandler
 .iwram.__aeabi_memcpy
                0x030007c8       0xc8 memcpy.o
                0x030007c8                __aeabi_memcpy
                0x03000800                __aeabi_memcpy8
                0x03000800                __aeabi_memcpy4
                0x0300086c                __agbabi_memcpy2
 .iwram.__agbabi_memcpy1
                0x03000890       0x14 memcpy.o
                0x03000890                __agbabi_memcpy1
 .iwram.memcpy  0x030008a4       0x10 memcpy.o
                0x030008a4                memcpy
 .iwram.__aeabi_memmove
                0x030008b4        0xc memmove.o
                0x030008b4                __aeabi_memmove
 .iwram.memmove
                0x030008c0       0x10 memmove.o
                0x030008c0                memmove
 .iwram.__aeabi_memset
                0x030008d0       0x9c memset.o
                0x030008d0                __aeabi_memset
                0x030008f4                __aeabi_memset8
                0x030008f4                __aeabi_memset4
                0x03000900                __agbabi_wordset4
                0x03000904                __agbabi_lwordset4
 .iwram.__agbabi_memset1
                0x0300096c       0x10 memset.o
                0x0300096c                __agbabi_memset1
 .iwram.memset  0x0300097c       0x1c memset.o
                0x0300097c                memset
 .iwram.__agbabi_rmemcpy
                0x03000998       0xcc rmemcpy.o
                0x03000998                __agbabi_rmemcpy
 .iwram.__agbabi_rmemcpy1
                0x03000a64       0x14 rmemcpy.o
                0x03000a64                __agbabi_rmemcpy1
 .iwram         0x03000a78       0x3c sdiv32.o
                0x03000a78                __aeabi_idiv
                0x03000a78                __aeabi_idivmod
 .iwram         0x03000ab4      0x1e0 udiv32.o
                0x03000ab4                __aeabi_uidivmod
                0x03000ab4                __aeabi_uidiv
                0x03000abc                udiv32pastzero
                0x03000b10                div32Iteration
 .iwram         0x03000c94       0x98 huffman.o
                0x03000c94                swi_HuffUnCompReadNormal
 .iwram         0x03000d2c      0x1ac lz77.o
                0x03000d2c                swi_LZ77UnCompWrite16bit
                0x03000d2c                swi_LZ77UnCompWrite8bit
 .iwram         0x03000ed8       0xec running_length.o
                0x03000ed8                swi_RLUnCompReadNormalWrite8bit
                0x03000f38                swi_RLUnCompReadNormalWrite16bit
 .iwram         0x03000fc4      0x554 mm_mas.o
                0x03000fc4                mppProcessTick
                0x030010a8                mpp_Channel_NewNote
                0x03001188                mpp_Update_ACHN_notest
 .iwram         0x03001518      0x648 mm_mas_arm.o
                0x03001518                mmAllocChannel
                0x0300158c                mmReadPattern
                0x03001678                mmUpdateChannel_T0
                0x030018b8                mmUpdateChannel_TN
                0x03001a58                mmGetPeriod
                0x03001a9c                note_table_oct
                0x03001aba                note_table_mod
 .iwram         0x03001b60        0x8 mm_main_gba.o
                0x03001b60                mpp_call_r7i
                0x03001b62                mpp_call_r2i
                0x03001b64                mpp_call_r1i
 .iwram         0x03001b68      0x838 mm_mixer_gba.o
                0x03001b6c                mmVBlank
                0x03001bf0                mmMixerMix
 .iwram.__stub  0x030023a0        0xc linker stubs
 *iwram.*(.text* .data*)
                0x030023ac                        . = ALIGN (0x4)
                0x030023b0                        __iwram_end__ = ABSOLUTE (.)
                0x08033eb8                        __data_lma = (__iwram_lma + SIZEOF (.iwram))

.bss            0x030023b0      0x86c
                0x030023b0                        __bss_start = ABSOLUTE (.)
                0x030023b0                        __bss_start__ = ABSOLUTE (.)
 *(.dynbss)
 *(.gnu.linkonce.b*)
 *(.bss*)
 .bss.completed.1
                0x030023b0        0x1 C:/devkitPro/devkitARM/bin/../lib/gcc/arm-none-eabi/14.1.0/thumb/crtbegin.o
 *fill*         0x030023b1        0x3 
 .bss.object.0  0x030023b4       0x18 C:/devkitPro/devkitARM/bin/../lib/gcc/arm-none-eabi/14.1.0/thumb/crtbegin.o
 .bss           0x030023cc      0x508 C:\Users\Sergio\AppData\Local\Temp\ccH355eB.ltrans0.ltrans.o
                0x030023cc                IRQ_VectorTable
                0x03002824                _ZN2bn22hblank_effects_manager12_GLOBAL__N_113internal_dataE.lto_priv.0
 .bss           0x030028d4        0x4 C:\Users\Sergio\AppData\Local\Temp\ccH355eB.ltrans2.ltrans.o
                0x030028d4                fake_heap_end
 .bss           0x030028d8       0x2d mm_effect.o
                0x030028fc                mm_sfx_bitmask
                0x03002900                mm_sfx_clearmask
 *fill*         0x03002905        0x3 
 .bss           0x03002908        0x8 mm_main.o
                0x03002908                mmCallback
                0x0300290c                mm_ch_mask
 .bss           0x03002910      0x148 mm_mas.o
                0x03002910                mmLayerMain
                0x03002948                mmLayerSub
                0x03002980                mpp_vars
                0x03002990                mpp_layerp
                0x03002994                mpp_channels
                0x030029a4                mpp_nchannels
                0x030029a5                mpp_clayer
                0x030029a8                mm_achannels
                0x030029ac                mm_pchannels
                0x030029b0                mm_num_mch
                0x030029b4                mm_num_ach
                0x030029b8                mm_schannels
 .bss           0x03002a58        0x8 mm_main_gba.o
                0x03002a58                mm_vblank_function
                0x03002a5c                mp_solution
 .bss           0x03002a60      0x1bc mm_mixer_gba.o
                0x03002a60                mp_writepos
                0x03002a68                mm_mixchannels
                0x03002a70                mm_mixlen
                0x03002a84                mm_bpmdv
                0x03002a88                mp_mix_seg
 *(COMMON)
                0x03002c1c                        . = ALIGN (0x4)
                0x03002c1c                        __bss_end__ = ABSOLUTE (.)

.data           0x03002c1c        0x4 load address 0x08033eb8
                0x03002c1c                        __data_start__ = ABSOLUTE (.)
 *(.data*)
 .data.__dso_handle
                0x03002c1c        0x4 C:/devkitPro/devkitARM/bin/../lib/gcc/arm-none-eabi/14.1.0/thumb/crtbegin.o
                0x03002c1c                __dso_handle
 *(.gnu.linkonce.d*)
                0x03002c20                        . = ALIGN (0x4)
                0x08033ebc                        __preinit_lma = (__data_lma + SIZEOF (.data))

.igot.plt       0x03002c20        0x0 load address 0x08033ebc
 .igot.plt      0x03002c20        0x0 C:/devkitPro/devkitARM/bin/../lib/gcc/arm-none-eabi/14.1.0/../../../../arm-none-eabi/lib/thumb/gba_crt0.o

.preinit_array  0x03002c20        0x0 load address 0x08033ebc
                0x03002c20                        __preinit_array_start = ABSOLUTE (.)
 *(.preinit_array)
                0x03002c20                        __preinit_array_end = ABSOLUTE (.)
                0x08033ebc                        __init_lma = (__preinit_lma + SIZEOF (.preinit_array))

.init_array     0x03002c20        0x8 load address 0x08033ebc
                0x03002c20                        __init_array_start = ABSOLUTE (.)
 *(SORT_BY_NAME(.init_array.*))
 *(.init_array)
 .init_array    0x03002c20        0x4 C:/devkitPro/devkitARM/bin/../lib/gcc/arm-none-eabi/14.1.0/thumb/crtbegin.o
 .init_array    0x03002c24        0x4 C:\Users\Sergio\AppData\Local\Temp\ccH355eB.ltrans2.ltrans.o
                0x03002c28                        __init_array_end = ABSOLUTE (.)
                0x08033ec4                        __fini_lma = (__init_lma + SIZEOF (.init_array))

.fini_array     0x03002c28        0x4 load address 0x08033ec4
                0x03002c28                        __fini_array_start = ABSOLUTE (.)
 *(SORT_BY_NAME(.fini_array.*))
 *(.fini_array)
 .fini_array    0x03002c28        0x4 C:/devkitPro/devkitARM/bin/../lib/gcc/arm-none-eabi/14.1.0/thumb/crtbegin.o
                0x03002c2c                        __fini_array_end = ABSOLUTE (.)
                0x08033ec8                        __jcr_lma = (__fini_lma + SIZEOF (.fini_array))

.jcr
 *(.jcr)
                0x03002c2c                        __data_end__ = ABSOLUTE (.)
                0x08033ec8                        __iwram_overlay_lma = (__jcr_lma + SIZEOF (.jcr))
                0x03002c2c                        __iwram_overlay_start = .

.iwram0         0x03002c2c        0x0 load address 0x08033ec8
 *(.iwram0)
                0x03002c2c                        . = ALIGN (0x4)
                0x08033ec8                        PROVIDE (__load_start_iwram0 = LOADADDR (.iwram0))
                0x08033ec8                        PROVIDE (__load_stop_iwram0 = (LOADADDR (.iwram0) + SIZEOF (.iwram0)))

.iwram1         0x03002c2c        0x0
 *(.iwram1)
                0x03002c2c                        . = ALIGN (0x4)
                [!provide]                        PROVIDE (__load_start_iwram1 = LOADADDR (.iwram1))
                [!provide]                        PROVIDE (__load_stop_iwram1 = (LOADADDR (.iwram1) + SIZEOF (.iwram1)))

.iwram2         0x03002c2c        0x0
 *(.iwram2)
                0x03002c2c                        . = ALIGN (0x4)
                [!provide]                        PROVIDE (__load_start_iwram2 = LOADADDR (.iwram2))
                [!provide]                        PROVIDE (__load_stop_iwram2 = (LOADADDR (.iwram2) + SIZEOF (.iwram2)))

.iwram3         0x03002c2c        0x0
 *(.iwram3)
                0x03002c2c                        . = ALIGN (0x4)
                [!provide]                        PROVIDE (__load_start_iwram3 = LOADADDR (.iwram3))
                [!provide]                        PROVIDE (__load_stop_iwram3 = (LOADADDR (.iwram3) + SIZEOF (.iwram3)))

.iwram4         0x03002c2c        0x0
 *(.iwram4)
                0x03002c2c                        . = ALIGN (0x4)
                [!provide]                        PROVIDE (__load_start_iwram4 = LOADADDR (.iwram4))
                [!provide]                        PROVIDE (__load_stop_iwram4 = (LOADADDR (.iwram4) + SIZEOF (.iwram4)))

.iwram5         0x03002c2c        0x0
 *(.iwram5)
                0x03002c2c                        . = ALIGN (0x4)
                [!provide]                        PROVIDE (__load_start_iwram5 = LOADADDR (.iwram5))
                [!provide]                        PROVIDE (__load_stop_iwram5 = (LOADADDR (.iwram5) + SIZEOF (.iwram5)))

.iwram6         0x03002c2c        0x0
 *(.iwram6)
                0x03002c2c                        . = ALIGN (0x4)
                [!provide]                        PROVIDE (__load_start_iwram6 = LOADADDR (.iwram6))
                [!provide]                        PROVIDE (__load_stop_iwram6 = (LOADADDR (.iwram6) + SIZEOF (.iwram6)))

.iwram7         0x03002c2c        0x0
 *(.iwram7)
                0x03002c2c                        . = ALIGN (0x4)
                [!provide]                        PROVIDE (__load_start_iwram7 = LOADADDR (.iwram7))
                [!provide]                        PROVIDE (__load_stop_iwram7 = (LOADADDR (.iwram7) + SIZEOF (.iwram7)))

.iwram8         0x03002c2c        0x0
 *(.iwram8)
                0x03002c2c                        . = ALIGN (0x4)
                [!provide]                        PROVIDE (__load_start_iwram8 = LOADADDR (.iwram8))
                [!provide]                        PROVIDE (__load_stop_iwram8 = (LOADADDR (.iwram8) + SIZEOF (.iwram8)))

.iwram9         0x03002c2c        0x0
 *(.iwram9)
                0x03002c2c                        . = ALIGN (0x4)
                [!provide]                        PROVIDE (__load_start_iwram9 = LOADADDR (.iwram9))
                [!provide]                        PROVIDE (__load_stop_iwram9 = (LOADADDR (.iwram9) + SIZEOF (.iwram9)))
                0x03002c2c                        __iwram_overlay_end = .
                0x08033ec8                        __ewram_lma = (__iwram_overlay_lma + (__iwram_overlay_end - __iwram_overlay_start))
                0x03002c2c                        __iheap_start = .
                0x02000000                        __ewram_start = ORIGIN (ewram)

.ewram          0x02000000       0xf4 load address 0x08033ec8
 *(.ewram*)
 .ewram         0x02000000       0x10 C:\Users\Sergio\AppData\Local\Temp\ccH355eB.ltrans0.ltrans.o
                0x02000004                Vgm
 .ewram         0x02000010       0x48 C:\Users\Sergio\AppData\Local\Temp\ccH355eB.ltrans1.ltrans.o
                0x02000010                __tte_main_context
 .ewram         0x02000058       0x9c bn_hw_game_pak.bn_ewram.o
                0x02000058                bn::hw::game_pak::_slow_game_pak()
                0x020000f4                        . = ALIGN (0x4)
                0x020000f4                        __ewram_end = ABSOLUTE (.)
                0x08033fbc                        __pad_lma = (__ewram_lma + SIZEOF (.ewram))

.sbss           0x020000f4     0x8204
                0x020000f4                        __sbss_start__ = ABSOLUTE (.)
 *(.sbss*)
 .sbss          0x020000f4     0x8204 C:\Users\Sergio\AppData\Local\Temp\ccH355eB.ltrans0.ltrans.o
                0x020000f4                _ZN2bn15cameras_manager12_GLOBAL__N_14dataE.lto_priv.0
                0x0200012c                _ZN2bn4core12_GLOBAL__N_14dataE.lto_priv.0
                0x02000174                _ZN2bn2hw5audio12_GLOBAL__N_14dataE.lto_priv.0
                0x020001c0                _ZN2bn12hdma_manager12_GLOBAL__N_14dataE.lto_priv.0
                0x020001f8                _ZN2bn14keypad_manager12_GLOBAL__N_14dataE.lto_priv.0
                0x02000210                _ZN2bn14memory_manager12_GLOBAL__N_14dataE.lto_priv.0
                0x02000220                gbt.lto_priv.0
                0x020002b8                _ZN2bn17bg_blocks_manager12_GLOBAL__N_14dataE.lto_priv.0
                0x0200049c                _ZN2bn20sprite_tiles_manager12_GLOBAL__N_14dataE.lto_priv.0
                0x02002660                _ZN2bn13audio_manager12_GLOBAL__N_14dataE.lto_priv.0
                0x020027d4                _ZN2bn2hw4link12_GLOBAL__N_14dataE.lto_priv.0
                0x02002904                _ZN2bn22hblank_effects_manager12_GLOBAL__N_113external_dataE.lto_priv.0
                0x02004348                _ZN2bn15display_manager12_GLOBAL__N_14dataE.lto_priv.0
                0x020043ec                _ZN2bn16palettes_manager12_GLOBAL__N_14dataE.lto_priv.0
                0x02005134                _ZN2bn15sprites_manager12_GLOBAL__N_14dataE.lto_priv.0
                0x02007784                _ZN2bn26sprite_affine_mats_manager12_GLOBAL__N_14dataE.lto_priv.0
                0x0200804c                _ZN2bn11bgs_manager12_GLOBAL__N_14dataE.lto_priv.0
                0x020082f8                        . = ALIGN (0x4)
                0x020082f8                        __sbss_end__ = ABSOLUTE (.)
                0x020082f8                        __end__ = ABSOLUTE (.)
                0x020082f8                        __eheap_start = ABSOLUTE (.)

.pad            0x020082f8        0x8 load address 0x08033fbc
                0x020082f8        0x4 LONG 0x52416b64
                0x020082fc        0x4 LONG 0x4d
                0x02008300                        . = ALIGN (0x4)
                0x08033fc4                        __rom_end__ = (__pad_lma + SIZEOF (.pad))

.rel.dyn        0x02008300        0x0 load address 0x08033fc4
 .rel.iplt      0x02008300        0x0 C:/devkitPro/devkitARM/bin/../lib/gcc/arm-none-eabi/14.1.0/../../../../arm-none-eabi/lib/thumb/gba_crt0.o

.stab
 *(.stab)

.stabstr
 *(.stabstr)

.stab.excl
 *(.stab.excl)

.stab.exclstr
 *(.stab.exclstr)

.stab.index
 *(.stab.index)

.stab.indexstr
 *(.stab.indexstr)

.comment        0x00000000       0x23
 *(.comment)
 .comment       0x00000000       0x23 C:/devkitPro/devkitARM/bin/../lib/gcc/arm-none-eabi/14.1.0/thumb/crtbegin.o
                                 0x24 (size before relaxing)
 .comment       0x00000023       0x24 C:\Users\Sergio\AppData\Local\Temp\ccH355eB.ltrans0.ltrans.o
 .comment       0x00000023       0x24 C:\Users\Sergio\AppData\Local\Temp\ccH355eB.ltrans1.ltrans.o
 .comment       0x00000023       0x24 C:\Users\Sergio\AppData\Local\Temp\ccH355eB.ltrans2.ltrans.o
 .comment       0x00000023       0x24 bn_sprites_manager.bn_iwram.o
 .comment       0x00000023       0x24 bn_hw_common.bn_noflto.o
 .comment       0x00000023       0x24 bn_hw_game_pak.bn_ewram.o
 .comment       0x00000023       0x24 bn_hw_palettes.bn_iwram.o
 .comment       0x00000023       0x24 bn_hw_sprite_tiles.bn_iwram.o
 .comment       0x00000023       0x24 C:/devkitPro/devkitARM/bin/../lib/gcc/arm-none-eabi/14.1.0/thumb/crtend.o

.debug
 *(.debug)

.line
 *(.line)

.debug_srcinfo
 *(.debug_srcinfo)

.debug_sfnames
 *(.debug_sfnames)

.debug_aranges  0x00000000      0x5d0
 *(.debug_aranges)
 .debug_aranges
                0x00000000       0x28 C:\Users\Sergio\AppData\Local\Temp\ccH355eB.ltrans0.ltrans.o
 .debug_aranges
                0x00000028       0x20 C:\Users\Sergio\AppData\Local\Temp\ccH355eB.ltrans1.ltrans.o
 .debug_aranges
                0x00000048       0x20 C:\Users\Sergio\AppData\Local\Temp\ccH355eB.ltrans2.ltrans.o
 .debug_aranges
                0x00000068       0x30 bn_sprites_manager.bn_iwram.o
 .debug_aranges
                0x00000098       0x58 bn_hw_common.bn_noflto.o
 .debug_aranges
                0x000000f0       0x20 bn_hw_game_pak.bn_ewram.o
 .debug_aranges
                0x00000110       0x28 bn_hw_palettes.bn_iwram.o
 .debug_aranges
                0x00000138       0x20 bn_hw_sprite_tiles.bn_iwram.o
 .debug_aranges
                0x00000158       0x20 bn_hw_bg_blocks.o
 .debug_aranges
                0x00000178       0x20 bn_hw_hblank_effects.o
 .debug_aranges
                0x00000198       0x20 bn_hw_palettes_asm.o
 .debug_aranges
                0x000001b8       0x20 clr_blend_fast.o
 .debug_aranges
                0x000001d8       0x20 clr_fade_fast.o
 .debug_aranges
                0x000001f8      0x130 tonc_bios.o
 .debug_aranges
                0x00000328       0x28 tonc_memset.o
 .debug_aranges
                0x00000350       0x20 irq_handler.o
 .debug_aranges
                0x00000370       0x20 posprintf.o
 .debug_aranges
                0x00000390       0x30 memcpy.o
 .debug_aranges
                0x000003c0       0x38 memmove.o
 .debug_aranges
                0x000003f8       0x38 memset.o
 .debug_aranges
                0x00000430       0x28 rmemcpy.o
 .debug_aranges
                0x00000458       0x20 sdiv32.o
 .debug_aranges
                0x00000478       0x20 udiv32.o
 .debug_aranges
                0x00000498       0x20 huffman.o
 .debug_aranges
                0x000004b8       0x20 lz77.o
 .debug_aranges
                0x000004d8       0x20 running_length.o
 .debug_aranges
                0x000004f8       0x20 mm_effect.o
 .debug_aranges
                0x00000518       0x20 mm_main.o
 .debug_aranges
                0x00000538       0x28 mm_mas.o
 .debug_aranges
                0x00000560       0x20 mm_mas_arm.o
 .debug_aranges
                0x00000580       0x28 mm_main_gba.o
 .debug_aranges
                0x000005a8       0x28 mm_mixer_gba.o

.debug_pubnames
 *(.debug_pubnames)

.debug_info     0x00000000   0x2132ff
 *(.debug_info)
 .debug_info    0x00000000    0x2dfa7 C:\Users\Sergio\AppData\Local\Temp\ccH355eB.ltrans0.ltrans.o
 .debug_info    0x0002dfa7    0x1bcf8 C:\Users\Sergio\AppData\Local\Temp\ccH355eB.ltrans1.ltrans.o
 .debug_info    0x00049c9f     0xa1f6 C:\Users\Sergio\AppData\Local\Temp\ccH355eB.ltrans2.ltrans.o
 .debug_info    0x00053e95     0xbe17 C:\Users\Sergio\AppData\Local\Temp\ccevrxSl.debug.temp.o
                0x00053e95                catgame_enemy.cpp.bb2edfb9
 .debug_info    0x0005fcac     0x1a15 C:\Users\Sergio\AppData\Local\Temp\cca9QWwF.debug.temp.o
                0x0005fcac                catgame_hitbox.cpp.f7f2ceb7
 .debug_info    0x000616c1     0xcabb C:\Users\Sergio\AppData\Local\Temp\ccKZ0doY.debug.temp.o
                0x000616c1                catgame_intro.cpp.fb8b585f
 .debug_info    0x0006e17c     0x80bc C:\Users\Sergio\AppData\Local\Temp\ccYOVQjh.debug.temp.o
                0x0006e17c                catgame_logo.cpp.f7e2fe03
 .debug_info    0x00076238    0x143d2 C:\Users\Sergio\AppData\Local\Temp\ccKtORAA.debug.temp.o
                0x00076238                catgame_lvl1.cpp.2a13c9ca
 .debug_info    0x0008a60a     0xadc1 C:\Users\Sergio\AppData\Local\Temp\ccmDnlGX.debug.temp.o
                0x0008a60a                catgame_player.cpp.ea848f17
 .debug_info    0x000953cb     0x8d2b C:\Users\Sergio\AppData\Local\Temp\ccWFBj2k.debug.temp.o
                0x000953cb                common_info.cpp.a0c3e114
 .debug_info    0x0009e0f6     0x90d9 C:\Users\Sergio\AppData\Local\Temp\cc8dkEvH.debug.temp.o
                0x0009e0f6                main.cpp.ef301462
 .debug_info    0x000a71cf     0x96a3 C:\Users\Sergio\AppData\Local\Temp\ccqbyvm4.debug.temp.o
                0x000a71cf                bn_affine_bg_animate_actions.cpp.e74739b4
 .debug_info    0x000b0872     0xdb21 C:\Users\Sergio\AppData\Local\Temp\ccSL70iq.debug.temp.o
                0x000b0872                bn_audio_manager.cpp.c7a52476
 .debug_info    0x000be393     0x45a8 C:\Users\Sergio\AppData\Local\Temp\ccAqReNL.debug.temp.o
                0x000be393                bn_best_fit_allocator.cpp.54a39eb5
 .debug_info    0x000c293b    0x1c99a C:\Users\Sergio\AppData\Local\Temp\cc4fsPl7.debug.temp.o
                0x000c293b                bn_bg_blocks_manager.cpp.8bbb75f2
 .debug_info    0x000df2d5    0x1e88a C:\Users\Sergio\AppData\Local\Temp\ccEAnFWw.debug.temp.o
                0x000df2d5                bn_bgs_manager.cpp.b2a48d40
 .debug_info    0x000fdb5f     0x4d11 C:\Users\Sergio\AppData\Local\Temp\ccK3mFyV.debug.temp.o
                0x000fdb5f                bn_cameras_manager.cpp.f0cc3966
 .debug_info    0x00102870     0x64a7 C:\Users\Sergio\AppData\Local\Temp\ccahxXtk.debug.temp.o
                0x00102870                bn_core.cpp.12fe1f41
 .debug_info    0x00108d17    0x13e13 C:\Users\Sergio\AppData\Local\Temp\ccQYWXAI.debug.temp.o
                0x00108d17                bn_display_manager.cpp.8f39e9b5
 .debug_info    0x0011cb2a     0x4c6f C:\Users\Sergio\AppData\Local\Temp\ccAcklY6.debug.temp.o
                0x0011cb2a                bn_gpio_manager.cpp.9108806b
 .debug_info    0x00121799    0x39136 C:\Users\Sergio\AppData\Local\Temp\ccOTAHyu.debug.temp.o
                0x00121799                bn_hblank_effects_manager.cpp.c1342847
 .debug_info    0x0015a8cf     0x1d27 C:\Users\Sergio\AppData\Local\Temp\cc603bHV.debug.temp.o
                0x0015a8cf                bn_hdma_manager.cpp.967aafa5
 .debug_info    0x0015c5f6     0x4a03 C:\Users\Sergio\AppData\Local\Temp\ccarCccn.debug.temp.o
                0x0015c5f6                bn_keypad_manager.cpp.b3f703fa
 .debug_info    0x00160ff9     0x4dbc C:\Users\Sergio\AppData\Local\Temp\ccaBfDzN.debug.temp.o
                0x00160ff9                bn_link_manager.cpp.9128f562
 .debug_info    0x00165db5     0x4cb7 C:\Users\Sergio\AppData\Local\Temp\cc2cNAje.debug.temp.o
                0x00165db5                bn_memory_manager.cpp.4c15fab7
 .debug_info    0x0016aa6c     0xf0a6 C:\Users\Sergio\AppData\Local\Temp\ccUWMU8E.debug.temp.o
                0x0016aa6c                bn_palettes_manager.cpp.3b5670f4
 .debug_info    0x00179b12     0xf973 C:\Users\Sergio\AppData\Local\Temp\ccKj97EZ.debug.temp.o
                0x00179b12                bn_sprite_affine_mats_manager.cpp.ff108f1c
 .debug_info    0x00189485     0x8e56 C:\Users\Sergio\AppData\Local\Temp\ccinME6t.debug.temp.o
                0x00189485                bn_sprite_animate_actions.cpp.033832e0
 .debug_info    0x001922db    0x145e9 C:\Users\Sergio\AppData\Local\Temp\cc2wBj9W.debug.temp.o
                0x001922db                bn_sprite_text_generator.cpp.3bce1910
 .debug_info    0x001a68c4     0xde85 C:\Users\Sergio\AppData\Local\Temp\ccYm3Chp.debug.temp.o
                0x001a68c4                bn_sprite_tiles_manager.cpp.eed3e239
 .debug_info    0x001b4749    0x1a647 C:\Users\Sergio\AppData\Local\Temp\ccK5BkMR.debug.temp.o
                0x001b4749                bn_sprites_manager.cpp.153ebd4b
 .debug_info    0x001ced90     0x5df9 C:\Users\Sergio\AppData\Local\Temp\ccAEwg1n.debug.temp.o
                0x001ced90                bn_sstream.cpp.ac2deeae
 .debug_info    0x001d4b89    0x10961 C:\Users\Sergio\AppData\Local\Temp\ccY4H7FU.debug.temp.o
                0x001d4b89                bn_translation_unit.cpp.56a57108
 .debug_info    0x001e54ea     0x59a1 C:\Users\Sergio\AppData\Local\Temp\ccYuRcsq.debug.temp.o
                0x001e54ea                bn_hw_audio.cpp.fc2e12ad
 .debug_info    0x001eae8b     0x155e C:\Users\Sergio\AppData\Local\Temp\ccUsrMjW.debug.temp.o
                0x001eae8b                bn_hw_cstdlib.cpp.a93f252e
 .debug_info    0x001ec3e9     0x5b63 C:\Users\Sergio\AppData\Local\Temp\cc28w9BX.debug.temp.o
                0x001ec3e9                bn_hw_link.cpp.001f7bf3
 .debug_info    0x001f1f4c     0x49b3 C:\Users\Sergio\AppData\Local\Temp\ccWv2co1.debug.temp.o
                0x001f1f4c                bn_hw_palettes.cpp.60216126
 .debug_info    0x001f68ff     0x5f99 C:\Users\Sergio\AppData\Local\Temp\ccYY45fA.debug.temp.o
                0x001f68ff                bn_hw_show.cpp.75ca1e2d
 .debug_info    0x001fc898      0x549 C:\Users\Sergio\AppData\Local\Temp\ccSt0tg8.debug.temp.o
                0x001fc898                bn_hw_sram.cpp.85cb9265
 .debug_info    0x001fcde1      0x6c7 C:\Users\Sergio\AppData\Local\Temp\cca5gApG.debug.temp.o
                0x001fcde1                bn_hw_system_font.cpp.91e85e7c
 .debug_info    0x001fd4a8     0x41c0 C:\Users\Sergio\AppData\Local\Temp\ccahFuYe.debug.temp.o
                0x001fd4a8                bn_hw_text.cpp.50d88a6f
 .debug_info    0x00201668      0x64e C:\Users\Sergio\AppData\Local\Temp\ccqP4XqM.debug.temp.o
                0x00201668                vgm.cpp.6a9eb84b
 .debug_info    0x00201cb6      0x594 C:\Users\Sergio\AppData\Local\Temp\ccKff6gk.debug.temp.o
                0x00201cb6                tonc_color.c.cad8444b
 .debug_info    0x0020224a      0x5e1 C:\Users\Sergio\AppData\Local\Temp\ccsMKWfS.debug.temp.o
                0x0020224a                tonc_sbmp16.c.a3e3e1c0
 .debug_info    0x0020282b      0x596 C:\Users\Sergio\AppData\Local\Temp\ccISVsv4.debug.temp.o
                0x0020282b                bmp16_drawg_b1cs.c.d3c62f5b
 .debug_info    0x00202dc1      0x4cf C:\Users\Sergio\AppData\Local\Temp\cci5Q0fE.debug.temp.o
                0x00202dc1                tte_init_bmp.c.f471ffd0
 .debug_info    0x00203290      0x9be C:\Users\Sergio\AppData\Local\Temp\ccSZSEne.debug.temp.o
                0x00203290                tte_main.c.cc86772d
 .debug_info    0x00203c4e      0x1b3 C:\Users\Sergio\AppData\Local\Temp\cc6syBEO.debug.temp.o
                0x00203c4e                interrupts_gba.c.4abbfea2
 .debug_info    0x00203e01     0x119b C:\Users\Sergio\AppData\Local\Temp\cckeZJ8w.debug.temp.o
                0x00203e01                gbt_player.c.e1b0f848
 .debug_info    0x00204f9c     0xa5b1 bn_sprites_manager.bn_iwram.o
 .debug_info    0x0020f54d     0x19e4 bn_hw_common.bn_noflto.o
 .debug_info    0x00210f31      0x614 bn_hw_game_pak.bn_ewram.o
 .debug_info    0x00211545     0x1104 bn_hw_palettes.bn_iwram.o
 .debug_info    0x00212649      0x7a3 bn_hw_sprite_tiles.bn_iwram.o
 .debug_info    0x00212dec       0x23 bn_hw_bg_blocks.o
 .debug_info    0x00212e0f       0x24 bn_hw_hblank_effects.o
 .debug_info    0x00212e33       0x23 bn_hw_palettes_asm.o
 .debug_info    0x00212e56       0x30 clr_blend_fast.o
 .debug_info    0x00212e86       0x23 clr_fade_fast.o
 .debug_info    0x00212ea9      0x1c8 tonc_bios.o
 .debug_info    0x00213071       0x3a tonc_memset.o
 .debug_info    0x002130ab       0x24 irq_handler.o
 .debug_info    0x002130cf       0x24 posprintf.o
 .debug_info    0x002130f3       0x22 memcpy.o
 .debug_info    0x00213115       0x22 memmove.o
 .debug_info    0x00213137       0x22 memset.o
 .debug_info    0x00213159       0x22 rmemcpy.o
 .debug_info    0x0021317b       0x23 sdiv32.o
 .debug_info    0x0021319e       0x24 udiv32.o
 .debug_info    0x002131c2       0x24 huffman.o
 .debug_info    0x002131e6       0x24 lz77.o
 .debug_info    0x0021320a       0x24 running_length.o
 .debug_info    0x0021322e       0x24 mm_effect.o
 .debug_info    0x00213252       0x23 mm_main.o
 .debug_info    0x00213275       0x22 mm_mas.o
 .debug_info    0x00213297       0x24 mm_mas_arm.o
 .debug_info    0x002132bb       0x22 mm_main_gba.o
 .debug_info    0x002132dd       0x22 mm_mixer_gba.o

.debug_abbrev   0x00000000    0x1bc6e
 *(.debug_abbrev)
 .debug_abbrev  0x00000000      0x36b C:\Users\Sergio\AppData\Local\Temp\ccH355eB.ltrans0.ltrans.o
 .debug_abbrev  0x0000036b      0x39b C:\Users\Sergio\AppData\Local\Temp\ccH355eB.ltrans1.ltrans.o
 .debug_abbrev  0x00000706      0x1e1 C:\Users\Sergio\AppData\Local\Temp\ccH355eB.ltrans2.ltrans.o
 .debug_abbrev  0x000008e7      0xc26 C:\Users\Sergio\AppData\Local\Temp\ccevrxSl.debug.temp.o
 .debug_abbrev  0x0000150d      0x4e5 C:\Users\Sergio\AppData\Local\Temp\cca9QWwF.debug.temp.o
 .debug_abbrev  0x000019f2      0xa8b C:\Users\Sergio\AppData\Local\Temp\ccKZ0doY.debug.temp.o
 .debug_abbrev  0x0000247d      0xac0 C:\Users\Sergio\AppData\Local\Temp\ccYOVQjh.debug.temp.o
 .debug_abbrev  0x00002f3d      0xd93 C:\Users\Sergio\AppData\Local\Temp\ccKtORAA.debug.temp.o
 .debug_abbrev  0x00003cd0      0xb63 C:\Users\Sergio\AppData\Local\Temp\ccmDnlGX.debug.temp.o
 .debug_abbrev  0x00004833      0xa1e C:\Users\Sergio\AppData\Local\Temp\ccWFBj2k.debug.temp.o
 .debug_abbrev  0x00005251      0xac4 C:\Users\Sergio\AppData\Local\Temp\cc8dkEvH.debug.temp.o
 .debug_abbrev  0x00005d15      0xa09 C:\Users\Sergio\AppData\Local\Temp\ccqbyvm4.debug.temp.o
 .debug_abbrev  0x0000671e      0xde4 C:\Users\Sergio\AppData\Local\Temp\ccSL70iq.debug.temp.o
 .debug_abbrev  0x00007502      0x882 C:\Users\Sergio\AppData\Local\Temp\ccAqReNL.debug.temp.o
 .debug_abbrev  0x00007d84      0xdd0 C:\Users\Sergio\AppData\Local\Temp\cc4fsPl7.debug.temp.o
 .debug_abbrev  0x00008b54     0x10f6 C:\Users\Sergio\AppData\Local\Temp\ccEAnFWw.debug.temp.o
 .debug_abbrev  0x00009c4a      0x9f8 C:\Users\Sergio\AppData\Local\Temp\ccK3mFyV.debug.temp.o
 .debug_abbrev  0x0000a642      0xb46 C:\Users\Sergio\AppData\Local\Temp\ccahxXtk.debug.temp.o
 .debug_abbrev  0x0000b188      0xcb1 C:\Users\Sergio\AppData\Local\Temp\ccQYWXAI.debug.temp.o
 .debug_abbrev  0x0000be39      0x921 C:\Users\Sergio\AppData\Local\Temp\ccAcklY6.debug.temp.o
 .debug_abbrev  0x0000c75a     0x1054 C:\Users\Sergio\AppData\Local\Temp\ccOTAHyu.debug.temp.o
 .debug_abbrev  0x0000d7ae      0x606 C:\Users\Sergio\AppData\Local\Temp\cc603bHV.debug.temp.o
 .debug_abbrev  0x0000ddb4      0x8b3 C:\Users\Sergio\AppData\Local\Temp\ccarCccn.debug.temp.o
 .debug_abbrev  0x0000e667      0x991 C:\Users\Sergio\AppData\Local\Temp\ccaBfDzN.debug.temp.o
 .debug_abbrev  0x0000eff8      0x910 C:\Users\Sergio\AppData\Local\Temp\cc2cNAje.debug.temp.o
 .debug_abbrev  0x0000f908      0xdc2 C:\Users\Sergio\AppData\Local\Temp\ccUWMU8E.debug.temp.o
 .debug_abbrev  0x000106ca      0xead C:\Users\Sergio\AppData\Local\Temp\ccKj97EZ.debug.temp.o
 .debug_abbrev  0x00011577      0x9c1 C:\Users\Sergio\AppData\Local\Temp\ccinME6t.debug.temp.o
 .debug_abbrev  0x00011f38      0xcab C:\Users\Sergio\AppData\Local\Temp\cc2wBj9W.debug.temp.o
 .debug_abbrev  0x00012be3      0xdee C:\Users\Sergio\AppData\Local\Temp\ccYm3Chp.debug.temp.o
 .debug_abbrev  0x000139d1      0xeea C:\Users\Sergio\AppData\Local\Temp\ccK5BkMR.debug.temp.o
 .debug_abbrev  0x000148bb      0x79e C:\Users\Sergio\AppData\Local\Temp\ccAEwg1n.debug.temp.o
 .debug_abbrev  0x00015059      0xcbf C:\Users\Sergio\AppData\Local\Temp\ccY4H7FU.debug.temp.o
 .debug_abbrev  0x00015d18      0xb98 C:\Users\Sergio\AppData\Local\Temp\ccYuRcsq.debug.temp.o
 .debug_abbrev  0x000168b0      0x519 C:\Users\Sergio\AppData\Local\Temp\ccUsrMjW.debug.temp.o
 .debug_abbrev  0x00016dc9      0x9dc C:\Users\Sergio\AppData\Local\Temp\cc28w9BX.debug.temp.o
 .debug_abbrev  0x000177a5      0x7d4 C:\Users\Sergio\AppData\Local\Temp\ccWv2co1.debug.temp.o
 .debug_abbrev  0x00017f79      0x9c8 C:\Users\Sergio\AppData\Local\Temp\ccYY45fA.debug.temp.o
 .debug_abbrev  0x00018941      0x192 C:\Users\Sergio\AppData\Local\Temp\ccSt0tg8.debug.temp.o
 .debug_abbrev  0x00018ad3      0x228 C:\Users\Sergio\AppData\Local\Temp\cca5gApG.debug.temp.o
 .debug_abbrev  0x00018cfb      0x70d C:\Users\Sergio\AppData\Local\Temp\ccahFuYe.debug.temp.o
 .debug_abbrev  0x00019408      0x1a4 C:\Users\Sergio\AppData\Local\Temp\ccqP4XqM.debug.temp.o
 .debug_abbrev  0x000195ac       0xf4 C:\Users\Sergio\AppData\Local\Temp\ccKff6gk.debug.temp.o
 .debug_abbrev  0x000196a0      0x1c6 C:\Users\Sergio\AppData\Local\Temp\ccsMKWfS.debug.temp.o
 .debug_abbrev  0x00019866      0x174 C:\Users\Sergio\AppData\Local\Temp\ccISVsv4.debug.temp.o
 .debug_abbrev  0x000199da      0x1b1 C:\Users\Sergio\AppData\Local\Temp\cci5Q0fE.debug.temp.o
 .debug_abbrev  0x00019b8b      0x266 C:\Users\Sergio\AppData\Local\Temp\ccSZSEne.debug.temp.o
 .debug_abbrev  0x00019df1       0xed C:\Users\Sergio\AppData\Local\Temp\cc6syBEO.debug.temp.o
 .debug_abbrev  0x00019ede      0x187 C:\Users\Sergio\AppData\Local\Temp\cckeZJ8w.debug.temp.o
 .debug_abbrev  0x0001a065      0xabc bn_sprites_manager.bn_iwram.o
 .debug_abbrev  0x0001ab21      0x606 bn_hw_common.bn_noflto.o
 .debug_abbrev  0x0001b127      0x1e0 bn_hw_game_pak.bn_ewram.o
 .debug_abbrev  0x0001b307      0x4db bn_hw_palettes.bn_iwram.o
 .debug_abbrev  0x0001b7e2      0x282 bn_hw_sprite_tiles.bn_iwram.o
 .debug_abbrev  0x0001ba64       0x14 bn_hw_bg_blocks.o
 .debug_abbrev  0x0001ba78       0x14 bn_hw_hblank_effects.o
 .debug_abbrev  0x0001ba8c       0x14 bn_hw_palettes_asm.o
 .debug_abbrev  0x0001baa0       0x28 clr_blend_fast.o
 .debug_abbrev  0x0001bac8       0x14 clr_fade_fast.o
 .debug_abbrev  0x0001badc       0x26 tonc_bios.o
 .debug_abbrev  0x0001bb02       0x26 tonc_memset.o
 .debug_abbrev  0x0001bb28       0x14 irq_handler.o
 .debug_abbrev  0x0001bb3c       0x14 posprintf.o
 .debug_abbrev  0x0001bb50       0x12 memcpy.o
 .debug_abbrev  0x0001bb62       0x12 memmove.o
 .debug_abbrev  0x0001bb74       0x12 memset.o
 .debug_abbrev  0x0001bb86       0x12 rmemcpy.o
 .debug_abbrev  0x0001bb98       0x14 sdiv32.o
 .debug_abbrev  0x0001bbac       0x14 udiv32.o
 .debug_abbrev  0x0001bbc0       0x14 huffman.o
 .debug_abbrev  0x0001bbd4       0x14 lz77.o
 .debug_abbrev  0x0001bbe8       0x14 running_length.o
 .debug_abbrev  0x0001bbfc       0x14 mm_effect.o
 .debug_abbrev  0x0001bc10       0x14 mm_main.o
 .debug_abbrev  0x0001bc24       0x12 mm_mas.o
 .debug_abbrev  0x0001bc36       0x14 mm_mas_arm.o
 .debug_abbrev  0x0001bc4a       0x12 mm_main_gba.o
 .debug_abbrev  0x0001bc5c       0x12 mm_mixer_gba.o

.debug_line     0x00000000    0x44cab
 *(.debug_line)
 .debug_line    0x00000000    0x191d5 C:\Users\Sergio\AppData\Local\Temp\ccH355eB.ltrans0.ltrans.o
 .debug_line    0x000191d5     0xdfe2 C:\Users\Sergio\AppData\Local\Temp\ccH355eB.ltrans1.ltrans.o
 .debug_line    0x000271b7     0x481c C:\Users\Sergio\AppData\Local\Temp\ccH355eB.ltrans2.ltrans.o
 .debug_line    0x0002b9d3      0x8b0 C:\Users\Sergio\AppData\Local\Temp\ccevrxSl.debug.temp.o
 .debug_line    0x0002c283      0x469 C:\Users\Sergio\AppData\Local\Temp\cca9QWwF.debug.temp.o
 .debug_line    0x0002c6ec      0x957 C:\Users\Sergio\AppData\Local\Temp\ccKZ0doY.debug.temp.o
 .debug_line    0x0002d043      0x85e C:\Users\Sergio\AppData\Local\Temp\ccYOVQjh.debug.temp.o
 .debug_line    0x0002d8a1      0xaee C:\Users\Sergio\AppData\Local\Temp\ccKtORAA.debug.temp.o
 .debug_line    0x0002e38f      0x7b8 C:\Users\Sergio\AppData\Local\Temp\ccmDnlGX.debug.temp.o
 .debug_line    0x0002eb47      0x799 C:\Users\Sergio\AppData\Local\Temp\ccWFBj2k.debug.temp.o
 .debug_line    0x0002f2e0      0x8ad C:\Users\Sergio\AppData\Local\Temp\cc8dkEvH.debug.temp.o
 .debug_line    0x0002fb8d      0x704 C:\Users\Sergio\AppData\Local\Temp\ccqbyvm4.debug.temp.o
 .debug_line    0x00030291      0x926 C:\Users\Sergio\AppData\Local\Temp\ccSL70iq.debug.temp.o
 .debug_line    0x00030bb7      0x5db C:\Users\Sergio\AppData\Local\Temp\ccAqReNL.debug.temp.o
 .debug_line    0x00031192      0xaf8 C:\Users\Sergio\AppData\Local\Temp\cc4fsPl7.debug.temp.o
 .debug_line    0x00031c8a      0xcc6 C:\Users\Sergio\AppData\Local\Temp\ccEAnFWw.debug.temp.o
 .debug_line    0x00032950      0x6c7 C:\Users\Sergio\AppData\Local\Temp\ccK3mFyV.debug.temp.o
 .debug_line    0x00033017      0x9d0 C:\Users\Sergio\AppData\Local\Temp\ccahxXtk.debug.temp.o
 .debug_line    0x000339e7      0xc22 C:\Users\Sergio\AppData\Local\Temp\ccQYWXAI.debug.temp.o
 .debug_line    0x00034609      0x6ae C:\Users\Sergio\AppData\Local\Temp\ccAcklY6.debug.temp.o
 .debug_line    0x00034cb7     0x1e86 C:\Users\Sergio\AppData\Local\Temp\ccOTAHyu.debug.temp.o
 .debug_line    0x00036b3d      0x516 C:\Users\Sergio\AppData\Local\Temp\cc603bHV.debug.temp.o
 .debug_line    0x00037053      0x64f C:\Users\Sergio\AppData\Local\Temp\ccarCccn.debug.temp.o
 .debug_line    0x000376a2      0x73d C:\Users\Sergio\AppData\Local\Temp\ccaBfDzN.debug.temp.o
 .debug_line    0x00037ddf      0x7ad C:\Users\Sergio\AppData\Local\Temp\cc2cNAje.debug.temp.o
 .debug_line    0x0003858c      0xa1d C:\Users\Sergio\AppData\Local\Temp\ccUWMU8E.debug.temp.o
 .debug_line    0x00038fa9      0xa1c C:\Users\Sergio\AppData\Local\Temp\ccKj97EZ.debug.temp.o
 .debug_line    0x000399c5      0x69d C:\Users\Sergio\AppData\Local\Temp\ccinME6t.debug.temp.o
 .debug_line    0x0003a062      0x91e C:\Users\Sergio\AppData\Local\Temp\cc2wBj9W.debug.temp.o
 .debug_line    0x0003a980      0x8a6 C:\Users\Sergio\AppData\Local\Temp\ccYm3Chp.debug.temp.o
 .debug_line    0x0003b226      0xbad C:\Users\Sergio\AppData\Local\Temp\ccK5BkMR.debug.temp.o
 .debug_line    0x0003bdd3      0x5e3 C:\Users\Sergio\AppData\Local\Temp\ccAEwg1n.debug.temp.o
 .debug_line    0x0003c3b6      0xa2b C:\Users\Sergio\AppData\Local\Temp\ccY4H7FU.debug.temp.o
 .debug_line    0x0003cde1      0x809 C:\Users\Sergio\AppData\Local\Temp\ccYuRcsq.debug.temp.o
 .debug_line    0x0003d5ea      0x42a C:\Users\Sergio\AppData\Local\Temp\ccUsrMjW.debug.temp.o
 .debug_line    0x0003da14      0x6ad C:\Users\Sergio\AppData\Local\Temp\cc28w9BX.debug.temp.o
 .debug_line    0x0003e0c1      0x660 C:\Users\Sergio\AppData\Local\Temp\ccWv2co1.debug.temp.o
 .debug_line    0x0003e721      0x7a6 C:\Users\Sergio\AppData\Local\Temp\ccYY45fA.debug.temp.o
 .debug_line    0x0003eec7      0x2fe C:\Users\Sergio\AppData\Local\Temp\ccSt0tg8.debug.temp.o
 .debug_line    0x0003f1c5      0x2d5 C:\Users\Sergio\AppData\Local\Temp\cca5gApG.debug.temp.o
 .debug_line    0x0003f49a      0x622 C:\Users\Sergio\AppData\Local\Temp\ccahFuYe.debug.temp.o
 .debug_line    0x0003fabc      0x230 C:\Users\Sergio\AppData\Local\Temp\ccqP4XqM.debug.temp.o
 .debug_line    0x0003fcec       0xe5 C:\Users\Sergio\AppData\Local\Temp\ccKff6gk.debug.temp.o
 .debug_line    0x0003fdd1       0xe8 C:\Users\Sergio\AppData\Local\Temp\ccsMKWfS.debug.temp.o
 .debug_line    0x0003feb9       0xf0 C:\Users\Sergio\AppData\Local\Temp\ccISVsv4.debug.temp.o
 .debug_line    0x0003ffa9       0xec C:\Users\Sergio\AppData\Local\Temp\cci5Q0fE.debug.temp.o
 .debug_line    0x00040095      0x12f C:\Users\Sergio\AppData\Local\Temp\ccSZSEne.debug.temp.o
 .debug_line    0x000401c4      0x156 C:\Users\Sergio\AppData\Local\Temp\cc6syBEO.debug.temp.o
 .debug_line    0x0004031a      0x153 C:\Users\Sergio\AppData\Local\Temp\cckeZJ8w.debug.temp.o
 .debug_line    0x0004046d      0xf47 bn_sprites_manager.bn_iwram.o
 .debug_line    0x000413b4      0x651 bn_hw_common.bn_noflto.o
 .debug_line    0x00041a05      0x4a8 bn_hw_game_pak.bn_ewram.o
 .debug_line    0x00041ead      0x6e3 bn_hw_palettes.bn_iwram.o
 .debug_line    0x00042590      0x3d5 bn_hw_sprite_tiles.bn_iwram.o
 .debug_line    0x00042965       0x90 bn_hw_bg_blocks.o
 .debug_line    0x000429f5       0xa9 bn_hw_hblank_effects.o
 .debug_line    0x00042a9e       0x80 bn_hw_palettes_asm.o
 .debug_line    0x00042b1e       0xa0 clr_blend_fast.o
 .debug_line    0x00042bbe       0x9f clr_fade_fast.o
 .debug_line    0x00042c5d      0x2bb tonc_bios.o
 .debug_line    0x00042f18       0xbe tonc_memset.o
 .debug_line    0x00042fd6       0xdb irq_handler.o
 .debug_line    0x000430b1      0x1b5 posprintf.o
 .debug_line    0x00043266       0xd1 memcpy.o
 .debug_line    0x00043337       0xb1 memmove.o
 .debug_line    0x000433e8       0xdb memset.o
 .debug_line    0x000434c3       0xbe rmemcpy.o
 .debug_line    0x00043581       0x8c sdiv32.o
 .debug_line    0x0004360d       0xf5 udiv32.o
 .debug_line    0x00043702       0xa8 huffman.o
 .debug_line    0x000437aa       0xee lz77.o
 .debug_line    0x00043898       0xc6 running_length.o
 .debug_line    0x0004395e      0x217 mm_effect.o
 .debug_line    0x00043b75       0x88 mm_main.o
 .debug_line    0x00043bfd      0xa77 mm_mas.o
 .debug_line    0x00044674      0x1fd mm_mas_arm.o
 .debug_line    0x00044871      0x11b mm_main_gba.o
 .debug_line    0x0004498c      0x31f mm_mixer_gba.o

.debug_frame    0x00000000     0x1b94
 *(.debug_frame)
 .debug_frame   0x00000000      0x610 C:\Users\Sergio\AppData\Local\Temp\ccH355eB.ltrans0.ltrans.o
 .debug_frame   0x00000610      0xf94 C:\Users\Sergio\AppData\Local\Temp\ccH355eB.ltrans1.ltrans.o
 .debug_frame   0x000015a4      0x3b0 C:\Users\Sergio\AppData\Local\Temp\ccH355eB.ltrans2.ltrans.o
 .debug_frame   0x00001954       0x94 bn_sprites_manager.bn_iwram.o
 .debug_frame   0x000019e8       0xec bn_hw_common.bn_noflto.o
 .debug_frame   0x00001ad4       0x34 bn_hw_game_pak.bn_ewram.o
 .debug_frame   0x00001b08       0x48 bn_hw_palettes.bn_iwram.o
 .debug_frame   0x00001b50       0x44 bn_hw_sprite_tiles.bn_iwram.o

.debug_str      0x00000000    0x96c79
 *(.debug_str)
 .debug_str     0x00000000      0x86a C:\Users\Sergio\AppData\Local\Temp\ccH355eB.ltrans0.ltrans.o
 .debug_str     0x00000000      0x857 C:\Users\Sergio\AppData\Local\Temp\ccH355eB.ltrans1.ltrans.o
 .debug_str     0x00000000      0xa6d C:\Users\Sergio\AppData\Local\Temp\ccH355eB.ltrans2.ltrans.o
 .debug_str     0x00000000     0xc4c0 C:\Users\Sergio\AppData\Local\Temp\ccevrxSl.debug.temp.o
 .debug_str     0x00000000     0x16ef C:\Users\Sergio\AppData\Local\Temp\cca9QWwF.debug.temp.o
 .debug_str     0x00000000     0xf36c C:\Users\Sergio\AppData\Local\Temp\ccKZ0doY.debug.temp.o
 .debug_str     0x00000000     0x8260 C:\Users\Sergio\AppData\Local\Temp\ccYOVQjh.debug.temp.o
 .debug_str     0x00000000    0x16c94 C:\Users\Sergio\AppData\Local\Temp\ccKtORAA.debug.temp.o
 .debug_str     0x00000000     0xb269 C:\Users\Sergio\AppData\Local\Temp\ccmDnlGX.debug.temp.o
 .debug_str     0x00000000     0x8f05 C:\Users\Sergio\AppData\Local\Temp\ccWFBj2k.debug.temp.o
 .debug_str     0x00000000     0x942e C:\Users\Sergio\AppData\Local\Temp\cc8dkEvH.debug.temp.o
 .debug_str     0x00000000     0x93fa C:\Users\Sergio\AppData\Local\Temp\ccqbyvm4.debug.temp.o
 .debug_str     0x00000000     0xbc93 C:\Users\Sergio\AppData\Local\Temp\ccSL70iq.debug.temp.o
 .debug_str     0x00000000     0x29ff C:\Users\Sergio\AppData\Local\Temp\ccAqReNL.debug.temp.o
 .debug_str     0x00000000    0x163e3 C:\Users\Sergio\AppData\Local\Temp\cc4fsPl7.debug.temp.o
 .debug_str     0x00000000    0x1b54d C:\Users\Sergio\AppData\Local\Temp\ccEAnFWw.debug.temp.o
 .debug_str     0x00000000     0x3cea C:\Users\Sergio\AppData\Local\Temp\ccK3mFyV.debug.temp.o
 .debug_str     0x00000000     0x54c1 C:\Users\Sergio\AppData\Local\Temp\ccahxXtk.debug.temp.o
 .debug_str     0x00000000    0x16ba1 C:\Users\Sergio\AppData\Local\Temp\ccQYWXAI.debug.temp.o
 .debug_str     0x00000000     0x3266 C:\Users\Sergio\AppData\Local\Temp\ccAcklY6.debug.temp.o
 .debug_str     0x00000000    0x4a094 C:\Users\Sergio\AppData\Local\Temp\ccOTAHyu.debug.temp.o
 .debug_str     0x00000000     0x1616 C:\Users\Sergio\AppData\Local\Temp\cc603bHV.debug.temp.o
 .debug_str     0x00000000     0x37c5 C:\Users\Sergio\AppData\Local\Temp\ccarCccn.debug.temp.o
 .debug_str     0x00000000     0x3aea C:\Users\Sergio\AppData\Local\Temp\ccaBfDzN.debug.temp.o
 .debug_str     0x00000000     0x31be C:\Users\Sergio\AppData\Local\Temp\cc2cNAje.debug.temp.o
 .debug_str     0x00000000     0xc432 C:\Users\Sergio\AppData\Local\Temp\ccUWMU8E.debug.temp.o
 .debug_str     0x00000000     0xf4d7 C:\Users\Sergio\AppData\Local\Temp\ccKj97EZ.debug.temp.o
 .debug_str     0x00000000     0x8286 C:\Users\Sergio\AppData\Local\Temp\ccinME6t.debug.temp.o
 .debug_str     0x00000000    0x10267 C:\Users\Sergio\AppData\Local\Temp\cc2wBj9W.debug.temp.o
 .debug_str     0x00000000     0xb4db C:\Users\Sergio\AppData\Local\Temp\ccYm3Chp.debug.temp.o
 .debug_str     0x00000000    0x184ca C:\Users\Sergio\AppData\Local\Temp\ccK5BkMR.debug.temp.o
 .debug_str     0x00000000     0x3d93 C:\Users\Sergio\AppData\Local\Temp\ccAEwg1n.debug.temp.o
 .debug_str     0x00000000     0xbfd0 C:\Users\Sergio\AppData\Local\Temp\ccY4H7FU.debug.temp.o
 .debug_str     0x00000000     0x33f2 C:\Users\Sergio\AppData\Local\Temp\ccYuRcsq.debug.temp.o
 .debug_str     0x00000000     0x10bb C:\Users\Sergio\AppData\Local\Temp\ccUsrMjW.debug.temp.o
 .debug_str     0x00000000     0x45a6 C:\Users\Sergio\AppData\Local\Temp\cc28w9BX.debug.temp.o
 .debug_str     0x00000000     0x2bc6 C:\Users\Sergio\AppData\Local\Temp\ccWv2co1.debug.temp.o
 .debug_str     0x00000000     0x3ffe C:\Users\Sergio\AppData\Local\Temp\ccYY45fA.debug.temp.o
 .debug_str     0x00000000      0x56b C:\Users\Sergio\AppData\Local\Temp\ccSt0tg8.debug.temp.o
 .debug_str     0x00000000      0x5d1 C:\Users\Sergio\AppData\Local\Temp\cca5gApG.debug.temp.o
 .debug_str     0x00000000     0x29c1 C:\Users\Sergio\AppData\Local\Temp\ccahFuYe.debug.temp.o
 .debug_str     0x00000000      0x5bf C:\Users\Sergio\AppData\Local\Temp\ccqP4XqM.debug.temp.o
 .debug_str     0x00000000      0x2af C:\Users\Sergio\AppData\Local\Temp\ccKff6gk.debug.temp.o
 .debug_str     0x00000000      0x2f5 C:\Users\Sergio\AppData\Local\Temp\ccsMKWfS.debug.temp.o
 .debug_str     0x00000000      0x33e C:\Users\Sergio\AppData\Local\Temp\ccISVsv4.debug.temp.o
 .debug_str     0x00000000      0x36c C:\Users\Sergio\AppData\Local\Temp\cci5Q0fE.debug.temp.o
 .debug_str     0x00000000      0x56f C:\Users\Sergio\AppData\Local\Temp\ccSZSEne.debug.temp.o
 .debug_str     0x00000000      0x31a C:\Users\Sergio\AppData\Local\Temp\cc6syBEO.debug.temp.o
 .debug_str     0x00000000      0xaaa C:\Users\Sergio\AppData\Local\Temp\cckeZJ8w.debug.temp.o
 .debug_str     0x00000000    0x96c79 bn_sprites_manager.bn_iwram.o
                               0xb57f (size before relaxing)
 .debug_str     0x00096c79     0x117e bn_hw_common.bn_noflto.o
 .debug_str     0x00096c79      0x5b3 bn_hw_game_pak.bn_ewram.o
 .debug_str     0x00096c79      0x93d bn_hw_palettes.bn_iwram.o
 .debug_str     0x00096c79      0x5a5 bn_hw_sprite_tiles.bn_iwram.o
 .debug_str     0x00096c79       0x68 bn_hw_bg_blocks.o
 .debug_str     0x00096c79       0x6d bn_hw_hblank_effects.o
 .debug_str     0x00096c79       0x6b bn_hw_palettes_asm.o
 .debug_str     0x00096c79       0x88 clr_blend_fast.o
 .debug_str     0x00096c79       0x78 clr_fade_fast.o
 .debug_str     0x00096c79      0x22c tonc_bios.o
 .debug_str     0x00096c79       0x88 tonc_memset.o
 .debug_str     0x00096c79       0x76 irq_handler.o
 .debug_str     0x00096c79       0x76 posprintf.o
 .debug_str     0x00096c79       0x70 memcpy.o
 .debug_str     0x00096c79       0x71 memmove.o
 .debug_str     0x00096c79       0x70 memset.o
 .debug_str     0x00096c79       0x71 rmemcpy.o
 .debug_str     0x00096c79       0x74 sdiv32.o
 .debug_str     0x00096c79       0x74 udiv32.o
 .debug_str     0x00096c79       0x7b huffman.o
 .debug_str     0x00096c79       0x78 lz77.o
 .debug_str     0x00096c79       0x82 running_length.o
 .debug_str     0x00096c79       0x76 mm_effect.o
 .debug_str     0x00096c79       0x74 mm_main.o
 .debug_str     0x00096c79       0x73 mm_mas.o
 .debug_str     0x00096c79       0x77 mm_mas_arm.o
 .debug_str     0x00096c79       0x7c mm_main_gba.o
 .debug_str     0x00096c79       0x7d mm_mixer_gba.o

.debug_loc      0x00000000    0x740b8
 *(.debug_loc)
 .debug_loc     0x00000000    0x43dd4 C:\Users\Sergio\AppData\Local\Temp\ccH355eB.ltrans0.ltrans.o
 .debug_loc     0x00043dd4    0x22b0b C:\Users\Sergio\AppData\Local\Temp\ccH355eB.ltrans1.ltrans.o
 .debug_loc     0x000668df     0xc263 C:\Users\Sergio\AppData\Local\Temp\ccH355eB.ltrans2.ltrans.o
 .debug_loc     0x00072b42      0xbc1 bn_sprites_manager.bn_iwram.o
 .debug_loc     0x00073703      0x309 bn_hw_common.bn_noflto.o
 .debug_loc     0x00073a0c      0x102 bn_hw_game_pak.bn_ewram.o
 .debug_loc     0x00073b0e      0x371 bn_hw_palettes.bn_iwram.o
 .debug_loc     0x00073e7f      0x239 bn_hw_sprite_tiles.bn_iwram.o

.debug_macinfo
 *(.debug_macinfo)

.debug_weaknames
 *(.debug_weaknames)

.debug_funcnames
 *(.debug_funcnames)

.debug_typenames
 *(.debug_typenames)

.debug_varnames
 *(.debug_varnames)

.stack          0x00080000        0x0
                0x00080000                        _stack = .
 *(.stack)

.note.gnu.arm.ident
 *(.note.gnu.arm.ident)

.ARM.attributes
                0x00000000       0x2c
 *(.ARM.attributes)
 .ARM.attributes
                0x00000000       0x20 C:/devkitPro/devkitARM/bin/../lib/gcc/arm-none-eabi/14.1.0/../../../../arm-none-eabi/lib/thumb/gba_crt0.o
 .ARM.attributes
                0x00000020       0x1c C:/devkitPro/devkitARM/bin/../lib/gcc/arm-none-eabi/14.1.0/thumb/crti.o
 .ARM.attributes
                0x0000003c       0x2a C:/devkitPro/devkitARM/bin/../lib/gcc/arm-none-eabi/14.1.0/thumb/crtbegin.o
 .ARM.attributes
                0x00000066       0x1a _bn_audio_soundbank.bin.o
 .ARM.attributes
                0x00000080       0x1a big_font_bn_gfx.o
 .ARM.attributes
                0x0000009a       0x1a cat_bn_gfx.o
 .ARM.attributes
                0x000000b4       0x1a cats_intro_bn_gfx.o
 .ARM.attributes
                0x000000ce       0x1a cats_intro_hands_bn_gfx.o
 .ARM.attributes
                0x000000e8       0x1a clouds_bn_gfx.o
 .ARM.attributes
                0x00000102       0x1a collider_bn_gfx.o
 .ARM.attributes
                0x0000011c       0x1a common_variable_8x16_font_bn_gfx.o
 .ARM.attributes
                0x00000136       0x1a gbajam24_banner_bn_gfx.o
 .ARM.attributes
                0x00000150       0x1a gbajam24_logo_bn_gfx.o
 .ARM.attributes
                0x0000016a       0x1a limit_bn_gfx.o
 .ARM.attributes
                0x00000184       0x1a ninja_bn_gfx.o
 .ARM.attributes
                0x0000019e       0x1a simple_bg_bn_gfx.o
 .ARM.attributes
                0x000001b8       0x1a window_frame_bn_gfx.o
 .ARM.attributes
                0x000001d2       0x28 C:\Users\Sergio\AppData\Local\Temp\ccH355eB.ltrans0.ltrans.o
 .ARM.attributes
                0x000001fa       0x28 C:\Users\Sergio\AppData\Local\Temp\ccH355eB.ltrans1.ltrans.o
 .ARM.attributes
                0x00000222       0x28 C:\Users\Sergio\AppData\Local\Temp\ccH355eB.ltrans2.ltrans.o
 .ARM.attributes
                0x0000024a       0x26 bn_sprites_manager.bn_iwram.o
 .ARM.attributes
                0x00000270       0x26 bn_hw_common.bn_noflto.o
 .ARM.attributes
                0x00000296       0x26 bn_hw_game_pak.bn_ewram.o
 .ARM.attributes
                0x000002bc       0x26 bn_hw_palettes.bn_iwram.o
 .ARM.attributes
                0x000002e2       0x26 bn_hw_sprite_tiles.bn_iwram.o
 .ARM.attributes
                0x00000308       0x26 bn_hw_sram.bn_ewram.o
 .ARM.attributes
                0x0000032e       0x1a bn_hw_bg_blocks.o
 .ARM.attributes
                0x00000348       0x1a bn_hw_core.o
 .ARM.attributes
                0x00000362       0x1a bn_hw_hblank_effects.o
 .ARM.attributes
                0x0000037c       0x1a bn_hw_palettes_asm.o
 .ARM.attributes
                0x00000396       0x1a clr_blend_fast.o
 .ARM.attributes
                0x000003b0       0x1a clr_fade_fast.o
 .ARM.attributes
                0x000003ca       0x1a tonc_bios.o
 .ARM.attributes
                0x000003e4       0x1a tonc_memset.o
 .ARM.attributes
                0x000003fe       0x1a tonc_nocash.o
 .ARM.attributes
                0x00000418       0x1a verdana9.o
 .ARM.attributes
                0x00000432       0x1a irq_handler.o
 .ARM.attributes
                0x0000044c       0x1a posprintf.o
 .ARM.attributes
                0x00000466       0x1a atan2.o
 .ARM.attributes
                0x00000480       0x1a coroutine_asm.o
 .ARM.attributes
                0x0000049a       0x1a fiq_memcpy.o
 .ARM.attributes
                0x000004b4       0x1a lmul.o
 .ARM.attributes
                0x000004ce       0x1a memcpy.o
 .ARM.attributes
                0x000004e8       0x1a memmove.o
 .ARM.attributes
                0x00000502       0x1a memset.o
 .ARM.attributes
                0x0000051c       0x1a rmemcpy.o
 .ARM.attributes
                0x00000536       0x1a clz.o
 .ARM.attributes
                0x00000550       0x1a sdiv32.o
 .ARM.attributes
                0x0000056a       0x1a sqrt32.o
 .ARM.attributes
                0x00000584       0x1a udiv32.o
 .ARM.attributes
                0x0000059e       0x1a huffman.o
 .ARM.attributes
                0x000005b8       0x1a lz77.o
 .ARM.attributes
                0x000005d2       0x1a running_length.o
 .ARM.attributes
                0x000005ec       0x1a mm_effect.o
 .ARM.attributes
                0x00000606       0x1a mm_main.o
 .ARM.attributes
                0x00000620       0x1a mm_mas.o
 .ARM.attributes
                0x0000063a       0x1a mm_mas_arm.o
 .ARM.attributes
                0x00000654       0x1a mm_init_default.o
 .ARM.attributes
                0x0000066e       0x1a mm_main_gba.o
 .ARM.attributes
                0x00000688       0x1a mm_mixer_gba.o
 .ARM.attributes
                0x000006a2       0x1c C:/devkitPro/devkitARM/bin/../lib/gcc/arm-none-eabi/14.1.0/thumb\libgcc.a(_call_via_rX.o)
 .ARM.attributes
                0x000006be       0x1c C:/devkitPro/devkitARM/bin/../lib/gcc/arm-none-eabi/14.1.0/thumb\libgcc.a(_sync_none.o)
 .ARM.attributes
                0x000006da       0x2a C:/devkitPro/devkitARM/bin/../lib/gcc/arm-none-eabi/14.1.0/thumb/crtend.o
 .ARM.attributes
                0x00000704       0x1c C:/devkitPro/devkitARM/bin/../lib/gcc/arm-none-eabi/14.1.0/thumb/crtn.o

/DISCARD/
 *(.note.GNU-stack)
LOAD C:/devkitPro/devkitARM/bin/../lib/gcc/arm-none-eabi/14.1.0/../../../../arm-none-eabi/lib/thumb/gba_crt0.o
LOAD C:/devkitPro/devkitARM/bin/../lib/gcc/arm-none-eabi/14.1.0/thumb/crti.o
LOAD C:/devkitPro/devkitARM/bin/../lib/gcc/arm-none-eabi/14.1.0/thumb/crtbegin.o
LOAD _bn_audio_soundbank.bin.o
LOAD big_font_bn_gfx.o
LOAD cat_bn_gfx.o
LOAD cats_intro_bn_gfx.o
LOAD cats_intro_hands_bn_gfx.o
LOAD clouds_bn_gfx.o
LOAD collider_bn_gfx.o
LOAD common_variable_8x16_font_bn_gfx.o
LOAD gbajam24_banner_bn_gfx.o
LOAD gbajam24_logo_bn_gfx.o
LOAD limit_bn_gfx.o
LOAD ninja_bn_gfx.o
LOAD simple_bg_bn_gfx.o
LOAD window_frame_bn_gfx.o
LOAD catgame_enemy.o
LOAD C:\Users\Sergio\AppData\Local\Temp\ccH355eB.ltrans0.ltrans.o
LOAD C:\Users\Sergio\AppData\Local\Temp\ccH355eB.ltrans1.ltrans.o
LOAD C:\Users\Sergio\AppData\Local\Temp\ccH355eB.ltrans2.ltrans.o
LOAD C:\Users\Sergio\AppData\Local\Temp\ccevrxSl.debug.temp.o
LOAD C:\Users\Sergio\AppData\Local\Temp\cca9QWwF.debug.temp.o
LOAD C:\Users\Sergio\AppData\Local\Temp\ccKZ0doY.debug.temp.o
LOAD C:\Users\Sergio\AppData\Local\Temp\ccYOVQjh.debug.temp.o
LOAD C:\Users\Sergio\AppData\Local\Temp\ccKtORAA.debug.temp.o
LOAD C:\Users\Sergio\AppData\Local\Temp\ccmDnlGX.debug.temp.o
LOAD C:\Users\Sergio\AppData\Local\Temp\ccWFBj2k.debug.temp.o
LOAD C:\Users\Sergio\AppData\Local\Temp\cc8dkEvH.debug.temp.o
LOAD C:\Users\Sergio\AppData\Local\Temp\ccqbyvm4.debug.temp.o
LOAD C:\Users\Sergio\AppData\Local\Temp\ccSL70iq.debug.temp.o
LOAD C:\Users\Sergio\AppData\Local\Temp\ccAqReNL.debug.temp.o
LOAD C:\Users\Sergio\AppData\Local\Temp\cc4fsPl7.debug.temp.o
LOAD C:\Users\Sergio\AppData\Local\Temp\ccEAnFWw.debug.temp.o
LOAD C:\Users\Sergio\AppData\Local\Temp\ccK3mFyV.debug.temp.o
LOAD C:\Users\Sergio\AppData\Local\Temp\ccahxXtk.debug.temp.o
LOAD C:\Users\Sergio\AppData\Local\Temp\ccQYWXAI.debug.temp.o
LOAD C:\Users\Sergio\AppData\Local\Temp\ccAcklY6.debug.temp.o
LOAD C:\Users\Sergio\AppData\Local\Temp\ccOTAHyu.debug.temp.o
LOAD C:\Users\Sergio\AppData\Local\Temp\cc603bHV.debug.temp.o
LOAD C:\Users\Sergio\AppData\Local\Temp\ccarCccn.debug.temp.o
LOAD C:\Users\Sergio\AppData\Local\Temp\ccaBfDzN.debug.temp.o
LOAD C:\Users\Sergio\AppData\Local\Temp\cc2cNAje.debug.temp.o
LOAD C:\Users\Sergio\AppData\Local\Temp\ccUWMU8E.debug.temp.o
LOAD C:\Users\Sergio\AppData\Local\Temp\cc0rZq84.debug.temp.o
LOAD C:\Users\Sergio\AppData\Local\Temp\ccYo6tuv.debug.temp.o
LOAD C:\Users\Sergio\AppData\Local\Temp\ccKj97EZ.debug.temp.o