Archive member included to satisfy reference by file (symbol)

C:/devkitPro/devkitARM/bin/../lib/gcc/arm-none-eabi/14.1.0/thumb\libgcc.a(_call_via_rX.o)
                              mm_main_gba.o (_call_via_r1)
C:/devkitPro/devkitARM/bin/../lib/gcc/arm-none-eabi/14.1.0/thumb\libgcc.a(_sync_none.o)
                              (__sync_synchronize_none)
C:/devkitPro/devkitARM/bin/../lib/gcc/arm-none-eabi/14.1.0/thumb\libgcc.a(_arm_muldf3.o)
                              C:\Users\Sergio\AppData\Local\Temp\cc0dpsTe.ltrans0.ltrans.o (__aeabi_dmul)
C:/devkitPro/devkitARM/bin/../lib/gcc/arm-none-eabi/14.1.0/thumb\libgcc.a(_arm_addsubdf3.o)
                              C:\Users\Sergio\AppData\Local\Temp\cc0dpsTe.ltrans0.ltrans.o (__aeabi_dsub)
C:/devkitPro/devkitARM/bin/../lib/gcc/arm-none-eabi/14.1.0/thumb\libgcc.a(_arm_fixdfsi.o)
                              C:\Users\Sergio\AppData\Local\Temp\cc0dpsTe.ltrans0.ltrans.o (__aeabi_d2iz)

Discarded input sections

 .text          0x00000000        0x0 C:/devkitPro/devkitARM/bin/../lib/gcc/arm-none-eabi/14.1.0/../../../../arm-none-eabi/lib/thumb/gba_crt0.o
 .data          0x00000000        0x0 C:/devkitPro/devkitARM/bin/../lib/gcc/arm-none-eabi/14.1.0/../../../../arm-none-eabi/lib/thumb/gba_crt0.o
 .bss           0x00000000        0x0 C:/devkitPro/devkitARM/bin/../lib/gcc/arm-none-eabi/14.1.0/../../../../arm-none-eabi/lib/thumb/gba_crt0.o
 .text          0x00000000        0x0 C:/devkitPro/devkitARM/bin/../lib/gcc/arm-none-eabi/14.1.0/thumb/crti.o
 .data          0x00000000        0x0 C:/devkitPro/devkitARM/bin/../lib/gcc/arm-none-eabi/14.1.0/thumb/crti.o
 .bss           0x00000000        0x0 C:/devkitPro/devkitARM/bin/../lib/gcc/arm-none-eabi/14.1.0/thumb/crti.o
 .text          0x00000000        0x0 C:/devkitPro/devkitARM/bin/../lib/gcc/arm-none-eabi/14.1.0/thumb/crtbegin.o
 .data          0x00000000        0x0 C:/devkitPro/devkitARM/bin/../lib/gcc/arm-none-eabi/14.1.0/thumb/crtbegin.o
 .bss           0x00000000        0x0 C:/devkitPro/devkitARM/bin/../lib/gcc/arm-none-eabi/14.1.0/thumb/crtbegin.o
 .rodata.all_implied_fbits
                0x00000000       0x24 C:/devkitPro/devkitARM/bin/../lib/gcc/arm-none-eabi/14.1.0/thumb/crtbegin.o
 .text          0x00000000        0x0 _bn_audio_soundbank.bin.o
 .data          0x00000000        0x0 _bn_audio_soundbank.bin.o
 .bss           0x00000000        0x0 _bn_audio_soundbank.bin.o
 .text          0x00000000        0x0 a_icon_bn_gfx.o
 .data          0x00000000        0x0 a_icon_bn_gfx.o
 .bss           0x00000000        0x0 a_icon_bn_gfx.o
 .text          0x00000000        0x0 big_font_bn_gfx.o
 .data          0x00000000        0x0 big_font_bn_gfx.o
 .bss           0x00000000        0x0 big_font_bn_gfx.o
 .rodata        0x00000000     0x1ba0 big_font_bn_gfx.o
 .text          0x00000000        0x0 cat_bn_gfx.o
 .data          0x00000000        0x0 cat_bn_gfx.o
 .bss           0x00000000        0x0 cat_bn_gfx.o
 .text          0x00000000        0x0 cat_hand_bn_gfx.o
 .data          0x00000000        0x0 cat_hand_bn_gfx.o
 .bss           0x00000000        0x0 cat_hand_bn_gfx.o
 .text          0x00000000        0x0 cat_hand_icon_bn_gfx.o
 .data          0x00000000        0x0 cat_hand_icon_bn_gfx.o
 .bss           0x00000000        0x0 cat_hand_icon_bn_gfx.o
 .text          0x00000000        0x0 cats_intro_bn_gfx.o
 .data          0x00000000        0x0 cats_intro_bn_gfx.o
 .bss           0x00000000        0x0 cats_intro_bn_gfx.o
 .text          0x00000000        0x0 cats_intro_hands_bn_gfx.o
 .data          0x00000000        0x0 cats_intro_hands_bn_gfx.o
 .bss           0x00000000        0x0 cats_intro_hands_bn_gfx.o
 .rodata        0x00000000     0x2080 cats_intro_hands_bn_gfx.o
 .text          0x00000000        0x0 clouds_bn_gfx.o
 .data          0x00000000        0x0 clouds_bn_gfx.o
 .bss           0x00000000        0x0 clouds_bn_gfx.o
 .text          0x00000000        0x0 collider_bn_gfx.o
 .data          0x00000000        0x0 collider_bn_gfx.o
 .bss           0x00000000        0x0 collider_bn_gfx.o
 .rodata        0x00000000       0x40 collider_bn_gfx.o
 .text          0x00000000        0x0 common_variable_8x16_font_bn_gfx.o
 .data          0x00000000        0x0 common_variable_8x16_font_bn_gfx.o
 .bss           0x00000000        0x0 common_variable_8x16_font_bn_gfx.o
 .text          0x00000000        0x0 construction_bn_gfx.o
 .data          0x00000000        0x0 construction_bn_gfx.o
 .bss           0x00000000        0x0 construction_bn_gfx.o
 .text          0x00000000        0x0 dialog_bn_gfx.o
 .data          0x00000000        0x0 dialog_bn_gfx.o
 .bss           0x00000000        0x0 dialog_bn_gfx.o
 .text          0x00000000        0x0 empty_heart_icon_bn_gfx.o
 .data          0x00000000        0x0 empty_heart_icon_bn_gfx.o
 .bss           0x00000000        0x0 empty_heart_icon_bn_gfx.o
 .text          0x00000000        0x0 fish_bn_gfx.o
 .data          0x00000000        0x0 fish_bn_gfx.o
[...]
Memory Configuration

Name             Origin             Length             Attributes
rom              0x08000000         0x02000000
iwram            0x03000000         0x00008000
ewram            0x02000000         0x00040000
*default*        0x00000000         0xffffffff

Linker script and memory map

                0x00000000                        __sync_synchronize = __sync_synchronize_none
                0x08000000                        __text_start = ORIGIN (rom)
                0x02040000                        __eheap_end = (ORIGIN (ewram) + LENGTH (ewram))
                0x03000000                        __iwram_start = ORIGIN (iwram)
                0x03008000                        __iwram_top = (ORIGIN (iwram) + LENGTH (iwram))
                0x03007fa0                        __sp_irq = (__iwram_top - 0x60)
                0x03007f00                        __sp_usr = (__sp_irq - 0xa0)
                0x03007ff8                        __irq_flags = 0x3007ff8
                0x08000000                        . = __text_start

.crt0           0x08000000      0x210
 *(.crt0)
 .crt0          0x08000000      0x210 C:/devkitPro/devkitARM/bin/../lib/gcc/arm-none-eabi/14.1.0/../../../../arm-none-eabi/lib/thumb/gba_crt0.o
                0x08000000                _start
                0x080000c4                __boot_method
                0x080000c5                __slave_number
                0x080000e0                start_vector
                0x08000210                        . = ALIGN (0x4)

.init           0x08000210        0xc
 *(SORT_NONE(.init))
 .init          0x08000210        0x4 C:/devkitPro/devkitARM/bin/../lib/gcc/arm-none-eabi/14.1.0/thumb/crti.o
                0x08000210                _init
 .init          0x08000214        0x8 C:/devkitPro/devkitARM/bin/../lib/gcc/arm-none-eabi/14.1.0/thumb/crtn.o

.plt            0x0800021c        0x0
 *(.plt)
                0x0800021c                        . = ALIGN (0x4)

.text           0x08000220    0x1eb38
 *(EXCLUDE_FILE(*.iwram*) .text*)
 .text.__do_global_dtors_aux
                0x08000220       0x2c C:/devkitPro/devkitARM/bin/../lib/gcc/arm-none-eabi/14.1.0/thumb/crtbegin.o
 .text.frame_dummy
                0x0800024c       0x24 C:/devkitPro/devkitARM/bin/../lib/gcc/arm-none-eabi/14.1.0/thumb/crtbegin.o
 .text          0x08000270     0x565c C:\Users\Sergio\AppData\Local\Temp\cc0dpsTe.ltrans0.ltrans.o
                0x08000354                bn::audio_manager::(anonymous namespace)::static_data::~static_data() [clone .lto_priv.0]
                0x08000354                bn::audio_manager::(anonymous namespace)::static_data::~static_data() [clone .lto_priv.0]
                0x08000358                bn::bg_blocks_manager::(anonymous namespace)::_hw_commit_offset(unsigned short const*, unsigned int, unsigned short, unsigned short*) [clone .lto_priv.0]
                0x080003d0                void _bn::assert::show_args<char [54]>(char const*, char const*, char const*, int, char const (&) [54])
                0x080003d0                void _bn::assert::show_args<char [46]>(char const*, char const*, char const*, int, char const (&) [46])
                0x080003d0                void _bn::assert::show_args<char [16]>(char const*, char const*, char const*, int, char const (&) [16])
                0x080003d0                void _bn::assert::show_args<char [18]>(char const*, char const*, char const*, int, char const (&) [18])
                0x080003d0                void _bn::assert::show_args<char [31]>(char const*, char const*, char const*, int, char const (&) [31])
                0x080003d0                void _bn::assert::show_args<char [15]>(char const*, char const*, char const*, int, char const (&) [15])
                0x080003d0                void _bn::assert::show_args<char [38]>(char const*, char const*, char const*, int, char const (&) [38])
                0x080003d0                void _bn::assert::show_args<char [13]>(char const*, char const*, char const*, int, char const (&) [13])
                0x080003d0                void _bn::assert::show_args<char [66]>(char const*, char const*, char const*, int, char const (&) [66])
                0x080003d0                void _bn::assert::show_args<char [33]>(char const*, char const*, char const*, int, char const (&) [33])
                0x080003d0                void _bn::assert::show_args<char [26]>(char const*, char const*, char const*, int, char const (&) [26])
                0x080003d0                void _bn::assert::show_args<char [19]>(char const*, char const*, char const*, int, char const (&) [19])
                0x080003d0                void _bn::assert::show_args<char [17]>(char const*, char const*, char const*, int, char const (&) [17])
                0x080003d0                void _bn::assert::show_args<char [55]>(char const*, char const*, char const*, int, char const (&) [55])
                0x080003d0                void _bn::assert::show_args<char [23]>(char const*, char const*, char const*, int, char const (&) [23])
                0x080003d0                void _bn::assert::show_args<char [35]>(char const*, char const*, char const*, int, char const (&) [35])
                0x080003d0                void _bn::assert::show_args<char [24]>(char const*, char const*, char const*, int, char const (&) [24])
                0x080003d0                void _bn::assert::show_args<char [37]>(char const*, char const*, char const*, int, char const (&) [37])
                0x080003d0                void _bn::assert::show_args<char [21]>(char const*, char const*, char const*, int, char const (&) [21])
                0x080003d0                void _bn::assert::show_args<char [25]>(char const*, char const*, char const*, int, char const (&) [25])
                0x080003d0                void _bn::assert::show_args<char [14]>(char const*, char const*, char const*, int, char const (&) [14])
                0x080003d0                void _bn::assert::show_args<char [27]>(char const*, char const*, char const*, int, char const (&) [27])
                0x080003d0                void _bn::assert::show_args<char [22]>(char const*, char const*, char const*, int, char const (&) [22])
                0x080003d0                void _bn::assert::show_args<char [30]>(char const*, char const*, char const*, int, char const (&) [30])
                0x08001d38                void bn::ostringstream::append<12>(bn::fixed_t<12>)
                0x08001e00                bn::ivector<catgame::enemy>::push_back(catgame::enemy&&) [clone .part.0] [clone .lto_priv.0]
                0x08001e28                catgame::enemy::near_player(bn::fixed_point_t<12>)
                0x08001ea4                catgame::player::animate()
                0x080020a4                catgame::player::update(bn::regular_bg_map_item const&) [clone .part.0]
                0x08002334                catgame::enemy::update(bn::regular_bg_map_item const&)
                0x080028fc                void _bn::assert::show_args<char [22], int>(char const*, char const*, char const*, int, char const (&) [22], int const&)
                0x080028fc                void _bn::assert::show_args<char [33], int>(char const*, char const*, char const*, int, char const (&) [33], int const&)
                0x080028fc                void _bn::assert::show_args<char [39], int>(char const*, char const*, char const*, int, char const (&) [39], int const&)
                0x080028fc                void _bn::assert::show_args<char [18], int>(char const*, char const*, char const*, int, char const (&) [18], int const&)
                0x080028fc                void _bn::assert::show_args<char [27], int>(char const*, char const*, char const*, int, char const (&) [27], int const&)
                0x080028fc                void _bn::assert::show_args<char [20], int>(char const*, char const*, char const*, int, char const (&) [20], int const&)
                0x080028fc                void _bn::assert::show_args<char [25], int>(char const*, char const*, char const*, int, char const (&) [25], int const&)
                0x080028fc                void _bn::assert::show_args<char [15], int>(char const*, char const*, char const*, int, char const (&) [15], int const&)
                0x080028fc                void _bn::assert::show_args<char [28], int>(char const*, char const*, char const*, int, char const (&) [28], int const&)
                0x080028fc                void _bn::assert::show_args<char [16], int>(char const*, char const*, char const*, int, char const (&) [16], int const&)
                0x080028fc                void _bn::assert::show_args<char [17], int>(char const*, char const*, char const*, int, char const (&) [17], int const&)
                0x080028fc                void _bn::assert::show_args<char [26], int>(char const*, char const*, char const*, int, char const (&) [26], int const&)
                0x0800294c                bn::audio_manager::execute_commands()
                0x0800374c                bn::bg_blocks_manager::(anonymous namespace)::_hw_commit(unsigned short const*, bn::compression_type, int, bool, unsigned short*) [clone .lto_priv.0]
                0x080037b4                void _bn::assert::show_args<char [27], bn::fixed_t<12> >(char const*, char const*, char const*, int, char const (&) [27], bn::fixed_t<12> const&)
                0x080037b4                void _bn::assert::show_args<char [22], bn::fixed_t<12> >(char const*, char const*, char const*, int, char const (&) [22], bn::fixed_t<12> const&)
                0x080037b4                void _bn::assert::show_args<char [16], bn::fixed_t<12> >(char const*, char const*, char const*, int, char const (&) [16], bn::fixed_t<12> const&)
                0x080037b4                void _bn::assert::show_args<char [38], bn::fixed_t<12> >(char const*, char const*, char const*, int, char const (&) [38], bn::fixed_t<12> const&)
 .text.startup  0x080058cc     0x2664 C:\Users\Sergio\AppData\Local\Temp\cc0dpsTe.ltrans0.ltrans.o
                0x080058cc                main
 .text          0x08007f30     0x7ee8 C:\Users\Sergio\AppData\Local\Temp\cc0dpsTe.ltrans1.ltrans.o
                0x08008398                bn::bg_blocks_manager::decrease_usages(int)
                0x08008440                bn::bg_blocks_manager::(anonymous namespace)::static_data::~static_data() [clone .lto_priv.0]
                0x08008440                bn::bg_blocks_manager::(anonymous namespace)::static_data::~static_data() [clone .lto_priv.0]
                0x080084a0                bn::camera_ptr::position() const
                0x080084b4                bn::display_manager::(anonymous namespace)::_update_rect_windows_hw_boundaries(int) [clone .lto_priv.0]
                0x08008534                bn::display_manager::(anonymous namespace)::static_data::~static_data() [clone .lto_priv.0]
                0x08008534                bn::display_manager::(anonymous namespace)::static_data::~static_data() [clone .lto_priv.0]
                0x08008580                bn::keypad_manager::update()
                0x080092c4                _bn::assert::show(char const*, char const*, char const*, int)
                0x080092dc                _bn::assert::show(char const*, char const*, char const*, int, bn::istring_base const&)
                0x0800a080                bn::bgs_manager::(anonymous namespace)::_insert_item(bn::bgs_manager::(anonymous namespace)::item_type&) [clone .lto_priv.0]
                0x0800a2e8                bn::bgs_manager::(anonymous namespace)::static_data::~static_data() [clone .lto_priv.0]
                0x0800a2e8                bn::bgs_manager::(anonymous namespace)::static_data::~static_data() [clone .lto_priv.0]
                0x0800a8f0                bn::bgs_manager::create(bn::regular_bg_builder&&)
                0x0800b9b8                bn::regular_bg_ptr::create(bn::fixed_t<12>, bn::fixed_t<12>, bn::regular_bg_item const&)
                0x0800fd9c                bn::core::update()
 .text          0x0800fe18     0x6a50 C:\Users\Sergio\AppData\Local\Temp\cc0dpsTe.ltrans2.ltrans.o
                0x0800fe18                bn::hw::link::(anonymous namespace)::_resetStateCallback() [clone .lto_priv.0]
                0x08010024                bmp16_drawg_b1cts
                0x080100e4                dummy_drawg
                0x080100e8                dummy_erase
                0x080106fc                bmp16_erase
                0x08010848                bn::ostringstream::ostringstream(bn::istring_base&)
                0x08010848                bn::ostringstream::ostringstream(bn::istring_base&)
                0x08010850                bn::ostringstream::append(char const*)
                0x080108dc                bn::palettes_bank::find_bpp_4(bn::span<bn::color const> const&, unsigned short)
                0x08010a84                bn::palettes_bank::_apply_global_effects(int, bn::color*) const
                0x08010bd0                bn::palettes_bank::palette::apply_effects(int, bn::color*) const
                0x08010d20                bn::palettes_bank::update()
                0x08010e54                bn::palettes_manager::(anonymous namespace)::static_data::~static_data() [clone .lto_priv.0]
                0x08010e54                bn::palettes_manager::(anonymous namespace)::static_data::~static_data() [clone .lto_priv.0]
                0x08010e58                bn::sprite_affine_mats_manager::(anonymous namespace)::_update_flipped_identity(int) [clone .lto_priv.0]
                0x08010f14                bool bn::sprite_affine_mats_manager::(anonymous namespace)::_sprite_double_size<32, 16>(int, int, int, int, int) [clone .lto_priv.0]
                0x08010f98                bool bn::sprite_affine_mats_manager::(anonymous namespace)::_sprite_double_size<16, 32>(int, int, int, int, int) [clone .lto_priv.0]
                0x0801101c                bn::sprite_affine_mats_manager::(anonymous namespace)::static_data::~static_data() [clone .lto_priv.0]
                0x0801101c                bn::sprite_affine_mats_manager::(anonymous namespace)::static_data::~static_data() [clone .lto_priv.0]
                0x08011058                bn::sprites_manager::(anonymous namespace)::_always_update_indexes_to_commit(bn::sprites_manager_item const&) [clone .lto_priv.0]
                0x080110a0                bn::sprites_manager::(anonymous namespace)::_update_item_dimensions(bn::sprites_manager_item&) [clone .lto_priv.0]
                0x08011178                bn::sprites_manager::set_position(void*, bn::fixed_point_t<12> const&)
                0x080111f0                bn::sprites_manager::set_horizontal_flip(void*, bool)
                0x080112b8                bn::sprites_manager::update_auto_double_size(void*)
                0x080113b8                VgmStop()
                0x08011478                gbt_refresh_pattern_ptr.lto_priv.0
                0x080114fc                gbt_run_startup_commands.part.0.lto_priv.0
                0x08011590                bn::hw::audio::(anonymous namespace)::_commit() [clone .lto_priv.0]
                0x08011cf0                bn::hw::audio::(anonymous namespace)::_vblank_handler() [clone .lto_priv.0]
                0x08011e40                bn::best_fit_allocator::free(void*) [clone .constprop.0]
                0x08011f5c                operator delete(void*)
                0x08011f68                operator delete(void*, unsigned int)
                0x08011f74                operator delete[](void*)
                0x08011f80                operator delete[](void*, unsigned int)
                0x08011fd8                bn::ostringstream::append(int)
                0x08012164                bn::ostringstream::append(unsigned int)
                0x0801220c                bn::ostringstream::append(void const*)
                0x08012490                malloc
                0x0801249c                bn::sprite_tiles_manager::(anonymous namespace)::_hw_commit(bn::tile const*, bn::compression_type, int, int) [clone .lto_priv.0]
                0x08012534                void _bn::assert::show_args<char [52], unsigned short>(char const*, char const*, char const*, int, char const (&) [52], unsigned short const&) [clone .constprop.0]
                0x08012588                void _bn::assert::show_args<char [32], char [15], unsigned short const*, char [16], int, char [17], int, char [34], bn::string_view>(char const*, char const*, char const*, int, char const (&) [32], char const (&) [15], unsigned short const* const&, char const (&) [16], int const&, char const (&) [17], int const&, char const (&) [34], bn::string_view const&) [clone .constprop.0]
                0x0801261c                void _bn::assert::show_args<char [30], char [13], unsigned short const*, char [14], int, char [15], int, char [17], int, char [34], bn::string_view>(char const*, char const*, char const*, int, char const (&) [30], char const (&) [13], unsigned short const* const&, char const (&) [14], int const&, char const (&) [15], int const&, char const (&) [17], int const&, char const (&) [34], bn::string_view const&) [clone .constprop.0]
                0x08012788                void _bn::assert::show_args<char [35], unsigned int>(char const*, char const*, char const*, int, char const (&) [35], unsigned int const&) [clone .constprop.0]
                0x080127d8                operator new(unsigned int)
                0x08012808                operator new[](unsigned int)
                0x08012838                void _bn::assert::show_args<char [20], int, char [4], unsigned short>(char const*, char const*, char const*, int, char const (&) [20], int const&, char const (&) [4], unsigned short const&) [clone .constprop.0]
                0x08012978                bn::memory_manager::(anonymous namespace)::static_data::~static_data() [clone .lto_priv.0]
                0x08012978                bn::memory_manager::(anonymous namespace)::static_data::~static_data() [clone .lto_priv.0]
                0x080129ac                bn::bg_palette_ptr::create(bn::bg_palette_item const&)
                0x08012ae0                bn::sprite_palette_ptr::create(bn::sprite_palette_item const&)
                0x08012c08                void _bn::assert::show_args<char [20], char, char [9], bn::string_view, char [2]>(char const*, char const*, char const*, int, char const (&) [20], char const&, char const (&) [9], bn::string_view const&, char const (&) [2]) [clone .constprop.0]
                0x08012cac                bn::palettes_bank::log_status() const
                0x080130a4                bn::sprite_tiles_manager::log_status()
                0x08013684                bn::ostringstream::_append_fraction(unsigned int, int)
                0x08013794                bn::hw::link::_timer_intr()
                0x08013888                bn::hw::link::_serial_intr()
                0x08013a40                bn::palettes_bank::decrease_usages(int)
                0x08013ccc                bn::bg_blocks_manager::(anonymous namespace)::items_list::insert_after(int, bn::bg_blocks_manager::(anonymous namespace)::item_type const&) [clone .constprop.0]
                0x08013f88                bn::camera_ptr::create(bn::fixed_t<12>, bn::fixed_t<12>) [clone .constprop.0]
                0x08013fe4                bn::sprite_tiles_ptr::create(bn::sprite_tiles_item const&)
                0x080142b4                bn::(anonymous namespace)::_graphics_index(char, bn::utf8_characters_map_ref const&, char const*, int&) [clone .part.0] [clone .lto_priv.0]
                0x08014458                bn::sprite_text_generator::width(bn::string_view const&) const
                0x08014818                bn::sprite_tiles_manager::update()
                0x08014a44                bn::sprite_tiles_manager::(anonymous namespace)::_find_impl(bn::tile const*, bn::compression_type, int) [clone .lto_priv.0]
                0x08014ce0                bn::isprite_animate_action::update()
                0x08015198                bn::sprite_tiles_manager::(anonymous namespace)::_create_impl(bn::tile const*, bn::compression_type, int) [clone .lto_priv.0]
                0x080154e8                bn::hw::audio::(anonymous namespace)::_add_sound_to_queue(int, unsigned short) [clone .lto_priv.0]
                0x080155b4                bn::sprites_manager::create(bn::fixed_point_t<12> const&, bn::sprite_shape_size const&, bn::sprite_tiles_ptr&&, bn::sprite_palette_ptr&&)
                0x08015784                bn::sprites_manager::create(bn::sprite_builder&&)
                0x08015d6c                bn::tile* bn::(anonymous namespace)::_build_sprite_assert<(bn::sprite_size)1>(bn::sprite_text_generator const&, bn::sprite_palette_ptr const&, bn::fixed_point_t<12> const&, bn::ivector<bn::sprite_ptr>&) [clone .lto_priv.0]
                0x08015f50                bn::tile* bn::(anonymous namespace)::_build_sprite_assert<(bn::sprite_size)2>(bn::sprite_text_generator const&, bn::sprite_palette_ptr const&, bn::fixed_point_t<12> const&, bn::ivector<bn::sprite_ptr>&) [clone .lto_priv.0]
                0x08016138                bn::sprites_manager::set_new_affine_mat(void*, bn::affine_mat_attributes&)
                0x08016484                bn::hw::link::(anonymous namespace)::_sendDataCallback() [clone .lto_priv.0]
                0x08016568                bn::hw::link::(anonymous namespace)::_receiveResponseCallback(bn::lc::LinkResponse const&) [clone .lto_priv.0]
                0x080166c4                bn::sprites_manager::(anonymous namespace)::static_data::~static_data() [clone .lto_priv.0]
                0x080166c4                bn::sprites_manager::(anonymous namespace)::static_data::~static_data() [clone .lto_priv.0]
                0x08016728                bn::hw::audio::(anonymous namespace)::static_data::~static_data() [clone .lto_priv.0]
                0x08016728                bn::hw::audio::(anonymous namespace)::static_data::~static_data() [clone .lto_priv.0]
                0x0801672c                bn::hw::audio::(anonymous namespace)::_erase_sound_from_queue(unsigned short) [clone .lto_priv.0]
                0x080167c4                bn::hw::audio::(anonymous namespace)::_check_sounds_queue() [clone .part.0] [clone .lto_priv.0]
 .text          0x08016868     0x59ec C:\Users\Sergio\AppData\Local\Temp\cc0dpsTe.ltrans3.ltrans.o
                0x080169d8                bn::lc::LinkConnection::stop() [clone .constprop.0]
                0x08016a04                bn::hw::bgs::commit_data::commit_data() [clone .constprop.0] [clone .isra.0]
                0x08016a60                bn::bg_blocks_manager::(anonymous namespace)::items_list::items_list() [clone .constprop.0] [clone .isra.0]
                0x08016aac                bn::sprite_affine_mats_manager::(anonymous namespace)::static_data::static_data() [clone .constprop.0] [clone .isra.0]
                0x08016b50                bn::sprite_tiles_manager::(anonymous namespace)::static_data::static_data() [clone .constprop.0] [clone .isra.0]
                0x08016c7c                bn::display_manager::(anonymous namespace)::static_data::static_data() [clone .constprop.0] [clone .isra.0]
                0x08016d0c                bn::hdma_manager::(anonymous namespace)::static_data::static_data() [clone .constprop.0] [clone .isra.0]
                0x08016d40                bn::hblank_effects_manager::(anonymous namespace)::static_external_data::static_external_data() [clone .constprop.0] [clone .isra.0]
                0x08016e18                bn::sprite_ptr::set_scale(bn::fixed_t<12>) [clone .isra.0]
                0x08016ff8                bn::sprite_ptr::set_horizontal_scale(bn::fixed_t<12>) [clone .isra.0]
                0x08017170                bn::sprite_ptr::set_rotation_angle(bn::fixed_t<12>) [clone .isra.0]
                0x0801733c                bn::sprite_ptr::set_camera(bn::camera_ptr const&) [clone .isra.0]
                0x08017410                bn::sprite_affine_mats_manager::(anonymous namespace)::item_type::sprite_double_size(int, bn::sprite_shape_size const&) const [clone .isra.0]
                0x080175bc                bn::sprite_affine_mats_manager::sprite_double_size(int, bn::sprite_shape_size const&) [clone .isra.0]
                0x08017608                bn::palettes_bank::palettes_bank() [clone .isra.0]
                0x080176dc                bn::regular_bg_ptr::set_camera(bn::camera_ptr const&) [clone .isra.0]
                0x08017880                bn::string_view::string_view(char const*) [clone .isra.0]
                0x0801789c                bn::core::(anonymous namespace)::static_data::static_data() [clone .constprop.0] [clone .isra.0]
                0x08017904                void _bn::assert::show_args<char [16], int, char [4], int>(char const*, char const*, char const*, int, char const (&) [16], int const&, char const (&) [4], int const&) [clone .constprop.0]
                0x0801796c                bn::istring::append(char const*) [clone .isra.0]
                0x08017a54                bn::istring::append(char const*, int) [clone .isra.0]
                0x08017ae4                bn::hw::show::error(bn::system_font const&, bn::string_view const&, bn::string_view const&, bn::string_view const&, int, bn::string_view const&, bn::string_view const&) [clone .constprop.0]
                0x08017e08                void bn::ostringstream::append_args<int, char [34], bn::string_view>(int const&, char const (&) [34], bn::string_view const&) [clone .constprop.0] [clone .isra.0]
                0x08017eb0                bn::sprite_tiles_manager::create(bn::span<bn::tile const> const&, bn::compression_type) [clone .isra.0]
                0x08017fac                bn::iunordered_map<bn::tile const*, int, bn::hash<bn::tile const*>, bn::equal_to<bn::tile const*> >::erase(bn::iunordered_map<bn::tile const*, int, bn::hash<bn::tile const*>, bn::equal_to<bn::tile const*> >::const_iterator const&) [clone .constprop.0] [clone .isra.0]
                0x080181b8                bn::palettes_bank::create_bpp_4(bn::span<bn::color const> const&, unsigned short, bool) [clone .constprop.0]
                0x08018414                bn::palettes_bank::create_bpp_8(bn::span<bn::color const> const&, bn::compression_type, bool) [clone .constprop.0]
                0x0801861c                bn::palettes_bank::colors_hash(bn::span<bn::color const> const&) [clone .isra.0]
                0x08018660                bn::(anonymous namespace)::_create_impl(bn::sprite_palette_item const&, bool) [clone .constprop.0]
                0x080186d8                bn::sorted_sprites::sorter::insert(bn::sprites_manager_item&) [clone .constprop.0]
                0x080188e0                bn::ivector<bn::bgs_manager::(anonymous namespace)::item_type*>::size_type bn::erase<bn::bgs_manager::(anonymous namespace)::item_type*>(bn::ivector<bn::bgs_manager::(anonymous namespace)::item_type*>&, bn::bgs_manager::(anonymous namespace)::item_type* const&) [clone .constprop.0] [clone .isra.0]
                0x08018a14                bn::sprite_builder::sprite_builder(bn::sprite_shape_size const&, bn::sprite_tiles_ptr, bn::sprite_palette_ptr) [clone .isra.0]
                0x08018c2c                bn::regular_bg_ptr::~regular_bg_ptr() [clone .isra.0]
                0x08018d18                bn::isprite_animate_action::_assign_graphics_indexes(bn::span<unsigned short const> const&) [clone .isra.0]
                0x08018d98                bn::sprite_affine_mat_ptr::~sprite_affine_mat_ptr() [clone .isra.0]
                0x08018e10                bn::sprite_tiles_ptr::~sprite_tiles_ptr() [clone .isra.0]
                0x08019050                bn::sprite_ptr::~sprite_ptr() [clone .isra.0]
                0x08019244                catgame::trigger::trigger(bn::camera_ptr&, bn::point) [clone .isra.0]
                0x08019308                catgame::player::player(bn::camera_ptr&, bn::point, int) [clone .isra.0]
                0x08019514                catgame::food::food(bn::camera_ptr) [clone .isra.0]
                0x08019924                catgame::enemy::enemy(bn::camera_ptr, bn::point, bn::sprite_ptr, int, bn::string_view) [clone .isra.0]
                0x08019ce4                bool bn::(anonymous namespace)::_generate<false>(bn::sprite_text_generator const&, bn::fixed_point_t<12> const&, bn::string_view const&, bn::utf8_characters_map_ref const&, int, int, bool, bn::ivector<bn::sprite_ptr>&) [clone .isra.0]
                0x0801af0c                catgame::lvl_gym::execute(bn::sprite_text_generator&, int&, int&, int&) [clone .isra.0]
 .text.startup  0x0801c254      0x318 C:\Users\Sergio\AppData\Local\Temp\cc0dpsTe.ltrans3.ltrans.o
 .text.__libc_init_array
                0x0801c56c       0x50 bn_hw_common.bn_noflto.o
                0x0801c56c                __libc_init_array
 .text.__aeabi_atexit
                0x0801c5bc        0x4 bn_hw_common.bn_noflto.o
                0x0801c5bc                __aeabi_atexit
 .text._ZN3_bn6assert9show_argsIA40_cEEvPKcS4_S4_iRKT_
                0x0801c5c0       0x48 bn_hw_common.bn_noflto.o
                0x0801c5c0                void _bn::assert::show_args<char [40]>(char const*, char const*, char const*, int, char const (&) [40])
 .text.__aeabi_idiv0
                0x0801c608       0x24 bn_hw_common.bn_noflto.o
                0x0801c608                __aeabi_idiv0
 .text.VBlankIntrWait
                0x0801c62c        0x4 tonc_bios.o
                0x0801c62c                VBlankIntrWait
 .text.memset16
                0x0801c630       0x3c tonc_memset.o
                0x0801c630                memset16
 .text          0x0801c66c      0x26c posprintf.o
                0x0801c670                posprintf
 .text          0x0801c8d8      0x314 mm_effect.o
                0x0801c8d8                mmResetEffects
                0x0801c904                mmEffect
                0x0801c91a                mmEffectEx
                0x0801ca1a                mmEffectActive
                0x0801ca4e                mmEffectVolume
                0x0801ca6a                mmEffectPanning
                0x0801ca7e                mmEffectRate
                0x0801ca92                mmEffectCancel
                0x0801cacc                mmEffectRelease
                0x0801caf2                mmEffectScaleRate
                0x0801cb06                mmSetEffectsVolume
                0x0801cb14                mmEffectCancelAll
                0x0801cb54                mmUpdateEffects
 .text          0x0801cbec       0x14 mm_main.o
                0x0801cbec                mpp_call_r7
                0x0801cbee                mpp_call_r1
                0x0801cbf0                mpp_call_r2
                0x0801cbf2                mpp_call_r3
                0x0801cbf4                mmSetEventHandler
 .text          0x0801cc00     0x1570 mm_mas.o
                0x0801cc74                mmStart
                0x0801cc94                mmJingle
                0x0801cc9a                mmPlayModule
                0x0801cd64                mmPause
                0x0801cd80                mmResume
                0x0801cd90                mmActive
                0x0801cd96                mmActiveSub
                0x0801cd9c                mmSetModuleVolume
                0x0801cdac                mmSetJingleVolume
                0x0801cde8                mmGetPositionTick
                0x0801cdee                mmGetPositionRow
                0x0801cdf4                mmGetPosition
                0x0801cdfa                mmPosition
                0x0801ce14                mmSetModuleTempo
                0x0801ce46                mmSetModulePitch
                0x0801ce88                mmStop
                0x0801cf4e                mppUpdateSub
                0x0801d0aa                mpp_Process_VolumeCommand
                0x0801d2e2                mpp_Process_Effect
                0x0801da30                ST3_FREQTABLE
                0x0801de50                IT_PitchTable
 .text          0x0801e170      0x12c mm_main_gba.o
                0x0801e170                mmInit
                0x0801e1c4                mmSetVBlankHandler
                0x0801e1ca                mmFrame
 .text          0x0801e29c      0x1e0 mm_mixer_gba.o
                0x0801e29c                mmMixerSetSource
                0x0801e2b0                mmMixerSetRead
                0x0801e2be                mmMixerSetFreq
                0x0801e2ce                mmMixerMulFreq
                0x0801e2e2                mmMixerStopChannel
                0x0801e2f4                mmMixerChannelActive
                0x0801e306                mmMixerSetVolume
                0x0801e314                mmMixerSetPan
                0x0801e322                mmMixerInit
 .text          0x0801e47c       0x3c C:/devkitPro/devkitARM/bin/../lib/gcc/arm-none-eabi/14.1.0/thumb\libgcc.a(_call_via_rX.o)
                0x0801e47c                _call_via_r0
                0x0801e480                _call_via_r1
                0x0801e484                _call_via_r2
                0x0801e488                _call_via_r3
                0x0801e48c                _call_via_r4
                0x0801e490                _call_via_r5
                0x0801e494                _call_via_r6
                0x0801e498                _call_via_r7
                0x0801e49c                _call_via_r8
                0x0801e4a0                _call_via_r9
                0x0801e4a4                _call_via_sl
                0x0801e4a8                _call_via_fp
                0x0801e4ac                _call_via_ip
                0x0801e4b0                _call_via_sp
                0x0801e4b4                _call_via_lr
 .text          0x0801e4b8      0x290 C:/devkitPro/devkitARM/bin/../lib/gcc/arm-none-eabi/14.1.0/thumb\libgcc.a(_arm_muldf3.o)
                0x0801e4b8                __muldf3
                0x0801e4b8                __aeabi_dmul
 .text          0x0801e748      0x424 C:/devkitPro/devkitARM/bin/../lib/gcc/arm-none-eabi/14.1.0/thumb\libgcc.a(_arm_addsubdf3.o)
                0x0801e748                __aeabi_drsub
                0x0801e750                __subdf3
                0x0801e750                __aeabi_dsub
                0x0801e754                __aeabi_dadd
                0x0801e754                __adddf3
                0x0801ea64                __floatunsidf
                0x0801ea64                __aeabi_ui2d
                0x0801ea88                __aeabi_i2d
                0x0801ea88                __floatsidf
                0x0801eab0                __extendsfdf2
                0x0801eab0                __aeabi_f2d
                0x0801eaf8                __floatundidf
                0x0801eaf8                __aeabi_ul2d
                0x0801eb0c                __aeabi_l2d
                0x0801eb0c                __floatdidf
 .text          0x0801eb6c       0x5c C:/devkitPro/devkitARM/bin/../lib/gcc/arm-none-eabi/14.1.0/thumb\libgcc.a(_arm_fixdfsi.o)
                0x0801eb6c                __fixdfsi
                0x0801eb6c                __aeabi_d2iz
 .text.__stub   0x0801ebc8      0x138 linker stubs
 *(.gnu.linkonce.t.*)
 *(.text.*personality*)
 *(.gnu.warning)
 *(.glue_7t)
 .glue_7t       0x0801ed58        0x0 linker stubs
 *(.glue_7)
 .glue_7        0x0801ed58        0x0 linker stubs
 *(.vfp11_veneer)
 .vfp11_veneer  0x0801ed58        0x0 linker stubs
                0x0801ed58                        . = ALIGN (0x4)
                0x0801ed58                        __text_end = .

.v4_bx          0x0801ed58        0x0
 .v4_bx         0x0801ed58        0x0 linker stubs

.iplt           0x0801ed58        0x0
 .iplt          0x0801ed58        0x0 C:/devkitPro/devkitARM/bin/../lib/gcc/arm-none-eabi/14.1.0/../../../../arm-none-eabi/lib/thumb/gba_crt0.o

.fini           0x0801ed58        0xc
 *(.fini)
 .fini          0x0801ed58        0x4 C:/devkitPro/devkitARM/bin/../lib/gcc/arm-none-eabi/14.1.0/thumb/crti.o
                0x0801ed58                _fini
 .fini          0x0801ed5c        0x8 C:/devkitPro/devkitARM/bin/../lib/gcc/arm-none-eabi/14.1.0/thumb/crtn.o
                0x0801ed64                        . = ALIGN (0x4)

.rodata         0x0801ed64    0x3a750
 *(.rodata)
 .rodata        0x0801ed64      0x880 a_icon_bn_gfx.o
                0x0801ed64                a_icon_bn_gfxTiles
                0x0801f564                a_icon_bn_gfxPal
 .rodata        0x0801f5e4      0x420 cat_bn_gfx.o
                0x0801f5e4                cat_bn_gfxTiles
                0x0801f9e4                cat_bn_gfxPal
 .rodata        0x0801fa04     0x1080 cat_hand_bn_gfx.o
                0x0801fa04                cat_hand_bn_gfxTiles
                0x08020a04                cat_hand_bn_gfxPal
 .rodata        0x08020a84      0x480 cat_hand_icon_bn_gfx.o
                0x08020a84                cat_hand_icon_bn_gfxTiles
                0x08020e84                cat_hand_icon_bn_gfxPal
 .rodata        0x08020f04     0xec40 cats_intro_bn_gfx.o
                0x08020f04                cats_intro_bn_gfxTiles
                0x0802f2c4                cats_intro_bn_gfxMap
                0x0802fac4                cats_intro_bn_gfxPal
 .rodata        0x0802fb44     0x15e0 clouds_bn_gfx.o
                0x0802fb44                clouds_bn_gfxTiles
                0x08030904                clouds_bn_gfxMap
                0x08031104                clouds_bn_gfxPal
 .rodata        0x08031124     0x1ba0 common_variable_8x16_font_bn_gfx.o
                0x08031124                common_variable_8x16_font_bn_gfxTiles
                0x08032ca4                common_variable_8x16_font_bn_gfxPal
 .rodata        0x08032cc4      0x120 construction_bn_gfx.o
                0x08032cc4                construction_bn_gfxTiles
                0x08032dc4                construction_bn_gfxPal
 .rodata        0x08032de4      0xbc0 dialog_bn_gfx.o
                0x08032de4                dialog_bn_gfxTiles
                0x08033124                dialog_bn_gfxMap
                0x08033924                dialog_bn_gfxPal
 .rodata        0x080339a4      0x280 empty_heart_icon_bn_gfx.o
                0x080339a4                empty_heart_icon_bn_gfxTiles
                0x08033ba4                empty_heart_icon_bn_gfxPal
 .rodata        0x08033c24      0xc80 fish_bn_gfx.o
                0x08033c24                fish_bn_gfxTiles
                0x08034824                fish_bn_gfxPal
 .rodata        0x080348a4      0xc80 fish_icon_bn_gfx.o
                0x080348a4                fish_icon_bn_gfxTiles
                0x080354a4                fish_icon_bn_gfxPal
 .rodata        0x08035524     0x8200 gbajam24_banner_bn_gfx.o
                0x08035524                gbajam24_banner_bn_gfxTiles
                0x0803b704                gbajam24_banner_bn_gfxMap
                0x0803d704                gbajam24_banner_bn_gfxPal
 .rodata        0x0803d724     0x1a40 gbajam24_logo_bn_gfx.o
                0x0803d724                gbajam24_logo_bn_gfxTiles
                0x0803e944                gbajam24_logo_bn_gfxMap
                0x0803f144                gbajam24_logo_bn_gfxPal
 .rodata        0x0803f164      0x820 gym_bn_gfx.o
                0x0803f164                gym_bn_gfxTiles
                0x0803f964                gym_bn_gfxPal
 .rodata        0x0803f984     0x3760 gym_bg_bn_gfx.o
                0x0803f984                gym_bg_bn_gfxTiles
                0x080410c4                gym_bg_bn_gfxMap
                0x080430c4                gym_bg_bn_gfxPal
 .rodata        0x080430e4      0x280 heart_icon_bn_gfx.o
                0x080430e4                heart_icon_bn_gfxTiles
                0x080432e4                heart_icon_bn_gfxPal
 .rodata        0x08043364       0xa0 limit_bn_gfx.o
                0x08043364                limit_bn_gfxTiles
                0x080433e4                limit_bn_gfxPal
 .rodata        0x08043404     0x7a80 minigame1_bn_gfx.o
                0x08043404                minigame1_bn_gfxTiles
                0x0804a604                minigame1_bn_gfxMap
                0x0804ae04                minigame1_bn_gfxPal
 .rodata        0x0804ae84     0x4e40 minigame2_bn_gfx.o
                0x0804ae84                minigame2_bn_gfxTiles
                0x0804f444                minigame2_bn_gfxMap
                0x0804fc44                minigame2_bn_gfxPal
 .rodata        0x0804fcc4      0x820 ninja_bn_gfx.o
                0x0804fcc4                ninja_bn_gfxTiles
                0x080504c4                ninja_bn_gfxPal
 .rodata        0x080504e4     0x2900 simple_bg_bn_gfx.o
                0x080504e4                simple_bg_bn_gfxTiles
                0x08050dc4                simple_bg_bn_gfxMap
                0x08052dc4                simple_bg_bn_gfxPal
 .rodata        0x08052de4      0x480 time_hands_icon_bn_gfx.o
                0x08052de4                time_hands_icon_bn_gfxTiles
                0x080531e4                time_hands_icon_bn_gfxPal
 .rodata        0x08053264      0x480 time_icon_bn_gfx.o
                0x08053264                time_icon_bn_gfxTiles
                0x08053664                time_icon_bn_gfxPal
 .rodata        0x080536e4      0x5da C:\Users\Sergio\AppData\Local\Temp\cc0dpsTe.ltrans0.ltrans.o
                0x080537b0                bn::regular_bg_items::dialog
                0x080537f4                bn::sprite_items::cat_hand_icon
                0x08053810                bn::sprite_items::empty_heart_icon
                0x0805382c                bn::sprite_items::heart_icon
                0x08053880                bn::sprite_items::cat
                0x0805389c                bn::sprite_items::ninja
                0x08053960                bn::sprite_items::fish
                0x08053ad0                bn::sprite_items::fish_icon
 *fill*         0x08053cbe        0x2 ff
 .rodata        0x08053cc0       0xac C:\Users\Sergio\AppData\Local\Temp\cc0dpsTe.ltrans1.ltrans.o
                0x08053d64                _ZN2bn17bg_blocks_manager12_GLOBAL__N_1L19_status_log_messageE.lto_priv.0
 .rodata        0x08053d6c      0xf34 C:\Users\Sergio\AppData\Local\Temp\cc0dpsTe.ltrans2.ltrans.o
                0x08053f24                _ZN2bn20sprite_tiles_manager12_GLOBAL__N_1L19_status_log_messageE.lto_priv.0
 .rodata        0x08054ca0     0x1886 C:\Users\Sergio\AppData\Local\Temp\cc0dpsTe.ltrans3.ltrans.o
 *fill*         0x08056526        0x2 ff
 .rodata        0x08056528      0xef8 verdana9.o
                0x08056528                verdana9Font
                0x08056540                verdana9Glyphs
                0x08057340                verdana9Widths
 *all.rodata*(*)
 *(.roda)
 *(.rodata.*)
 .rodata._bn_audio_soundbank_bin
                0x08057420        0xc _bn_audio_soundbank.bin.o
                0x08057420                _bn_audio_soundbank_bin
                0x0805742c                _bn_audio_soundbank_bin_end
 .rodata.str1.4
                0x0805742c      0x7bc C:\Users\Sergio\AppData\Local\Temp\cc0dpsTe.ltrans0.ltrans.o
 .rodata.str1.4
                0x0805742c      0xaf1 C:\Users\Sergio\AppData\Local\Temp\cc0dpsTe.ltrans1.ltrans.o
 .rodata.str1.4
                0x0805742c      0xd69 C:\Users\Sergio\AppData\Local\Temp\cc0dpsTe.ltrans2.ltrans.o
 .rodata.str1.4
                0x0805742c      0xa86 C:\Users\Sergio\AppData\Local\Temp\cc0dpsTe.ltrans3.ltrans.o
 .rodata.__cxa_pure_virtual.str1.4
                0x0805742c     0x207a bn_hw_common.bn_noflto.o
                                 0x4f (size before relaxing)
 .rodata.__aeabi_idiv0.str1.4
                0x080594a6       0x38 bn_hw_common.bn_noflto.o
 *fill*         0x080594a6        0x2 ff
 .rodata._ZN2bn2hw8game_pak12_GLOBAL__N_1L8rom_dataE
                0x080594a8        0xc bn_hw_game_pak.bn_ewram.o
 *(.gnu.linkonce.r*)
                0x080594b4                        . = ALIGN (0x4)

.ARM.extab
 *(.ARM.extab* .gnu.linkonce.armextab.*)
                0x080594b4                        __exidx_start = .

.ARM.exidx
 *(.ARM.exidx* .gnu.linkonce.armexidx.*)
                0x080594b4                        __exidx_end = .

.ctors          0x080594b4        0x0
 *crtbegin.o(.ctors)
 *(EXCLUDE_FILE(*crtend.o) .ctors)
 *(SORT_BY_NAME(.ctors.*))
 *(.ctors)
                0x080594b4                        . = ALIGN (0x4)

.dtors          0x080594b4        0x0
 *crtbegin.o(.dtors)
 *(EXCLUDE_FILE(*crtend.o) .dtors)
 *(SORT_BY_NAME(.dtors.*))
 *(.dtors)
                0x080594b4                        . = ALIGN (0x4)

.eh_frame       0x080594b4        0x4
 *(.eh_frame)
 .eh_frame      0x080594b4        0x0 C:/devkitPro/devkitARM/bin/../lib/gcc/arm-none-eabi/14.1.0/thumb/crtbegin.o
 .eh_frame      0x080594b4        0x4 C:/devkitPro/devkitARM/bin/../lib/gcc/arm-none-eabi/14.1.0/thumb/crtend.o
                0x080594b8                        . = ALIGN (0x4)

.gcc_except_table
                0x080594b8        0x0
 *(.gcc_except_table)
                0x080594b8                        . = ALIGN (0x4)
                0x080594b8                        __iwram_lma = .

.iwram          0x03000000     0x23c8 load address 0x080594b8
                0x03000000                        __iwram_start__ = ABSOLUTE (.)
 *(.iwram .iwram*)
 .iwram         0x03000000      0x290 bn_sprites_manager.bn_iwram.o
                0x03000000                bn::sprites_manager::_check_items_on_screen(bn::intrusive_list<bn::sorted_sprites::layer>&)
                0x03000104                bn::sprites_manager::_rebuild_handles_impl(int, void*, bn::intrusive_list<bn::sorted_sprites::layer>&)
                0x0300019c                bn::sprites_manager::_update_cameras_impl(bn::intrusive_list<bn::sorted_sprites::layer>&)
 .iwram         0x03000290       0xc4 bn_hw_palettes.bn_iwram.o
                0x03000290                bn::hw::palettes::brightness(bn::color const*, int, int, bn::color*)
                0x030002f8                bn::hw::palettes::_lut_effect(bn::color const*, unsigned char const*, int, bn::color*)
 .iwram         0x03000354       0xa8 bn_hw_sprite_tiles.bn_iwram.o
                0x03000354                bn::hw::sprite_tiles::_plot_hideous_tiles(int, unsigned int const*, int, unsigned int*)
 .iwram         0x030003fc       0x6c bn_hw_bg_blocks.o
                0x030003fc                bn_hw_bg_blocks_commit_half_words
                0x03000414                bn_hw_bg_blocks_commit_words
                0x0300042c                bn_hw_bg_blocks_commit_blocks
 .iwram         0x03000468       0xd0 bn_hw_hblank_effects.o
                0x03000468                bn::hw::hblank_effects::_intr()
                0x03000534                bn::hw::hblank_effects::data
 .iwram         0x03000538       0x30 bn_hw_palettes_asm.o
                0x03000538                bn_hw_palettes_different_words
 .iwram.clr_blend_fast
                0x03000568       0x70 clr_blend_fast.o
                0x03000568                clr_blend_fast
 .iwram         0x030005d8       0x70 clr_fade_fast.o
                0x030005d8                clr_fade_fast
 .iwram.memset32
                0x03000648       0x4c tonc_memset.o
                0x03000648                memset32
 .iwram         0x03000694      0x134 irq_handler.o
                0x03000694                IRQ_GlobalInterruptHandler
 .iwram.__aeabi_lmul
                0x030007c8       0x14 lmul.o
                0x030007c8                __aeabi_lmul
 .iwram.__aeabi_memcpy
                0x030007dc       0xc8 memcpy.o
                0x030007dc                __aeabi_memcpy
                0x03000814                __aeabi_memcpy8
                0x03000814                __aeabi_memcpy4
                0x03000880                __agbabi_memcpy2
 .iwram.__agbabi_memcpy1
                0x030008a4       0x14 memcpy.o
                0x030008a4                __agbabi_memcpy1
 .iwram.memcpy  0x030008b8       0x10 memcpy.o
                0x030008b8                memcpy
 .iwram.__aeabi_memmove
                0x030008c8        0xc memmove.o
                0x030008c8                __aeabi_memmove
 .iwram.memmove
                0x030008d4       0x10 memmove.o
                0x030008d4                memmove
 .iwram.__aeabi_memset
                0x030008e4       0x9c memset.o
                0x030008e4                __aeabi_memset
                0x03000908                __aeabi_memset8
                0x03000908                __aeabi_memset4
                0x03000914                __agbabi_wordset4
                0x03000918                __agbabi_lwordset4
 .iwram.__agbabi_memset1
                0x03000980       0x10 memset.o
                0x03000980                __agbabi_memset1
 .iwram.memset  0x03000990       0x1c memset.o
                0x03000990                memset
 .iwram.__agbabi_rmemcpy
                0x030009ac       0xcc rmemcpy.o
                0x030009ac                __agbabi_rmemcpy
 .iwram.__agbabi_rmemcpy1
                0x03000a78       0x14 rmemcpy.o
                0x03000a78                __agbabi_rmemcpy1
 .iwram         0x03000a8c       0x3c sdiv32.o
                0x03000a8c                __aeabi_idiv
                0x03000a8c                __aeabi_idivmod
 .iwram         0x03000ac8      0x1e0 udiv32.o
                0x03000ac8                __aeabi_uidivmod
                0x03000ac8                __aeabi_uidiv
                0x03000ad0                udiv32pastzero
                0x03000b24                div32Iteration
 .iwram         0x03000ca8       0x98 huffman.o
                0x03000ca8                swi_HuffUnCompReadNormal
 .iwram         0x03000d40      0x1ac lz77.o
                0x03000d40                swi_LZ77UnCompWrite16bit
                0x03000d40                swi_LZ77UnCompWrite8bit
 .iwram         0x03000eec       0xec running_length.o
                0x03000eec                swi_RLUnCompReadNormalWrite8bit
                0x03000f4c                swi_RLUnCompReadNormalWrite16bit
 .iwram         0x03000fd8      0x554 mm_mas.o
                0x03000fd8                mppProcessTick
                0x030010bc                mpp_Channel_NewNote
                0x0300119c                mpp_Update_ACHN_notest
 .iwram         0x0300152c      0x648 mm_mas_arm.o
                0x0300152c                mmAllocChannel
                0x030015a0                mmReadPattern
                0x0300168c                mmUpdateChannel_T0
                0x030018cc                mmUpdateChannel_TN
                0x03001a6c                mmGetPeriod
                0x03001ab0                note_table_oct
                0x03001ace                note_table_mod
 .iwram         0x03001b74        0x8 mm_main_gba.o
                0x03001b74                mpp_call_r7i
                0x03001b76                mpp_call_r2i
                0x03001b78                mpp_call_r1i
 .iwram         0x03001b7c      0x838 mm_mixer_gba.o
                0x03001b80                mmVBlank
                0x03001c04                mmMixerMix
 *fill*         0x030023b4        0x4 ff
 .iwram.__stub  0x030023b8        0xc linker stubs
 *iwram.*(.text* .data*)
                0x030023c4                        . = ALIGN (0x4)
                0x030023c8                        __iwram_end__ = ABSOLUTE (.)
                0x0805b880                        __data_lma = (__iwram_lma + SIZEOF (.iwram))

.bss            0x030023c8      0x870
                0x030023c8                        __bss_start = ABSOLUTE (.)
                0x030023c8                        __bss_start__ = ABSOLUTE (.)
 *(.dynbss)
 *(.gnu.linkonce.b*)
 *(.bss*)
 .bss.completed.1
                0x030023c8        0x1 C:/devkitPro/devkitARM/bin/../lib/gcc/arm-none-eabi/14.1.0/thumb/crtbegin.o
 *fill*         0x030023c9        0x3 
 .bss.object.0  0x030023cc       0x18 C:/devkitPro/devkitARM/bin/../lib/gcc/arm-none-eabi/14.1.0/thumb/crtbegin.o
 .bss           0x030023e4      0x50c C:\Users\Sergio\AppData\Local\Temp\cc0dpsTe.ltrans0.ltrans.o
                0x030023e4                catgame::speed
                0x030023e8                IRQ_VectorTable
                0x03002840                _ZN2bn22hblank_effects_manager12_GLOBAL__N_113internal_dataE.lto_priv.0
 .bss           0x030028f0        0x4 C:\Users\Sergio\AppData\Local\Temp\cc0dpsTe.ltrans3.ltrans.o
                0x030028f0                fake_heap_end
 .bss           0x030028f4       0x2d mm_effect.o
                0x03002918                mm_sfx_bitmask
                0x0300291c                mm_sfx_clearmask
 *fill*         0x03002921        0x3 
 .bss           0x03002924        0x8 mm_main.o
                0x03002924                mmCallback
                0x03002928                mm_ch_mask
 .bss           0x0300292c      0x148 mm_mas.o
                0x0300292c                mmLayerMain
                0x03002964                mmLayerSub
                0x0300299c                mpp_vars
                0x030029ac                mpp_layerp
                0x030029b0                mpp_channels
                0x030029c0                mpp_nchannels
                0x030029c1                mpp_clayer
                0x030029c4                mm_achannels
                0x030029c8                mm_pchannels
                0x030029cc                mm_num_mch
                0x030029d0                mm_num_ach
                0x030029d4                mm_schannels
 .bss           0x03002a74        0x8 mm_main_gba.o
                0x03002a74                mm_vblank_function
                0x03002a78                mp_solution
 .bss           0x03002a7c      0x1bc mm_mixer_gba.o
                0x03002a7c                mp_writepos
                0x03002a84                mm_mixchannels
                0x03002a8c                mm_mixlen
                0x03002aa0                mm_bpmdv
                0x03002aa4                mp_mix_seg
 *(COMMON)
                0x03002c38                        . = ALIGN (0x4)
                0x03002c38                        __bss_end__ = ABSOLUTE (.)

.data           0x03002c38       0x1c load address 0x0805b880
                0x03002c38                        __data_start__ = ABSOLUTE (.)
 *(.data*)
 .data.__dso_handle
                0x03002c38        0x4 C:/devkitPro/devkitARM/bin/../lib/gcc/arm-none-eabi/14.1.0/thumb/crtbegin.o
                0x03002c38                __dso_handle
 .data          0x03002c3c       0x18 C:\Users\Sergio\AppData\Local\Temp\cc0dpsTe.ltrans0.ltrans.o
                0x03002c48                catgame::random_food
 *(.gnu.linkonce.d*)
                0x03002c54                        . = ALIGN (0x4)
                0x0805b89c                        __preinit_lma = (__data_lma + SIZEOF (.data))

.igot.plt       0x03002c54        0x0 load address 0x0805b89c
 .igot.plt      0x03002c54        0x0 C:/devkitPro/devkitARM/bin/../lib/gcc/arm-none-eabi/14.1.0/../../../../arm-none-eabi/lib/thumb/gba_crt0.o

.preinit_array  0x03002c54        0x0 load address 0x0805b89c
                0x03002c54                        __preinit_array_start = ABSOLUTE (.)
 *(.preinit_array)
                0x03002c54                        __preinit_array_end = ABSOLUTE (.)
                0x0805b89c                        __init_lma = (__preinit_lma + SIZEOF (.preinit_array))

.init_array     0x03002c54        0x8 load address 0x0805b89c
                0x03002c54                        __init_array_start = ABSOLUTE (.)
 *(SORT_BY_NAME(.init_array.*))
 *(.init_array)
 .init_array    0x03002c54        0x4 C:/devkitPro/devkitARM/bin/../lib/gcc/arm-none-eabi/14.1.0/thumb/crtbegin.o
 .init_array    0x03002c58        0x4 C:\Users\Sergio\AppData\Local\Temp\cc0dpsTe.ltrans3.ltrans.o
                0x03002c5c                        __init_array_end = ABSOLUTE (.)
                0x0805b8a4                        __fini_lma = (__init_lma + SIZEOF (.init_array))

.fini_array     0x03002c5c        0x4 load address 0x0805b8a4
                0x03002c5c                        __fini_array_start = ABSOLUTE (.)
 *(SORT_BY_NAME(.fini_array.*))
 *(.fini_array)
 .fini_array    0x03002c5c        0x4 C:/devkitPro/devkitARM/bin/../lib/gcc/arm-none-eabi/14.1.0/thumb/crtbegin.o
                0x03002c60                        __fini_array_end = ABSOLUTE (.)
                0x0805b8a8                        __jcr_lma = (__fini_lma + SIZEOF (.fini_array))

.jcr
 *(.jcr)
                0x03002c60                        __data_end__ = ABSOLUTE (.)
                0x0805b8a8                        __iwram_overlay_lma = (__jcr_lma + SIZEOF (.jcr))
                0x03002c60                        __iwram_overlay_start = .

.iwram0         0x03002c60        0x0 load address 0x0805b8a8
 *(.iwram0)
                0x03002c60                        . = ALIGN (0x4)
                0x0805b8a8                        PROVIDE (__load_start_iwram0 = LOADADDR (.iwram0))
                0x0805b8a8                        PROVIDE (__load_stop_iwram0 = (LOADADDR (.iwram0) + SIZEOF (.iwram0)))

.iwram1         0x03002c60        0x0
 *(.iwram1)
                0x03002c60                        . = ALIGN (0x4)
                [!provide]                        PROVIDE (__load_start_iwram1 = LOADADDR (.iwram1))
                [!provide]                        PROVIDE (__load_stop_iwram1 = (LOADADDR (.iwram1) + SIZEOF (.iwram1)))

.iwram2         0x03002c60        0x0
 *(.iwram2)
                0x03002c60                        . = ALIGN (0x4)
                [!provide]                        PROVIDE (__load_start_iwram2 = LOADADDR (.iwram2))
                [!provide]                        PROVIDE (__load_stop_iwram2 = (LOADADDR (.iwram2) + SIZEOF (.iwram2)))

.iwram3         0x03002c60        0x0
 *(.iwram3)
                0x03002c60                        . = ALIGN (0x4)
                [!provide]                        PROVIDE (__load_start_iwram3 = LOADADDR (.iwram3))
                [!provide]                        PROVIDE (__load_stop_iwram3 = (LOADADDR (.iwram3) + SIZEOF (.iwram3)))

.iwram4         0x03002c60        0x0
 *(.iwram4)
                0x03002c60                        . = ALIGN (0x4)
                [!provide]                        PROVIDE (__load_start_iwram4 = LOADADDR (.iwram4))
                [!provide]                        PROVIDE (__load_stop_iwram4 = (LOADADDR (.iwram4) + SIZEOF (.iwram4)))

.iwram5         0x03002c60        0x0
 *(.iwram5)
                0x03002c60                        . = ALIGN (0x4)
                [!provide]                        PROVIDE (__load_start_iwram5 = LOADADDR (.iwram5))
                [!provide]                        PROVIDE (__load_stop_iwram5 = (LOADADDR (.iwram5) + SIZEOF (.iwram5)))

.iwram6         0x03002c60        0x0
 *(.iwram6)
                0x03002c60                        . = ALIGN (0x4)
                [!provide]                        PROVIDE (__load_start_iwram6 = LOADADDR (.iwram6))
                [!provide]                        PROVIDE (__load_stop_iwram6 = (LOADADDR (.iwram6) + SIZEOF (.iwram6)))

.iwram7         0x03002c60        0x0
 *(.iwram7)
                0x03002c60                        . = ALIGN (0x4)
                [!provide]                        PROVIDE (__load_start_iwram7 = LOADADDR (.iwram7))
                [!provide]                        PROVIDE (__load_stop_iwram7 = (LOADADDR (.iwram7) + SIZEOF (.iwram7)))

.iwram8         0x03002c60        0x0
 *(.iwram8)
                0x03002c60                        . = ALIGN (0x4)
                [!provide]                        PROVIDE (__load_start_iwram8 = LOADADDR (.iwram8))
                [!provide]                        PROVIDE (__load_stop_iwram8 = (LOADADDR (.iwram8) + SIZEOF (.iwram8)))

.iwram9         0x03002c60        0x0
 *(.iwram9)
                0x03002c60                        . = ALIGN (0x4)
                [!provide]                        PROVIDE (__load_start_iwram9 = LOADADDR (.iwram9))
                [!provide]                        PROVIDE (__load_stop_iwram9 = (LOADADDR (.iwram9) + SIZEOF (.iwram9)))
                0x03002c60                        __iwram_overlay_end = .
                0x0805b8a8                        __ewram_lma = (__iwram_overlay_lma + (__iwram_overlay_end - __iwram_overlay_start))
                0x03002c60                        __iheap_start = .
                0x02000000                        __ewram_start = ORIGIN (ewram)

.ewram          0x02000000       0xf4 load address 0x0805b8a8
 *(.ewram*)
 .ewram         0x02000000        0xc C:\Users\Sergio\AppData\Local\Temp\cc0dpsTe.ltrans0.ltrans.o
                0x02000000                Vgm
 .ewram         0x0200000c        0x2 C:\Users\Sergio\AppData\Local\Temp\cc0dpsTe.ltrans1.ltrans.o
 *fill*         0x0200000e        0x2 ff
 .ewram         0x02000010       0x48 C:\Users\Sergio\AppData\Local\Temp\cc0dpsTe.ltrans2.ltrans.o
                0x02000010                __tte_main_context
 .ewram         0x02000058       0x9c bn_hw_game_pak.bn_ewram.o
                0x02000058                bn::hw::game_pak::_slow_game_pak()
                0x020000f4                        . = ALIGN (0x4)
                0x020000f4                        __ewram_end = ABSOLUTE (.)
                0x0805b99c                        __pad_lma = (__ewram_lma + SIZEOF (.ewram))

.sbss           0x020000f4     0x8204
                0x020000f4                        __sbss_start__ = ABSOLUTE (.)
 *(.sbss*)
 .sbss          0x020000f4     0x8204 C:\Users\Sergio\AppData\Local\Temp\cc0dpsTe.ltrans0.ltrans.o
                0x020000f4                _ZN2bn14keypad_manager12_GLOBAL__N_14dataE.lto_priv.0
                0x0200010c                _ZN2bn15cameras_manager12_GLOBAL__N_14dataE.lto_priv.0
                0x02000144                _ZN2bn2hw5audio12_GLOBAL__N_14dataE.lto_priv.0
                0x02000190                _ZN2bn4core12_GLOBAL__N_14dataE.lto_priv.0
                0x020001d8                _ZN2bn12hdma_manager12_GLOBAL__N_14dataE.lto_priv.0
                0x02000210                _ZN2bn14memory_manager12_GLOBAL__N_14dataE.lto_priv.0
                0x02000220                gbt.lto_priv.0
                0x020002b8                _ZN2bn17bg_blocks_manager12_GLOBAL__N_14dataE.lto_priv.0
                0x0200049c                _ZN2bn20sprite_tiles_manager12_GLOBAL__N_14dataE.lto_priv.0
                0x02002660                _ZN2bn13audio_manager12_GLOBAL__N_14dataE.lto_priv.0
                0x020027d4                _ZN2bn2hw4link12_GLOBAL__N_14dataE.lto_priv.0
                0x02002904                _ZN2bn22hblank_effects_manager12_GLOBAL__N_113external_dataE.lto_priv.0
                0x02004348                _ZN2bn15display_manager12_GLOBAL__N_14dataE.lto_priv.0
                0x020043ec                _ZN2bn16palettes_manager12_GLOBAL__N_14dataE.lto_priv.0
                0x02005134                _ZN2bn26sprite_affine_mats_manager12_GLOBAL__N_14dataE.lto_priv.0
                0x020059fc                _ZN2bn15sprites_manager12_GLOBAL__N_14dataE.lto_priv.0
                0x0200804c                _ZN2bn11bgs_manager12_GLOBAL__N_14dataE.lto_priv.0
                0x020082f8                        . = ALIGN (0x4)
                0x020082f8                        __sbss_end__ = ABSOLUTE (.)
                0x020082f8                        __end__ = ABSOLUTE (.)
                0x020082f8                        __eheap_start = ABSOLUTE (.)

.pad            0x020082f8        0x8 load address 0x0805b99c
                0x020082f8        0x4 LONG 0x52416b64
                0x020082fc        0x4 LONG 0x4d
                0x02008300                        . = ALIGN (0x4)
                0x0805b9a4                        __rom_end__ = (__pad_lma + SIZEOF (.pad))

.rel.dyn        0x02008300        0x0 load address 0x0805b9a4
 .rel.iplt      0x02008300        0x0 C:/devkitPro/devkitARM/bin/../lib/gcc/arm-none-eabi/14.1.0/../../../../arm-none-eabi/lib/thumb/gba_crt0.o

.stab
 *(.stab)

.stabstr
 *(.stabstr)

.stab.excl
 *(.stab.excl)

.stab.exclstr
 *(.stab.exclstr)

.stab.index
 *(.stab.index)

.stab.indexstr
 *(.stab.indexstr)

.comment        0x00000000       0x23
 *(.comment)
 .comment       0x00000000       0x23 C:/devkitPro/devkitARM/bin/../lib/gcc/arm-none-eabi/14.1.0/thumb/crtbegin.o
                                 0x24 (size before relaxing)
 .comment       0x00000023       0x24 C:\Users\Sergio\AppData\Local\Temp\cc0dpsTe.ltrans0.ltrans.o
 .comment       0x00000023       0x24 C:\Users\Sergio\AppData\Local\Temp\cc0dpsTe.ltrans1.ltrans.o
 .comment       0x00000023       0x24 C:\Users\Sergio\AppData\Local\Temp\cc0dpsTe.ltrans2.ltrans.o
 .comment       0x00000023       0x24 C:\Users\Sergio\AppData\Local\Temp\cc0dpsTe.ltrans3.ltrans.o
 .comment       0x00000023       0x24 bn_sprites_manager.bn_iwram.o
 .comment       0x00000023       0x24 bn_hw_common.bn_noflto.o
 .comment       0x00000023       0x24 bn_hw_game_pak.bn_ewram.o
 .comment       0x00000023       0x24 bn_hw_palettes.bn_iwram.o
 .comment       0x00000023       0x24 bn_hw_sprite_tiles.bn_iwram.o
 .comment       0x00000023       0x24 C:/devkitPro/devkitARM/bin/../lib/gcc/arm-none-eabi/14.1.0/thumb/crtend.o

.debug
 *(.debug)

.line
 *(.line)

.debug_srcinfo
 *(.debug_srcinfo)

.debug_sfnames
 *(.debug_sfnames)

.debug_aranges  0x00000000      0x628
 *(.debug_aranges)
 .debug_aranges
                0x00000000       0x28 C:\Users\Sergio\AppData\Local\Temp\cc0dpsTe.ltrans0.ltrans.o
 .debug_aranges
                0x00000028       0x20 C:\Users\Sergio\AppData\Local\Temp\cc0dpsTe.ltrans1.ltrans.o
 .debug_aranges
                0x00000048       0x20 C:\Users\Sergio\AppData\Local\Temp\cc0dpsTe.ltrans2.ltrans.o
 .debug_aranges
                0x00000068       0x20 C:\Users\Sergio\AppData\Local\Temp\cc0dpsTe.ltrans3.ltrans.o
 .debug_aranges
                0x00000088       0x30 bn_sprites_manager.bn_iwram.o
 .debug_aranges
                0x000000b8       0x58 bn_hw_common.bn_noflto.o
 .debug_aranges
                0x00000110       0x20 bn_hw_game_pak.bn_ewram.o
 .debug_aranges
                0x00000130       0x28 bn_hw_palettes.bn_iwram.o
 .debug_aranges
                0x00000158       0x20 bn_hw_sprite_tiles.bn_iwram.o
 .debug_aranges
                0x00000178       0x20 bn_hw_bg_blocks.o
 .debug_aranges
                0x00000198       0x20 bn_hw_hblank_effects.o
 .debug_aranges
                0x000001b8       0x20 bn_hw_palettes_asm.o
 .debug_aranges
                0x000001d8       0x20 clr_blend_fast.o
 .debug_aranges
                0x000001f8       0x20 clr_fade_fast.o
 .debug_aranges
                0x00000218      0x130 tonc_bios.o
 .debug_aranges
                0x00000348       0x28 tonc_memset.o
 .debug_aranges
                0x00000370       0x20 irq_handler.o
 .debug_aranges
                0x00000390       0x20 posprintf.o
 .debug_aranges
                0x000003b0       0x38 lmul.o
 .debug_aranges
                0x000003e8       0x30 memcpy.o
 .debug_aranges
                0x00000418       0x38 memmove.o
 .debug_aranges
                0x00000450       0x38 memset.o
 .debug_aranges
                0x00000488       0x28 rmemcpy.o
 .debug_aranges
                0x000004b0       0x20 sdiv32.o
 .debug_aranges
                0x000004d0       0x20 udiv32.o
 .debug_aranges
                0x000004f0       0x20 huffman.o
 .debug_aranges
                0x00000510       0x20 lz77.o
 .debug_aranges
                0x00000530       0x20 running_length.o
 .debug_aranges
                0x00000550       0x20 mm_effect.o
 .debug_aranges
                0x00000570       0x20 mm_main.o
 .debug_aranges
                0x00000590       0x28 mm_mas.o
 .debug_aranges
                0x000005b8       0x20 mm_mas_arm.o
 .debug_aranges
                0x000005d8       0x28 mm_main_gba.o
 .debug_aranges
                0x00000600       0x28 mm_mixer_gba.o

.debug_pubnames
 *(.debug_pubnames)

.debug_info     0x00000000   0x2aa7b2
 *(.debug_info)
 .debug_info    0x00000000    0x2b1d2 C:\Users\Sergio\AppData\Local\Temp\cc0dpsTe.ltrans0.ltrans.o
 .debug_info    0x0002b1d2    0x1f5ac C:\Users\Sergio\AppData\Local\Temp\cc0dpsTe.ltrans1.ltrans.o
 .debug_info    0x0004a77e    0x1a820 C:\Users\Sergio\AppData\Local\Temp\cc0dpsTe.ltrans2.ltrans.o
 .debug_info    0x00064f9e    0x14a3a C:\Users\Sergio\AppData\Local\Temp\cc0dpsTe.ltrans3.ltrans.o
 .debug_info    0x000799d8     0xd1fc C:\Users\Sergio\AppData\Local\Temp\ccFOyQYI.debug.temp.o
                0x000799d8                catgame_enemy.cpp.f8078e7f
 .debug_info    0x00086bd4     0xd4b9 C:\Users\Sergio\AppData\Local\Temp\ccmFbnG8.debug.temp.o
                0x00086bd4                catgame_food.cpp.548f078c
 .debug_info    0x0009408d     0xbbd0 C:\Users\Sergio\AppData\Local\Temp\cc3bugAx.debug.temp.o
                0x0009408d                catgame_history.cpp.24903eab
 .debug_info    0x0009fc5d     0x1a15 C:\Users\Sergio\AppData\Local\Temp\ccMnLaMW.debug.temp.o
                0x0009fc5d                catgame_hitbox.cpp.f7f2ceb7
 .debug_info    0x000a1672     0xcadf C:\Users\Sergio\AppData\Local\Temp\ccRWGyQk.debug.temp.o
                0x000a1672                catgame_intro.cpp.e552bd2e
 .debug_info    0x000ae151     0x80e0 C:\Users\Sergio\AppData\Local\Temp\cciJrydJ.debug.temp.o
                0x000ae151                catgame_logo.cpp.909c519b
 .debug_info    0x000b6231    0x138cd C:\Users\Sergio\AppData\Local\Temp\ccBVFlM6.debug.temp.o
                0x000b6231                catgame_lvl_gym.cpp.d6814290
 .debug_info    0x000c9afe    0x13a7b C:\Users\Sergio\AppData\Local\Temp\ccE7hpou.debug.temp.o
                0x000c9afe                catgame_lvl1.cpp.53cce68e
 .debug_info    0x000dd579    0x1370b C:\Users\Sergio\AppData\Local\Temp\ccpKsN2V.debug.temp.o
                0x000dd579                catgame_lvl2.cpp.ed8aee04
 .debug_info    0x000f0c84    0x131aa C:\Users\Sergio\AppData\Local\Temp\ccqVw1in.debug.temp.o
                0x000f0c84                catgame_minigame_1.cpp.e2bf5ea6
 .debug_info    0x00103e2e    0x15302 C:\Users\Sergio\AppData\Local\Temp\ccr8jaXN.debug.temp.o
                0x00103e2e                catgame_minigame_2.cpp.0fb5f4b5
 .debug_info    0x00119130     0xbc65 C:\Users\Sergio\AppData\Local\Temp\ccSIAtUe.debug.temp.o
                0x00119130                catgame_player.cpp.a9cbaf8b
 .debug_info    0x00124d95     0x74bd C:\Users\Sergio\AppData\Local\Temp\ccB8isXE.debug.temp.o
                0x00124d95                catgame_trigger.cpp.2e33771c
 .debug_info    0x0012c252     0x8d2b C:\Users\Sergio\AppData\Local\Temp\ccyTcJ44.debug.temp.o
                0x0012c252                common_info.cpp.a0c3e114
 .debug_info    0x00134f7d     0x96e3 C:\Users\Sergio\AppData\Local\Temp\ccbqWz0y.debug.temp.o
                0x00134f7d                main.cpp.afbd365e
 .debug_info    0x0013e660     0x96a3 C:\Users\Sergio\AppData\Local\Temp\ccGgoRh3.debug.temp.o
                0x0013e660                bn_affine_bg_animate_actions.cpp.e74739b4
 .debug_info    0x00147d03     0xdb21 C:\Users\Sergio\AppData\Local\Temp\ccps1qDx.debug.temp.o
                0x00147d03                bn_audio_manager.cpp.c7a52476
 .debug_info    0x00155824     0x45a8 C:\Users\Sergio\AppData\Local\Temp\ccC7dDz0.debug.temp.o
                0x00155824                bn_best_fit_allocator.cpp.54a39eb5
 .debug_info    0x00159dcc    0x1c99a C:\Users\Sergio\AppData\Local\Temp\cc1KSpOt.debug.temp.o
                0x00159dcc                bn_bg_blocks_manager.cpp.8bbb75f2
 .debug_info    0x00176766    0x1e88a C:\Users\Sergio\AppData\Local\Temp\ccofLX8V.debug.temp.o
                0x00176766                bn_bgs_manager.cpp.b2a48d40
 .debug_info    0x00194ff0     0x4d11 C:\Users\Sergio\AppData\Local\Temp\ccvdtQvs.debug.temp.o
                0x00194ff0                bn_cameras_manager.cpp.f0cc3966
 .debug_info    0x00199d01     0x64a7 C:\Users\Sergio\AppData\Local\Temp\ccmhuB9Y.debug.temp.o
                0x00199d01                bn_core.cpp.12fe1f41
 .debug_info    0x001a01a8    0x13e13 C:\Users\Sergio\AppData\Local\Temp\ccxPvFRv.debug.temp.o
                0x001a01a8                bn_display_manager.cpp.8f39e9b5
 .debug_info    0x001b3fbb     0x4c6f C:\Users\Sergio\AppData\Local\Temp\ccGUiNT1.debug.temp.o
                0x001b3fbb                bn_gpio_manager.cpp.9108806b
 .debug_info    0x001b8c2a    0x39136 C:\Users\Sergio\AppData\Local\Temp\ccpsjh3w.debug.temp.o
                0x001b8c2a                bn_hblank_effects_manager.cpp.c1342847
 .debug_info    0x001f1d60     0x1d27 C:\Users\Sergio\AppData\Local\Temp\ccyxqTP5.debug.temp.o
                0x001f1d60                bn_hdma_manager.cpp.967aafa5
 .debug_info    0x001f3a87     0x4a03 C:\Users\Sergio\AppData\Local\Temp\ccZJO6UE.debug.temp.o
                0x001f3a87                bn_keypad_manager.cpp.b3f703fa
 .debug_info    0x001f848a     0x4dbc C:\Users\Sergio\AppData\Local\Temp\ccgjp7bd.debug.temp.o
                0x001f848a                bn_link_manager.cpp.9128f562
 .debug_info    0x001fd246     0x4cb7 C:\Users\Sergio\AppData\Local\Temp\cctEvhwL.debug.temp.o
                0x001fd246                bn_memory_manager.cpp.4c15fab7
 .debug_info    0x00201efd     0xf0a6 C:\Users\Sergio\AppData\Local\Temp\ccgsPNXi.debug.temp.o
                0x00201efd                bn_palettes_manager.cpp.3b5670f4
 .debug_info    0x00210fa3     0xf973 C:\Users\Sergio\AppData\Local\Temp\ccbHuuzV.debug.temp.o
                0x00210fa3                bn_sprite_affine_mats_manager.cpp.ff108f1c
 .debug_info    0x00220916     0x8e56 C:\Users\Sergio\AppData\Local\Temp\cc2W7fRs.debug.temp.o
                0x00220916                bn_sprite_animate_actions.cpp.033832e0
 .debug_info    0x0022976c    0x145e9 C:\Users\Sergio\AppData\Local\Temp\ccLa2Ho3.debug.temp.o
                0x0022976c                bn_sprite_text_generator.cpp.3bce1910
 .debug_info    0x0023dd55     0xde85 C:\Users\Sergio\AppData\Local\Temp\ccWgvfhD.debug.temp.o
                0x0023dd55                bn_sprite_tiles_manager.cpp.eed3e239
 .debug_info    0x0024bbda    0x1a647 C:\Users\Sergio\AppData\Local\Temp\ccloHnsd.debug.temp.o
                0x0024bbda                bn_sprites_manager.cpp.153ebd4b
 .debug_info    0x00266221     0x5df9 C:\Users\Sergio\AppData\Local\Temp\ccaBxKJM.debug.temp.o
                0x00266221                bn_sstream.cpp.ac2deeae
 .debug_info    0x0026c01a    0x10961 C:\Users\Sergio\AppData\Local\Temp\cc3zJGjm.debug.temp.o
                0x0026c01a                bn_translation_unit.cpp.56a57108
 .debug_info    0x0027c97b     0x59a1 C:\Users\Sergio\AppData\Local\Temp\ccAdoEHZ.debug.temp.o
                0x0027c97b                bn_hw_audio.cpp.fc2e12ad
 .debug_info    0x0028231c     0x155e C:\Users\Sergio\AppData\Local\Temp\cc5D2KcD.debug.temp.o
                0x0028231c                bn_hw_cstdlib.cpp.a93f252e
 .debug_info    0x0028387a     0x5b63 C:\Users\Sergio\AppData\Local\Temp\ccR9RmNT.debug.temp.o
                0x0028387a                bn_hw_link.cpp.001f7bf3
 .debug_info    0x002893dd     0x49b3 C:\Users\Sergio\AppData\Local\Temp\ccNkcVa8.debug.temp.o
                0x002893dd                bn_hw_palettes.cpp.60216126
 .debug_info    0x0028dd90     0x5f99 C:\Users\Sergio\AppData\Local\Temp\ccsc6bgK.debug.temp.o
                0x0028dd90                bn_hw_show.cpp.75ca1e2d
 .debug_info    0x00293d29      0x549 C:\Users\Sergio\AppData\Local\Temp\cc1S3k3p.debug.temp.o
                0x00293d29                bn_hw_sram.cpp.85cb9265
 .debug_info    0x00294272      0x6c7 C:\Users\Sergio\AppData\Local\Temp\ccgRt5d6.debug.temp.o
                0x00294272                bn_hw_system_font.cpp.91e85e7c
 .debug_info    0x00294939     0x41c0 C:\Users\Sergio\AppData\Local\Temp\ccBgMRgL.debug.temp.o
                0x00294939                bn_hw_text.cpp.50d88a6f
 .debug_info    0x00298af9      0x64e C:\Users\Sergio\AppData\Local\Temp\ccef25Fq.debug.temp.o
                0x00298af9                vgm.cpp.6a9eb84b
 .debug_info    0x00299147      0x594 C:\Users\Sergio\AppData\Local\Temp\ccLisPd5.debug.temp.o
                0x00299147                tonc_color.c.cad8444b
 .debug_info    0x002996db      0x5e1 C:\Users\Sergio\AppData\Local\Temp\ccwH3QPJ.debug.temp.o
                0x002996db                tonc_sbmp16.c.a3e3e1c0
 .debug_info    0x00299cbc      0x596 C:\Users\Sergio\AppData\Local\Temp\ccoXcLJs.debug.temp.o
                0x00299cbc                bmp16_drawg_b1cs.c.d3c62f5b
 .debug_info    0x0029a252      0x4cf C:\Users\Sergio\AppData\Local\Temp\ccj334bb.debug.temp.o
                0x0029a252                tte_init_bmp.c.f471ffd0
 .debug_info    0x0029a721      0x9be C:\Users\Sergio\AppData\Local\Temp\ccOZI3OS.debug.temp.o
                0x0029a721                tte_main.c.cc86772d
 .debug_info    0x0029b0df      0x1b3 C:\Users\Sergio\AppData\Local\Temp\ccBn7kwA.debug.temp.o
                0x0029b0df                interrupts_gba.c.4abbfea2
 .debug_info    0x0029b292     0x119b C:\Users\Sergio\AppData\Local\Temp\cc8D9L1X.debug.temp.o
                0x0029b292                gbt_player.c.e1b0f848
 .debug_info    0x0029c42d     0xa5b1 bn_sprites_manager.bn_iwram.o
 .debug_info    0x002a69de     0x19e4 bn_hw_common.bn_noflto.o
 .debug_info    0x002a83c2      0x614 bn_hw_game_pak.bn_ewram.o
 .debug_info    0x002a89d6     0x1104 bn_hw_palettes.bn_iwram.o
 .debug_info    0x002a9ada      0x7a3 bn_hw_sprite_tiles.bn_iwram.o
 .debug_info    0x002aa27d       0x23 bn_hw_bg_blocks.o
 .debug_info    0x002aa2a0       0x24 bn_hw_hblank_effects.o
 .debug_info    0x002aa2c4       0x23 bn_hw_palettes_asm.o
 .debug_info    0x002aa2e7       0x30 clr_blend_fast.o
 .debug_info    0x002aa317       0x23 clr_fade_fast.o
 .debug_info    0x002aa33a      0x1c8 tonc_bios.o
 .debug_info    0x002aa502       0x3a tonc_memset.o
 .debug_info    0x002aa53c       0x24 irq_handler.o
 .debug_info    0x002aa560       0x24 posprintf.o
 .debug_info    0x002aa584       0x22 lmul.o
 .debug_info    0x002aa5a6       0x22 memcpy.o
 .debug_info    0x002aa5c8       0x22 memmove.o
 .debug_info    0x002aa5ea       0x22 memset.o
 .debug_info    0x002aa60c       0x22 rmemcpy.o
 .debug_info    0x002aa62e       0x23 sdiv32.o
 .debug_info    0x002aa651       0x24 udiv32.o
 .debug_info    0x002aa675       0x24 huffman.o
 .debug_info    0x002aa699       0x24 lz77.o
 .debug_info    0x002aa6bd       0x24 running_length.o
 .debug_info    0x002aa6e1       0x24 mm_effect.o
 .debug_info    0x002aa705       0x23 mm_main.o
 .debug_info    0x002aa728       0x22 mm_mas.o
 .debug_info    0x002aa74a       0x24 mm_mas_arm.o
 .debug_info    0x002aa76e       0x22 mm_main_gba.o
 .debug_info    0x002aa790       0x22 mm_mixer_gba.o

.debug_abbrev   0x00000000    0x216ac
 *(.debug_abbrev)
 .debug_abbrev  0x00000000      0x323 C:\Users\Sergio\AppData\Local\Temp\cc0dpsTe.ltrans0.ltrans.o
 .debug_abbrev  0x00000323      0x311 C:\Users\Sergio\AppData\Local\Temp\cc0dpsTe.ltrans1.ltrans.o
 .debug_abbrev  0x00000634      0x38c C:\Users\Sergio\AppData\Local\Temp\cc0dpsTe.ltrans2.ltrans.o
 .debug_abbrev  0x000009c0      0x237 C:\Users\Sergio\AppData\Local\Temp\cc0dpsTe.ltrans3.ltrans.o
 .debug_abbrev  0x00000bf7      0xcb2 C:\Users\Sergio\AppData\Local\Temp\ccFOyQYI.debug.temp.o
 .debug_abbrev  0x000018a9      0xcb7 C:\Users\Sergio\AppData\Local\Temp\ccmFbnG8.debug.temp.o
 .debug_abbrev  0x00002560      0xb41 C:\Users\Sergio\AppData\Local\Temp\cc3bugAx.debug.temp.o
 .debug_abbrev  0x000030a1      0x4e5 C:\Users\Sergio\AppData\Local\Temp\ccMnLaMW.debug.temp.o
 .debug_abbrev  0x00003586      0xa8b C:\Users\Sergio\AppData\Local\Temp\ccRWGyQk.debug.temp.o
 .debug_abbrev  0x00004011      0xac0 C:\Users\Sergio\AppData\Local\Temp\cciJrydJ.debug.temp.o
 .debug_abbrev  0x00004ad1      0xd0a C:\Users\Sergio\AppData\Local\Temp\ccBVFlM6.debug.temp.o
 .debug_abbrev  0x000057db      0xd24 C:\Users\Sergio\AppData\Local\Temp\ccE7hpou.debug.temp.o
 .debug_abbrev  0x000064ff      0xd42 C:\Users\Sergio\AppData\Local\Temp\ccpKsN2V.debug.temp.o
 .debug_abbrev  0x00007241      0xcb8 C:\Users\Sergio\AppData\Local\Temp\ccqVw1in.debug.temp.o
 .debug_abbrev  0x00007ef9      0xd87 C:\Users\Sergio\AppData\Local\Temp\ccr8jaXN.debug.temp.o
 .debug_abbrev  0x00008c80      0xbb0 C:\Users\Sergio\AppData\Local\Temp\ccSIAtUe.debug.temp.o
 .debug_abbrev  0x00009830      0xa2f C:\Users\Sergio\AppData\Local\Temp\ccB8isXE.debug.temp.o
 .debug_abbrev  0x0000a25f      0xa1e C:\Users\Sergio\AppData\Local\Temp\ccyTcJ44.debug.temp.o
 .debug_abbrev  0x0000ac7d      0xac4 C:\Users\Sergio\AppData\Local\Temp\ccbqWz0y.debug.temp.o
 .debug_abbrev  0x0000b741      0xa09 C:\Users\Sergio\AppData\Local\Temp\ccGgoRh3.debug.temp.o
 .debug_abbrev  0x0000c14a      0xde4 C:\Users\Sergio\AppData\Local\Temp\ccps1qDx.debug.temp.o
 .debug_abbrev  0x0000cf2e      0x882 C:\Users\Sergio\AppData\Local\Temp\ccC7dDz0.debug.temp.o
 .debug_abbrev  0x0000d7b0      0xdd0 C:\Users\Sergio\AppData\Local\Temp\cc1KSpOt.debug.temp.o
 .debug_abbrev  0x0000e580     0x10f6 C:\Users\Sergio\AppData\Local\Temp\ccofLX8V.debug.temp.o
 .debug_abbrev  0x0000f676      0x9f8 C:\Users\Sergio\AppData\Local\Temp\ccvdtQvs.debug.temp.o
 .debug_abbrev  0x0001006e      0xb46 C:\Users\Sergio\AppData\Local\Temp\ccmhuB9Y.debug.temp.o
 .debug_abbrev  0x00010bb4      0xcb1 C:\Users\Sergio\AppData\Local\Temp\ccxPvFRv.debug.temp.o
 .debug_abbrev  0x00011865      0x921 C:\Users\Sergio\AppData\Local\Temp\ccGUiNT1.debug.temp.o
 .debug_abbrev  0x00012186     0x1054 C:\Users\Sergio\AppData\Local\Temp\ccpsjh3w.debug.temp.o
 .debug_abbrev  0x000131da      0x606 C:\Users\Sergio\AppData\Local\Temp\ccyxqTP5.debug.temp.o
 .debug_abbrev  0x000137e0      0x8b3 C:\Users\Sergio\AppData\Local\Temp\ccZJO6UE.debug.temp.o
 .debug_abbrev  0x00014093      0x991 C:\Users\Sergio\AppData\Local\Temp\ccgjp7bd.debug.temp.o
 .debug_abbrev  0x00014a24      0x910 C:\Users\Sergio\AppData\Local\Temp\cctEvhwL.debug.temp.o
 .debug_abbrev  0x00015334      0xdc2 C:\Users\Sergio\AppData\Local\Temp\ccgsPNXi.debug.temp.o
 .debug_abbrev  0x000160f6      0xead C:\Users\Sergio\AppData\Local\Temp\ccbHuuzV.debug.temp.o
 .debug_abbrev  0x00016fa3      0x9c1 C:\Users\Sergio\AppData\Local\Temp\cc2W7fRs.debug.temp.o
 .debug_abbrev  0x00017964      0xcab C:\Users\Sergio\AppData\Local\Temp\ccLa2Ho3.debug.temp.o
 .debug_abbrev  0x0001860f      0xdee C:\Users\Sergio\AppData\Local\Temp\ccWgvfhD.debug.temp.o
 .debug_abbrev  0x000193fd      0xeea C:\Users\Sergio\AppData\Local\Temp\ccloHnsd.debug.temp.o
 .debug_abbrev  0x0001a2e7      0x79e C:\Users\Sergio\AppData\Local\Temp\ccaBxKJM.debug.temp.o
 .debug_abbrev  0x0001aa85      0xcbf C:\Users\Sergio\AppData\Local\Temp\cc3zJGjm.debug.temp.o
 .debug_abbrev  0x0001b744      0xb98 C:\Users\Sergio\AppData\Local\Temp\ccAdoEHZ.debug.temp.o
 .debug_abbrev  0x0001c2dc      0x519 C:\Users\Sergio\AppData\Local\Temp\cc5D2KcD.debug.temp.o
 .debug_abbrev  0x0001c7f5      0x9dc C:\Users\Sergio\AppData\Local\Temp\ccR9RmNT.debug.temp.o
 .debug_abbrev  0x0001d1d1      0x7d4 C:\Users\Sergio\AppData\Local\Temp\ccNkcVa8.debug.temp.o
 .debug_abbrev  0x0001d9a5      0x9c8 C:\Users\Sergio\AppData\Local\Temp\ccsc6bgK.debug.temp.o
 .debug_abbrev  0x0001e36d      0x192 C:\Users\Sergio\AppData\Local\Temp\cc1S3k3p.debug.temp.o
 .debug_abbrev  0x0001e4ff      0x228 C:\Users\Sergio\AppData\Local\Temp\ccgRt5d6.debug.temp.o
 .debug_abbrev  0x0001e727      0x70d C:\Users\Sergio\AppData\Local\Temp\ccBgMRgL.debug.temp.o
 .debug_abbrev  0x0001ee34      0x1a4 C:\Users\Sergio\AppData\Local\Temp\ccef25Fq.debug.temp.o
 .debug_abbrev  0x0001efd8       0xf4 C:\Users\Sergio\AppData\Local\Temp\ccLisPd5.debug.temp.o
 .debug_abbrev  0x0001f0cc      0x1c6 C:\Users\Sergio\AppData\Local\Temp\ccwH3QPJ.debug.temp.o
 .debug_abbrev  0x0001f292      0x174 C:\Users\Sergio\AppData\Local\Temp\ccoXcLJs.debug.temp.o
 .debug_abbrev  0x0001f406      0x1b1 C:\Users\Sergio\AppData\Local\Temp\ccj334bb.debug.temp.o
 .debug_abbrev  0x0001f5b7      0x266 C:\Users\Sergio\AppData\Local\Temp\ccOZI3OS.debug.temp.o
 .debug_abbrev  0x0001f81d       0xed C:\Users\Sergio\AppData\Local\Temp\ccBn7kwA.debug.temp.o
 .debug_abbrev  0x0001f90a      0x187 C:\Users\Sergio\AppData\Local\Temp\cc8D9L1X.debug.temp.o
 .debug_abbrev  0x0001fa91      0xabc bn_sprites_manager.bn_iwram.o
 .debug_abbrev  0x0002054d      0x606 bn_hw_common.bn_noflto.o
 .debug_abbrev  0x00020b53      0x1e0 bn_hw_game_pak.bn_ewram.o
 .debug_abbrev  0x00020d33      0x4db bn_hw_palettes.bn_iwram.o
 .debug_abbrev  0x0002120e      0x282 bn_hw_sprite_tiles.bn_iwram.o
 .debug_abbrev  0x00021490       0x14 bn_hw_bg_blocks.o
 .debug_abbrev  0x000214a4       0x14 bn_hw_hblank_effects.o
 .debug_abbrev  0x000214b8       0x14 bn_hw_palettes_asm.o
 .debug_abbrev  0x000214cc       0x28 clr_blend_fast.o
 .debug_abbrev  0x000214f4       0x14 clr_fade_fast.o
 .debug_abbrev  0x00021508       0x26 tonc_bios.o
 .debug_abbrev  0x0002152e       0x26 tonc_memset.o
 .debug_abbrev  0x00021554       0x14 irq_handler.o
 .debug_abbrev  0x00021568       0x14 posprintf.o
 .debug_abbrev  0x0002157c       0x12 lmul.o
 .debug_abbrev  0x0002158e       0x12 memcpy.o
 .debug_abbrev  0x000215a0       0x12 memmove.o
 .debug_abbrev  0x000215b2       0x12 memset.o
 .debug_abbrev  0x000215c4       0x12 rmemcpy.o
 .debug_abbrev  0x000215d6       0x14 sdiv32.o
 .debug_abbrev  0x000215ea       0x14 udiv32.o
 .debug_abbrev  0x000215fe       0x14 huffman.o
 .debug_abbrev  0x00021612       0x14 lz77.o
 .debug_abbrev  0x00021626       0x14 running_length.o
 .debug_abbrev  0x0002163a       0x14 mm_effect.o
 .debug_abbrev  0x0002164e       0x14 mm_main.o
 .debug_abbrev  0x00021662       0x12 mm_mas.o
 .debug_abbrev  0x00021674       0x14 mm_mas_arm.o
 .debug_abbrev  0x00021688       0x12 mm_main_gba.o
 .debug_abbrev  0x0002169a       0x12 mm_mixer_gba.o

.debug_line     0x00000000    0x58961
 *(.debug_line)
 .debug_line    0x00000000    0x11fbf C:\Users\Sergio\AppData\Local\Temp\cc0dpsTe.ltrans0.ltrans.o
 .debug_line    0x00011fbf    0x129d3 C:\Users\Sergio\AppData\Local\Temp\cc0dpsTe.ltrans1.ltrans.o
 .debug_line    0x00024992     0xda10 C:\Users\Sergio\AppData\Local\Temp\cc0dpsTe.ltrans2.ltrans.o
 .debug_line    0x000323a2     0x892f C:\Users\Sergio\AppData\Local\Temp\cc0dpsTe.ltrans3.ltrans.o
 .debug_line    0x0003acd1      0x918 C:\Users\Sergio\AppData\Local\Temp\ccFOyQYI.debug.temp.o
 .debug_line    0x0003b5e9      0x8bc C:\Users\Sergio\AppData\Local\Temp\ccmFbnG8.debug.temp.o
 .debug_line    0x0003bea5      0x8a3 C:\Users\Sergio\AppData\Local\Temp\cc3bugAx.debug.temp.o
 .debug_line    0x0003c748      0x469 C:\Users\Sergio\AppData\Local\Temp\ccMnLaMW.debug.temp.o
 .debug_line    0x0003cbb1      0x957 C:\Users\Sergio\AppData\Local\Temp\ccRWGyQk.debug.temp.o
 .debug_line    0x0003d508      0x85e C:\Users\Sergio\AppData\Local\Temp\cciJrydJ.debug.temp.o
 .debug_line    0x0003dd66      0xb61 C:\Users\Sergio\AppData\Local\Temp\ccBVFlM6.debug.temp.o
 .debug_line    0x0003e8c7      0xbc8 C:\Users\Sergio\AppData\Local\Temp\ccE7hpou.debug.temp.o
 .debug_line    0x0003f48f      0xae3 C:\Users\Sergio\AppData\Local\Temp\ccpKsN2V.debug.temp.o
 .debug_line    0x0003ff72      0xbc1 C:\Users\Sergio\AppData\Local\Temp\ccqVw1in.debug.temp.o
 .debug_line    0x00040b33      0xbfb C:\Users\Sergio\AppData\Local\Temp\ccr8jaXN.debug.temp.o
 .debug_line    0x0004172e      0x811 C:\Users\Sergio\AppData\Local\Temp\ccSIAtUe.debug.temp.o
 .debug_line    0x00041f3f      0x7a9 C:\Users\Sergio\AppData\Local\Temp\ccB8isXE.debug.temp.o
 .debug_line    0x000426e8      0x799 C:\Users\Sergio\AppData\Local\Temp\ccyTcJ44.debug.temp.o
 .debug_line    0x00042e81      0x907 C:\Users\Sergio\AppData\Local\Temp\ccbqWz0y.debug.temp.o
 .debug_line    0x00043788      0x704 C:\Users\Sergio\AppData\Local\Temp\ccGgoRh3.debug.temp.o
 .debug_line    0x00043e8c      0x926 C:\Users\Sergio\AppData\Local\Temp\ccps1qDx.debug.temp.o
 .debug_line    0x000447b2      0x5db C:\Users\Sergio\AppData\Local\Temp\ccC7dDz0.debug.temp.o
 .debug_line    0x00044d8d      0xaf8 C:\Users\Sergio\AppData\Local\Temp\cc1KSpOt.debug.temp.o
 .debug_line    0x00045885      0xcc6 C:\Users\Sergio\AppData\Local\Temp\ccofLX8V.debug.temp.o
 .debug_line    0x0004654b      0x6c7 C:\Users\Sergio\AppData\Local\Temp\ccvdtQvs.debug.temp.o
 .debug_line    0x00046c12      0x9d0 C:\Users\Sergio\AppData\Local\Temp\ccmhuB9Y.debug.temp.o
 .debug_line    0x000475e2      0xc22 C:\Users\Sergio\AppData\Local\Temp\ccxPvFRv.debug.temp.o
 .debug_line    0x00048204      0x6ae C:\Users\Sergio\AppData\Local\Temp\ccGUiNT1.debug.temp.o
 .debug_line    0x000488b2     0x1e86 C:\Users\Sergio\AppData\Local\Temp\ccpsjh3w.debug.temp.o
 .debug_line    0x0004a738      0x516 C:\Users\Sergio\AppData\Local\Temp\ccyxqTP5.debug.temp.o
 .debug_line    0x0004ac4e      0x64f C:\Users\Sergio\AppData\Local\Temp\ccZJO6UE.debug.temp.o
 .debug_line    0x0004b29d      0x73d C:\Users\Sergio\AppData\Local\Temp\ccgjp7bd.debug.temp.o
 .debug_line    0x0004b9da      0x7ad C:\Users\Sergio\AppData\Local\Temp\cctEvhwL.debug.temp.o
 .debug_line    0x0004c187      0xa1d C:\Users\Sergio\AppData\Local\Temp\ccgsPNXi.debug.temp.o
 .debug_line    0x0004cba4      0xa1c C:\Users\Sergio\AppData\Local\Temp\ccbHuuzV.debug.temp.o
 .debug_line    0x0004d5c0      0x69d C:\Users\Sergio\AppData\Local\Temp\cc2W7fRs.debug.temp.o
 .debug_line    0x0004dc5d      0x91e C:\Users\Sergio\AppData\Local\Temp\ccLa2Ho3.debug.temp.o
 .debug_line    0x0004e57b      0x8a6 C:\Users\Sergio\AppData\Local\Temp\ccWgvfhD.debug.temp.o
 .debug_line    0x0004ee21      0xbad C:\Users\Sergio\AppData\Local\Temp\ccloHnsd.debug.temp.o
 .debug_line    0x0004f9ce      0x5e3 C:\Users\Sergio\AppData\Local\Temp\ccaBxKJM.debug.temp.o
 .debug_line    0x0004ffb1      0xa2b C:\Users\Sergio\AppData\Local\Temp\cc3zJGjm.debug.temp.o
 .debug_line    0x000509dc      0x809 C:\Users\Sergio\AppData\Local\Temp\ccAdoEHZ.debug.temp.o
 .debug_line    0x000511e5      0x42a C:\Users\Sergio\AppData\Local\Temp\cc5D2KcD.debug.temp.o
 .debug_line    0x0005160f      0x6ad C:\Users\Sergio\AppData\Local\Temp\ccR9RmNT.debug.temp.o
 .debug_line    0x00051cbc      0x660 C:\Users\Sergio\AppData\Local\Temp\ccNkcVa8.debug.temp.o
 .debug_line    0x0005231c      0x7a6 C:\Users\Sergio\AppData\Local\Temp\ccsc6bgK.debug.temp.o
 .debug_line    0x00052ac2      0x2fe C:\Users\Sergio\AppData\Local\Temp\cc1S3k3p.debug.temp.o
 .debug_line    0x00052dc0      0x2d5 C:\Users\Sergio\AppData\Local\Temp\ccgRt5d6.debug.temp.o
 .debug_line    0x00053095      0x622 C:\Users\Sergio\AppData\Local\Temp\ccBgMRgL.debug.temp.o
 .debug_line    0x000536b7      0x230 C:\Users\Sergio\AppData\Local\Temp\ccef25Fq.debug.temp.o
 .debug_line    0x000538e7       0xe5 C:\Users\Sergio\AppData\Local\Temp\ccLisPd5.debug.temp.o
 .debug_line    0x000539cc       0xe8 C:\Users\Sergio\AppData\Local\Temp\ccwH3QPJ.debug.temp.o
 .debug_line    0x00053ab4       0xf0 C:\Users\Sergio\AppData\Local\Temp\ccoXcLJs.debug.temp.o
 .debug_line    0x00053ba4       0xec C:\Users\Sergio\AppData\Local\Temp\ccj334bb.debug.temp.o
 .debug_line    0x00053c90      0x12f C:\Users\Sergio\AppData\Local\Temp\ccOZI3OS.debug.temp.o
 .debug_line    0x00053dbf      0x156 C:\Users\Sergio\AppData\Local\Temp\ccBn7kwA.debug.temp.o
 .debug_line    0x00053f15      0x153 C:\Users\Sergio\AppData\Local\Temp\cc8D9L1X.debug.temp.o
 .debug_line    0x00054068      0xf47 bn_sprites_manager.bn_iwram.o
 .debug_line    0x00054faf      0x651 bn_hw_common.bn_noflto.o
 .debug_line    0x00055600      0x4a8 bn_hw_game_pak.bn_ewram.o
 .debug_line    0x00055aa8      0x6e3 bn_hw_palettes.bn_iwram.o
 .debug_line    0x0005618b      0x3d5 bn_hw_sprite_tiles.bn_iwram.o
 .debug_line    0x00056560       0x90 bn_hw_bg_blocks.o
 .debug_line    0x000565f0       0xa9 bn_hw_hblank_effects.o
 .debug_line    0x00056699       0x80 bn_hw_palettes_asm.o
 .debug_line    0x00056719       0xa0 clr_blend_fast.o
 .debug_line    0x000567b9       0x9f clr_fade_fast.o
 .debug_line    0x00056858      0x2bb tonc_bios.o
 .debug_line    0x00056b13       0xbe tonc_memset.o
 .debug_line    0x00056bd1       0xdb irq_handler.o
 .debug_line    0x00056cac      0x1b5 posprintf.o
 .debug_line    0x00056e61       0xbb lmul.o
 .debug_line    0x00056f1c       0xd1 memcpy.o
 .debug_line    0x00056fed       0xb1 memmove.o
 .debug_line    0x0005709e       0xdb memset.o
 .debug_line    0x00057179       0xbe rmemcpy.o
 .debug_line    0x00057237       0x8c sdiv32.o
 .debug_line    0x000572c3       0xf5 udiv32.o
 .debug_line    0x000573b8       0xa8 huffman.o
 .debug_line    0x00057460       0xee lz77.o
 .debug_line    0x0005754e       0xc6 running_length.o
 .debug_line    0x00057614      0x217 mm_effect.o
 .debug_line    0x0005782b       0x88 mm_main.o
 .debug_line    0x000578b3      0xa77 mm_mas.o
 .debug_line    0x0005832a      0x1fd mm_mas_arm.o
 .debug_line    0x00058527      0x11b mm_main_gba.o
 .debug_line    0x00058642      0x31f mm_mixer_gba.o

.debug_frame    0x00000000     0x1efc
 *(.debug_frame)
 .debug_frame   0x00000000      0x394 C:\Users\Sergio\AppData\Local\Temp\cc0dpsTe.ltrans0.ltrans.o
 .debug_frame   0x00000394      0x450 C:\Users\Sergio\AppData\Local\Temp\cc0dpsTe.ltrans1.ltrans.o
 .debug_frame   0x000007e4      0xe7c C:\Users\Sergio\AppData\Local\Temp\cc0dpsTe.ltrans2.ltrans.o
 .debug_frame   0x00001660      0x65c C:\Users\Sergio\AppData\Local\Temp\cc0dpsTe.ltrans3.ltrans.o
 .debug_frame   0x00001cbc       0x94 bn_sprites_manager.bn_iwram.o
 .debug_frame   0x00001d50       0xec bn_hw_common.bn_noflto.o
 .debug_frame   0x00001e3c       0x34 bn_hw_game_pak.bn_ewram.o
 .debug_frame   0x00001e70       0x48 bn_hw_palettes.bn_iwram.o
 .debug_frame   0x00001eb8       0x44 bn_hw_sprite_tiles.bn_iwram.o

.debug_str      0x00000000    0x9a64d
 *(.debug_str)
 .debug_str     0x00000000      0x732 C:\Users\Sergio\AppData\Local\Temp\cc0dpsTe.ltrans0.ltrans.o
 .debug_str     0x00000000      0x4e6 C:\Users\Sergio\AppData\Local\Temp\cc0dpsTe.ltrans1.ltrans.o
 .debug_str     0x00000000      0x8aa C:\Users\Sergio\AppData\Local\Temp\cc0dpsTe.ltrans2.ltrans.o
 .debug_str     0x00000000      0xec9 C:\Users\Sergio\AppData\Local\Temp\cc0dpsTe.ltrans3.ltrans.o
 .debug_str     0x00000000     0xd7fa C:\Users\Sergio\AppData\Local\Temp\ccFOyQYI.debug.temp.o
 .debug_str     0x00000000     0xd4e3 C:\Users\Sergio\AppData\Local\Temp\ccmFbnG8.debug.temp.o
 .debug_str     0x00000000     0xd50a C:\Users\Sergio\AppData\Local\Temp\cc3bugAx.debug.temp.o